BASELINE.json: OK
README_AGENT.md: OK
apply_patch.py: OK
docs/DESIGN.md: OK
evidence/LOCAL_TEST_NOTES.md: OK
evidence/bridge_fixed.log: OK
evidence/bridge_fixed.xml: OK
evidence/bridge_initial.log: OK
evidence/bridge_initial.xml: OK
evidence/deployed_layout_tests.log: OK
evidence/deployed_layout_tests.xml: OK
evidence/execution_scope.json: OK
evidence/local_tests.log: OK
evidence/local_tests.xml: OK
evidence/local_tests_first_all.log: OK
evidence/local_tests_first_all.xml: OK
evidence/package_layout_tests.log: OK
evidence/package_layout_tests.xml: OK
evidence/release_layout_tests.log: OK
evidence/release_layout_tests.xml: OK
implementation/r17_c3_calibration_authority.py: OK
implementation/r17_c3_calibration_bridge.py: OK
implementation/r17_c3_calibration_delivery.py: OK
test_support/fixtures.py: OK
test_support/r17_c3_reserve_batch.py: OK
test_support/statistical_fixture.py: OK
tests/conftest.py: OK
tests/test_curriculum261_r17_c3_calibration_bridge.py: OK
tests/test_installer.py: OK
tools/check_installed_interfaces.py: OK
tools/check_isolated_delivery.py: OK
tools/check_staged_evidence.py: OK
tools/run_full_regression.sh: OK
tools/run_readonly_handoff.sh: OK
