=== tests/freqai_rl_platform_audit ===

no tests ran in 0.01s
=== tests/freqai_rl_stage2_5 ===
......................................                                   [100%]
=============================== warnings summary ===============================
tests/freqai_rl_stage2_5/test_env_vs_freqtrade.py::test_parity_all_cases
tests/freqai_rl_stage2_5/test_env_vs_freqtrade.py::test_parity_all_cases
tests/freqai_rl_stage2_5/test_env_vs_freqtrade.py::test_parity_all_cases
  /home/cryptorl/miniforge3/envs/freqtrade-rl/lib/python3.11/site-packages/pandas/io/feather_format.py:77: FutureWarning: pyarrow.feather.write_feather is deprecated as of 24.0.0. Use pyarrow.ipc.new_file() / RecordBatchFileWriter instead. Feather V2 is the Arrow IPC file format.
    feather.write_feather(df, handles.handle, **kwargs)

-- Docs: https://docs.pytest.org/en/stable/how-to/capture-warnings.html
38 passed, 3 warnings in 3.10s
=== tests/freqai_rl_stage2_5_1 ===
........................................................................ [ 97%]
..                                                                       [100%]
=============================== warnings summary ===============================
tests/freqai_rl_stage2_5_1/test_full_fingerprint.py: 6 warnings
tests/freqai_rl_stage2_5_1/test_partial_cache_guard.py: 30 warnings
tests/freqai_rl_stage2_5_1/test_route_c_slippage_live_strategy.py: 8 warnings
  /home/cryptorl/miniforge3/envs/freqtrade-rl/lib/python3.11/site-packages/pandas/io/feather_format.py:77: FutureWarning: pyarrow.feather.write_feather is deprecated as of 24.0.0. Use pyarrow.ipc.new_file() / RecordBatchFileWriter instead. Feather V2 is the Arrow IPC file format.
    feather.write_feather(df, handles.handle, **kwargs)

tests/freqai_rl_stage2_5_1/test_full_fingerprint.py: 9 warnings
tests/freqai_rl_stage2_5_1/test_partial_cache_guard.py: 29 warnings
tests/freqai_rl_stage2_5_1/test_route_c_slippage_live_strategy.py: 6 warnings
  /home/cryptorl/miniforge3/envs/freqtrade-rl/lib/python3.11/site-packages/pandas/io/feather_format.py:178: FutureWarning: pyarrow.feather.read_table is deprecated as of 24.0.0. Use pyarrow.ipc.open_file() / RecordBatchFileReader instead. Feather V2 is the Arrow IPC file format.
    pa_table = feather.read_table(

-- Docs: https://docs.pytest.org/en/stable/how-to/capture-warnings.html
74 passed, 88 warnings in 7.26s
=== tests/freqai_rl_stage2_5_2 ===
........................................................................ [ 92%]
......                                                                   [100%]
=============================== warnings summary ===============================
tests/freqai_rl_stage2_5_2/test_cache_content_integrity.py: 37 warnings
tests/freqai_rl_stage2_5_2/test_full_fill_parity.py: 12 warnings
  /home/cryptorl/miniforge3/envs/freqtrade-rl/lib/python3.11/site-packages/pandas/io/feather_format.py:77: FutureWarning: pyarrow.feather.write_feather is deprecated as of 24.0.0. Use pyarrow.ipc.new_file() / RecordBatchFileWriter instead. Feather V2 is the Arrow IPC file format.
    feather.write_feather(df, handles.handle, **kwargs)

tests/freqai_rl_stage2_5_2/test_cache_content_integrity.py: 95 warnings
tests/freqai_rl_stage2_5_2/test_full_fill_parity.py: 9 warnings
  /home/cryptorl/miniforge3/envs/freqtrade-rl/lib/python3.11/site-packages/pandas/io/feather_format.py:178: FutureWarning: pyarrow.feather.read_table is deprecated as of 24.0.0. Use pyarrow.ipc.open_file() / RecordBatchFileReader instead. Feather V2 is the Arrow IPC file format.
    pa_table = feather.read_table(

-- Docs: https://docs.pytest.org/en/stable/how-to/capture-warnings.html
78 passed, 153 warnings in 47.82s
=== tests/freqai_rl_stage2_5_2a ===
........................................................................ [ 88%]
.........                                                                [100%]
=============================== warnings summary ===============================
tests/freqai_rl_stage2_5_2a/test_cache_manifest_failure_is_fatal.py: 13 warnings
tests/freqai_rl_stage2_5_2a/test_market_order_freqtrade_parity.py: 16 warnings
tests/freqai_rl_stage2_5_2a/test_real_freqai_start_live_chain.py: 4 warnings
  /home/cryptorl/miniforge3/envs/freqtrade-rl/lib/python3.11/site-packages/pandas/io/feather_format.py:77: FutureWarning: pyarrow.feather.write_feather is deprecated as of 24.0.0. Use pyarrow.ipc.new_file() / RecordBatchFileWriter instead. Feather V2 is the Arrow IPC file format.
    feather.write_feather(df, handles.handle, **kwargs)

tests/freqai_rl_stage2_5_2a/test_cache_manifest_failure_is_fatal.py: 33 warnings
tests/freqai_rl_stage2_5_2a/test_market_order_freqtrade_parity.py: 12 warnings
tests/freqai_rl_stage2_5_2a/test_real_freqai_start_live_chain.py: 3 warnings
  /home/cryptorl/miniforge3/envs/freqtrade-rl/lib/python3.11/site-packages/pandas/io/feather_format.py:178: FutureWarning: pyarrow.feather.read_table is deprecated as of 24.0.0. Use pyarrow.ipc.open_file() / RecordBatchFileReader instead. Feather V2 is the Arrow IPC file format.
    pa_table = feather.read_table(

tests/freqai_rl_stage2_5_2a/test_real_freqai_start_live_chain.py::test_first_heartbeat_full_chain
tests/freqai_rl_stage2_5_2a/test_real_freqai_start_live_chain.py::test_process_recreate_loads_model
tests/freqai_rl_stage2_5_2a/test_real_freqai_start_live_chain.py::test_inconsistent_fail_closed_full_chain
  /home/cryptorl/miniforge3/envs/freqtrade-rl/lib/python3.11/site-packages/stable_baselines3/common/on_policy_algorithm.py:150: UserWarning: You are trying to run PPO on the GPU, but it is primarily intended to run on the CPU when not using a CNN policy (you are using ActorCriticPolicy which should be a MlpPolicy). See https://github.com/DLR-RM/stable-baselines3/issues/1245 for more info. You can pass `device='cpu'` or `export CUDA_VISIBLE_DEVICES=` to force using the CPU.Note: The model will train, but the GPU utilization will be poor and the training might take longer than on CPU.
    warnings.warn(

-- Docs: https://docs.pytest.org/en/stable/how-to/capture-warnings.html
81 passed, 84 warnings in 17.64s
=== tests/route_c_stage2_6_0 ===
........................................................................ [ 39%]
........................................................................ [ 79%]
......................................                                   [100%]
=============================== warnings summary ===============================
tests/route_c_stage2_6_0/test_missing_prediction_dir_is_fatal.py::test_missing_predictions_dir_is_fatal
tests/route_c_stage2_6_0/test_missing_prediction_dir_is_fatal.py::test_missing_predictions_dir_is_fatal
tests/route_c_stage2_6_0/test_missing_prediction_dir_is_fatal.py::test_freqtrade_nonzero_still_reports_own_code
tests/route_c_stage2_6_0/test_missing_prediction_dir_is_fatal.py::test_freqtrade_nonzero_still_reports_own_code
tests/route_c_stage2_6_0/test_missing_prediction_dir_is_fatal.py::test_manifest_records_exit_code_and_missing_dir
tests/route_c_stage2_6_0/test_missing_prediction_dir_is_fatal.py::test_manifest_records_exit_code_and_missing_dir
  /home/cryptorl/miniforge3/envs/freqtrade-rl/lib/python3.11/site-packages/pandas/io/feather_format.py:178: FutureWarning: pyarrow.feather.read_table is deprecated as of 24.0.0. Use pyarrow.ipc.open_file() / RecordBatchFileReader instead. Feather V2 is the Arrow IPC file format.
    pa_table = feather.read_table(

-- Docs: https://docs.pytest.org/en/stable/how-to/capture-warnings.html
182 passed, 6 warnings in 338.98s (0:05:38)
=== tests/route_c_stage2_6_0a ===
........................................................................ [ 42%]
........................................................................ [ 85%]
.........................                                                [100%]
169 passed in 461.59s (0:07:41)
=== tests/route_c_stage2_6_0b ===
........................................................................ [ 45%]
........................................................................ [ 90%]
...............                                                          [100%]
=============================== warnings summary ===============================
tests/route_c_stage2_6_0b/test_duration_hours_materializes_rows.py::test_date_axis_spacing_matches_timeframe[15m-48.0-192]
tests/route_c_stage2_6_0b/test_duration_hours_materializes_rows.py::test_date_axis_spacing_matches_timeframe[5m-48.0-576]
tests/route_c_stage2_6_0b/test_duration_hours_materializes_rows.py::test_date_axis_spacing_matches_timeframe[1h-48.0-48]
  /home/cryptorl/projects/crypto_rl/tests/route_c_stage2_6_0b/test_duration_hours_materializes_rows.py:39: UserWarning: The 'unit' keyword is only used when the Timedelta input is an integer or float, not object. To specify the storage unit of the output use `td.as_unit(unit)`
    assert pd.Timedelta(deltas[0]) == pd.Timedelta(minutes=minutes, unit="m")

-- Docs: https://docs.pytest.org/en/stable/how-to/capture-warnings.html
159 passed, 3 warnings in 220.76s (0:03:40)
=== tests/route_c_stage2_6_0c ===
........................................................................ [ 86%]
...........                                                              [100%]
83 passed in 258.46s (0:04:18)
=== tests/route_c_stage2_6_0d ===
.........................................................                [100%]
57 passed in 265.23s (0:04:25)
=== tests/route_c_stage2_6_0e ===
........................F............................................... [ 64%]
........................................                                 [100%]
=================================== FAILURES ===================================
_______________ test_modifying_builder_package_file_changes_npb ________________

tmp_path = PosixPath('/tmp/pytest-of-cryptorl/pytest-25/test_modifying_builder_package0')

    def test_modifying_builder_package_file_changes_npb(tmp_path):
        """修改真实 builder package 文件(assemble 所在模块)-> npb- 变化
        (阶段 2.6.0f B4:真实文件修改 + Provider 重算,不依赖 monkeypatch)。"""
        from rl_curriculum.builder_identity import (
            PrivateBuilderIdentityProvider,
        )
    
        src_root = tmp_path / "builder_a"
        src_root.mkdir()
        (src_root / "builder_a.py").write_text(
            "def assemble_private_pack(request):\n    return None\n",
            encoding="utf-8")
        (src_root / "helpers.py").write_text(
            "def seed_derivation(fam, attempt, n):\n    return list(range(n))\n",
            encoding="utf-8")
>       prov = PrivateBuilderIdentityProvider(
            src_root, entrypoint_module="builder_a",
            entrypoint_qualname="assemble_private_pack")

tests/route_c_stage2_6_0e/test_pack_builder_manifest.py:73: 
_ _ _ _ _ _ _ _ _ _ _ _ _ _ _ _ _ _ _ _ _ _ _ _ _ _ _ _ _ _ _ _ _ _ _ _ _ _ _ _ 
src/rl_curriculum/builder_identity.py:827: in __init__
    self._entrypoint_report = validate_builder_entrypoint(
_ _ _ _ _ _ _ _ _ _ _ _ _ _ _ _ _ _ _ _ _ _ _ _ _ _ _ _ _ _ _ _ _ _ _ _ _ _ _ _ 

root = PosixPath('/tmp/pytest-of-cryptorl/pytest-25/test_modifying_builder_package0/builder_a')
module = 'builder_a', qualname = 'assemble_private_pack'
where = 'PrivateBuilderIdentityProvider(private-builder)'
require_request_protocol = True

    def validate_builder_entrypoint(
        root: Path | str, module: str, qualname: str, *,
        where: str,
        require_request_protocol: bool = False,
    ) -> dict[str, Any]:
        """A1:builder entrypoint 必须真实存在且可执行(P3/P4)。
    
        在 Provider 派生 identity 前执行(构造期),任何失败都是
        BuilderIdentityError(fail closed)。验证链:
        1. module 源文件存在于受信 root 内(AST 静态解析的前提);
        2. qualname 在源文件 AST 中是真实的函数定义(注释/字符串/赋值/
           不存在符号均被拒绝;不以字符串搜索判定);
        3. 入口类型属于预注册允许范围(function/staticfunction/
           classfunction;类构造器与协程函数被拒绝);
        4. 受控 import 后对象确实存在、callable 且与 AST 定位一致;
        5. inspect.signature 可解析,签名不含 candidate/checkpoint/
           model/policy(P4:动态强制,不是 manifest 自我声明);
        6. require_request_protocol=True 时(build 入口),签名必须是
           builder-runner-protocol-v1 的单 request 位置参数形态。
    
        返回验证报告(进入 manifest v3 的 entrypoints_validated 字段)。
        """
        import ast as _ast  # noqa: F401 - 供 _ast_resolve_qualname 使用
        import hashlib as _hl
        import inspect
        import types
    
        root = Path(root)
        if not module or not qualname:
            raise BuilderIdentityError(
                f"{where}: entrypoint 声明不完整(module={module!r}, "
                f"qualname={qualname!r});入口必须显式声明并真实存在")
        source = _module_source_within(root, module)
        if source is None:
>           raise BuilderIdentityError(
                f"{where}: entrypoint module {module!r} 的源文件不存在于"
                f"受信 root {root} 内(拼写错误、入口文件缺失或路径逃逸均"
                f"拒绝;不接受 manifest 字符串自报)")
E           rl_curriculum.builder_identity.BuilderIdentityError: PrivateBuilderIdentityProvider(private-builder): entrypoint module 'builder_a' 的源文件不存在于受信 root /tmp/pytest-of-cryptorl/pytest-25/test_modifying_builder_package0/builder_a 内(拼写错误、入口文件缺失或路径逃逸均拒绝;不接受 manifest 字符串自报)

src/rl_curriculum/builder_identity.py:425: BuilderIdentityError
=========================== short test summary info ============================
FAILED tests/route_c_stage2_6_0e/test_pack_builder_manifest.py::test_modifying_builder_package_file_changes_npb
1 failed, 111 passed in 421.51s (0:07:01)
=== tests/route_c_stage2_6_0f ===
................................................................         [100%]
64 passed in 186.16s (0:03:06)
=== tests/route_c_stage2_6_0g ===
........................................................................ [ 98%]
.                                                                        [100%]
73 passed in 135.81s (0:02:15)
