=== tests/freqai_rl_stage2_5 ===
-- Docs: https://docs.pytest.org/en/stable/how-to/capture-warnings.html
38 passed, 3 warnings in 2.80s
=== tests/freqai_rl_stage2_5_1 ===
-- Docs: https://docs.pytest.org/en/stable/how-to/capture-warnings.html
74 passed, 88 warnings in 7.20s
=== tests/freqai_rl_stage2_5_2 ===
-- Docs: https://docs.pytest.org/en/stable/how-to/capture-warnings.html
78 passed, 153 warnings in 46.80s
=== tests/freqai_rl_stage2_5_2a ===
-- Docs: https://docs.pytest.org/en/stable/how-to/capture-warnings.html
81 passed, 84 warnings in 17.51s
=== tests/route_c_stage2_6_0 ===
-- Docs: https://docs.pytest.org/en/stable/how-to/capture-warnings.html
182 passed, 6 warnings in 342.02s (0:05:42)
=== tests/route_c_stage2_6_0a ===
.........................                                                [100%]
169 passed in 489.95s (0:08:09)
=== tests/route_c_stage2_6_0b ===
-- Docs: https://docs.pytest.org/en/stable/how-to/capture-warnings.html
159 passed, 3 warnings in 223.35s (0:03:43)
=== tests/route_c_stage2_6_0c ===
...........                                                              [100%]
83 passed in 265.38s (0:04:25)
=== tests/route_c_stage2_6_0d ===
.........................................................                [100%]
57 passed in 270.02s (0:04:30)
=== tests/route_c_stage2_6_0e ===
........................................                                 [100%]
112 passed in 426.74s (0:07:06)
=== tests/route_c_stage2_6_0f ===
................................................................         [100%]
64 passed in 189.91s (0:03:09)
=== tests/route_c_stage2_6_0g ===
.....                                                                    [100%]
149 passed in 165.46s (0:02:45)
=== SUMMARY: 0 failing dirs ===
