[2.6.0e] 冻结账本摩擦合同 + 真实执行 parity 网格(工作包 A)...
[2.6.0e] artifact -> null_friction_contract_parity.json
[2.6.0e] 完整资格链 v2(spec v2 -> 三族 64x16 报告 -> 功效分析 v2)...
[2.6.0e]   缓存/生成耗时 0s
[2.6.0e] artifact -> null_qualification_spec_v2.json
[2.6.0e] artifact -> null_power_analysis_v2.json
[2.6.0e] artifact -> power_required_scenario_coverage.json
[2.6.0e] artifact -> power_cluster_count_selection.json
[2.6.0e] artifact -> power_centering_parity.json
[2.6.0e]   probe_null_sign: QUALIFIED lf_hi=+0.00108 oracle_hi=+0.00052 rule_hi=-0.01464 hft_hi=-0.08913
[2.6.0e]   probe_null_volstate: QUALIFIED lf_hi=+0.00149 oracle_hi=+0.00046 rule_hi=-0.01341 hft_hi=-0.08975
[2.6.0e]   probe_null_stochvol: QUALIFIED lf_hi=+0.00107 oracle_hi=+0.00000 rule_hi=-0.01264 hft_hi=-0.09022
[2.6.0e] artifact -> valid_null_family_qualification_v4.json
[2.6.0e] 实际 mock pack:pair 完整性 + 四块硬门 + builder manifest(工作包 D)...
[2.6.0e] artifact -> null_pack_builder_manifest.json
[2.6.0e] artifact -> null_pack_validity_v2.json
[2.6.0e] artifact -> actual_antithetic_pair_validation.json
[2.6.0e] artifact -> pair_nuisance_identity_audit.json
[2.6.0e] artifact -> pack_oracle_rule_equivalence.json
[2.6.0e] antithetic 负例矩阵(工作包 D7)...
[2.6.0e] artifact -> antithetic_pair_negative_matrix.json
[2.6.0e] mock issuer + 256-step PPO smoke 训练(允许挂科)...
[2.6.0e] 构建 v5 承诺 + 执行器重跑 power + 系统级沙箱考试全链路...
[2.6.0e]   v5 承诺完整验证通过(含完整 power report 重跑对账)
[2.6.0e] 正式密封考试 #1(执行器重跑 power + pack validity 现算对账)...
[2.6.0e]   #1: status=FAIL exit=0 (50.6s)
[2.6.0e] 幂等重试 #2...
[2.6.0e]   #2: status=FAIL (8.7s)
[2.6.0e] 详细披露 #3(披露后退休)...
[2.6.0e]   #3: status=FAIL
[2.6.0e] artifact -> mock_sealed_exam_v6_summary.json
[2.6.0e] power report 重验证攻击矩阵(工作包 C4,14 类)...
[2.6.0e] artifact -> power_report_reverification_attack_matrix.json
[2.6.0e] legacy v4/旧公式/validator-only 材料拒绝(工作包 E)...
[2.6.0e] artifact -> legacy_v4_material_rejection.json
[2.6.0e] 承诺 v5 篡改矩阵...
[2.6.0e] artifact -> sealed_exam_tamper_matrix_v5.json
[2.6.0e] 上游与冻结合同完整性检查...
[2.6.0e]   vendor HEAD 52bc96f4480b clean=True
[2.6.0e] 全部阶段完成(153s);artifacts -> /home/cryptorl/projects/crypto_rl/artifacts/route_c_stage2_6_0e
