BATCH start c01 13:28:17
[c01] start blocks=500 model=once validation=attempts
[c01] model 50/500 elapsed=11s
[c01] model 100/500 elapsed=18s
[c01] model 150/500 elapsed=26s
[c01] model 200/500 elapsed=34s
[c01] model 250/500 elapsed=41s
[c01] model 300/500 elapsed=49s
[c01] model 350/500 elapsed=57s
[c01] model 400/500 elapsed=64s
[c01] model 450/500 elapsed=72s
[c01] model 500/500 elapsed=79s
[c01] validation 50/500 elapsed=94s
[c01] validation 100/500 elapsed=109s
[c01] validation 150/500 elapsed=125s
[c01] validation 200/500 elapsed=139s
[c01] validation 250/500 elapsed=154s
[c01] validation 300/500 elapsed=168s
[c01] validation 350/500 elapsed=183s
[c01] validation 400/500 elapsed=198s
[c01] validation 450/500 elapsed=214s
[c01] validation 500/500 elapsed=229s
{"coordinate": "c01", "ok": true, "recall_validation": 0.9510257596791609, "se_validation": 0.001990040228598588, "n_events": {"model": 12965, "validation": 12966}, "elapsed_seconds": 236.7, "local_p_contract_diagnostic": 0.9504483028209686, "once_bitwise_ok": true}
BATCH end c01 rc=0 elapsed_marker 13:32:16
BATCH start c02 13:32:16
[c02] start blocks=500 model=once validation=attempts
[c02] model 50/500 elapsed=10s
[c02] model 100/500 elapsed=18s
[c02] model 150/500 elapsed=26s
[c02] model 200/500 elapsed=34s
[c02] model 250/500 elapsed=43s
[c02] model 300/500 elapsed=51s
[c02] model 350/500 elapsed=59s
[c02] model 400/500 elapsed=66s
[c02] model 450/500 elapsed=74s
[c02] model 500/500 elapsed=82s
[c02] validation 50/500 elapsed=97s
[c02] validation 100/500 elapsed=112s
[c02] validation 150/500 elapsed=127s
[c02] validation 200/500 elapsed=141s
[c02] validation 250/500 elapsed=156s
[c02] validation 300/500 elapsed=171s
[c02] validation 350/500 elapsed=186s
[c02] validation 400/500 elapsed=201s
[c02] validation 450/500 elapsed=216s
[c02] validation 500/500 elapsed=231s
{"coordinate": "c02", "ok": true, "recall_validation": 0.9470960766141489, "se_validation": 0.0019228260034158935, "n_events": {"model": 12961, "validation": 12948}, "elapsed_seconds": 238.9, "local_p_contract_diagnostic": 0.9504291104134284, "once_bitwise_ok": true}
BATCH end c02 rc=0 elapsed_marker 13:36:15
BATCH start c03 13:36:15
[c03] start blocks=500 model=once validation=attempts
[c03] model 50/500 elapsed=9s
[c03] model 100/500 elapsed=17s
[c03] model 150/500 elapsed=25s
[c03] model 200/500 elapsed=33s
[c03] model 250/500 elapsed=41s
[c03] model 300/500 elapsed=49s
[c03] model 350/500 elapsed=57s
[c03] model 400/500 elapsed=65s
[c03] model 450/500 elapsed=73s
[c03] model 500/500 elapsed=82s
[c03] validation 50/500 elapsed=97s
[c03] validation 100/500 elapsed=112s
[c03] validation 150/500 elapsed=127s
[c03] validation 200/500 elapsed=142s
[c03] validation 250/500 elapsed=157s
[c03] validation 300/500 elapsed=172s
[c03] validation 350/500 elapsed=186s
[c03] validation 400/500 elapsed=201s
[c03] validation 450/500 elapsed=216s
[c03] validation 500/500 elapsed=232s
{"coordinate": "c03", "ok": true, "recall_validation": 0.9484114743985195, "se_validation": 0.0019175478613208657, "n_events": {"model": 12971, "validation": 12968}, "elapsed_seconds": 239.5, "local_p_contract_diagnostic": 0.9504194539392739, "once_bitwise_ok": true}
BATCH end c03 rc=0 elapsed_marker 13:40:16
BATCH start c04 13:40:16
[c04] start blocks=500 model=once validation=attempts
[c04] model 50/500 elapsed=9s
[c04] model 100/500 elapsed=17s
[c04] model 150/500 elapsed=24s
[c04] model 200/500 elapsed=33s
[c04] model 250/500 elapsed=40s
[c04] model 300/500 elapsed=48s
[c04] model 350/500 elapsed=56s
[c04] model 400/500 elapsed=64s
[c04] model 450/500 elapsed=72s
[c04] model 500/500 elapsed=80s
[c04] validation 50/500 elapsed=95s
[c04] validation 100/500 elapsed=110s
[c04] validation 150/500 elapsed=125s
[c04] validation 200/500 elapsed=140s
[c04] validation 250/500 elapsed=154s
[c04] validation 300/500 elapsed=169s
[c04] validation 350/500 elapsed=184s
[c04] validation 400/500 elapsed=199s
[c04] validation 450/500 elapsed=213s
[c04] validation 500/500 elapsed=228s
{"coordinate": "c04", "ok": true, "recall_validation": 0.9518230170353812, "se_validation": 0.001763157641430905, "n_events": {"model": 12955, "validation": 12973}, "elapsed_seconds": 235.7, "local_p_contract_diagnostic": 0.9504694149960612, "once_bitwise_ok": true}
BATCH end c04 rc=0 elapsed_marker 13:44:13
BATCH start c05 13:44:13
[c05] start blocks=500 model=once validation=attempts
[c05] model 50/500 elapsed=9s
[c05] model 100/500 elapsed=17s
[c05] model 150/500 elapsed=24s
[c05] model 200/500 elapsed=32s
[c05] model 250/500 elapsed=40s
[c05] model 300/500 elapsed=48s
[c05] model 350/500 elapsed=55s
[c05] model 400/500 elapsed=63s
[c05] model 450/500 elapsed=71s
[c05] model 500/500 elapsed=78s
[c05] validation 50/500 elapsed=93s
[c05] validation 100/500 elapsed=107s
[c05] validation 150/500 elapsed=122s
[c05] validation 200/500 elapsed=137s
[c05] validation 250/500 elapsed=152s
[c05] validation 300/500 elapsed=168s
[c05] validation 350/500 elapsed=183s
[c05] validation 400/500 elapsed=198s
[c05] validation 450/500 elapsed=213s
[c05] validation 500/500 elapsed=229s
{"coordinate": "c05", "ok": true, "recall_validation": 0.9515469485379214, "se_validation": 0.001822988614264225, "n_events": {"model": 12966, "validation": 12961}, "elapsed_seconds": 236.4, "local_p_contract_diagnostic": 0.9504531048277872, "once_bitwise_ok": true}
BATCH end c05 rc=0 elapsed_marker 13:48:10
BATCH start c06 13:48:10
[c06] start blocks=500 model=once validation=attempts
[c06] model 50/500 elapsed=10s
[c06] model 100/500 elapsed=18s
[c06] model 150/500 elapsed=26s
[c06] model 200/500 elapsed=34s
[c06] model 250/500 elapsed=42s
[c06] model 300/500 elapsed=50s
[c06] model 350/500 elapsed=59s
[c06] model 400/500 elapsed=67s
[c06] model 450/500 elapsed=75s
[c06] model 500/500 elapsed=83s
[c06] validation 50/500 elapsed=99s
[c06] validation 100/500 elapsed=115s
[c06] validation 150/500 elapsed=131s
[c06] validation 200/500 elapsed=146s
[c06] validation 250/500 elapsed=161s
[c06] validation 300/500 elapsed=177s
[c06] validation 350/500 elapsed=193s
[c06] validation 400/500 elapsed=208s
[c06] validation 450/500 elapsed=223s
[c06] validation 500/500 elapsed=240s
{"coordinate": "c06", "ok": true, "recall_validation": 0.9501930501930502, "se_validation": 0.0019503416130457543, "n_events": {"model": 12972, "validation": 12950}, "elapsed_seconds": 247.7, "local_p_contract_diagnostic": 0.9504206176498473, "once_bitwise_ok": true}
BATCH end c06 rc=0 elapsed_marker 13:52:18
BATCH start c07 13:52:18
[c07] start blocks=500 model=once validation=attempts
[c07] model 50/500 elapsed=10s
[c07] model 100/500 elapsed=18s
[c07] model 150/500 elapsed=26s
[c07] model 200/500 elapsed=34s
[c07] model 250/500 elapsed=41s
[c07] model 300/500 elapsed=49s
[c07] model 350/500 elapsed=57s
[c07] model 400/500 elapsed=65s
[c07] model 450/500 elapsed=74s
[c07] model 500/500 elapsed=82s
[c07] validation 50/500 elapsed=99s
[c07] validation 100/500 elapsed=118s
[c07] validation 150/500 elapsed=136s
[c07] validation 200/500 elapsed=152s
[c07] validation 250/500 elapsed=168s
[c07] validation 300/500 elapsed=183s
[c07] validation 350/500 elapsed=198s
[c07] validation 400/500 elapsed=215s
[c07] validation 450/500 elapsed=231s
[c07] validation 500/500 elapsed=246s
{"coordinate": "c07", "ok": true, "recall_validation": 0.9519987652415496, "se_validation": 0.0018332767252466579, "n_events": {"model": 12974, "validation": 12958}, "elapsed_seconds": 254.6, "local_p_contract_diagnostic": 0.9504321607592163, "once_bitwise_ok": true}
BATCH end c07 rc=0 elapsed_marker 13:56:32
BATCH start c08 13:56:32
[c08] start blocks=500 model=once validation=attempts
[c08] model 50/500 elapsed=10s
[c08] model 100/500 elapsed=19s
[c08] model 150/500 elapsed=28s
[c08] model 200/500 elapsed=39s
[c08] model 250/500 elapsed=50s
[c08] model 300/500 elapsed=61s
[c08] model 350/500 elapsed=72s
[c08] model 400/500 elapsed=81s
[c08] model 450/500 elapsed=89s
[c08] model 500/500 elapsed=98s
[c08] validation 50/500 elapsed=114s
[c08] validation 100/500 elapsed=129s
[c08] validation 150/500 elapsed=145s
[c08] validation 200/500 elapsed=160s
[c08] validation 250/500 elapsed=176s
[c08] validation 300/500 elapsed=192s
[c08] validation 350/500 elapsed=207s
[c08] validation 400/500 elapsed=223s
[c08] validation 450/500 elapsed=238s
[c08] validation 500/500 elapsed=254s
{"coordinate": "c08", "ok": true, "recall_validation": 0.9490102441654471, "se_validation": 0.001899861855703522, "n_events": {"model": 12970, "validation": 12983}, "elapsed_seconds": 261.9, "local_p_contract_diagnostic": 0.9504508539080454, "once_bitwise_ok": true}
BATCH end c08 rc=0 elapsed_marker 14:00:49
BATCH start c09 14:00:49
[c09] start blocks=500 model=once validation=attempts
[c09] model 50/500 elapsed=9s
[c09] model 100/500 elapsed=18s
[c09] model 150/500 elapsed=25s
[c09] model 200/500 elapsed=33s
[c09] model 250/500 elapsed=41s
[c09] model 300/500 elapsed=50s
[c09] model 350/500 elapsed=59s
[c09] model 400/500 elapsed=67s
[c09] model 450/500 elapsed=75s
[c09] model 500/500 elapsed=83s
[c09] validation 50/500 elapsed=100s
[c09] validation 100/500 elapsed=116s
[c09] validation 150/500 elapsed=131s
[c09] validation 200/500 elapsed=148s
[c09] validation 250/500 elapsed=168s
[c09] validation 300/500 elapsed=187s
[c09] validation 350/500 elapsed=206s
[c09] validation 400/500 elapsed=221s
[c09] validation 450/500 elapsed=237s
[c09] validation 500/500 elapsed=253s
{"coordinate": "c09", "ok": true, "recall_validation": 0.9491774156175176, "se_validation": 0.0018661723507672333, "n_events": {"model": 12962, "validation": 12947}, "elapsed_seconds": 261.7, "local_p_contract_diagnostic": 0.9504128056352823, "once_bitwise_ok": true}
BATCH end c09 rc=0 elapsed_marker 14:05:07
BATCH start c10 14:05:07
[c10] start blocks=500 model=once validation=attempts
[c10] model 50/500 elapsed=10s
[c10] model 100/500 elapsed=20s
[c10] model 150/500 elapsed=28s
[c10] model 200/500 elapsed=37s
[c10] model 250/500 elapsed=47s
[c10] model 300/500 elapsed=55s
[c10] model 350/500 elapsed=63s
[c10] model 400/500 elapsed=73s
[c10] model 450/500 elapsed=81s
[c10] model 500/500 elapsed=89s
[c10] validation 50/500 elapsed=104s
[c10] validation 100/500 elapsed=119s
[c10] validation 150/500 elapsed=134s
[c10] validation 200/500 elapsed=148s
[c10] validation 250/500 elapsed=163s
[c10] validation 300/500 elapsed=177s
[c10] validation 350/500 elapsed=192s
[c10] validation 400/500 elapsed=206s
[c10] validation 450/500 elapsed=220s
[c10] validation 500/500 elapsed=236s
{"coordinate": "c10", "ok": true, "recall_validation": 0.9502621838371376, "se_validation": 0.002001310641361423, "n_events": {"model": 12953, "validation": 12968}, "elapsed_seconds": 244.8, "local_p_contract_diagnostic": 0.9504220082149291, "once_bitwise_ok": true}
BATCH end c10 rc=0 elapsed_marker 14:09:11
BATCH start c11 14:09:11
[c11] start blocks=500 model=once validation=attempts
[c11] model 50/500 elapsed=12s
[c11] model 100/500 elapsed=23s
[c11] model 150/500 elapsed=31s
[c11] model 200/500 elapsed=39s
[c11] model 250/500 elapsed=47s
[c11] model 300/500 elapsed=55s
[c11] model 350/500 elapsed=63s
[c11] model 400/500 elapsed=71s
[c11] model 450/500 elapsed=78s
[c11] model 500/500 elapsed=86s
[c11] validation 50/500 elapsed=101s
[c11] validation 100/500 elapsed=116s
[c11] validation 150/500 elapsed=130s
[c11] validation 200/500 elapsed=145s
[c11] validation 250/500 elapsed=160s
[c11] validation 300/500 elapsed=174s
[c11] validation 350/500 elapsed=190s
[c11] validation 400/500 elapsed=205s
[c11] validation 450/500 elapsed=220s
[c11] validation 500/500 elapsed=235s
{"coordinate": "c11", "ok": true, "recall_validation": 0.9535260115606936, "se_validation": 0.0017148970752706159, "n_events": {"model": 12979, "validation": 12975}, "elapsed_seconds": 242.8, "local_p_contract_diagnostic": 0.9504304650803167, "once_bitwise_ok": true}
BATCH end c11 rc=0 elapsed_marker 14:13:15
BATCH SUMMARY: c01:rc=0 c02:rc=0 c03:rc=0 c04:rc=0 c05:rc=0 c06:rc=0 c07:rc=0 c08:rc=0 c09:rc=0 c10:rc=0 c11:rc=0
{"result": "/mnt/f/trading/freqai-rl-audit/stage2_6_1/artifacts/repair17/development/r25_cue_bias_dev/study/cold_read_result.json", "k_available": 11, "complete_k": true, "problems": [], "primary": {"delta_bar": 6.146679677406079e-05, "k_coordinates": 11, "planned_k": 11, "s_raw": 0.0005675046775357165, "s_analysis": 0.0008512570163035747, "r_analysis": 1.5, "alpha": 0.05, "lower90": -0.001338726393960762, "upper90": 0.0014616599875088836, "margin": 0.003, "magnitude": "within_equivalence_bounds", "direction": "not_resolved", "not_resolved_reason": "", "action": "报告:在待审开发界限内等效(条件结论);非零方向偏差另报;无强制后续动作"}}
BATCH_DONE 20260926T141320Z
