[2.6.0d] 生成完整资格链(spec -> 三族 64x16 报告 -> 功效分析)...
[2.6.0d]   缓存/生成耗时 0s
[2.6.0d] artifact -> null_qualification_spec.json
[2.6.0d] artifact -> null_economic_margin_derivation.json
[2.6.0d] artifact -> null_power_analysis.json
[2.6.0d]   probe_null_sign: QUALIFIED lf_hi=+0.00108 oracle_hi=+0.00052 rule_hi=-0.01464
[2.6.0d]   probe_null_volstate: QUALIFIED lf_hi=+0.00149 oracle_hi=+0.00046 rule_hi=-0.01341
[2.6.0d]   probe_null_stochvol: QUALIFIED lf_hi=+0.00107 oracle_hi=+0.00000 rule_hi=-0.01264
[2.6.0d] artifact -> valid_null_family_qualification.json
[2.6.0d] artifact -> seed_cluster_bootstrap_evidence.json
[2.6.0d] 复现 2.6.0c 审查反例(3 seed x 1 ep,旧证据处置)...
[2.6.0d] artifact -> legacy_three_seed_reports_rejection.json
[2.6.0d] artifact -> stochvol_positive_long_edge_rejection.json
[2.6.0d] artifact -> sign_positive_long_edge_rejection.json
[2.6.0d] 伪 Null 拒绝矩阵(D4)...
[2.6.0d] artifact -> pseudo_null_rejection_matrix.json
[2.6.0d] antithetic 完整性 + pack builder(B3/B4)...
[2.6.0d] artifact -> antithetic_pair_integrity.json
[2.6.0d] pack-level validity(实际 mock pack)...
[2.6.0d] artifact -> actual_pack_null_validity.json
[2.6.0d] artifact -> pack_accidental_drift_rejection.json
[2.6.0d] mock issuer + 256-step PPO smoke 训练(允许挂科)...
[2.6.0d] 构建 v4 承诺 + 系统级沙箱考试全链路...
[2.6.0d]   v4 承诺完整验证通过
[2.6.0d] 正式密封考试 #1(候选评估前 pack validity 现算对账)...
[2.6.0d]   #1: status=FAIL exit=0 (52.6s)
[2.6.0d] 幂等重试 #2...
[2.6.0d]   #2: status=FAIL (10.5s)
[2.6.0d] 详细披露 #3(披露后退休)...
[2.6.0d]   #3: status=FAIL
[2.6.0d] artifact -> mock_sealed_exam_v5_summary.json
[2.6.0d] Null 资格篡改矩阵...
[2.6.0d] artifact -> null_qualification_tamper_matrix_v3.json
[2.6.0d] 承诺 v4 篡改矩阵...
[2.6.0d] artifact -> sealed_exam_tamper_matrix_v4.json
[2.6.0d] 上游与冻结合同完整性检查...
[2.6.0d]   vendor HEAD 52bc96f4480b clean=True
[2.6.0d] 全部阶段完成(177s);artifacts -> /home/cryptorl/projects/crypto_rl/artifacts/route_c_stage2_6_0d
