# full-cold full-cold-20260829-144706 workers=2

===== tests/freqai_rl_platform_audit (exit=5, 2026-08-29T06:47:06+00:00 ~ 2026-08-29T06:47:11+00:00, 4.6s) =====

no tests ran in 0.26s

===== tests/freqai_rl_stage2_5 (exit=0, 2026-08-29T06:47:06+00:00 ~ 2026-08-29T06:47:41+00:00, 34.5s) =====
......................................                                   [100%]
=============================== warnings summary ===============================
tests/freqai_rl_stage2_5/test_env_vs_freqtrade.py::test_parity_all_cases
tests/freqai_rl_stage2_5/test_env_vs_freqtrade.py::test_parity_all_cases
tests/freqai_rl_stage2_5/test_env_vs_freqtrade.py::test_parity_all_cases
  /home/cryptorl/miniforge3/envs/freqtrade-rl/lib/python3.11/site-packages/pandas/io/feather_format.py:77: FutureWarning: pyarrow.feather.write_feather is deprecated as of 24.0.0. Use pyarrow.ipc.new_file() / RecordBatchFileWriter instead. Feather V2 is the Arrow IPC file format.
    feather.write_feather(df, handles.handle, **kwargs)

-- Docs: https://docs.pytest.org/en/stable/how-to/capture-warnings.html
============================= slowest 50 durations =============================
17.90s setup    tests/freqai_rl_stage2_5/test_dryrun_init.py::test_no_trades_position_zero
6.65s call     tests/freqai_rl_stage2_5/test_env_vs_freqtrade.py::test_parity_all_cases
0.07s setup    tests/freqai_rl_stage2_5/test_fingerprint.py::test_code_file_hash_tracks_content
0.06s call     tests/freqai_rl_stage2_5/test_synthetic_sequences.py::test_all_sequences_and_scripts
0.03s call     tests/freqai_rl_stage2_5/test_slippage.py::test_slippage_monotonicity
0.01s setup    tests/freqai_rl_stage2_5/test_dryrun_init.py::test_open_long_trade_position_one
0.01s setup    tests/freqai_rl_stage2_5/test_dryrun_init.py::test_short_position_raises
0.01s setup    tests/freqai_rl_stage2_5/test_dryrun_init.py::test_closed_trade_does_not_count
0.01s setup    tests/freqai_rl_stage2_5/test_dryrun_init.py::test_other_pair_does_not_count
0.01s call     tests/freqai_rl_stage2_5/test_dryrun_init.py::test_open_long_trade_position_one

(40 durations < 0.005s hidden.  Use -vv to show these durations.)
38 passed, 3 warnings in 29.54s

===== tests/freqai_rl_stage2_5_1 (exit=0, 2026-08-29T06:47:11+00:00 ~ 2026-08-29T06:48:27+00:00, 75.7s) =====
........................................................................ [ 97%]
..                                                                       [100%]
=============================== warnings summary ===============================
tests/freqai_rl_stage2_5_1/test_full_fingerprint.py: 6 warnings
tests/freqai_rl_stage2_5_1/test_partial_cache_guard.py: 30 warnings
tests/freqai_rl_stage2_5_1/test_route_c_slippage_live_strategy.py: 8 warnings
  /home/cryptorl/miniforge3/envs/freqtrade-rl/lib/python3.11/site-packages/pandas/io/feather_format.py:77: FutureWarning: pyarrow.feather.write_feather is deprecated as of 24.0.0. Use pyarrow.ipc.new_file() / RecordBatchFileWriter instead. Feather V2 is the Arrow IPC file format.
    feather.write_feather(df, handles.handle, **kwargs)

tests/freqai_rl_stage2_5_1/test_full_fingerprint.py: 9 warnings
tests/freqai_rl_stage2_5_1/test_partial_cache_guard.py: 29 warnings
tests/freqai_rl_stage2_5_1/test_route_c_slippage_live_strategy.py: 6 warnings
  /home/cryptorl/miniforge3/envs/freqtrade-rl/lib/python3.11/site-packages/pandas/io/feather_format.py:178: FutureWarning: pyarrow.feather.read_table is deprecated as of 24.0.0. Use pyarrow.ipc.open_file() / RecordBatchFileReader instead. Feather V2 is the Arrow IPC file format.
    pa_table = feather.read_table(

-- Docs: https://docs.pytest.org/en/stable/how-to/capture-warnings.html
============================= slowest 50 durations =============================
11.72s call     tests/freqai_rl_stage2_5_1/test_ppo_budget.py::test_run_ppo_fit_budget_enforced
5.10s call     tests/freqai_rl_stage2_5_1/test_conv_width_guard.py::test_route_c_model_init_guard_conv_width_1
0.87s call     tests/freqai_rl_stage2_5_1/test_route_c_slippage_live_strategy.py::test_route_c_slippage_parity_end_to_end
0.30s call     tests/freqai_rl_stage2_5_1/test_full_fingerprint.py::test_run_experiment_manifest_fields
0.16s call     tests/freqai_rl_stage2_5_1/test_ppo_budget.py::test_run_ppo_fit_tensorboard_log
0.10s call     tests/freqai_rl_stage2_5_1/test_ppo_budget.py::test_ppo_evidence_artifact
0.09s call     tests/freqai_rl_stage2_5_1/test_full_fingerprint.py::test_code_tree_hash_covers_first_party_code
0.06s call     tests/freqai_rl_stage2_5_1/test_conv_width_guard.py::test_render_config_guard_conv_width_1
0.05s call     tests/freqai_rl_stage2_5_1/test_live_trade_state_resync.py::test_entry_unfilled_no_duplicate_and_flat_enters
0.04s call     tests/freqai_rl_stage2_5_1/test_live_trade_state_resync.py::test_resync_trace_evidence
0.03s setup    tests/freqai_rl_stage2_5_1/test_live_full_history_inference.py::test_full_history_backfill_keeps_real_position
0.02s call     tests/freqai_rl_stage2_5_1/test_full_fingerprint.py::test_data_scope_hash_changes_on_training_row_edit
0.02s call     tests/freqai_rl_stage2_5_1/test_full_fingerprint.py::test_data_scope_hash_ignores_rows_after_eval_end
0.02s call     tests/freqai_rl_stage2_5_1/test_full_fingerprint.py::test_data_scope_hash_covers_training_and_prewarm
0.02s call     tests/freqai_rl_stage2_5_1/test_partial_cache_guard.py::test_classify_complete
0.02s call     tests/freqai_rl_stage2_5_1/test_partial_cache_guard.py::test_classify_inconsistent_extra_file
0.02s call     tests/freqai_rl_stage2_5_1/test_live_trade_state_resync.py::test_exit_unfilled_no_duplicate
0.01s call     tests/freqai_rl_stage2_5_1/test_conv_width_guard.py::test_guard_evidence
0.01s call     tests/freqai_rl_stage2_5_1/test_partial_cache_guard.py::test_classify_inconsistent_row_count
0.01s call     tests/freqai_rl_stage2_5_1/test_partial_cache_guard.py::test_enforce_none_and_complete_pass
0.01s call     tests/freqai_rl_stage2_5_1/test_live_full_history_inference.py::test_live_full_history_trace_evidence
0.01s setup    tests/freqai_rl_stage2_5_1/test_live_full_history_inference.py::test_live_full_history_trace_evidence
0.01s call     tests/freqai_rl_stage2_5_1/test_live_full_history_inference.py::test_do_predict_invalid_latest_row
0.01s setup    tests/freqai_rl_stage2_5_1/test_live_full_history_inference.py::test_next_heartbeat_reads_trade_table
0.01s call     tests/freqai_rl_stage2_5_1/test_live_trade_state_resync.py::test_entry_filled_no_duplicate
0.01s setup    tests/freqai_rl_stage2_5_1/test_live_full_history_inference.py::test_model_reload_resyncs_from_trade
0.01s call     tests/freqai_rl_stage2_5_1/test_live_full_history_inference.py::test_full_history_backfill_keeps_real_position
0.01s setup    tests/freqai_rl_stage2_5_1/test_live_trade_state_resync.py::test_strategy_slippage_from_config
0.01s setup    tests/freqai_rl_stage2_5_1/test_live_full_history_inference.py::test_history_backfill_does_not_mutate_model_state
0.01s setup    tests/freqai_rl_stage2_5_1/test_live_full_history_inference.py::test_flat_initial_position
0.01s call     tests/freqai_rl_stage2_5_1/test_live_full_history_inference.py::test_next_heartbeat_reads_trade_table
0.01s setup    tests/freqai_rl_stage2_5_1/test_live_trade_state_resync.py::test_exit_unfilled_no_duplicate
0.01s call     tests/freqai_rl_stage2_5_1/test_live_full_history_inference.py::test_model_reload_resyncs_from_trade
0.01s setup    tests/freqai_rl_stage2_5_1/test_live_trade_state_resync.py::test_trade_table_is_source_of_truth
0.01s setup    tests/freqai_rl_stage2_5_1/test_live_trade_state_resync.py::test_entry_filled_no_duplicate
0.01s setup    tests/freqai_rl_stage2_5_1/test_live_trade_state_resync.py::test_resync_trace_evidence
0.01s call     tests/freqai_rl_stage2_5_1/test_live_full_history_inference.py::test_history_backfill_does_not_mutate_model_state
0.01s setup    tests/freqai_rl_stage2_5_1/test_live_full_history_inference.py::test_do_predict_invalid_latest_row
0.01s setup    tests/freqai_rl_stage2_5_1/test_live_trade_state_resync.py::test_exit_completed_no_duplicate
0.01s call     tests/freqai_rl_stage2_5_1/test_full_fingerprint.py::test_code_tree_hash_changes_on_file_edit[user_data/strategies/RouteCStrategy.py]
0.01s setup    tests/freqai_rl_stage2_5_1/test_live_trade_state_resync.py::test_entry_unfilled_no_duplicate_and_flat_enters
0.01s call     tests/freqai_rl_stage2_5_1/test_full_fingerprint.py::test_code_tree_hash_stable_regardless_of_mtime
0.01s call     tests/freqai_rl_stage2_5_1/test_full_fingerprint.py::test_code_tree_hash_changes_on_file_edit[user_data/freqaimodels/RouteCModel.py]
0.01s call     tests/freqai_rl_stage2_5_1/test_full_fingerprint.py::test_code_tree_hash_changes_on_file_edit[src/rl_platform/env.py]
0.01s call     tests/freqai_rl_stage2_5_1/test_full_fingerprint.py::test_code_tree_hash_changes_on_file_edit[experiments/freqai_rl_stage2_5_1/run_experiment.py]
0.01s call     tests/freqai_rl_stage2_5_1/test_full_fingerprint.py::test_code_tree_hash_changes_on_file_edit[experiments/freqai_rl_stage2_5_1/configs/config_stage251.template.json]
0.01s call     tests/freqai_rl_stage2_5_1/test_partial_cache_guard.py::test_repair_quarantines_whole_dir
0.01s call     tests/freqai_rl_stage2_5_1/test_live_trade_state_resync.py::test_trade_table_is_source_of_truth
0.01s call     tests/freqai_rl_stage2_5_1/test_do_predict_state_machine.py::test_do_predict_state_trace_evidence
0.01s call     tests/freqai_rl_stage2_5_1/test_partial_cache_guard.py::test_classify_partial_windows_1_and_3
74 passed, 88 warnings in 45.22s

===== tests/freqai_rl_stage2_5_2 (exit=0, 2026-08-29T06:47:41+00:00 ~ 2026-08-29T06:48:59+00:00, 77.9s) =====
........................................................................ [ 92%]
......                                                                   [100%]
=============================== warnings summary ===============================
tests/freqai_rl_stage2_5_2/test_cache_content_integrity.py: 37 warnings
tests/freqai_rl_stage2_5_2/test_full_fill_parity.py: 12 warnings
  /home/cryptorl/miniforge3/envs/freqtrade-rl/lib/python3.11/site-packages/pandas/io/feather_format.py:77: FutureWarning: pyarrow.feather.write_feather is deprecated as of 24.0.0. Use pyarrow.ipc.new_file() / RecordBatchFileWriter instead. Feather V2 is the Arrow IPC file format.
    feather.write_feather(df, handles.handle, **kwargs)

tests/freqai_rl_stage2_5_2/test_cache_content_integrity.py: 95 warnings
tests/freqai_rl_stage2_5_2/test_full_fill_parity.py: 9 warnings
  /home/cryptorl/miniforge3/envs/freqtrade-rl/lib/python3.11/site-packages/pandas/io/feather_format.py:178: FutureWarning: pyarrow.feather.read_table is deprecated as of 24.0.0. Use pyarrow.ipc.open_file() / RecordBatchFileReader instead. Feather V2 is the Arrow IPC file format.
    pa_table = feather.read_table(

-- Docs: https://docs.pytest.org/en/stable/how-to/capture-warnings.html
============================= slowest 50 durations =============================
16.55s call     tests/freqai_rl_stage2_5_2/test_lifecycle_evidence.py::test_lifecycle_trace_evidence
4.46s call     tests/freqai_rl_stage2_5_2/test_live_freqtradebot_full_chain.py::test_scenario_12_restart_recovery
3.92s setup    tests/freqai_rl_stage2_5_2/test_live_freqtradebot_full_chain.py::test_scenario_1_first_full_history_start_flat_target_long
3.82s call     tests/freqai_rl_stage2_5_2/test_full_fill_parity.py::test_market_order_zero_slip_parity_rounds
3.68s setup    tests/freqai_rl_stage2_5_2/test_live_freqtradebot_full_chain.py::test_scenario_2_entry_open_zero_fill
3.58s setup    tests/freqai_rl_stage2_5_2/test_live_freqtradebot_full_chain.py::test_scenario_3_entry_partial_fill
3.45s setup    tests/freqai_rl_stage2_5_2/test_live_freqtradebot_full_chain.py::test_scenario_5_target_flips_to_exit
3.34s setup    tests/freqai_rl_stage2_5_2/test_live_freqtradebot_full_chain.py::test_scenario_4_entry_fully_filled
3.00s setup    tests/freqai_rl_stage2_5_2/test_live_freqtradebot_full_chain.py::test_scenario_6_exit_open_zero_fill
2.55s setup    tests/freqai_rl_stage2_5_2/test_live_freqtradebot_full_chain.py::test_scenario_11_reversal_cancel_pending_exit
2.26s setup    tests/freqai_rl_stage2_5_2/test_pending_target_reversal.py::test_after_partial_entry_cancel_next_heartbeat_exits
2.25s setup    tests/freqai_rl_stage2_5_2/test_live_freqtradebot_full_chain.py::test_scenario_10b_reversal_cancel_pending_entry_partial_fill
2.19s setup    tests/freqai_rl_stage2_5_2/test_live_freqtradebot_full_chain.py::test_do_predict_invalid_no_order_changes
1.63s setup    tests/freqai_rl_stage2_5_2/test_live_freqtradebot_full_chain.py::test_scenario_9_entry_expired_recovers_flat_then_reenter
1.59s setup    tests/freqai_rl_stage2_5_2/test_live_freqtradebot_full_chain.py::test_scenario_10_reversal_cancel_pending_entry_zero_fill
1.59s setup    tests/freqai_rl_stage2_5_2/test_live_freqtradebot_full_chain.py::test_scenario_8_exit_fully_filled
1.57s setup    tests/freqai_rl_stage2_5_2/test_live_freqtradebot_full_chain.py::test_scenario_9b_entry_rejected_at_creation
1.49s setup    tests/freqai_rl_stage2_5_2/test_pending_target_reversal.py::test_after_zero_fill_entry_cancel_next_heartbeat_flat
1.46s setup    tests/freqai_rl_stage2_5_2/test_live_freqtradebot_full_chain.py::test_full_chain_evidence
1.41s setup    tests/freqai_rl_stage2_5_2/test_pending_target_reversal.py::test_no_cancel_without_target_reversal
1.41s setup    tests/freqai_rl_stage2_5_2/test_live_freqtradebot_full_chain.py::test_scenario_7_exit_partial_fill
1.38s setup    tests/freqai_rl_stage2_5_2/test_pending_target_reversal.py::test_after_exit_cancel_next_heartbeat_re_exits
0.90s setup    tests/freqai_rl_stage2_5_2/test_execution_state_resolver.py::test_no_trades_is_flat
0.41s call     tests/freqai_rl_stage2_5_2/test_live_freqtradebot_full_chain.py::test_scenario_4_entry_fully_filled
0.34s call     tests/freqai_rl_stage2_5_2/test_live_freqtradebot_full_chain.py::test_scenario_10b_reversal_cancel_pending_entry_partial_fill
0.34s call     tests/freqai_rl_stage2_5_2/test_live_freqtradebot_full_chain.py::test_scenario_11_reversal_cancel_pending_exit
0.32s call     tests/freqai_rl_stage2_5_2/test_live_freqtradebot_full_chain.py::test_scenario_3_entry_partial_fill
0.31s call     tests/freqai_rl_stage2_5_2/test_pending_target_reversal.py::test_after_exit_cancel_next_heartbeat_re_exits
0.31s setup    tests/freqai_rl_stage2_5_2/test_cache_content_integrity.py::test_corrupt_feather_detected
0.30s call     tests/freqai_rl_stage2_5_2/test_live_freqtradebot_full_chain.py::test_full_chain_evidence
0.29s call     tests/freqai_rl_stage2_5_2/test_live_freqtradebot_full_chain.py::test_scenario_6_exit_open_zero_fill
0.29s call     tests/freqai_rl_stage2_5_2/test_live_freqtradebot_full_chain.py::test_scenario_5_target_flips_to_exit
0.26s call     tests/freqai_rl_stage2_5_2/test_pending_target_reversal.py::test_after_partial_entry_cancel_next_heartbeat_exits
0.25s call     tests/freqai_rl_stage2_5_2/test_live_freqtradebot_full_chain.py::test_scenario_8_exit_fully_filled
0.23s call     tests/freqai_rl_stage2_5_2/test_live_freqtradebot_full_chain.py::test_scenario_7_exit_partial_fill
0.18s call     tests/freqai_rl_stage2_5_2/test_live_freqtradebot_full_chain.py::test_scenario_9_entry_expired_recovers_flat_then_reenter
0.18s call     tests/freqai_rl_stage2_5_2/test_pending_target_reversal.py::test_no_cancel_without_target_reversal
0.18s call     tests/freqai_rl_stage2_5_2/test_pending_target_reversal.py::test_after_zero_fill_entry_cancel_next_heartbeat_flat
0.17s setup    tests/freqai_rl_stage2_5_2/test_cache_content_integrity.py::test_pristine_cache_is_complete
0.15s call     tests/freqai_rl_stage2_5_2/test_live_freqtradebot_full_chain.py::test_scenario_10_reversal_cancel_pending_entry_zero_fill
0.15s call     tests/freqai_rl_stage2_5_2/test_live_freqtradebot_full_chain.py::test_scenario_2_entry_open_zero_fill
0.13s call     tests/freqai_rl_stage2_5_2/test_live_freqtradebot_full_chain.py::test_scenario_1_first_full_history_start_flat_target_long
0.10s call     tests/freqai_rl_stage2_5_2/test_live_freqtradebot_full_chain.py::test_do_predict_invalid_no_order_changes
0.06s call     tests/freqai_rl_stage2_5_2/test_cache_content_integrity.py::test_cache_integrity_evidence
0.03s call     tests/freqai_rl_stage2_5_2/test_live_latest_row_only.py::test_live_latest_row_trace_evidence
0.03s call     tests/freqai_rl_stage2_5_2/test_execution_state_resolver.py::test_execution_state_matrix_evidence
0.02s setup    tests/freqai_rl_stage2_5_2/test_cache_content_integrity.py::test_swapped_windows_detected
0.02s call     tests/freqai_rl_stage2_5_2/test_cache_content_integrity.py::test_enforce_fail_closed_then_repair
0.01s call     tests/freqai_rl_stage2_5_2/test_execution_state_resolver.py::test_restart_recovery_from_database
0.01s setup    tests/freqai_rl_stage2_5_2/test_cache_content_integrity.py::test_fingerprint_mismatch_is_inconsistent
78 passed, 153 warnings in 75.80s (0:01:15)

===== tests/freqai_rl_stage2_5_2a (exit=0, 2026-08-29T06:48:27+00:00 ~ 2026-08-29T06:48:51+00:00, 24.4s) =====
........................................................................ [ 88%]
.........                                                                [100%]
=============================== warnings summary ===============================
tests/freqai_rl_stage2_5_2a/test_cache_manifest_failure_is_fatal.py: 13 warnings
tests/freqai_rl_stage2_5_2a/test_market_order_freqtrade_parity.py: 16 warnings
tests/freqai_rl_stage2_5_2a/test_real_freqai_start_live_chain.py: 4 warnings
  /home/cryptorl/miniforge3/envs/freqtrade-rl/lib/python3.11/site-packages/pandas/io/feather_format.py:77: FutureWarning: pyarrow.feather.write_feather is deprecated as of 24.0.0. Use pyarrow.ipc.new_file() / RecordBatchFileWriter instead. Feather V2 is the Arrow IPC file format.
    feather.write_feather(df, handles.handle, **kwargs)

tests/freqai_rl_stage2_5_2a/test_cache_manifest_failure_is_fatal.py: 33 warnings
tests/freqai_rl_stage2_5_2a/test_market_order_freqtrade_parity.py: 12 warnings
tests/freqai_rl_stage2_5_2a/test_real_freqai_start_live_chain.py: 3 warnings
  /home/cryptorl/miniforge3/envs/freqtrade-rl/lib/python3.11/site-packages/pandas/io/feather_format.py:178: FutureWarning: pyarrow.feather.read_table is deprecated as of 24.0.0. Use pyarrow.ipc.open_file() / RecordBatchFileReader instead. Feather V2 is the Arrow IPC file format.
    pa_table = feather.read_table(

tests/freqai_rl_stage2_5_2a/test_real_freqai_start_live_chain.py::test_first_heartbeat_full_chain
tests/freqai_rl_stage2_5_2a/test_real_freqai_start_live_chain.py::test_process_recreate_loads_model
tests/freqai_rl_stage2_5_2a/test_real_freqai_start_live_chain.py::test_inconsistent_fail_closed_full_chain
  /home/cryptorl/miniforge3/envs/freqtrade-rl/lib/python3.11/site-packages/stable_baselines3/common/on_policy_algorithm.py:150: UserWarning: You are trying to run PPO on the GPU, but it is primarily intended to run on the CPU when not using a CNN policy (you are using ActorCriticPolicy which should be a MlpPolicy). See https://github.com/DLR-RM/stable-baselines3/issues/1245 for more info. You can pass `device='cpu'` or `export CUDA_VISIBLE_DEVICES=` to force using the CPU.Note: The model will train, but the GPU utilization will be poor and the training might take longer than on CPU.
    warnings.warn(

-- Docs: https://docs.pytest.org/en/stable/how-to/capture-warnings.html
============================= slowest 50 durations =============================
5.88s setup    tests/freqai_rl_stage2_5_2a/test_real_freqai_start_live_chain.py::test_first_heartbeat_full_chain
3.62s call     tests/freqai_rl_stage2_5_2a/test_real_freqai_start_live_chain.py::test_process_recreate_loads_model
3.56s call     tests/freqai_rl_stage2_5_2a/test_real_freqai_start_live_chain.py::test_inconsistent_fail_closed_full_chain
2.00s call     tests/freqai_rl_stage2_5_2a/test_real_freqai_start_live_chain.py::test_first_heartbeat_full_chain
1.79s call     tests/freqai_rl_stage2_5_2a/test_amount_epsilon_consistency.py::test_epsilon_single_source_everywhere[0.001]
1.55s call     tests/freqai_rl_stage2_5_2a/test_market_order_freqtrade_parity.py::test_market_order_zero_slippage_parity
0.57s call     tests/freqai_rl_stage2_5_2a/test_real_freqai_start_live_chain.py::test_lifecycle_to_fill_and_recovery
0.26s teardown tests/freqai_rl_stage2_5_2a/test_real_freqai_start_live_chain.py::test_no_api_keys_and_fake_only_exchange
0.05s call     tests/freqai_rl_stage2_5_2a/test_terminal_reward_telescoping.py::test_telescoping_random_prices_and_actions
0.03s call     tests/freqai_rl_stage2_5_2a/test_terminal_liquidation_cost.py::test_no_free_ride_at_random_horizon
0.03s call     tests/freqai_rl_stage2_5_2a/test_cache_manifest_failure_is_fatal.py::test_normal_success_path
0.02s call     tests/freqai_rl_stage2_5_2a/test_future_high_low_invariance.py::test_invariance_evidence_file
0.02s call     tests/freqai_rl_stage2_5_2a/test_amount_epsilon_consistency.py::test_epsilon_single_source_everywhere[1e-08]
0.02s call     tests/freqai_rl_stage2_5_2a/test_cache_manifest_failure_is_fatal.py::test_manifest_modified_after_write_detected
0.02s call     tests/freqai_rl_stage2_5_2a/test_amount_epsilon_consistency.py::test_epsilon_single_source_everywhere[1e-12]
0.02s call     tests/freqai_rl_stage2_5_2a/test_amount_epsilon_consistency.py::test_boundary_exposure_state_changes_with_epsilon
0.02s call     tests/freqai_rl_stage2_5_2a/test_market_execution_causality.py::test_scripted_targets_zero_slippage_depends_only_on_open
0.01s setup    tests/freqai_rl_stage2_5_2a/test_cache_manifest_failure_is_fatal.py::test_build_manifest_exception_is_fatal
0.01s call     tests/freqai_rl_stage2_5_2a/test_amount_epsilon_consistency.py::test_default_epsilon_unchanged
0.01s call     tests/freqai_rl_stage2_5_2a/test_cache_manifest_failure_is_fatal.py::test_manifest_write_failure_is_fatal
0.01s call     tests/freqai_rl_stage2_5_2a/test_cache_manifest_failure_is_fatal.py::test_self_check_inconsistent_is_fatal
0.01s call     tests/freqai_rl_stage2_5_2a/test_market_execution_causality.py::test_rounding_never_improves_price
0.01s call     tests/freqai_rl_stage2_5_2a/test_partial_fill_base_fee.py::test_consistent_with_upstream_recalc_for_closed_orders
0.01s setup    tests/freqai_rl_stage2_5_2a/test_cache_manifest_failure_is_fatal.py::test_normal_success_path
0.01s call     tests/freqai_rl_stage2_5_2a/test_terminal_liquidation_cost.py::test_terminal_equity_monotone_in_slippage
0.01s call     tests/freqai_rl_stage2_5_2a/test_future_high_low_invariance.py::test_high_low_invariance[5.0-0.01-shuffled]
0.01s setup    tests/freqai_rl_stage2_5_2a/test_cache_manifest_failure_is_fatal.py::test_quarantined_cache_not_reused_next_run
0.01s call     tests/freqai_rl_stage2_5_2a/test_future_high_low_invariance.py::test_high_low_invariance[0.0-0.01-shuffled]
0.01s setup    tests/freqai_rl_stage2_5_2a/test_cache_manifest_failure_is_fatal.py::test_manifest_modified_after_write_detected
0.01s call     tests/freqai_rl_stage2_5_2a/test_future_high_low_invariance.py::test_high_low_invariance[5.0-0.0-shuffled]
0.01s setup    tests/freqai_rl_stage2_5_2a/test_cache_manifest_failure_is_fatal.py::test_manifest_write_failure_is_fatal
0.01s setup    tests/freqai_rl_stage2_5_2a/test_cache_manifest_failure_is_fatal.py::test_self_check_inconsistent_is_fatal
0.01s call     tests/freqai_rl_stage2_5_2a/test_simulated_slippage_monotonicity.py::test_slippage_formula_and_monotone_cost
0.01s call     tests/freqai_rl_stage2_5_2a/test_future_high_low_invariance.py::test_legacy_mode_is_high_low_sensitive

(16 durations < 0.005s hidden.  Use -vv to show these durations.)
81 passed, 84 warnings in 21.64s

===== tests/route_c_stage2_6_0 (exit=0, 2026-08-29T06:48:51+00:00 ~ 2026-08-29T06:54:52+00:00, 365.0s) =====
........................................................................ [ 39%]
........................................................................ [ 79%]
......................................                                   [100%]
=============================== warnings summary ===============================
tests/route_c_stage2_6_0/test_missing_prediction_dir_is_fatal.py::test_missing_predictions_dir_is_fatal
tests/route_c_stage2_6_0/test_missing_prediction_dir_is_fatal.py::test_missing_predictions_dir_is_fatal
tests/route_c_stage2_6_0/test_missing_prediction_dir_is_fatal.py::test_freqtrade_nonzero_still_reports_own_code
tests/route_c_stage2_6_0/test_missing_prediction_dir_is_fatal.py::test_freqtrade_nonzero_still_reports_own_code
tests/route_c_stage2_6_0/test_missing_prediction_dir_is_fatal.py::test_manifest_records_exit_code_and_missing_dir
tests/route_c_stage2_6_0/test_missing_prediction_dir_is_fatal.py::test_manifest_records_exit_code_and_missing_dir
  /home/cryptorl/miniforge3/envs/freqtrade-rl/lib/python3.11/site-packages/pandas/io/feather_format.py:178: FutureWarning: pyarrow.feather.read_table is deprecated as of 24.0.0. Use pyarrow.ipc.open_file() / RecordBatchFileReader instead. Feather V2 is the Arrow IPC file format.
    pa_table = feather.read_table(

-- Docs: https://docs.pytest.org/en/stable/how-to/capture-warnings.html
============================= slowest 50 durations =============================
57.50s call     tests/route_c_stage2_6_0/test_hidden_exam_redaction.py::test_attempt_recorded_idempotent
35.67s call     tests/route_c_stage2_6_0/test_exam_retirement.py::test_detailed_disclosure_retires_pack
35.54s call     tests/route_c_stage2_6_0/test_exam_retirement.py::test_retired_pack_rejected_on_reuse
34.80s call     tests/route_c_stage2_6_0/test_hidden_exam_redaction.py::test_sealed_output_minimal
34.66s call     tests/route_c_stage2_6_0/test_exam_retirement.py::test_aggregate_only_does_not_retire
34.65s call     tests/route_c_stage2_6_0/test_hidden_exam_redaction.py::test_sealed_status_from_frozen_verdict
34.36s call     tests/route_c_stage2_6_0/test_hidden_exam_redaction.py::test_detailed_only_after_retirement
9.59s setup    tests/route_c_stage2_6_0/test_exam_retirement.py::test_detailed_disclosure_retires_pack
9.06s setup    tests/route_c_stage2_6_0/test_hidden_exam_redaction.py::test_attempt_recorded_idempotent
9.02s setup    tests/route_c_stage2_6_0/test_hidden_exam_redaction.py::test_dev_mode_requires_public_pack
8.92s setup    tests/route_c_stage2_6_0/test_hidden_exam_redaction.py::test_detailed_only_after_retirement
8.89s setup    tests/route_c_stage2_6_0/test_exam_retirement.py::test_aggregate_only_does_not_retire
8.82s setup    tests/route_c_stage2_6_0/test_hidden_exam_redaction.py::test_sealed_output_minimal
8.81s setup    tests/route_c_stage2_6_0/test_hidden_exam_redaction.py::test_unknown_policy_rejected
8.76s setup    tests/route_c_stage2_6_0/test_exam_retirement.py::test_retired_pack_rejected_on_reuse
8.73s setup    tests/route_c_stage2_6_0/test_hidden_exam_redaction.py::test_sealed_status_from_frozen_verdict
2.97s setup    tests/route_c_stage2_6_0/test_checkpoint_compatibility_guard.py::test_guard_accepts_matching_checkpoint
1.34s call     tests/route_c_stage2_6_0/test_baseline_ordering.py::test_oracle_beats_rule_and_trivial
0.71s call     tests/route_c_stage2_6_0/test_cheater_detection.py::test_null_overtrader_is_fail_not_cheating
0.55s call     tests/route_c_stage2_6_0/test_cheater_detection.py::test_periodic_cheater_detected
0.51s call     tests/route_c_stage2_6_0/test_cheater_detection.py::test_absolute_price_cheater_detected
0.48s call     tests/route_c_stage2_6_0/test_cheater_detection.py::test_step_counter_cheater_detected
0.48s call     tests/route_c_stage2_6_0/test_null_control.py::test_oracle_loses_advantage_in_all_null_families
0.44s call     tests/route_c_stage2_6_0/test_baseline_ordering.py::test_rule_beats_greedy_and_high_turnover
0.39s call     tests/route_c_stage2_6_0/test_null_control.py::test_rule_no_stable_excess_across_null_families
0.37s call     tests/route_c_stage2_6_0/test_null_control.py::test_high_turnover_baseline_loses_in_null
0.36s call     tests/route_c_stage2_6_0/test_null_control.py::test_always_flat_strong_baseline_in_null
0.33s call     tests/route_c_stage2_6_0/test_baseline_ordering.py::test_always_flat_not_top
0.29s call     tests/route_c_stage2_6_0/test_evaluator_determinism.py::test_repeat_evaluation_identical
0.27s call     tests/route_c_stage2_6_0/test_cheater_detection.py::test_future_leak_probe_detected
0.22s call     tests/route_c_stage2_6_0/test_common_prefix_invariance.py::test_future_leak_probe_detected
0.19s call     tests/route_c_stage2_6_0/test_baseline_ordering.py::test_null_family_flat_is_strong
0.18s call     tests/route_c_stage2_6_0/test_evaluator_determinism.py::test_input_order_independent
0.18s call     tests/route_c_stage2_6_0/test_generalization_grade.py::test_real_rule_policy_grade
0.15s call     tests/route_c_stage2_6_0/test_generator_family_holdout.py::test_family_holdout_positive
0.14s call     tests/route_c_stage2_6_0/test_baseline_ordering.py::test_always_long_not_passing_everywhere
0.13s call     tests/route_c_stage2_6_0/test_signal_ablation.py::test_trend_mirror_direction_capture
0.13s call     tests/route_c_stage2_6_0/test_generator_determinism.py::test_same_seed_same_episode_all_generators
0.12s call     tests/route_c_stage2_6_0/test_generator_family_holdout.py::test_parameter_extrapolation_positive
0.12s call     tests/route_c_stage2_6_0/test_null_control.py::test_overtrader_fees_loss_high_turnover_in_null
0.11s call     tests/route_c_stage2_6_0/test_episode_length_invariance.py::test_regime_shuffle_keeps_market_responsive
0.11s call     tests/route_c_stage2_6_0/test_signal_ablation.py::test_oracle_mirror_capture
0.11s call     tests/route_c_stage2_6_0/test_missing_prediction_dir_is_fatal.py::test_missing_predictions_dir_is_fatal
0.10s call     tests/route_c_stage2_6_0/test_signal_ablation.py::test_signal_ablation_drops_advantage
0.10s call     tests/route_c_stage2_6_0/test_generalization_grade.py::test_transfer_conclusions
0.09s call     tests/route_c_stage2_6_0/test_signal_ablation.py::test_nuisance_shuffle_no_improvement
0.09s call     tests/route_c_stage2_6_0/test_signal_ablation.py::test_nuisance_injection_no_improvement
0.08s call     tests/route_c_stage2_6_0/test_episode_length_invariance.py::test_oracle_length_invariant
0.08s call     tests/route_c_stage2_6_0/test_signal_ablation.py::test_trend_mirror_flags_uninformed_policy
0.08s call     tests/route_c_stage2_6_0/test_episode_length_invariance.py::test_time_shift_invariant_for_market_policies
182 passed, 6 warnings in 362.70s (0:06:02)

===== tests/route_c_stage2_6_0a (exit=0, 2026-08-29T06:48:59+00:00 ~ 2026-08-29T06:57:45+00:00, 534.1s) =====
........................................................................ [ 42%]
........................................................................ [ 85%]
.........................                                                [100%]
============================= slowest 50 durations =============================
85.90s call     tests/route_c_stage2_6_0a/test_sealed_pack_commitment.py::test_fee_tamper_rejected
35.83s call     tests/route_c_stage2_6_0a/test_pack_hash_mismatch_is_invalid.py::test_retired_pack_invalid
26.41s setup    tests/route_c_stage2_6_0a/test_spec_version_mismatch_is_invalid.py::test_spec_versions_tamper_rejected_at_cli_level
20.46s setup    tests/route_c_stage2_6_0a/test_pack_hash_mismatch_is_invalid.py::test_retired_pack_invalid
13.75s setup    tests/route_c_stage2_6_0a/test_verdict_hash_binding.py::test_verdict_hash_binding
10.37s setup    tests/route_c_stage2_6_0a/test_verdict_hash_binding.py::test_changed_threshold_rejected_unit
9.88s setup    tests/route_c_stage2_6_0a/test_spec_version_mismatch_is_invalid.py::test_missing_spec_version_rejected
9.57s call     tests/route_c_stage2_6_0a/test_checkpoint_charter_binding.py::test_no_charter_checkpoint_rejected
9.47s call     tests/route_c_stage2_6_0a/test_sealed_pack_commitment.py::test_unbound_family_rejected
9.30s call     tests/route_c_stage2_6_0a/test_checkpoint_charter_binding.py::test_wrong_charter_checkpoint_rejected
9.14s setup    tests/route_c_stage2_6_0a/test_generator_code_hash_binding.py::test_family_not_resolved_by_string_alone
9.13s call     tests/route_c_stage2_6_0a/test_checkpoint_observation_binding.py::test_observation_hash_mismatch_rejected
8.99s call     tests/route_c_stage2_6_0a/test_formal_checkpoint_required.py::test_legacy_checkpoint_rejected
8.96s setup    tests/route_c_stage2_6_0a/test_generator_code_hash_binding.py::test_generator_code_tamper_rejected_cli
8.95s setup    tests/route_c_stage2_6_0a/test_verdict_hash_binding.py::test_verdict_hash_tamper_rejected_cli
8.94s setup    tests/route_c_stage2_6_0a/test_verdict_hash_binding.py::test_missing_required_counterfactual_list_rejected
8.93s setup    tests/route_c_stage2_6_0a/test_evaluator_code_hash_binding.py::test_evaluator_hash_tamper_rejected_unit
8.89s call     tests/route_c_stage2_6_0a/test_formal_checkpoint_required.py::test_charter_only_sidecar_rejected
8.86s call     tests/route_c_stage2_6_0a/test_checkpoint_observation_binding.py::test_window_size_mismatch_rejected
8.85s setup    tests/route_c_stage2_6_0a/test_pack_hash_mismatch_is_invalid.py::test_pack_modification_after_commitment_is_invalid
8.81s setup    tests/route_c_stage2_6_0a/test_checkpoint_charter_binding.py::test_committed_checkpoint_sha_pinned
8.80s setup    tests/route_c_stage2_6_0a/test_generator_code_hash_binding.py::test_generator_code_tamper_rejected_unit
8.80s setup    tests/route_c_stage2_6_0a/test_checkpoint_observation_binding.py::test_scaling_pipeline_mismatch_rejected
8.72s setup    tests/route_c_stage2_6_0a/test_evaluator_code_hash_binding.py::test_evaluator_hash_tamper_rejected_cli
8.71s call     tests/route_c_stage2_6_0a/test_checkpoint_observation_binding.py::test_scaling_pipeline_mismatch_rejected
8.71s call     tests/route_c_stage2_6_0a/test_formal_checkpoint_required.py::test_v1_sidecar_from_2_6_0_rejected
8.68s setup    tests/route_c_stage2_6_0a/test_pack_hash_mismatch_is_invalid.py::test_integrity_failure_records_no_partial_scores
8.67s setup    tests/route_c_stage2_6_0a/test_eval_config_override_rejected.py::test_fee_override_rejected
8.61s setup    tests/route_c_stage2_6_0a/test_eval_config_override_rejected.py::test_slippage_and_window_overrides_rejected
8.60s setup    tests/route_c_stage2_6_0a/test_checkpoint_observation_binding.py::test_window_size_mismatch_rejected
8.58s setup    tests/route_c_stage2_6_0a/test_formal_checkpoint_required.py::test_legacy_checkpoint_rejected
8.53s setup    tests/route_c_stage2_6_0a/test_checkpoint_charter_binding.py::test_wrong_charter_checkpoint_rejected
8.44s setup    tests/route_c_stage2_6_0a/test_spec_version_mismatch_is_invalid.py::test_spec_versions_tamper_rejected_at_unit_level
8.41s setup    tests/route_c_stage2_6_0a/test_formal_checkpoint_required.py::test_charter_only_sidecar_rejected
8.32s call     tests/route_c_stage2_6_0a/test_sealed_pack_commitment.py::test_valid_commitment_verifies
8.27s setup    tests/route_c_stage2_6_0a/test_evaluator_code_hash_binding.py::test_evaluator_hash_binding
8.21s setup    tests/route_c_stage2_6_0a/test_checkpoint_observation_binding.py::test_observation_hash_mismatch_rejected
8.17s setup    tests/route_c_stage2_6_0a/test_eval_config_override_rejected.py::test_sealed_manifest_required
8.07s setup    tests/route_c_stage2_6_0a/test_formal_checkpoint_required.py::test_v1_sidecar_from_2_6_0_rejected
8.02s setup    tests/route_c_stage2_6_0a/test_checkpoint_charter_binding.py::test_no_charter_checkpoint_rejected
3.39s call     tests/route_c_stage2_6_0a/test_candidate_subprocess_redaction.py::test_sandboxed_candidate_acts_on_observation_only
3.12s call     tests/route_c_stage2_6_0a/test_candidate_subprocess_redaction.py::test_sandboxed_candidate_error_is_redacted
2.90s call     tests/route_c_stage2_6_0a/test_spec_version_mismatch_is_invalid.py::test_spec_versions_tamper_rejected_at_cli_level
2.86s setup    tests/route_c_stage2_6_0a/test_candidate_subprocess_redaction.py::test_sandboxed_candidate_acts_on_observation_only
1.53s call     tests/route_c_stage2_6_0a/test_sealed_pack_commitment.py::test_generator_implementation_tamper_rejected
1.49s call     tests/route_c_stage2_6_0a/test_sb3_fixed_shape_counterfactuals.py::test_sb3_runs_all_g4_exams
1.25s call     tests/route_c_stage2_6_0a/test_generator_code_hash_binding.py::test_generator_code_tamper_rejected_cli
1.21s call     tests/route_c_stage2_6_0a/test_sealed_pack_commitment.py::test_missing_sandbox_profile_rejected
1.20s call     tests/route_c_stage2_6_0a/test_sealed_pack_commitment.py::test_commitment_hash_stable_and_json_roundtrip
1.17s call     tests/route_c_stage2_6_0a/test_evaluator_code_hash_binding.py::test_evaluator_hash_tamper_rejected_cli
169 passed in 532.05s (0:08:52)

===== tests/route_c_stage2_6_0b (exit=0, 2026-08-29T06:54:52+00:00 ~ 2026-08-29T06:59:13+00:00, 265.3s) =====
........................................................................ [ 45%]
........................................................................ [ 90%]
...............                                                          [100%]
=============================== warnings summary ===============================
tests/route_c_stage2_6_0b/test_duration_hours_materializes_rows.py::test_date_axis_spacing_matches_timeframe[15m-48.0-192]
tests/route_c_stage2_6_0b/test_duration_hours_materializes_rows.py::test_date_axis_spacing_matches_timeframe[5m-48.0-576]
tests/route_c_stage2_6_0b/test_duration_hours_materializes_rows.py::test_date_axis_spacing_matches_timeframe[1h-48.0-48]
  /home/cryptorl/projects/crypto_rl/tests/route_c_stage2_6_0b/test_duration_hours_materializes_rows.py:39: UserWarning: The 'unit' keyword is only used when the Timedelta input is an integer or float, not object. To specify the storage unit of the output use `td.as_unit(unit)`
    assert pd.Timedelta(deltas[0]) == pd.Timedelta(minutes=minutes, unit="m")

-- Docs: https://docs.pytest.org/en/stable/how-to/capture-warnings.html
============================= slowest 50 durations =============================
114.11s call     tests/route_c_stage2_6_0b/test_mock_sealed_exam_v3.py::test_tampered_eval_config_is_exam_invalid
40.79s call     tests/route_c_stage2_6_0b/test_mock_sealed_exam_v3.py::test_mock_sealed_exam_v3_full_pipeline
19.62s call     tests/route_c_stage2_6_0b/test_counterfactual_actual_replication_count.py::test_run_counterfactual_suite_returns_actual_replication_counts
15.73s call     tests/route_c_stage2_6_0b/test_sandbox_profile_binding.py::test_v1_commitment_rejected_with_explicit_version_error
12.44s call     tests/route_c_stage2_6_0b/test_mock_sealed_exam_v3.py::test_idempotent_retry_returns_same_attempt
12.10s call     tests/route_c_stage2_6_0b/test_mock_sealed_exam_v3.py::test_missing_attestation_is_exam_invalid
11.99s call     tests/route_c_stage2_6_0b/test_mock_sealed_exam_v3.py::test_tampered_checkpoint_is_exam_invalid
11.32s setup    tests/route_c_stage2_6_0b/test_counterfactual_actual_replication_count.py::test_run_counterfactual_suite_returns_actual_replication_counts
4.72s call     tests/route_c_stage2_6_0b/test_mock_sealed_exam_v3.py::test_tampered_pack_is_exam_invalid
3.56s call     tests/route_c_stage2_6_0b/test_formal_cli_has_no_inprocess_bypass.py::test_dev_mode_marks_formal_conclusion_false
3.42s call     tests/route_c_stage2_6_0b/test_invalid_null_rejected.py::test_predictable_pseudo_null_rejected
3.02s call     tests/route_c_stage2_6_0b/test_sandbox_output_protocol_limit.py::test_sandboxed_candidate_happy_path
1.76s call     tests/route_c_stage2_6_0b/test_invalid_null_rejected.py::test_drifting_pseudo_null_rejected
0.77s call     tests/route_c_stage2_6_0b/test_sandbox_resource_limits.py::test_memory_limit_enforced
0.51s call     tests/route_c_stage2_6_0b/test_sandbox_output_protocol_limit.py::test_response_timeout_fails_closed
0.47s call     tests/route_c_stage2_6_0b/test_formal_cli_has_no_inprocess_bypass.py::test_sealed_mode_without_manifest_exits_2
0.44s call     tests/route_c_stage2_6_0b/test_formal_cli_has_no_inprocess_bypass.py::test_no_subprocess_flag_is_rejected_by_argparse
0.25s call     tests/route_c_stage2_6_0b/test_sandbox_profile_binding.py::test_commitment_rejects_profile_mismatch
0.24s call     tests/route_c_stage2_6_0b/test_sandbox_resource_limits.py::test_file_size_limit_enforced
0.22s call     tests/route_c_stage2_6_0b/test_sandbox_resource_limits.py::test_rlimits_applied_inside_sandbox
0.20s call     tests/route_c_stage2_6_0b/test_sandbox_resource_limits.py::test_nproc_limit_blocks_subprocess_explosion
0.19s call     tests/route_c_stage2_6_0b/test_sandbox_resource_limits.py::test_custom_profile_rlimits
0.17s call     tests/route_c_stage2_6_0b/test_sandbox_readonly_checkpoint.py::test_checkpoint_append_truncate_remove_chmod_denied
0.17s call     tests/route_c_stage2_6_0b/test_sandbox_readonly_checkpoint.py::test_checkpoint_sha_unchanged_after_sandbox_run
0.16s call     tests/route_c_stage2_6_0b/test_sandbox_network_denial.py::test_netns_has_no_external_routes
0.15s call     tests/route_c_stage2_6_0b/test_sandbox_readonly_checkpoint.py::test_checkpoint_write_via_mountinfo_denied
0.11s call     tests/route_c_stage2_6_0b/test_sandbox_profile_binding.py::test_commitment_requires_profile
0.10s call     tests/route_c_stage2_6_0b/test_invalid_null_rejected.py::test_implementation_change_invalidates_qualification
0.09s call     tests/route_c_stage2_6_0b/test_generator_actual_implementation_hash.py::test_verify_rejects_tampered_implementation
0.09s call     tests/route_c_stage2_6_0b/test_single_seed_failure_not_cheating.py::test_two_seeds_failing_still_not_cheating_with_min_three
0.09s call     tests/route_c_stage2_6_0b/test_single_seed_failure_not_cheating.py::test_single_seed_failure_not_cheating
0.09s call     tests/route_c_stage2_6_0b/test_sandbox_network_denial.py::test_loopback_connect_denied
0.09s call     tests/route_c_stage2_6_0b/test_single_seed_failure_not_cheating.py::test_diagnostic_insufficient_evidence_not_cheating
0.09s call     tests/route_c_stage2_6_0b/test_sandbox_filesystem_denial.py::test_scratch_writable_but_not_others
0.09s call     tests/route_c_stage2_6_0b/test_single_seed_failure_not_cheating.py::test_no_effective_score_not_cheating
0.08s call     tests/route_c_stage2_6_0b/test_sandbox_parent_proc_denial.py::test_worker_env_is_scrubbed
0.08s call     tests/route_c_stage2_6_0b/test_sandbox_hidden_pack_denial.py::test_hidden_pack_content_unreadable
0.08s call     tests/route_c_stage2_6_0b/test_sandbox_parent_proc_denial.py::test_parent_cmdline_and_environ_unreachable
0.08s call     tests/route_c_stage2_6_0b/test_sandbox_parent_proc_denial.py::test_inherited_fds_beyond_stdio_closed
0.08s call     tests/route_c_stage2_6_0b/test_sandbox_network_denial.py::test_external_connect_denied
0.08s call     tests/route_c_stage2_6_0b/test_sandbox_network_denial.py::test_dns_resolution_fails
0.08s call     tests/route_c_stage2_6_0b/test_sandbox_parent_proc_denial.py::test_proc_shows_only_sandbox_processes
0.08s call     tests/route_c_stage2_6_0b/test_sandbox_hidden_pack_denial.py::test_mountinfo_does_not_leak_eval_paths
0.08s call     tests/route_c_stage2_6_0b/test_sandbox_filesystem_denial.py::test_eval_workspace_sentinel_unreadable
0.08s call     tests/route_c_stage2_6_0b/test_sandbox_hidden_pack_denial.py::test_attempt_registry_and_eval_logs_denied
0.08s call     tests/route_c_stage2_6_0b/test_sandbox_filesystem_denial.py::test_real_tmp_other_files_denied
0.08s call     tests/route_c_stage2_6_0b/test_nuisance_bidirectional_equivalence.py::test_rule_trend_ignoring_nuisance_passes_both_modes
0.08s call     tests/route_c_stage2_6_0b/test_sandbox_filesystem_denial.py::test_project_root_not_listable
0.07s call     tests/route_c_stage2_6_0b/test_counterfactual_actual_replication_count.py::test_pack_total_not_used_as_replication
0.07s call     tests/route_c_stage2_6_0b/test_counterfactual_actual_replication_count.py::test_replication_counts_come_from_actual_records
159 passed, 3 warnings in 262.46s (0:04:22)

===== tests/route_c_stage2_6_0c (exit=0, 2026-08-29T06:57:45+00:00 ~ 2026-08-29T07:02:41+00:00, 297.8s) =====
........................................................................ [ 86%]
...........                                                              [100%]
============================= slowest 50 durations =============================
62.81s call     tests/route_c_stage2_6_0c/test_issuer_trust_root_closure.py::test_context_without_issuer_copy_uses_commitment_root
46.23s call     tests/route_c_stage2_6_0c/test_mock_sealed_exam_v4.py::test_mock_sealed_exam_v4_full_pipeline
38.96s call     tests/route_c_stage2_6_0c/test_mock_sealed_exam_v4.py::test_detailed_disclosure_retires_and_records
38.57s call     tests/route_c_stage2_6_0c/test_mock_sealed_exam_v4.py::test_attempts_registry_records_outcome
36.67s call     tests/route_c_stage2_6_0c/test_mock_sealed_exam_v4.py::test_v4_flow_without_issuer_copy
19.26s call     tests/route_c_stage2_6_0c/test_anticheat_replication_closure.py::test_full_pack_four_reasons_meet_frozen_seed_threshold
9.91s call     tests/route_c_stage2_6_0c/test_issuer_trust_root_closure.py::test_commitment_runner_hash_modified_rejected
9.64s call     tests/route_c_stage2_6_0c/test_issuer_trust_root_closure.py::test_context_issuer_override_attack_end_to_end
9.22s call     tests/route_c_stage2_6_0c/test_mock_sealed_exam_v4.py::test_v4_flow_attestation_signed_by_wrong_key
9.17s setup    tests/route_c_stage2_6_0c/test_anticheat_replication_closure.py::test_required_seed_count_comes_from_frozen_spec
3.38s call     tests/route_c_stage2_6_0c/test_anticheat_replication_closure.py::test_pack_seed_insufficient_is_exam_invalid
2.59s setup    tests/route_c_stage2_6_0c/test_anticheat_replication_closure.py::test_full_pack_four_reasons_meet_frozen_seed_threshold
1.59s call     tests/route_c_stage2_6_0c/test_anticheat_replication_closure.py::test_three_seed_cheater_reaches_suspected_cheating[absolute_price-<lambda>]
1.27s call     tests/route_c_stage2_6_0c/test_anticheat_replication_closure.py::test_three_seed_cheater_reaches_suspected_cheating[episode_position-<lambda>]
1.24s call     tests/route_c_stage2_6_0c/test_anticheat_replication_closure.py::test_three_seed_cheater_reaches_suspected_cheating[periodic_pattern-<lambda>]
1.22s call     tests/route_c_stage2_6_0c/test_anticheat_replication_closure.py::test_periodic_aligned_scenario_uses_regime_order_exam
1.12s call     tests/route_c_stage2_6_0c/test_mock_sealed_exam_v4.py::test_runtime_tamper_between_commitment_and_run
0.63s call     tests/route_c_stage2_6_0c/test_anticheat_replication_closure.py::test_no_tautological_assertions_in_tests
0.28s call     tests/route_c_stage2_6_0c/test_null_qualification_binding.py::test_null_generator_change_invalidates_old_report
0.25s call     tests/route_c_stage2_6_0c/test_null_qualification_binding.py::test_wrong_family_version_rejected
0.11s call     tests/route_c_stage2_6_0c/test_candidate_runtime_binding.py::test_runtime_tamper_fails_sealed_verification
0.08s call     tests/route_c_stage2_6_0c/test_anticheat_replication_closure.py::test_multiple_cuts_same_seed_counted_once
0.07s call     tests/route_c_stage2_6_0c/test_anticheat_replication_closure.py::test_price_scale_variants_aggregate_within_seed
0.07s call     tests/route_c_stage2_6_0c/test_anticheat_replication_closure.py::test_per_seed_worst_variant_aggregation_is_auditable
0.07s call     tests/route_c_stage2_6_0c/test_null_qualification_binding.py::test_report_pass_false_rejected
0.07s call     tests/route_c_stage2_6_0c/test_anticheat_replication_closure.py::test_two_failing_seeds_never_suspected_cheating
0.07s call     tests/route_c_stage2_6_0c/test_null_qualification_binding.py::test_wrong_family_rejected
0.06s call     tests/route_c_stage2_6_0c/test_null_qualification_binding.py::test_timeframe_mismatch_rejected
0.06s call     tests/route_c_stage2_6_0c/test_null_qualification_binding.py::test_missing_required_check_rejected
0.06s call     tests/route_c_stage2_6_0c/test_null_qualification_binding.py::test_fee_mismatch_rejected
0.05s call     tests/route_c_stage2_6_0c/test_null_qualification_binding.py::test_valid_bindings_verify
0.05s call     tests/route_c_stage2_6_0c/test_null_qualification_binding.py::test_missing_family_binding_rejected
0.05s call     tests/route_c_stage2_6_0c/test_null_qualification_binding.py::test_binding_with_pass_but_no_report_rejected
0.05s call     tests/route_c_stage2_6_0c/test_null_qualification_binding.py::test_false_required_check_rejected
0.05s call     tests/route_c_stage2_6_0c/test_null_qualification_binding.py::test_missing_report_field_rejected
0.05s call     tests/route_c_stage2_6_0c/test_null_qualification_binding.py::test_unrecognized_report_fields_rejected
0.05s call     tests/route_c_stage2_6_0c/test_null_qualification_binding.py::test_generator_implementation_mismatch_rejected
0.05s call     tests/route_c_stage2_6_0c/test_null_qualification_binding.py::test_bool_only_binding_rejected
0.05s call     tests/route_c_stage2_6_0c/test_null_qualification_binding.py::test_report_payload_tampered_rejected
0.05s call     tests/route_c_stage2_6_0c/test_null_qualification_binding.py::test_seed_distinct_inconsistency_rejected
0.05s call     tests/route_c_stage2_6_0c/test_null_qualification_binding.py::test_schema_mismatch_rejected
0.05s call     tests/route_c_stage2_6_0c/test_null_qualification_binding.py::test_report_hash_tampered_rejected
0.05s call     tests/route_c_stage2_6_0c/test_null_qualification_binding.py::test_seed_count_insufficient_rejected
0.05s call     tests/route_c_stage2_6_0c/test_null_qualification_binding.py::test_qualification_code_change_invalidates_report
0.03s call     tests/route_c_stage2_6_0c/test_issuer_trust_root_closure.py::test_commitment_smoke_policy_modified_invalidates
0.01s call     tests/route_c_stage2_6_0c/test_protocol_upgrade.py::test_v2_commitment_rejected_with_explicit_error
0.01s call     tests/route_c_stage2_6_0c/test_candidate_runtime_binding.py::test_commitment_without_runtime_hash_rejected
0.01s call     tests/route_c_stage2_6_0c/test_null_qualification_binding.py::test_bindings_embed_full_report_payload

(2 durations < 0.005s hidden.  Use -vv to show these durations.)
83 passed in 295.83s (0:04:55)

===== tests/route_c_stage2_6_0d (exit=0, 2026-08-29T06:59:13+00:00 ~ 2026-08-29T07:03:55+00:00, 284.9s) =====
.........................................................                [100%]
============================= slowest 50 durations =============================
84.54s call     tests/route_c_stage2_6_0d/test_null_qualification_v3_protocol.py::test_d8_margin_change_invalidates_commitment
83.38s call     tests/route_c_stage2_6_0d/test_null_qualification_v3_protocol.py::test_power_analysis_binding_and_targets
43.65s call     tests/route_c_stage2_6_0d/test_cluster_bootstrap_unit.py::test_report_deterministic_across_runs
16.82s call     tests/route_c_stage2_6_0d/test_economic_equivalence_band.py::test_zero_drift_with_trend_predictability_is_invalid
16.77s call     tests/route_c_stage2_6_0d/test_economic_equivalence_band.py::test_small_fixed_drift_pseudo_null_not_qualified
8.32s setup    tests/route_c_stage2_6_0d/test_null_qualification_v3_protocol.py::test_v3_commitment_rejected_by_v4_executor
7.61s call     tests/route_c_stage2_6_0d/test_pack_validity_and_antithetic.py::test_pack_builder_deterministic_with_attempt_log
4.47s call     tests/route_c_stage2_6_0d/test_economic_equivalence_band.py::test_rule_advantage_pseudo_null_is_invalid
4.33s call     tests/route_c_stage2_6_0d/test_three_state_verdict.py::test_drifting_pseudo_null_is_invalid_null
2.65s setup    tests/route_c_stage2_6_0d/test_cluster_bootstrap_unit.py::test_288_bars_bootstrap_n_is_three
2.47s call     tests/route_c_stage2_6_0d/test_pack_validity_and_antithetic.py::test_missing_flip_breaks_structure_check
2.41s call     tests/route_c_stage2_6_0d/test_cluster_bootstrap_unit.py::test_nine_episodes_one_seed_is_one_cluster
2.24s call     tests/route_c_stage2_6_0d/test_cluster_bootstrap_unit.py::test_antithetic_pack_six_episodes_three_clusters
0.91s call     tests/route_c_stage2_6_0d/test_economic_equivalence_band.py::test_hft_positive_return_pseudo_null_is_invalid
0.73s call     tests/route_c_stage2_6_0d/test_cluster_bootstrap_unit.py::test_cluster_unit_tamper_rejected_by_verify
0.73s call     tests/route_c_stage2_6_0d/test_pack_validity_and_antithetic.py::test_accidental_drift_large_pack_is_invalid
0.48s call     tests/route_c_stage2_6_0d/test_three_state_verdict.py::test_structural_pseudo_null_is_invalid_null
0.20s call     tests/route_c_stage2_6_0d/test_pack_validity_and_antithetic.py::test_accidental_drift_pack_is_invalid
0.12s call     tests/route_c_stage2_6_0d/test_null_qualification_v3_protocol.py::test_d8_spec_hash_mismatch_in_report_rejected
0.08s setup    tests/route_c_stage2_6_0d/test_cluster_bootstrap_unit.py::test_bootstrap_n_equals_distinct_clusters
0.05s call     tests/route_c_stage2_6_0d/test_null_qualification_v3_protocol.py::test_bool_only_binding_still_rejected
0.04s call     tests/route_c_stage2_6_0d/test_three_state_verdict.py::test_insufficient_evidence_cannot_enter_exam
0.04s call     tests/route_c_stage2_6_0d/test_pack_validity_and_antithetic.py::test_antithetic_mirror_bitwise[probe_null_stochvol]
0.04s call     tests/route_c_stage2_6_0d/test_pack_validity_and_antithetic.py::test_antithetic_mirror_bitwise[probe_null_sign]
0.03s call     tests/route_c_stage2_6_0d/test_pack_validity_and_antithetic.py::test_antithetic_mirror_bitwise[probe_null_volstate]
0.02s call     tests/route_c_stage2_6_0d/test_pack_validity_and_antithetic.py::test_modified_path_breaks_pack_integrity
0.02s call     tests/route_c_stage2_6_0d/test_null_qualification_v3_protocol.py::test_commitment_missing_new_fields_rejected
0.02s call     tests/route_c_stage2_6_0d/test_pack_validity_and_antithetic.py::test_pair_flag_not_in_observation
0.01s call     tests/route_c_stage2_6_0d/test_null_qualification_v3_protocol.py::test_v3_commitment_rejected_by_v4_executor
0.01s call     tests/route_c_stage2_6_0d/test_economic_equivalence_band.py::test_spec_binds_everything_and_hash_stable
0.01s call     tests/route_c_stage2_6_0d/test_null_qualification_v3_protocol.py::test_commitment_binds_full_null_chain
0.01s call     tests/route_c_stage2_6_0d/test_null_qualification_v3_protocol.py::test_cli_version_is_v7

(18 durations < 0.005s hidden.  Use -vv to show these durations.)
57 passed in 284.29s (0:04:44)

===== tests/route_c_stage2_6_0e (exit=0, 2026-08-29T07:02:41+00:00 ~ 2026-08-29T07:09:54+00:00, 436.6s) =====
........................................................................ [ 64%]
........................................                                 [100%]
============================= slowest 50 durations =============================
84.88s call     tests/route_c_stage2_6_0e/test_power_centering_and_targets.py::test_deterministic_rerun_same_hash
83.32s call     tests/route_c_stage2_6_0e/test_power_centering_and_targets.py::test_any_family_block_unmet_makes_targets_false
47.12s call     tests/route_c_stage2_6_0e/test_mock_sealed_exam_v6.py::test_mock_sealed_exam_v6_full_pipeline
39.54s call     tests/route_c_stage2_6_0e/test_mock_sealed_exam_v6.py::test_v6_attempts_registry_records
38.57s call     tests/route_c_stage2_6_0e/test_mock_sealed_exam_v6.py::test_v6_detailed_disclosure_retires
37.82s call     tests/route_c_stage2_6_0e/test_mock_sealed_exam_v6.py::test_v6_flow_without_issuer_copy
11.47s setup    tests/route_c_stage2_6_0e/test_mock_sealed_exam_v6.py::test_mock_sealed_exam_v6_full_pipeline
9.34s call     tests/route_c_stage2_6_0e/test_mock_sealed_exam_v6.py::test_v6_attestation_wrong_key
8.27s setup    tests/route_c_stage2_6_0e/test_actual_antithetic_pair_integrity.py::test_actual_pack_every_pair_verified
4.75s call     tests/route_c_stage2_6_0e/test_actual_antithetic_pair_integrity.py::test_nuisance_changed_by_flip_rejected
4.74s call     tests/route_c_stage2_6_0e/test_actual_antithetic_pair_integrity.py::test_missing_flip_rejected
4.73s call     tests/route_c_stage2_6_0e/test_actual_antithetic_pair_integrity.py::test_hidden_state_mismatch_rejected
4.71s call     tests/route_c_stage2_6_0e/test_actual_antithetic_pair_integrity.py::test_path_not_bitwise_mirror_rejected
4.70s call     tests/route_c_stage2_6_0e/test_actual_antithetic_pair_integrity.py::test_volume_mismatch_rejected
4.69s call     tests/route_c_stage2_6_0e/test_actual_antithetic_pair_integrity.py::test_extra_flip_rejected
4.59s call     tests/route_c_stage2_6_0e/test_actual_antithetic_pair_integrity.py::test_extra_original_rejected
4.58s call     tests/route_c_stage2_6_0e/test_actual_antithetic_pair_integrity.py::test_duplicate_spec_rejected
4.55s call     tests/route_c_stage2_6_0e/test_actual_antithetic_pair_integrity.py::test_pair_params_mismatch_rejected
4.53s call     tests/route_c_stage2_6_0e/test_actual_antithetic_pair_integrity.py::test_duration_mismatch_rejected
4.51s call     tests/route_c_stage2_6_0e/test_actual_antithetic_pair_integrity.py::test_timeframe_mismatch_rejected
4.42s call     tests/route_c_stage2_6_0e/test_pack_oracle_rule_equivalence.py::test_rule_ci_upper_exceeds_margin_rejected
4.33s call     tests/route_c_stage2_6_0e/test_pack_oracle_rule_equivalence.py::test_oracle_ci_upper_exceeds_margin_rejected
4.27s call     tests/route_c_stage2_6_0e/test_pack_oracle_rule_equivalence.py::test_center_only_passes_but_upper_bound_fails
1.29s call     tests/route_c_stage2_6_0e/test_pack_oracle_rule_equivalence.py::test_insufficient_clusters_invalid
1.11s call     tests/route_c_stage2_6_0e/test_mock_sealed_exam_v6.py::test_v6_pack_tamper_between_commitment_and_run
1.05s call     tests/route_c_stage2_6_0e/test_mock_sealed_exam_v6.py::test_v6_power_tamper_between_commitment_and_run
0.68s call     tests/route_c_stage2_6_0e/test_protocol_v5_upgrade.py::test_v1_power_report_and_v1_pack_report_rejected
0.56s call     tests/route_c_stage2_6_0e/test_protocol_v5_upgrade.py::test_validator_only_binding_rejected
0.53s call     tests/route_c_stage2_6_0e/test_pack_builder_manifest.py::test_manifest_deterministic_and_hash_stable
0.39s call     tests/route_c_stage2_6_0e/test_pack_builder_manifest.py::test_manifest_binds_params_and_family_list
0.39s call     tests/route_c_stage2_6_0e/test_pack_builder_manifest.py::test_manifest_binds_full_package_tree_not_function_list
0.38s call     tests/route_c_stage2_6_0e/test_pack_builder_manifest.py::test_adding_or_removing_package_file_changes_npb
0.37s call     tests/route_c_stage2_6_0e/test_pack_builder_manifest.py::test_modifying_intermediate_helper_changes_npb
0.30s call     tests/route_c_stage2_6_0e/test_power_centering_and_targets.py::test_vectorized_bootstrap_bitwise_matches_reference
0.20s call     tests/route_c_stage2_6_0e/test_power_report_reverification.py::test_attack_1_public_summary_tampered
0.18s call     tests/route_c_stage2_6_0e/test_power_report_reverification.py::test_full_sealed_verification_rejects_power_tamper
0.16s call     tests/route_c_stage2_6_0e/test_pack_builder_manifest.py::test_commitment_binds_manifest_hash
0.16s call     tests/route_c_stage2_6_0e/test_power_report_reverification.py::test_cache_content_hash_verified
0.15s call     tests/route_c_stage2_6_0e/test_pack_builder_manifest.py::test_modifying_builder_package_file_changes_npb
0.14s call     tests/route_c_stage2_6_0e/test_pack_builder_manifest.py::test_symlink_in_builder_package_rejected
0.14s call     tests/route_c_stage2_6_0e/test_pack_builder_manifest.py::test_resource_file_changes_npb
0.12s call     tests/route_c_stage2_6_0e/test_power_centering_and_targets.py::test_tolerance_and_scenario_manifest_change_report_hash
0.10s call     tests/route_c_stage2_6_0e/test_power_report_reverification.py::test_valid_commitment_passes_reverification
0.09s call     tests/route_c_stage2_6_0e/test_actual_antithetic_pair_integrity.py::test_generator_side_nuisance_symmetry
0.09s call     tests/route_c_stage2_6_0e/test_power_report_reverification.py::test_attack_11_report_hash_content_mismatch
0.09s call     tests/route_c_stage2_6_0e/test_power_report_reverification.py::test_attack_14_legacy_v1_power_report_rejected
0.09s call     tests/route_c_stage2_6_0e/test_power_report_reverification.py::test_attack_6_to_10_report_fields_tampered[confidence_method-clopper-pearson-hoaxed]
0.09s call     tests/route_c_stage2_6_0e/test_power_report_reverification.py::test_attack_6_to_10_report_fields_tampered[margin-0.001999]
0.09s call     tests/route_c_stage2_6_0e/test_power_report_reverification.py::test_attack_13_family_cluster_values_changed
0.08s call     tests/route_c_stage2_6_0e/test_power_report_reverification.py::test_attack_6_to_10_report_fields_tampered[tolerance_by_block-value1]
112 passed in 434.90s (0:07:14)

===== tests/route_c_stage2_6_0f (exit=0, 2026-08-29T07:03:55+00:00 ~ 2026-08-29T07:13:01+00:00, 550.8s) =====
................................................................         [100%]
============================= slowest 50 durations =============================
152.14s call     tests/route_c_stage2_6_0f/test_private_builder_formal_integration.py::test_private_a_with_provider_a_passes
106.13s call     tests/route_c_stage2_6_0f/test_private_builder_formal_integration.py::test_run_sealed_exam_full_pipeline_with_private_provider
60.93s call     tests/route_c_stage2_6_0f/test_private_builder_formal_integration.py::test_private_a_committed_but_provider_b_rejected
60.30s call     tests/route_c_stage2_6_0f/test_private_builder_formal_integration.py::test_run_sealed_exam_private_provider_mismatch
60.00s call     tests/route_c_stage2_6_0f/test_private_builder_formal_integration.py::test_private_a_modified_old_commitment_rejected
45.72s call     tests/route_c_stage2_6_0f/test_mock_sealed_exam_v7.py::test_mock_sealed_exam_v7_full_pipeline
38.33s call     tests/route_c_stage2_6_0f/test_mock_sealed_exam_v7.py::test_v7_detailed_disclosure_retires
8.78s setup    tests/route_c_stage2_6_0f/test_builder_dependency_closure.py::test_pack_validity_report_uses_provider_hash
4.51s call     tests/route_c_stage2_6_0f/test_mixed_null_duration_rejection.py::test_s8_pack_vs_pack_validity_report_duration_mismatch_rejected
2.57s call     tests/route_c_stage2_6_0f/test_mixed_null_duration_rejection.py::test_s12_rejection_before_checkpoint_load
1.33s setup    tests/route_c_stage2_6_0f/test_mock_sealed_exam_v7.py::test_mock_sealed_exam_v7_full_pipeline
1.16s call     tests/route_c_stage2_6_0f/test_mock_sealed_exam_v7.py::test_v7_duration_tamper_rejected_before_checkpoint
1.10s call     tests/route_c_stage2_6_0f/test_mock_sealed_exam_v7.py::test_v7_integrity_gates_before_checkpoint_load
0.87s call     tests/route_c_stage2_6_0f/test_builder_dependency_closure.py::test_tamper_matrix_changes_npb
0.86s call     tests/route_c_stage2_6_0f/test_builder_dependency_closure.py::test_builder_manifest_semantic_fields_change_npb
0.57s setup    tests/route_c_stage2_6_0f/test_private_builder_formal_integration.py::test_private_a_committed_but_provider_b_rejected
0.55s setup    tests/route_c_stage2_6_0f/test_private_builder_formal_integration.py::test_run_sealed_exam_private_provider_mismatch
0.41s setup    tests/route_c_stage2_6_0f/test_private_builder_formal_integration.py::test_run_sealed_exam_full_pipeline_with_private_provider
0.36s setup    tests/route_c_stage2_6_0f/test_private_builder_formal_integration.py::test_private_a_with_provider_a_passes
0.29s call     tests/route_c_stage2_6_0f/test_builder_dependency_closure.py::test_modifying_mock_builder_intermediate_helper_invalidates_commitment
0.21s setup    tests/route_c_stage2_6_0f/test_builder_dependency_closure.py::test_mock_tree_covers_intermediate_helpers
0.21s call     tests/route_c_stage2_6_0f/test_protocol_v6_upgrade.py::test_v2_pack_validity_report_rejected_by_builder
0.20s call     tests/route_c_stage2_6_0f/test_builder_dependency_closure.py::test_tree_binds_every_file_in_builder_root
0.19s setup    tests/route_c_stage2_6_0f/test_private_builder_formal_integration.py::test_private_a_modified_old_commitment_rejected
0.18s call     tests/route_c_stage2_6_0f/test_global_null_duration_contract.py::test_verify_cross_binding
0.14s call     tests/route_c_stage2_6_0f/test_mixed_null_duration_rejection.py::test_s6_pack_vs_family_report_duration_mismatch_rejected
0.11s call     tests/route_c_stage2_6_0f/test_builder_dependency_closure.py::test_pack_validity_report_uses_provider_hash
0.11s call     tests/route_c_stage2_6_0f/test_mixed_null_duration_rejection.py::test_s7_pack_vs_power_spec_duration_mismatch_rejected
0.11s call     tests/route_c_stage2_6_0f/test_builder_identity_provider.py::test_mock_provider_explicit_and_passes
0.09s call     tests/route_c_stage2_6_0f/test_private_builder_formal_integration.py::test_missing_provider_rejected
0.03s call     tests/route_c_stage2_6_0f/test_protocol_v6_upgrade.py::test_cli_requires_builder_provider
0.02s call     tests/route_c_stage2_6_0f/test_protocol_v6_upgrade.py::test_cli_private_provider_requires_root
0.02s call     tests/route_c_stage2_6_0f/test_protocol_v6_upgrade.py::test_v5_commitment_rejected
0.01s call     tests/route_c_stage2_6_0f/test_protocol_v6_upgrade.py::test_commitment_missing_duration_contract_rejected
0.01s call     tests/route_c_stage2_6_0f/test_protocol_v6_upgrade.py::test_commitment_tampered_duration_payload_rejected
0.01s call     tests/route_c_stage2_6_0f/test_builder_identity_provider.py::test_validate_null_pack_requires_identity_and_contract
0.01s call     tests/route_c_stage2_6_0f/test_builder_identity_provider.py::test_provider_not_in_candidate_runtime
0.01s teardown tests/route_c_stage2_6_0f/test_protocol_v6_upgrade.py::test_frozen_vendor_commit_unchanged
0.01s call     tests/route_c_stage2_6_0f/test_builder_identity_provider.py::test_pack_payload_has_no_provider_field
0.01s call     tests/route_c_stage2_6_0f/test_global_null_duration_contract.py::test_no_first_or_last_episode_semantics_remains

(10 durations < 0.005s hidden.  Use -vv to show these durations.)
64 passed in 549.18s (0:09:09)

===== tests/route_c_stage2_6_0g (exit=0, 2026-08-29T07:09:54+00:00 ~ 2026-08-29T07:18:27+00:00, 517.2s) =====
........................................................................ [ 48%]
........................................................................ [ 96%]
.....                                                                    [100%]
============================= slowest 50 durations =============================
72.27s setup    tests/route_c_stage2_6_0g/test_full_private_pipeline.py::test_private_builder_uses_nondefault_params
49.65s call     tests/route_c_stage2_6_0g/test_full_private_pipeline.py::test_full_pipeline_exam_replay_and_normal_fail
41.92s call     tests/route_c_stage2_6_0g/test_formal_provenance_integration.py::test_idempotent_retry_carries_audit
40.69s call     tests/route_c_stage2_6_0g/test_runtime_dependency_lock.py::test_function_level_import_audited
37.57s call     tests/route_c_stage2_6_0g/test_formal_provenance_integration.py::test_mock_cli_v9_full_chain
30.71s call     tests/route_c_stage2_6_0g/test_builder_evidence.py::test_precommit_double_run_hashes
30.70s call     tests/route_c_stage2_6_0g/test_builder_provenance.py::test_private_wrong_pack_builder_rejected
21.74s call     tests/route_c_stage2_6_0g/test_runtime_dependency_lock.py::test_dynamic_import_unregistered_dependency_rejected
18.90s call     tests/route_c_stage2_6_0g/test_builder_runner_isolation.py::test_inspect_stack_attack_builder_cannot_get_pack
18.77s call     tests/route_c_stage2_6_0g/test_runtime_dependency_lock.py::test_conditional_import_inside_builder
18.59s call     tests/route_c_stage2_6_0g/test_builder_provenance.py::test_private_none_entrypoint_rejected_in_runner
18.55s call     tests/route_c_stage2_6_0g/test_builder_runner_isolation.py::test_env_argv_scan_attack_builder_rejected
17.89s call     tests/route_c_stage2_6_0g/test_builder_evidence.py::test_evidence_file_roundtrip_private
17.76s call     tests/route_c_stage2_6_0g/test_builder_provenance.py::test_private_provenance_via_isolated_runner
17.48s call     tests/route_c_stage2_6_0g/test_builder_evidence.py::test_evidence_verify_against_commitment
16.94s call     tests/route_c_stage2_6_0g/test_dependency_closure.py::test_isolated_runner_lock_for_selfcontained_builder
16.71s call     tests/route_c_stage2_6_0g/test_builder_runner_isolation.py::test_deterministic_double_run
8.78s setup    tests/route_c_stage2_6_0g/test_builder_evidence.py::test_precommit_double_run_hashes
8.63s call     tests/route_c_stage2_6_0g/test_builder_runner_isolation.py::test_checkpoint_sentinel_never_opened
1.12s call     tests/route_c_stage2_6_0g/test_mock_no_implicit_fallback.py::test_build_mock_commitment_requires_provider
0.64s call     tests/route_c_stage2_6_0g/test_builder_provenance.py::test_verify_mock_provenance_with_evidence
0.59s call     tests/route_c_stage2_6_0g/test_unified_provider_config.py::test_cli_uses_same_config_path
0.55s call     tests/route_c_stage2_6_0g/test_builder_provenance.py::test_verify_without_evidence_rejected
0.54s call     tests/route_c_stage2_6_0g/test_builder_provenance.py::test_tampered_evidence_rejected
0.50s call     tests/route_c_stage2_6_0g/test_builder_provenance.py::test_evidence_wrong_request_rejected
0.49s call     tests/route_c_stage2_6_0g/test_builder_evidence.py::test_runs_mismatch_rejected
0.48s call     tests/route_c_stage2_6_0g/test_builder_evidence.py::test_deterministic_false_rejected
0.42s call     tests/route_c_stage2_6_0g/test_formal_provenance_integration.py::test_provenance_failure_never_touches_candidate
0.40s call     tests/route_c_stage2_6_0g/test_full_private_pipeline.py::test_full_pipeline_missing_evidence_rejected
0.27s call     tests/route_c_stage2_6_0g/test_builder_runner_isolation.py::test_new_helper_after_identity_rejected
0.27s call     tests/route_c_stage2_6_0g/test_builder_runner_isolation.py::test_staging_replaced_after_copy_rejected
0.25s setup    tests/route_c_stage2_6_0g/test_builder_runner_protocol.py::test_mock_request_passes_whitelist
0.24s setup    tests/route_c_stage2_6_0g/test_builder_provenance.py::test_private_provenance_via_isolated_runner
0.23s call     tests/route_c_stage2_6_0g/test_builder_runner_isolation.py::test_identity_hash_then_modify_source_rejected
0.23s call     tests/route_c_stage2_6_0g/test_builder_runner_isolation.py::test_runner_argv_env_request_no_candidate_material
0.23s call     tests/route_c_stage2_6_0g/test_builder_runner_isolation.py::test_source_a_execution_b_rejected
0.23s call     tests/route_c_stage2_6_0g/test_dependency_closure.py::test_static_closure_covers_third_party
0.22s setup    tests/route_c_stage2_6_0g/test_builder_evidence.py::test_evidence_verify_against_commitment
0.22s setup    tests/route_c_stage2_6_0g/test_dependency_closure.py::test_isolated_runner_lock_for_selfcontained_builder
0.22s call     tests/route_c_stage2_6_0g/test_builder_runner_isolation.py::test_staging_file_removed_rejected
0.21s setup    tests/route_c_stage2_6_0g/test_builder_provenance.py::test_private_wrong_pack_builder_rejected
0.21s call     tests/route_c_stage2_6_0g/test_formal_provenance_integration.py::test_provenance_failure_before_verify_checks
0.21s setup    tests/route_c_stage2_6_0g/test_builder_provenance.py::test_private_none_entrypoint_rejected_in_runner
0.20s call     tests/route_c_stage2_6_0g/test_full_private_pipeline.py::test_full_pipeline_tampered_evidence_rejected
0.18s call     tests/route_c_stage2_6_0g/test_unified_provider_config.py::test_provider_config_hash_stable
0.17s call     tests/route_c_stage2_6_0g/test_entrypoint_validation.py::test_private_provider_construct_no_import
0.04s call     tests/route_c_stage2_6_0g/test_builder_runner_protocol.py::test_result_contract_fields_enforced
0.04s call     tests/route_c_stage2_6_0g/test_builder_runner_protocol.py::test_assembly_mode_result_without_attempts_ok
0.04s call     tests/route_c_stage2_6_0g/test_protocol_v8_upgrade.py::test_v8_roundtrip_preserves_evidence
0.04s call     tests/route_c_stage2_6_0g/test_builder_runner_protocol.py::test_request_hash_stable
149 passed in 515.09s (0:08:35)

===== tests/route_c_stage2_6_0h (exit=0, 2026-08-29T07:18:27+00:00 ~ 2026-08-29T07:30:00+00:00, 701.1s) =====
........................................................................ [ 52%]
..................................................................       [100%]
============================= slowest 50 durations =============================
73.79s setup    tests/route_c_stage2_6_0h/test_full_private_pipeline_v10.py::test_private_builder_uses_nondefault_params
51.92s call     tests/route_c_stage2_6_0h/test_full_private_pipeline_v10.py::test_full_pipeline_exam_replay_and_normal_fail
41.36s call     tests/route_c_stage2_6_0h/test_builder_private_dev_and_external_state.py::test_dev_shm_not_shared_across_runs
40.06s call     tests/route_c_stage2_6_0h/test_builder_no_descendant_process.py::test_poc_descendant_import_bypasses_v1_lock
30.17s setup    tests/route_c_stage2_6_0h/test_effective_sandbox_attestation.py::test_report_from_real_run
22.10s call     tests/route_c_stage2_6_0h/test_builder_no_descendant_process.py::test_descendant_run_cannot_formal_evidence
21.93s call     tests/route_c_stage2_6_0h/test_builder_private_dev_and_external_state.py::test_seccomp_disabled_profile_reports_degradation
21.79s call     tests/route_c_stage2_6_0h/test_runtime_distribution_content_lock.py::test_poc_descendant_import_absent_from_lock
21.66s call     tests/route_c_stage2_6_0h/test_runtime_distribution_content_lock.py::test_runner_lock_records_closure_and_bundle
21.08s call     tests/route_c_stage2_6_0h/test_builder_no_descendant_process.py::test_clone_thread_probe_denied_on_real_run
18.80s call     tests/route_c_stage2_6_0h/test_builder_private_dev_and_external_state.py::test_host_tmp_unreachable
18.64s call     tests/route_c_stage2_6_0h/test_builder_private_dev_and_external_state.py::test_host_dev_shm_beacon_unreadable
18.27s call     tests/route_c_stage2_6_0h/test_builder_private_dev_and_external_state.py::test_machine_id_read_fails
18.25s call     tests/route_c_stage2_6_0h/test_builder_no_descendant_process.py::test_subprocess_child_import_rejected
18.23s call     tests/route_c_stage2_6_0h/test_builder_private_dev_and_external_state.py::test_directory_order_cannot_influence_pack
18.17s call     tests/route_c_stage2_6_0h/test_builder_private_dev_and_external_state.py::test_listdir_sys_enoent
18.14s call     tests/route_c_stage2_6_0h/test_builder_no_descendant_process.py::test_os_posix_spawn_rejected
18.12s call     tests/route_c_stage2_6_0h/test_builder_no_descendant_process.py::test_bin_sh_execution_rejected
18.09s call     tests/route_c_stage2_6_0h/test_first_pass_attempt_policy.py::test_runner_rejects_late_selection
18.09s call     tests/route_c_stage2_6_0h/test_builder_no_descendant_process.py::test_ctypes_cdll_unbound_rejected
18.08s call     tests/route_c_stage2_6_0h/test_builder_no_descendant_process.py::test_thread_creation_denied
17.97s call     tests/route_c_stage2_6_0h/test_builder_no_descendant_process.py::test_external_executable_rejected
17.88s call     tests/route_c_stage2_6_0h/test_builder_no_descendant_process.py::test_fork_then_exec_rejected
17.84s call     tests/route_c_stage2_6_0h/test_builder_private_dev_and_external_state.py::test_stat_etc_returns_enoent
17.78s call     tests/route_c_stage2_6_0h/test_runtime_distribution_content_lock.py::test_env_so_tamper_changes_bundle_digest
17.19s call     tests/route_c_stage2_6_0h/test_runtime_distribution_content_lock.py::test_e1_env_file_committed_and_staging_tamper_detected
14.25s call     tests/route_c_stage2_6_0h/test_runtime_distribution_content_lock.py::test_env_py_tamper_changes_bundle_digest
14.25s setup    tests/route_c_stage2_6_0h/test_runtime_distribution_content_lock.py::test_bundle_digest_self_consistent
8.55s call     tests/route_c_stage2_6_0h/test_checkpoint_preaccess_v2.py::test_runner_sandbox_host_paths_unnameable
8.45s setup    tests/route_c_stage2_6_0h/test_builder_evidence_v2.py::test_mock_evidence_carries_new_fields
8.37s call     tests/route_c_stage2_6_0h/test_builder_private_dev_and_external_state.py::test_private_dev_nodes_present
3.28s call     tests/route_c_stage2_6_0h/test_runtime_distribution_content_lock.py::test_untampered_bundle_verifies
2.44s setup    tests/route_c_stage2_6_0h/test_full_private_pipeline_v10.py::test_full_pipeline_exam_replay_and_normal_fail
0.27s setup    tests/route_c_stage2_6_0h/test_builder_private_dev_and_external_state.py::test_private_dev_nodes_present
0.25s setup    tests/route_c_stage2_6_0h/test_builder_no_descendant_process.py::test_clone_thread_probe_denied_on_real_run
0.23s call     tests/route_c_stage2_6_0h/test_builder_evidence_v2.py::test_descendant_run_rejected_in_evidence_build
0.22s call     tests/route_c_stage2_6_0h/test_builder_evidence_v2.py::test_tamper_core_access_hash_rejected
0.22s call     tests/route_c_stage2_6_0h/test_builder_evidence_v2.py::test_private_evidence_requires_real_deterministic_input
0.20s call     tests/route_c_stage2_6_0h/test_builder_evidence_v2.py::test_verify_accepts_mock_evidence
0.20s call     tests/route_c_stage2_6_0h/test_full_private_pipeline_v10.py::test_tampered_evidence_rejected
0.20s call     tests/route_c_stage2_6_0h/test_runtime_distribution_content_lock.py::test_bundle_digest_self_consistent
0.20s call     tests/route_c_stage2_6_0h/test_builder_evidence_v2.py::test_tamper_access_summary_detail_rejected
0.19s call     tests/route_c_stage2_6_0h/test_builder_evidence_v2.py::test_private_evidence_requires_real_bundle
0.19s call     tests/route_c_stage2_6_0h/test_builder_evidence_v2.py::test_tamper_process_tree_rejected
0.17s setup    tests/route_c_stage2_6_0h/test_checkpoint_preaccess_v2.py::test_runner_sandbox_host_paths_unnameable
0.03s call     tests/route_c_stage2_6_0h/test_protocol_v9_upgrade.py::test_v10_roundtrip_preserves_new_fields
0.03s call     tests/route_c_stage2_6_0h/test_protocol_v9_upgrade.py::test_missing_deterministic_input_binding_rejected[runtime_bundle_hash-runtime_bundle_hash|bundle]
0.03s call     tests/route_c_stage2_6_0h/test_protocol_v9_upgrade.py::test_missing_deterministic_input_binding_rejected[deterministic_input_hash-deterministic_input_hash|\u786e\u5b9a\u6027\u8f93\u5165]
0.03s call     tests/route_c_stage2_6_0h/test_protocol_v9_upgrade.py::test_missing_deterministic_input_binding_rejected[thread_policy-thread_policy|\u7ebf\u7a0b\u7b56\u7565]
0.03s call     tests/route_c_stage2_6_0h/test_protocol_v9_upgrade.py::test_child_process_evidence_rejected
138 passed in 698.51s (0:11:38)

===== tests/route_c_stage2_6_0i (exit=0, 2026-08-29T07:30:00+00:00 ~ 2026-08-29T07:41:17+00:00, 682.5s) =====
........................................................................ [ 92%]
......                                                                   [100%]
============================= slowest 50 durations =============================
75.48s setup    tests/route_c_stage2_6_0i/test_full_private_pipeline_v10.py::test_private_builder_uses_nondefault_params
49.55s call     tests/route_c_stage2_6_0i/test_full_private_pipeline_v10.py::test_formal_exam_third_replay
31.89s call     tests/route_c_stage2_6_0i/test_clock_entropy_closure.py::test_deterministic_entropy_sources
31.52s call     tests/route_c_stage2_6_0i/test_clock_entropy_closure.py::test_numpy_unseeded_rng_is_deterministic_committed
31.17s call     tests/route_c_stage2_6_0i/test_clock_entropy_closure.py::test_double_run_clock_consistency
29.83s call     tests/route_c_stage2_6_0i/test_host_visibility.py::test_environment_identity_stable
28.99s call     tests/route_c_stage2_6_0i/test_bundle_toctou.py::test_staging_tamper_between_runs_rejected
27.32s call     tests/route_c_stage2_6_0i/test_bundle_toctou.py::test_hardlink_alias_inplace_write_detected
23.60s call     tests/route_c_stage2_6_0i/test_clock_entropy_closure.py::test_vdso_stub_evidence
22.21s call     tests/route_c_stage2_6_0i/test_host_visibility.py::test_scratch_fresh_and_writable
21.94s call     tests/route_c_stage2_6_0i/test_clock_entropy_closure.py::test_frozen_clock_visible_to_builder
21.74s call     tests/route_c_stage2_6_0i/test_import_file_closure.py::test_real_numpy_import_closure
21.42s call     tests/route_c_stage2_6_0i/test_bundle_toctou.py::test_thread_state_tamper_rejected
21.14s call     tests/route_c_stage2_6_0i/test_host_visibility.py::test_proc_absent_and_identity_fixed
21.11s call     tests/route_c_stage2_6_0i/test_thread_quiescence.py::test_thread_error_swallowed_still_quiescent
21.08s call     tests/route_c_stage2_6_0i/test_host_visibility.py::test_dev_nodes_and_entropy_regular_files
21.06s call     tests/route_c_stage2_6_0i/test_bundle_toctou.py::test_seccomp_policy_tamper_rejected
21.02s call     tests/route_c_stage2_6_0i/test_host_visibility.py::test_host_paths_unnameable
20.72s call     tests/route_c_stage2_6_0i/test_bundle_toctou.py::test_bundle_digest_tamper_in_evidence_rejected
20.01s call     tests/route_c_stage2_6_0i/test_clock_entropy_closure.py::test_rdtsc_kills_worker
19.38s call     tests/route_c_stage2_6_0i/test_clock_entropy_closure.py::test_getrandom_raw_rejected
18.88s call     tests/route_c_stage2_6_0i/test_thread_quiescence.py::test_thread_creation_denied
18.27s call     tests/route_c_stage2_6_0i/test_import_file_closure.py::test_scratch_dynamic_load_rejected
18.05s call     tests/route_c_stage2_6_0i/test_clock_entropy_closure.py::test_raw_clock_syscall_rejected
17.70s call     tests/route_c_stage2_6_0i/test_import_file_closure.py::test_custom_import_hook_rejected
17.62s call     tests/route_c_stage2_6_0i/test_thread_quiescence.py::test_background_import_thread_impossible
2.23s setup    tests/route_c_stage2_6_0i/test_full_private_pipeline_v10.py::test_formal_exam_third_replay
0.46s call     tests/route_c_stage2_6_0i/test_full_private_pipeline_v10.py::test_tamper_entropy_policy
0.20s call     tests/route_c_stage2_6_0i/test_full_private_pipeline_v10.py::test_tamper_seccomp_arch_policy
0.20s call     tests/route_c_stage2_6_0i/test_full_private_pipeline_v10.py::test_tamper_import_closure
0.20s call     tests/route_c_stage2_6_0i/test_full_private_pipeline_v10.py::test_tamper_clock_policy
0.19s call     tests/route_c_stage2_6_0i/test_full_private_pipeline_v10.py::test_tamper_runtime_bundle_hash
0.19s call     tests/route_c_stage2_6_0i/test_full_private_pipeline_v10.py::test_tamper_thread_state
0.18s call     tests/route_c_stage2_6_0i/test_seccomp_arch_x32.py::test_x32_fork_actually_forks_without_filter
0.16s call     tests/route_c_stage2_6_0i/test_bundle_content_closure.py::test_same_content_same_digest
0.16s call     tests/route_c_stage2_6_0i/test_seccomp_arch_x32.py::test_kernel_native_behavior_distinguished[x32_clock_gettime-1073742052-args1]
0.16s call     tests/route_c_stage2_6_0i/test_bundle_content_closure.py::test_namespace_package_by_path_ownership
0.15s call     tests/route_c_stage2_6_0i/test_seccomp_arch_x32.py::test_kernel_native_behavior_distinguished[x32_write-1073741825-args0]
0.15s call     tests/route_c_stage2_6_0i/test_bundle_content_closure.py::test_env_content_change_changes_digest
0.11s call     tests/route_c_stage2_6_0i/test_import_file_closure.py::test_ambiguous_owner_rejected
0.11s call     tests/route_c_stage2_6_0i/test_import_file_closure.py::test_namespace_search_locations_validated
0.10s call     tests/route_c_stage2_6_0i/test_import_file_closure.py::test_bundled_zip_allowed_external_rejected
0.10s call     tests/route_c_stage2_6_0i/test_bundle_content_closure.py::test_content_tamper_after_assembly_rejected
0.09s call     tests/route_c_stage2_6_0i/test_seccomp_arch_x32.py::test_x32_syscalls_rejected_by_filter[x32_fork-1073741881-args0]
0.08s call     tests/route_c_stage2_6_0i/test_bundle_content_closure.py::test_manifest_self_consistency_and_files
0.08s call     tests/route_c_stage2_6_0i/test_seccomp_arch_x32.py::test_x86_64_process_creation_denied[x86_64_fork-os.fork()]
0.08s call     tests/route_c_stage2_6_0i/test_seccomp_arch_x32.py::test_x32_fork_blocked_with_filter_no_children
0.08s call     tests/route_c_stage2_6_0i/test_bundle_content_closure.py::test_syslib_closure_resolved
0.08s call     tests/route_c_stage2_6_0i/test_seccomp_arch_x32.py::test_x32_syscalls_rejected_by_filter[x32_write-1073741825-args3]
0.08s call     tests/route_c_stage2_6_0i/test_seccomp_arch_x32.py::test_x32_syscalls_rejected_by_filter[x32_clone-1073741880-args2]
78 passed in 679.91s (0:11:19)
