...................                                                      [100%]
==================================== PASSES ====================================
=========================== short test summary info ============================
PASSED tests/route_c_stage2_6_1/test_curriculum261_qaf_v2_reviewclosure.py::TestConcurrentOneShot::test_concurrent_permit_issue_single_writer
PASSED tests/route_c_stage2_6_1/test_curriculum261_qaf_v2_reviewclosure.py::TestConcurrentOneShot::test_concurrent_record_approval_single_writer
PASSED tests/route_c_stage2_6_1/test_curriculum261_qaf_v2_reviewclosure.py::TestConcurrentOneShot::test_concurrent_init_single_identity
PASSED tests/route_c_stage2_6_1/test_curriculum261_qaf_v2_reviewclosure.py::TestConcurrentOneShot::test_concurrent_admission_issue_single_writer
PASSED tests/route_c_stage2_6_1/test_curriculum261_qaf_v2_reviewclosure.py::TestExecuteBindingGate::test_mismatch_refused_before_first_one_shot
PASSED tests/route_c_stage2_6_1/test_curriculum261_qaf_v2_reviewclosure.py::TestContinuousWorkflowPrefix::test_entry_to_step1_to_science_leaf_boundary
PASSED tests/route_c_stage2_6_1/test_curriculum261_qaf_v2_reviewclosure.py::TestRCF01Paths::test_positive_new_dir_and_idempotent
PASSED tests/route_c_stage2_6_1/test_curriculum261_qaf_v2_reviewclosure.py::TestRCF01Paths::test_protected_dir_refused_pre_write
PASSED tests/route_c_stage2_6_1/test_curriculum261_qaf_v2_reviewclosure.py::TestRCF01Paths::test_symlink_to_protected_refused
PASSED tests/route_c_stage2_6_1/test_curriculum261_qaf_v2_reviewclosure.py::TestRCF01Paths::test_relative_target_refused
PASSED tests/route_c_stage2_6_1/test_curriculum261_qaf_v2_reviewclosure.py::TestRCF01Paths::test_allow_replace_broken_mixed_dir_refused
PASSED tests/route_c_stage2_6_1/test_curriculum261_qaf_v2_reviewclosure.py::TestRCF02StateMatrix::test_stored_approval_mismatch_refused_zero_write
PASSED tests/route_c_stage2_6_1/test_curriculum261_qaf_v2_reviewclosure.py::TestRCF02StateMatrix::test_evidence_missing_and_wrong_candidate_refused
PASSED tests/route_c_stage2_6_1/test_curriculum261_qaf_v2_reviewclosure.py::TestRCF02StateMatrix::test_existing_permit_and_admission_refused_pre_write
PASSED tests/route_c_stage2_6_1/test_curriculum261_qaf_v2_reviewclosure.py::TestRCF02StateMatrix::test_real_issuance_log_refused_pre_write
PASSED tests/route_c_stage2_6_1/test_curriculum261_qaf_v2_reviewclosure.py::TestRCF02StateMatrix::test_leaf_sentinel_without_test_domain_zero_write
PASSED tests/route_c_stage2_6_1/test_curriculum261_qaf_v2_reviewclosure.py::TestRCF02StateMatrix::test_manual_leaf_env_without_test_domain_zero_write
PASSED tests/route_c_stage2_6_1/test_curriculum261_qaf_v2_reviewclosure.py::TestRCF02StateMatrix::test_post_permit_refusal_reports_one_shot_write
PASSED tests/route_c_stage2_6_1/test_curriculum261_qaf_v2_reviewclosure.py::TestRCF03ContinuousLeafBoundary::test_execute_to_determinism_leaf_sentinel
19 passed in 78.94s (0:01:18)
