........................................................................ [ 84%]
.............                                                            [100%]
==================================== PASSES ====================================
=========================== short test summary info ============================
PASSED tests/route_c_stage2_6_1/test_curriculum261_qaf_v2_reviewclosure.py::TestConcurrentOneShot::test_concurrent_permit_issue_single_writer
PASSED tests/route_c_stage2_6_1/test_curriculum261_qaf_v2_reviewclosure.py::TestConcurrentOneShot::test_concurrent_record_approval_single_writer
PASSED tests/route_c_stage2_6_1/test_curriculum261_qaf_v2_reviewclosure.py::TestConcurrentOneShot::test_concurrent_init_single_identity
PASSED tests/route_c_stage2_6_1/test_curriculum261_qaf_v2_reviewclosure.py::TestConcurrentOneShot::test_concurrent_admission_issue_single_writer
PASSED tests/route_c_stage2_6_1/test_curriculum261_qaf_v2_reviewclosure.py::TestExecuteBindingGate::test_mismatch_refused_before_first_one_shot
PASSED tests/route_c_stage2_6_1/test_curriculum261_qaf_v2_reviewclosure.py::TestContinuousWorkflowPrefix::test_entry_to_step1_to_science_leaf_boundary
PASSED tests/route_c_stage2_6_1/test_curriculum261_qaf_v2_reviewclosure.py::TestRCF01Paths::test_positive_new_dir_and_idempotent
PASSED tests/route_c_stage2_6_1/test_curriculum261_qaf_v2_reviewclosure.py::TestRCF01Paths::test_protected_dir_refused_pre_write
PASSED tests/route_c_stage2_6_1/test_curriculum261_qaf_v2_reviewclosure.py::TestRCF01Paths::test_symlink_to_protected_refused
PASSED tests/route_c_stage2_6_1/test_curriculum261_qaf_v2_reviewclosure.py::TestRCF01Paths::test_relative_target_refused
PASSED tests/route_c_stage2_6_1/test_curriculum261_qaf_v2_reviewclosure.py::TestRCF01Paths::test_allow_replace_broken_mixed_dir_refused
PASSED tests/route_c_stage2_6_1/test_curriculum261_qaf_v2_reviewclosure.py::TestRCF02StateMatrix::test_stored_approval_mismatch_refused_zero_write
PASSED tests/route_c_stage2_6_1/test_curriculum261_qaf_v2_reviewclosure.py::TestRCF02StateMatrix::test_evidence_missing_and_wrong_candidate_refused
PASSED tests/route_c_stage2_6_1/test_curriculum261_qaf_v2_reviewclosure.py::TestRCF02StateMatrix::test_existing_permit_and_admission_refused_pre_write
PASSED tests/route_c_stage2_6_1/test_curriculum261_qaf_v2_reviewclosure.py::TestRCF02StateMatrix::test_real_issuance_log_refused_pre_write
PASSED tests/route_c_stage2_6_1/test_curriculum261_qaf_v2_reviewclosure.py::TestRCF02StateMatrix::test_leaf_sentinel_without_test_domain_zero_write
PASSED tests/route_c_stage2_6_1/test_curriculum261_qaf_v2_reviewclosure.py::TestRCF02StateMatrix::test_post_permit_refusal_reports_one_shot_write
PASSED tests/route_c_stage2_6_1/test_curriculum261_qaf_v2_reviewclosure.py::TestRCF03ContinuousLeafBoundary::test_execute_to_determinism_leaf_sentinel
PASSED tests/route_c_stage2_6_1/test_curriculum261_qaf_v2_preissue_guard.py::TestQafV2Identity::test_registry_and_names
PASSED tests/route_c_stage2_6_1/test_curriculum261_qaf_v2_preissue_guard.py::TestQafV2Identity::test_whitelists_and_seeds
PASSED tests/route_c_stage2_6_1/test_curriculum261_qaf_v2_preissue_guard.py::TestQafV2Identity::test_design_role_map
PASSED tests/route_c_stage2_6_1/test_curriculum261_qaf_v2_preissue_guard.py::TestQafV2Identity::test_consumers_resolve_by_attempt
PASSED tests/route_c_stage2_6_1/test_curriculum261_qaf_v2_preissue_guard.py::TestQafV2Identity::test_iteration_mapping
PASSED tests/route_c_stage2_6_1/test_curriculum261_qaf_v2_preissue_guard.py::TestGuardSourceAndTarget::test_pinned_source_positive
PASSED tests/route_c_stage2_6_1/test_curriculum261_qaf_v2_preissue_guard.py::TestGuardSourceAndTarget::test_negatives
PASSED tests/route_c_stage2_6_1/test_curriculum261_qaf_v2_preissue_guard.py::TestGuardSourceAndTarget::test_install_semantics
PASSED tests/route_c_stage2_6_1/test_curriculum261_qaf_v2_preissue_guard.py::TestPreissueGate::test_env_redirect_refused
PASSED tests/route_c_stage2_6_1/test_curriculum261_qaf_v2_preissue_guard.py::TestPreissueGate::test_target_and_freshness_refusals
PASSED tests/route_c_stage2_6_1/test_curriculum261_qaf_v2_preissue_guard.py::TestPermitIssueGate::test_missing_guard_params_refused_zero_writes
PASSED tests/route_c_stage2_6_1/test_curriculum261_qaf_v2_preissue_guard.py::TestPermitIssueGate::test_gate_failure_refused_before_permit_write
PASSED tests/route_c_stage2_6_1/test_curriculum261_qaf_v2_preissue_guard.py::TestPermitIssueGate::test_positive_and_one_shot
PASSED tests/route_c_stage2_6_1/test_curriculum261_qaf_v2_preissue_guard.py::TestPlanSemantics::test_payload_diff_identity_only
PASSED tests/route_c_stage2_6_1/test_curriculum261_qaf_v2_preissue_guard.py::TestPlanSemantics::test_scope_mismatch_rejected_in_permit_validation
PASSED tests/route_c_stage2_6_1/test_curriculum261_qaf_v2_preissue_guard.py::TestAdmissionIssueGate::test_missing_project_dir_refused_zero_writes
PASSED tests/route_c_stage2_6_1/test_curriculum261_qaf_v2_preissue_guard.py::TestAdmissionIssueGate::test_gate_failure_refused_zero_writes
PASSED tests/route_c_stage2_6_1/test_curriculum261_qaf_v2_preissue_guard.py::TestAdmissionBypassClosed::test_missing_formal_attempt_refused
PASSED tests/route_c_stage2_6_1/test_curriculum261_qaf_v2_preissue_guard.py::TestAdmissionBypassClosed::test_mismatched_formal_attempt_refused
PASSED tests/route_c_stage2_6_1/test_curriculum261_qaf_v2_preissue_guard.py::TestAdmissionBypassClosed::test_v1_label_on_v2_deployment_refused
PASSED tests/route_c_stage2_6_1/test_curriculum261_qaf_v2_preissue_guard.py::TestAdmissionBypassClosed::test_r15_target_refused_even_without_attempt_field
PASSED tests/route_c_stage2_6_1/test_curriculum261_qaf_v2_preissue_guard.py::TestOperatorEntryWiring::test_a2_double_flag_enforced
PASSED tests/route_c_stage2_6_1/test_curriculum261_qaf_v2_preissue_guard.py::TestOperatorEntryWiring::test_sentinel_refused_outside_test_domain
PASSED tests/route_c_stage2_6_1/test_curriculum261_qaf_v2_preissue_guard.py::TestOperatorEntryWiring::test_post_issuance_drift_refused_before_permit_consume
PASSED tests/route_c_stage2_6_1/test_curriculum261_qaf_v2_preissue_guard.py::TestOperatorEntryWiring::test_full_sentinel_wiring_and_reentry
PASSED tests/route_c_stage2_6_1/test_curriculum261_qprod_formal_launch.py::TestFormalNamespaces::test_dormant_formal_namespaces_defined_and_disjoint
PASSED tests/route_c_stage2_6_1/test_curriculum261_qprod_formal_launch.py::TestFormalNamespaces::test_seed_derivation_reachable_but_unconsumed
PASSED tests/route_c_stage2_6_1/test_curriculum261_qprod_formal_launch.py::TestPlanStructureProfileBranch::test_formal_budgets_accepted
PASSED tests/route_c_stage2_6_1/test_curriculum261_qprod_formal_launch.py::TestPlanStructureProfileBranch::test_engineering_scale_cannot_masquerade_as_formal
PASSED tests/route_c_stage2_6_1/test_curriculum261_qprod_formal_launch.py::TestPlanStructureProfileBranch::test_formal_scale_cannot_downgrade_engineering
PASSED tests/route_c_stage2_6_1/test_curriculum261_qprod_formal_launch.py::TestPlanStructureProfileBranch::test_unknown_profile_rejected
PASSED tests/route_c_stage2_6_1/test_curriculum261_qprod_formal_launch.py::TestPlanStructureProfileBranch::test_builder_output_is_structurally_clean
PASSED tests/route_c_stage2_6_1/test_curriculum261_qprod_formal_launch.py::TestCoordinateLockProfileBranch::test_formal_namespace_locks_with_formal_budgets
PASSED tests/route_c_stage2_6_1/test_curriculum261_qprod_formal_launch.py::TestCoordinateLockProfileBranch::test_engineering_plan_rejects_formal_namespace
PASSED tests/route_c_stage2_6_1/test_curriculum261_qprod_formal_launch.py::TestDeployConfigFailClosed::test_env_redirect_refused
PASSED tests/route_c_stage2_6_1/test_curriculum261_qprod_formal_launch.py::TestDeployConfigFailClosed::test_not_formal_ready_refused
PASSED tests/route_c_stage2_6_1/test_curriculum261_qprod_formal_launch.py::TestDeployConfigFailClosed::test_missing_config_fail_closed
PASSED tests/route_c_stage2_6_1/test_curriculum261_qprod_formal_launch.py::TestDeployConfigFailClosed::test_authority_inside_roots_refused
PASSED tests/route_c_stage2_6_1/test_curriculum261_qprod_formal_launch.py::TestFormalPermitBinding::test_valid_formal_permit_passes
PASSED tests/route_c_stage2_6_1/test_curriculum261_qprod_formal_launch.py::TestFormalPermitBinding::test_engineering_permit_cannot_serve_formal
PASSED tests/route_c_stage2_6_1/test_curriculum261_qprod_formal_launch.py::TestFormalPermitBinding::test_formal_permit_cannot_serve_engineering
PASSED tests/route_c_stage2_6_1/test_curriculum261_qprod_formal_launch.py::TestFormalPermitBinding::test_wrong_plan_digest_binding_refused
PASSED tests/route_c_stage2_6_1/test_curriculum261_qprod_formal_launch.py::TestFormalPermitBinding::test_approval_wrong_binding_refused[over0-\u5019]
PASSED tests/route_c_stage2_6_1/test_curriculum261_qprod_formal_launch.py::TestFormalPermitBinding::test_approval_wrong_binding_refused[over1-\u8ba1\u5212]
PASSED tests/route_c_stage2_6_1/test_curriculum261_qprod_formal_launch.py::TestFormalPermitBinding::test_approval_wrong_binding_refused[over2-\u6839]
PASSED tests/route_c_stage2_6_1/test_curriculum261_qprod_formal_launch.py::TestFormalPermitBinding::test_approval_wrong_binding_refused[over3-\u6839]
PASSED tests/route_c_stage2_6_1/test_curriculum261_qprod_formal_launch.py::TestFormalPermitBinding::test_approval_wrong_binding_refused[over4-\u989d\u5ea6]
PASSED tests/route_c_stage2_6_1/test_curriculum261_qprod_formal_launch.py::TestFormalPermitBinding::test_approval_wrong_binding_refused[over5-\u8303\u56f4]
PASSED tests/route_c_stage2_6_1/test_curriculum261_qprod_formal_launch.py::TestFormalPermitBinding::test_tampered_approval_digest_refused
PASSED tests/route_c_stage2_6_1/test_curriculum261_qprod_formal_launch.py::TestFormalLevelALaunch::test_sentinel_stops_at_chain_executor_boundary
PASSED tests/route_c_stage2_6_1/test_curriculum261_qprod_formal_launch.py::TestFormalLevelALaunch::test_full_chain_argv_uses_authoritative_chain_run
PASSED tests/route_c_stage2_6_1/test_curriculum261_qprod_formal_launch.py::TestFormalLevelALaunch::test_no_approval_refused_before_any_side_effect
PASSED tests/route_c_stage2_6_1/test_curriculum261_qprod_formal_launch.py::TestFormalLevelALaunch::test_no_admission_refused
PASSED tests/route_c_stage2_6_1/test_curriculum261_qprod_formal_launch.py::TestFormalLevelALaunch::test_pseudo_freeze_sha_refused
PASSED tests/route_c_stage2_6_1/test_curriculum261_qprod_formal_launch.py::TestFormalLevelALaunch::test_stale_state_refused_before_writes
PASSED tests/route_c_stage2_6_1/test_curriculum261_qprod_formal_launch.py::TestFormalLevelALaunch::test_stop_full_chain_requires_model_update
PASSED tests/route_c_stage2_6_1/test_curriculum261_qprod_formal_launch.py::TestFormalLevelALaunch::test_stop_qualify_rejects_model_update_flag
PASSED tests/route_c_stage2_6_1/test_curriculum261_qprod_formal_launch.py::TestFormalLevelALaunch::test_approval_stop_boundary_must_match
PASSED tests/route_c_stage2_6_1/test_curriculum261_qprod_formal_launch.py::TestFormalLevelALaunch::test_smoke_blocked_when_qualification_fail_or_missing
PASSED tests/route_c_stage2_6_1/test_curriculum261_qprod_formal_launch.py::TestFormalLevelALaunch::test_bounded_plan_marks_not_run_steps
PASSED tests/route_c_stage2_6_1/test_curriculum261_qprod_formal_launch.py::TestFormalLevelBPreflight::test_manifest_walk_zero_generation_repeatable
PASSED tests/route_c_stage2_6_1/test_curriculum261_qprod_formal_launch.py::TestFormalLevelBPreflight::test_preflight_zero_side_effects
PASSED tests/route_c_stage2_6_1/test_curriculum261_qprod_formal_launch.py::TestFormalLevelBPreflight::test_preflight_without_config_reports_not_deployed
PASSED tests/route_c_stage2_6_1/test_curriculum261_qprod_formal_launch.py::TestFormalLevelBRunCoordinate::test_runs_to_real_audit_core_with_sentinel_leaf
PASSED tests/route_c_stage2_6_1/test_curriculum261_qprod_formal_launch.py::TestFormalLevelBRunCoordinate::test_insufficient_positive_quota_refused_before_generation
PASSED tests/route_c_stage2_6_1/test_curriculum261_qprod_formal_launch.py::TestFormalAuthorityCli::test_issue_requires_approval_and_binds_it
PASSED tests/route_c_stage2_6_1/test_curriculum261_qprod_formal_launch.py::TestFormalAuthorityCli::test_tampered_approval_rejected
85 passed in 110.88s (0:01:50)
