........................................................................ [  3%]
........................................................................ [  7%]
........................................................................ [ 10%]
........................................................................ [ 14%]
......................s................................................s [ 18%]
........................................................................ [ 21%]
.....................s.................................................. [ 25%]
........................................................................ [ 28%]
......................................................................s. [ 32%]
........................................................................ [ 36%]
........................................................................ [ 39%]
.......................................................s.s.s............ [ 43%]
........................................................................ [ 46%]
........................................................................ [ 50%]
........................................................................ [ 54%]
........................................................................ [ 57%]
..............R17ALERT {"event":"t06","n":1,"utc":"2026-09-11T12:37:43Z","run_id":"run"}
.R17ALERT {"action":"open","severity":"CRITICAL","incident":{"incident_id":"run-win_free_phys-0","kind":"win_free_phys","detail":"t06 注入","severity":"CRITICAL","first_seen_mono":0.6,"last_seen_mono":0.6,"samples":1,"peak":{},"recovered":false,"stopped_requested":true,"delivered_count":1},"metrics":{},"run_dir":"/tmp/pytest-of-cryptorl/pytest-2/test_t06_stdout_full_pipe_does0/run","note":"停止请求由本地策略执行,不等待模型回复","utc":"2026-09-11T12:37:43Z","run_id":"run"}
......................................................... [ 61%]
........................................................................ [ 65%]
........................................................................ [ 68%]
........................................................................ [ 72%]
........................................................................ [ 75%]
.R17ALERT {"action":"open","severity":"CRITICAL","incident":{"incident_id":"run-storage_ceiling-0","kind":"storage_ceiling","detail":"存储触顶(测试)","severity":"CRITICAL","first_seen_mono":0.0,"last_seen_mono":0.0,"samples":1,"peak":{},"recovered":false,"stopped_requested":true,"delivered_count":1},"metrics":{},"run_dir":"/tmp/pytest-of-cryptorl/pytest-2/test_c09_escalation_survives_c0/run","note":"停止请求由本地策略执行,不等待模型回复","utc":"2026-09-11T12:48:07Z","run_id":"run"}
....................................................................... [ 79%]
........................................................................ [ 83%]
........................................................................ [ 86%]
........................................................................ [ 90%]
........................................................................ [ 93%]
........................................................................ [ 97%]
................................................                         [100%]
=============================== warnings summary ===============================
test_curriculum261_r10_rehearsal.py:18
  /home/cryptorl/projects/crypto_rl/tests/route_c_stage2_6_1/test_curriculum261_r10_rehearsal.py:18: PytestUnknownMarkWarning: Unknown pytest.mark.slow - is this a typo?  You can register custom marks to avoid this warning - for details, see https://docs.pytest.org/en/stable/how-to/mark.html
    @pytest.mark.slow

test_curriculum261_r10_rehearsal.py:87
  /home/cryptorl/projects/crypto_rl/tests/route_c_stage2_6_1/test_curriculum261_r10_rehearsal.py:87: PytestUnknownMarkWarning: Unknown pytest.mark.slow - is this a typo?  You can register custom marks to avoid this warning - for details, see https://docs.pytest.org/en/stable/how-to/mark.html
    @pytest.mark.slow

test_curriculum261_attempts_plan.py::TestDifficultyMetric::test_metric_math_on_report
test_curriculum261_r7_selection.py::test_shared_gate_not_repeated_per_candidate
  /home/cryptorl/miniforge3/envs/freqtrade-rl/lib/python3.11/site-packages/numpy/_core/fromnumeric.py:3824: RuntimeWarning: Mean of empty slice
    return _methods._mean(a, axis=axis, dtype=dtype,

test_curriculum261_attempts_plan.py::TestDifficultyMetric::test_metric_math_on_report
test_curriculum261_r7_selection.py::test_shared_gate_not_repeated_per_candidate
  /home/cryptorl/miniforge3/envs/freqtrade-rl/lib/python3.11/site-packages/numpy/_core/_methods.py:142: RuntimeWarning: invalid value encountered in scalar divide
    ret = ret.dtype.type(ret / rcount)

test_curriculum261_r7_selection.py::test_shared_gate_not_repeated_per_candidate
  /home/cryptorl/miniforge3/envs/freqtrade-rl/lib/python3.11/site-packages/numpy/_core/_methods.py:219: RuntimeWarning: Degrees of freedom <= 0 for slice
    ret = _var(a, axis=axis, dtype=dtype, out=out, ddof=ddof,

test_curriculum261_r7_selection.py::test_shared_gate_not_repeated_per_candidate
  /home/cryptorl/miniforge3/envs/freqtrade-rl/lib/python3.11/site-packages/numpy/_core/_methods.py:178: RuntimeWarning: invalid value encountered in divide
    arrmean = um.true_divide(arrmean, div, out=arrmean,

test_curriculum261_r7_selection.py::test_shared_gate_not_repeated_per_candidate
  /home/cryptorl/miniforge3/envs/freqtrade-rl/lib/python3.11/site-packages/numpy/_core/_methods.py:211: RuntimeWarning: invalid value encountered in scalar divide
    ret = ret.dtype.type(ret / rcount)

-- Docs: https://docs.pytest.org/en/stable/how-to/capture-warnings.html
1985 passed, 7 skipped, 9 warnings in 2199.84s (0:36:39)
