/home/cryptorl/miniforge3/envs/freqtrade-rl/lib/python3.11/site-packages/pandas/io/feather_format.py:178: FutureWarning: pyarrow.feather.read_table is deprecated as of 24.0.0. Use pyarrow.ipc.open_file() / RecordBatchFileReader instead. Feather V2 is the Arrow IPC file format.
  pa_table = feather.read_table(
2026-08-25 15:45:37,302 - freqtrade - INFO - freqtrade 2026.7
2026-08-25 15:45:37,566 - numexpr.utils - INFO - NumExpr defaulting to 12 threads.
2026-08-25 15:45:48,377 - freqtrade.configuration.load_config - INFO - Using config: 
/home/cryptorl/projects/crypto_rl/experiments/freqai_rl_stage2_5/runtime/config_stage25-rc-fd60a4fd52_cache_iso.json ...
2026-08-25 15:45:48,379 - freqtrade.loggers - INFO - Enabling colorized output.
2026-08-25 15:45:48,380 - freqtrade.loggers - INFO - Logfile configured
2026-08-25 15:45:48,380 - freqtrade.loggers - INFO - Verbosity set to 0
2026-08-25 15:45:48,381 - freqtrade.configuration.configuration - INFO - Using max_open_trades: 1 ...
2026-08-25 15:45:48,381 - freqtrade.configuration.configuration - INFO - Parameter --timerange detected: 20260601-20260701 ...
2026-08-25 15:45:48,381 - freqtrade.configuration.configuration - INFO - Using user-data directory: /home/cryptorl/projects/crypto_rl/user_data ...
2026-08-25 15:45:48,382 - freqtrade.configuration.configuration - INFO - Using data directory: /home/cryptorl/projects/crypto_rl/user_data/data/binanceus ...
2026-08-25 15:45:48,382 - freqtrade.configuration.configuration - INFO - Parameter --export detected: signals ...
2026-08-25 15:45:48,382 - freqtrade.configuration.configuration - INFO - Parameter --cache=none detected ...
2026-08-25 15:45:48,382 - freqtrade.configuration.configuration - INFO - Filter trades by timerange: 20260601-20260701
2026-08-25 15:45:48,383 - freqtrade.configuration.configuration - INFO - Using freqaimodel class name: RouteCModel
2026-08-25 15:45:48,383 - freqtrade.exchange.check_exchange - INFO - Checking exchange...
2026-08-25 15:45:48,395 - freqtrade.exchange.check_exchange - INFO - Exchange "binanceus" is officially supported by the Freqtrade development team.
2026-08-25 15:45:48,396 - freqtrade.configuration.configuration - INFO - Using pairlist from configuration.
2026-08-25 15:45:48,396 - freqtrade.configuration.config_validation - INFO - Validating configuration ...
2026-08-25 15:45:48,398 - freqtrade.commands.optimize_commands - INFO - Starting freqtrade in Backtesting mode
2026-08-25 15:45:48,399 - freqtrade.exchange.exchange - INFO - Instance is running with dry_run enabled
2026-08-25 15:45:48,399 - freqtrade.exchange.exchange - INFO - Using CCXT 4.5.68
2026-08-25 15:45:48,399 - freqtrade.exchange.exchange - INFO - Applying additional ccxt config: {'aiohttp_trust_env': True}
2026-08-25 15:45:48,406 - freqtrade.exchange.exchange - INFO - Applying additional ccxt config: {'aiohttp_trust_env': True}
2026-08-25 15:45:48,418 - freqtrade.exchange.exchange - INFO - Using Exchange "Binance US"
2026-08-25 15:45:50,223 - freqtrade.resolvers.exchange_resolver - INFO - Using resolved exchange class 'Binanceus' ...
2026-08-25 15:45:50,314 - freqtrade.resolvers.iresolver - INFO - Using resolved strategy RouteCStrategy from '/home/cryptorl/projects/crypto_rl/user_data/strategies/RouteCStrategy.py'...
2026-08-25 15:45:50,314 - freqtrade.strategy.hyper - INFO - Found no parameter file.
2026-08-25 15:45:50,315 - freqtrade.resolvers.strategy_resolver - INFO - Override strategy 'timeframe' with value from the configuration: 1h.
2026-08-25 15:45:50,315 - freqtrade.resolvers.strategy_resolver - INFO - Override strategy 'stake_currency' with value from the configuration: USDT.
2026-08-25 15:45:50,315 - freqtrade.resolvers.strategy_resolver - INFO - Override strategy 'stake_amount' with value from the configuration: unlimited.
2026-08-25 15:45:50,316 - freqtrade.resolvers.strategy_resolver - INFO - Override strategy 'max_open_trades' with value from the configuration: 1.
2026-08-25 15:45:50,316 - freqtrade.resolvers.strategy_resolver - INFO - Strategy using minimal_roi: {'0': 100}
2026-08-25 15:45:50,316 - freqtrade.resolvers.strategy_resolver - INFO - Strategy using timeframe: 1h
2026-08-25 15:45:50,316 - freqtrade.resolvers.strategy_resolver - INFO - Strategy using stoploss: -0.99
2026-08-25 15:45:50,316 - freqtrade.resolvers.strategy_resolver - INFO - Strategy using trailing_stop: False
2026-08-25 15:45:50,317 - freqtrade.resolvers.strategy_resolver - INFO - Strategy using trailing_stop_positive_offset: 0.0
2026-08-25 15:45:50,317 - freqtrade.resolvers.strategy_resolver - INFO - Strategy using trailing_only_offset_is_reached: False
2026-08-25 15:45:50,317 - freqtrade.resolvers.strategy_resolver - INFO - Strategy using use_custom_stoploss: False
2026-08-25 15:45:50,317 - freqtrade.resolvers.strategy_resolver - INFO - Strategy using process_only_new_candles: True
2026-08-25 15:45:50,318 - freqtrade.resolvers.strategy_resolver - INFO - Strategy using order_types: {'entry': 'limit', 'exit': 'limit', 'stoploss': 'limit', 'stoploss_on_exchange': False, 
'stoploss_on_exchange_interval': 60}
2026-08-25 15:45:50,318 - freqtrade.resolvers.strategy_resolver - INFO - Strategy using order_time_in_force: {'entry': 'GTC', 'exit': 'GTC'}
2026-08-25 15:45:50,318 - freqtrade.resolvers.strategy_resolver - INFO - Strategy using stake_currency: USDT
2026-08-25 15:45:50,318 - freqtrade.resolvers.strategy_resolver - INFO - Strategy using stake_amount: unlimited
2026-08-25 15:45:50,318 - freqtrade.resolvers.strategy_resolver - INFO - Strategy using startup_candle_count: 99
2026-08-25 15:45:50,319 - freqtrade.resolvers.strategy_resolver - INFO - Strategy using use_exit_signal: True
2026-08-25 15:45:50,319 - freqtrade.resolvers.strategy_resolver - INFO - Strategy using exit_profit_only: False
2026-08-25 15:45:50,319 - freqtrade.resolvers.strategy_resolver - INFO - Strategy using ignore_roi_if_entry_signal: False
2026-08-25 15:45:50,319 - freqtrade.resolvers.strategy_resolver - INFO - Strategy using exit_profit_offset: 0.0
2026-08-25 15:45:50,319 - freqtrade.resolvers.strategy_resolver - INFO - Strategy using disable_dataframe_checks: False
2026-08-25 15:45:50,319 - freqtrade.resolvers.strategy_resolver - INFO - Strategy using ignore_buying_expired_candle_after: 0
2026-08-25 15:45:50,320 - freqtrade.resolvers.strategy_resolver - INFO - Strategy using position_adjustment_enable: False
2026-08-25 15:45:50,320 - freqtrade.resolvers.strategy_resolver - INFO - Strategy using max_entry_position_adjustment: -1
2026-08-25 15:45:50,320 - freqtrade.resolvers.strategy_resolver - INFO - Strategy using max_open_trades: 1
2026-08-25 15:45:50,320 - freqtrade.configuration.config_validation - INFO - Validating configuration ...
2026-08-25 15:45:50,351 - freqtrade.resolvers.iresolver - INFO - Using resolved pairlist StaticPairList from 
'/home/cryptorl/projects/crypto_rl/vendor/freqtrade/freqtrade/plugins/pairlist/StaticPairList.py'...
2026-08-25 15:45:50,353 - freqtrade.optimize.backtesting - INFO - Using fee 0.1000% from config.
2026-08-25 15:45:50,354 - freqtrade.data.dataprovider - INFO - Increasing startup_candle_count for freqai on 1h to 819
2026-08-25 15:45:50,606 - freqtrade.optimize.backtesting - INFO - Loading data from 2026-04-27 21:00:00 up to 2026-07-01 00:00:00 (64 days).
2026-08-25 15:45:50,623 - freqtrade.optimize.backtesting - INFO - Dataload complete. Calculating indicators
2026-08-25 15:45:50,624 - freqtrade.optimize.backtesting - INFO - Running backtesting for Strategy RouteCStrategy
2026-08-25 15:46:08,278 - freqtrade.resolvers.iresolver - INFO - Using resolved freqaimodel RouteCModel from '/home/cryptorl/projects/crypto_rl/user_data/freqaimodels/RouteCModel.py'...
2026-08-25 15:46:08,287 - freqtrade.freqai.freqai_interface - INFO - Backtesting module configured to save all models.
2026-08-25 15:46:08,287 - freqtrade.freqai.data_drawer - INFO - Could not find existing datadrawer, starting from scratch
2026-08-25 15:46:08,288 - freqtrade.freqai.data_drawer - INFO - Could not find existing historic_predictions, starting from scratch
2026-08-25 15:46:08,288 - freqtrade.freqai.freqai_interface - INFO - Set fresh train queue from whitelist. Queue: ['BTC/USDT']
2026-08-25 15:46:08,305 - freqtrade.freqai.freqai_interface - INFO - Training 5 timeranges
2026-08-25 15:46:08,307 - freqtrade.freqai.freqai_interface - INFO - Training BTC/USDT, 1/1 pairs from 2026-05-02 00:00:00 to 2026-06-01 00:00:00, 1/5 trains
2026-08-25 15:46:08,307 - freqtrade.freqai.data_kitchen - INFO - Could not find backtesting prediction file at 
/home/cryptorl/projects/crypto_rl/user_data/models/stage25-rc-fd60a4fd52/backtesting_predictions/cb_btc_1780272000_prediction.feather
2026-08-25 15:46:08,326 - freqtrade.freqai.freqai_interface - INFO - Could not find model at 
/home/cryptorl/projects/crypto_rl/user_data/models/stage25-rc-fd60a4fd52/sub-train-BTC_1780272000/cb_btc_1780272000
2026-08-25 15:46:08,326 - freqtrade.freqai.RL.BaseReinforcementLearningModel - INFO - --------------------Starting training BTC/USDT --------------------
2026-08-25 15:46:08,330 - freqtrade.freqai.data_kitchen - INFO - BTC/USDT: dropped 0 training points due to NaNs in populated dataset 720.
2026-08-25 15:46:08,341 - freqtrade.freqai.RL.BaseReinforcementLearningModel - INFO - Training model on 4 features and 482 data points
2026-08-25 15:46:16,357 - RouteCModel - INFO - RouteC PPO 训练完成: timesteps=482 device=cpu seed=43
2026-08-25 15:46:16,391 - freqtrade.freqai.RL.BaseReinforcementLearningModel - INFO - --------------------done training BTC/USDT--------------------
2026-08-25 15:46:16,391 - freqtrade.freqai.freqai_interface - INFO - Saving backtest model to disk.
2026-08-25 15:46:16,489 - RouteCModel - INFO - RouteC 顺序推理: 窗口行数=168, 窗口末目标仓位=0
/home/cryptorl/miniforge3/envs/freqtrade-rl/lib/python3.11/site-packages/pandas/io/feather_format.py:77: FutureWarning: pyarrow.feather.write_feather is deprecated as of 24.0.0. Use pyarrow.ipc.new_file() / RecordBatchFileWriter instead. Feather V2 is the Arrow IPC file format.
  feather.write_feather(df, handles.handle, **kwargs)
2026-08-25 15:46:16,497 - freqtrade.freqai.freqai_interface - INFO - Training BTC/USDT, 1/1 pairs from 2026-05-09 00:00:00 to 2026-06-08 00:00:00, 2/5 trains
2026-08-25 15:46:16,498 - freqtrade.freqai.data_kitchen - INFO - Could not find backtesting prediction file at 
/home/cryptorl/projects/crypto_rl/user_data/models/stage25-rc-fd60a4fd52/backtesting_predictions/cb_btc_1780876800_prediction.feather
2026-08-25 15:46:16,503 - freqtrade.freqai.freqai_interface - INFO - Could not find model at 
/home/cryptorl/projects/crypto_rl/user_data/models/stage25-rc-fd60a4fd52/sub-train-BTC_1780876800/cb_btc_1780876800
2026-08-25 15:46:16,504 - freqtrade.freqai.RL.BaseReinforcementLearningModel - INFO - --------------------Starting training BTC/USDT --------------------
2026-08-25 15:46:16,508 - freqtrade.freqai.data_kitchen - INFO - BTC/USDT: dropped 0 training points due to NaNs in populated dataset 720.
2026-08-25 15:46:16,514 - freqtrade.freqai.RL.BaseReinforcementLearningModel - INFO - Training model on 4 features and 482 data points
2026-08-25 15:46:17,992 - RouteCModel - INFO - RouteC PPO 训练完成: timesteps=482 device=cpu seed=43
2026-08-25 15:46:17,993 - freqtrade.freqai.RL.BaseReinforcementLearningModel - INFO - --------------------done training BTC/USDT--------------------
2026-08-25 15:46:17,993 - freqtrade.freqai.freqai_interface - INFO - Saving backtest model to disk.
2026-08-25 15:46:18,041 - RouteCModel - INFO - RouteC 顺序推理: 窗口行数=168, 窗口末目标仓位=0
/home/cryptorl/miniforge3/envs/freqtrade-rl/lib/python3.11/site-packages/pandas/io/feather_format.py:77: FutureWarning: pyarrow.feather.write_feather is deprecated as of 24.0.0. Use pyarrow.ipc.new_file() / RecordBatchFileWriter instead. Feather V2 is the Arrow IPC file format.
  feather.write_feather(df, handles.handle, **kwargs)
2026-08-25 15:46:18,047 - freqtrade.freqai.freqai_interface - INFO - Training BTC/USDT, 1/1 pairs from 2026-05-16 00:00:00 to 2026-06-15 00:00:00, 3/5 trains
2026-08-25 15:46:18,047 - freqtrade.freqai.data_kitchen - INFO - Could not find backtesting prediction file at 
/home/cryptorl/projects/crypto_rl/user_data/models/stage25-rc-fd60a4fd52/backtesting_predictions/cb_btc_1781481600_prediction.feather
2026-08-25 15:46:18,052 - freqtrade.freqai.freqai_interface - INFO - Could not find model at 
/home/cryptorl/projects/crypto_rl/user_data/models/stage25-rc-fd60a4fd52/sub-train-BTC_1781481600/cb_btc_1781481600
2026-08-25 15:46:18,053 - freqtrade.freqai.RL.BaseReinforcementLearningModel - INFO - --------------------Starting training BTC/USDT --------------------
2026-08-25 15:46:18,056 - freqtrade.freqai.data_kitchen - INFO - BTC/USDT: dropped 0 training points due to NaNs in populated dataset 720.
2026-08-25 15:46:18,062 - freqtrade.freqai.RL.BaseReinforcementLearningModel - INFO - Training model on 4 features and 482 data points
2026-08-25 15:46:19,572 - RouteCModel - INFO - RouteC PPO 训练完成: timesteps=482 device=cpu seed=43
2026-08-25 15:46:19,572 - freqtrade.freqai.RL.BaseReinforcementLearningModel - INFO - --------------------done training BTC/USDT--------------------
2026-08-25 15:46:19,573 - freqtrade.freqai.freqai_interface - INFO - Saving backtest model to disk.
2026-08-25 15:46:19,625 - RouteCModel - INFO - RouteC 顺序推理: 窗口行数=168, 窗口末目标仓位=0
/home/cryptorl/miniforge3/envs/freqtrade-rl/lib/python3.11/site-packages/pandas/io/feather_format.py:77: FutureWarning: pyarrow.feather.write_feather is deprecated as of 24.0.0. Use pyarrow.ipc.new_file() / RecordBatchFileWriter instead. Feather V2 is the Arrow IPC file format.
  feather.write_feather(df, handles.handle, **kwargs)
2026-08-25 15:46:19,631 - freqtrade.freqai.freqai_interface - INFO - Training BTC/USDT, 1/1 pairs from 2026-05-23 00:00:00 to 2026-06-22 00:00:00, 4/5 trains
2026-08-25 15:46:19,631 - freqtrade.freqai.data_kitchen - INFO - Could not find backtesting prediction file at 
/home/cryptorl/projects/crypto_rl/user_data/models/stage25-rc-fd60a4fd52/backtesting_predictions/cb_btc_1782086400_prediction.feather
2026-08-25 15:46:19,635 - freqtrade.freqai.freqai_interface - INFO - Could not find model at 
/home/cryptorl/projects/crypto_rl/user_data/models/stage25-rc-fd60a4fd52/sub-train-BTC_1782086400/cb_btc_1782086400
2026-08-25 15:46:19,636 - freqtrade.freqai.RL.BaseReinforcementLearningModel - INFO - --------------------Starting training BTC/USDT --------------------
2026-08-25 15:46:19,639 - freqtrade.freqai.data_kitchen - INFO - BTC/USDT: dropped 0 training points due to NaNs in populated dataset 720.
2026-08-25 15:46:19,646 - freqtrade.freqai.RL.BaseReinforcementLearningModel - INFO - Training model on 4 features and 482 data points
2026-08-25 15:46:21,203 - RouteCModel - INFO - RouteC PPO 训练完成: timesteps=482 device=cpu seed=43
2026-08-25 15:46:21,204 - freqtrade.freqai.RL.BaseReinforcementLearningModel - INFO - --------------------done training BTC/USDT--------------------
2026-08-25 15:46:21,204 - freqtrade.freqai.freqai_interface - INFO - Saving backtest model to disk.
2026-08-25 15:46:21,254 - RouteCModel - INFO - RouteC 顺序推理: 窗口行数=168, 窗口末目标仓位=0
/home/cryptorl/miniforge3/envs/freqtrade-rl/lib/python3.11/site-packages/pandas/io/feather_format.py:77: FutureWarning: pyarrow.feather.write_feather is deprecated as of 24.0.0. Use pyarrow.ipc.new_file() / RecordBatchFileWriter instead. Feather V2 is the Arrow IPC file format.
  feather.write_feather(df, handles.handle, **kwargs)
2026-08-25 15:46:21,259 - freqtrade.freqai.freqai_interface - INFO - Training BTC/USDT, 1/1 pairs from 2026-05-30 00:00:00 to 2026-06-29 00:00:00, 5/5 trains
2026-08-25 15:46:21,260 - freqtrade.freqai.data_kitchen - INFO - Could not find backtesting prediction file at 
/home/cryptorl/projects/crypto_rl/user_data/models/stage25-rc-fd60a4fd52/backtesting_predictions/cb_btc_1782691200_prediction.feather
2026-08-25 15:46:21,265 - freqtrade.freqai.freqai_interface - INFO - Could not find model at 
/home/cryptorl/projects/crypto_rl/user_data/models/stage25-rc-fd60a4fd52/sub-train-BTC_1782691200/cb_btc_1782691200
2026-08-25 15:46:21,265 - freqtrade.freqai.RL.BaseReinforcementLearningModel - INFO - --------------------Starting training BTC/USDT --------------------
2026-08-25 15:46:21,269 - freqtrade.freqai.data_kitchen - INFO - BTC/USDT: dropped 0 training points due to NaNs in populated dataset 720.
2026-08-25 15:46:21,275 - freqtrade.freqai.RL.BaseReinforcementLearningModel - INFO - Training model on 4 features and 482 data points
2026-08-25 15:46:22,809 - RouteCModel - INFO - RouteC PPO 训练完成: timesteps=482 device=cpu seed=43
2026-08-25 15:46:22,810 - freqtrade.freqai.RL.BaseReinforcementLearningModel - INFO - --------------------done training BTC/USDT--------------------
2026-08-25 15:46:22,810 - freqtrade.freqai.freqai_interface - INFO - Saving backtest model to disk.
2026-08-25 15:46:22,837 - RouteCModel - INFO - RouteC 顺序推理: 窗口行数=48, 窗口末目标仓位=0
/home/cryptorl/miniforge3/envs/freqtrade-rl/lib/python3.11/site-packages/pandas/io/feather_format.py:77: FutureWarning: pyarrow.feather.write_feather is deprecated as of 24.0.0. Use pyarrow.ipc.new_file() / RecordBatchFileWriter instead. Feather V2 is the Arrow IPC file format.
  feather.write_feather(df, handles.handle, **kwargs)
2026-08-25 15:46:22,847 - freqtrade.optimize.backtesting - INFO - Backtesting with data from 2026-06-01 00:00:00 up to 2026-07-01 00:00:00 (30 days).
backtest ━━━━━━━━━━━━━━━━━━━━━━━━━━━━━━━━━━━━━━━━━━━━━━━━━━━━━━━━━━━━━━━━━━━━━━━━━━━━━━━━━━━━━━━━━━━━━━━━━━━━━━━━━━━━━━━━━━━━━━━━━━━━━━━━━━━━━━━━━━━━━━━━━━━━━━━━━━━━━━ 4/4     100% • 0:00:32 • 0:00:00
backtest ━━━━━━━━━━━━━━━━━━━━━━━━━━━━━━━━━━━━━━━━━━━━━━━━━━━━━━━━━━━━━━━━━━━━━━━━━━━━━━━━━━━━━━━━━━━━━━━━━━━━━━━━━━━━━━━━━━━━━━━━━━━━━━━━━━━━━━━━━━━━━━━━━━━━━━━━━━━━━━ 720/720 100% • 0:00:32 • 0:00:00
2026-08-25 15:46:23,149 - freqtrade.misc - INFO - dumping json to "/home/cryptorl/projects/crypto_rl/user_data/backtest_results/backtest-result-2026-08-25_15-46-23.meta.json"
/home/cryptorl/miniforge3/envs/freqtrade-rl/lib/python3.11/site-packages/pandas/io/feather_format.py:77: FutureWarning: pyarrow.feather.write_feather is deprecated as of 24.0.0. Use pyarrow.ipc.new_file() / RecordBatchFileWriter instead. Feather V2 is the Arrow IPC file format.
  feather.write_feather(df, handles.handle, **kwargs)
/home/cryptorl/miniforge3/envs/freqtrade-rl/lib/python3.11/site-packages/pandas/io/feather_format.py:77: FutureWarning: pyarrow.feather.write_feather is deprecated as of 24.0.0. Use pyarrow.ipc.new_file() / RecordBatchFileWriter instead. Feather V2 is the Arrow IPC file format.
  feather.write_feather(df, handles.handle, **kwargs)
Result for strategy RouteCStrategy
                                             BACKTESTING REPORT                                              
┏━━━━━━━━━━┳━━━━━━━━┳━━━━━━━━━━━━━━┳━━━━━━━━━━━━━━━━━┳━━━━━━━━━━━━━━┳━━━━━━━━━━━━━━┳━━━━━━━━━━━━━━━━━━━━━━━━┓
┃     Pair ┃ Trades ┃ Avg Profit % ┃ Tot Profit USDT ┃ Tot Profit % ┃ Avg Duration ┃  Win  Draw  Loss  Win% ┃
┡━━━━━━━━━━╇━━━━━━━━╇━━━━━━━━━━━━━━╇━━━━━━━━━━━━━━━━━╇━━━━━━━━━━━━━━╇━━━━━━━━━━━━━━╇━━━━━━━━━━━━━━━━━━━━━━━━┩
│ BTC/USDT │     24 │        -0.21 │          -4.818 │        -4.82 │      1:02:00 │    9     0    15  37.5 │
│    TOTAL │     24 │        -0.21 │          -4.818 │        -4.82 │      1:02:00 │    9     0    15  37.5 │
└──────────┴────────┴──────────────┴─────────────────┴──────────────┴──────────────┴────────────────────────┘
                                         LEFT OPEN TRADES REPORT                                          
┏━━━━━━━┳━━━━━━━━┳━━━━━━━━━━━━━━┳━━━━━━━━━━━━━━━━━┳━━━━━━━━━━━━━━┳━━━━━━━━━━━━━━┳━━━━━━━━━━━━━━━━━━━━━━━━┓
┃  Pair ┃ Trades ┃ Avg Profit % ┃ Tot Profit USDT ┃ Tot Profit % ┃ Avg Duration ┃  Win  Draw  Loss  Win% ┃
┡━━━━━━━╇━━━━━━━━╇━━━━━━━━━━━━━━╇━━━━━━━━━━━━━━━━━╇━━━━━━━━━━━━━━╇━━━━━━━━━━━━━━╇━━━━━━━━━━━━━━━━━━━━━━━━┩
│ TOTAL │      0 │          0.0 │           0.000 │          0.0 │         0:00 │    0     0     0     0 │
└───────┴────────┴──────────────┴─────────────────┴──────────────┴──────────────┴────────────────────────┘
                                                  ENTER TAG STATS                                                   
┏━━━━━━━━━━━━━━━━┳━━━━━━━━━┳━━━━━━━━━━━━━━┳━━━━━━━━━━━━━━━━━┳━━━━━━━━━━━━━━┳━━━━━━━━━━━━━━┳━━━━━━━━━━━━━━━━━━━━━━━━┓
┃      Enter Tag ┃ Entries ┃ Avg Profit % ┃ Tot Profit USDT ┃ Tot Profit % ┃ Avg Duration ┃  Win  Draw  Loss  Win% ┃
┡━━━━━━━━━━━━━━━━╇━━━━━━━━━╇━━━━━━━━━━━━━━╇━━━━━━━━━━━━━━━━━╇━━━━━━━━━━━━━━╇━━━━━━━━━━━━━━╇━━━━━━━━━━━━━━━━━━━━━━━━┩
│ route_c_target │      24 │        -0.21 │          -4.818 │        -4.82 │      1:02:00 │    9     0    15  37.5 │
│          TOTAL │      24 │        -0.21 │          -4.818 │        -4.82 │      1:02:00 │    9     0    15  37.5 │
└────────────────┴─────────┴──────────────┴─────────────────┴──────────────┴──────────────┴────────────────────────┘
                                               EXIT REASON STATS                                               
┏━━━━━━━━━━━━━┳━━━━━━━┳━━━━━━━━━━━━━━┳━━━━━━━━━━━━━━━━━┳━━━━━━━━━━━━━━┳━━━━━━━━━━━━━━┳━━━━━━━━━━━━━━━━━━━━━━━━┓
┃ Exit Reason ┃ Exits ┃ Avg Profit % ┃ Tot Profit USDT ┃ Tot Profit % ┃ Avg Duration ┃  Win  Draw  Loss  Win% ┃
┡━━━━━━━━━━━━━╇━━━━━━━╇━━━━━━━━━━━━━━╇━━━━━━━━━━━━━━━━━╇━━━━━━━━━━━━━━╇━━━━━━━━━━━━━━╇━━━━━━━━━━━━━━━━━━━━━━━━┩
│ exit_signal │    24 │        -0.21 │          -4.818 │        -4.82 │      1:02:00 │    9     0    15  37.5 │
│       TOTAL │    24 │        -0.21 │          -4.818 │        -4.82 │      1:02:00 │    9     0    15  37.5 │
└─────────────┴───────┴──────────────┴─────────────────┴──────────────┴──────────────┴────────────────────────┘
                                                         MIXED TAG STATS                                                         
┏━━━━━━━━━━━━━━━━┳━━━━━━━━━━━━━┳━━━━━━━━┳━━━━━━━━━━━━━━┳━━━━━━━━━━━━━━━━━┳━━━━━━━━━━━━━━┳━━━━━━━━━━━━━━┳━━━━━━━━━━━━━━━━━━━━━━━━┓
┃      Enter Tag ┃ Exit Reason ┃ Trades ┃ Avg Profit % ┃ Tot Profit USDT ┃ Tot Profit % ┃ Avg Duration ┃  Win  Draw  Loss  Win% ┃
┡━━━━━━━━━━━━━━━━╇━━━━━━━━━━━━━╇━━━━━━━━╇━━━━━━━━━━━━━━╇━━━━━━━━━━━━━━━━━╇━━━━━━━━━━━━━━╇━━━━━━━━━━━━━━╇━━━━━━━━━━━━━━━━━━━━━━━━┩
│ route_c_target │ exit_signal │     24 │        -0.21 │          -4.818 │        -4.82 │      1:02:00 │    9     0    15  37.5 │
│          TOTAL │             │     24 │        -0.21 │          -4.818 │        -4.82 │      1:02:00 │    9     0    15  37.5 │
└────────────────┴─────────────┴────────┴──────────────┴─────────────────┴──────────────┴──────────────┴────────────────────────┘
                                   SUMMARY METRICS                                    
┏━━━━━━━━━━━━━━━━━━━━━━━━━━━━━━━━━━━━━━━━┳━━━━━━━━━━━━━━━━━━━━━━━━━━━━━━━━━━━━━━━━━━━┓
┃ Metric                                 ┃ Value                                     ┃
┡━━━━━━━━━━━━━━━━━━━━━━━━━━━━━━━━━━━━━━━━╇━━━━━━━━━━━━━━━━━━━━━━━━━━━━━━━━━━━━━━━━━━━┩
│ Backtesting from                       │ 2026-06-01 00:00:00                       │
│ Backtesting to                         │ 2026-07-01 00:00:00                       │
│ Trading Mode                           │ Spot                                      │
│ Max open trades                        │ 1                                         │
│                                        │                                           │
│ Total/Daily Avg Trades                 │ 24 / 0.8                                  │
│ Starting balance                       │ 100 USDT                                  │
│ Final balance                          │ 95.182 USDT                               │
│ Absolute profit                        │ -4.818 USDT                               │
│ Total profit %                         │ -4.82%                                    │
│ CAGR %                                 │ -45.16%                                   │
│ Sharpe (closed trades)                 │ -10.10                                    │
│ Sortino (closed trades)                │ -12.11                                    │
│ Calmar (closed trades)                 │ -60.54                                    │
│ SQN                                    │ -3.17                                     │
│ Mean profit p-value                    │ 0.00429                                   │
│ Profit factor                          │ 0.14                                      │
│ Expectancy (Ratio)                     │ -0.20 (-0.54)                             │
│ Avg. daily profit                      │ -0.161 USDT                               │
│ Avg. stake amount                      │ 96.856 USDT                               │
│ Market change                          │ -20.75%                                   │
│ Total trade volume                     │ 4653.558 USDT                             │
│                                        │                                           │
│ Best Pair                              │ BTC/USDT -4.82%                           │
│ Worst Pair                             │ BTC/USDT -4.82%                           │
│ Best trade                             │ BTC/USDT 0.31%                            │
│ Worst trade                            │ BTC/USDT -0.97%                           │
│ Best day                               │ 0 USDT                                    │
│ Worst day                              │ -1.931 USDT                               │
│ Days win/draw/lose                     │ 0 / 2 / 4                                 │
│ Min/Max/Avg. Duration Winners          │ 0d 01:00 / 0d 02:00 / 0d 01:07            │
│ Min/Max/Avg. Duration Losers           │ 0d 01:00 / 0d 01:00 / 0d 01:00            │
│ Max Consecutive Wins / Loss            │ 2 / 5                                     │
│ Rejected Entry signals                 │ 0                                         │
│ Entry/Exit Timeouts                    │ 0 / 0                                     │
│                                        │                                           │
│ Min/Max balance (closed trades)        │ 95.061 USDT / 100.136 USDT                │
│ Max % of account underwater            │ 5.07%                                     │
│ Absolute drawdown                      │ 5.075 USDT (5.07%)                        │
│ Drawdown duration                      │ 5 days 15:00:00                           │
│ Profit at drawdown start               │ 0.136 USDT                                │
│ Profit at drawdown end                 │ -4.939 USDT                               │
│ Drawdown start                         │ 2026-06-09 02:00:00                       │
│ Drawdown end                           │ 2026-06-14 17:00:00                       │
│                                        │                                           │
│ Wallet based Metrics                   │                                           │
│ Min/Max balance (wallet balance)       │ 95.061 USDT / 100.335 USDT                │
│ Min/Max balance dates (wallet balance) │ 2026-06-14 18:00:00 / 2026-06-09 02:00:00 │
│ Max % of account underwater (balance)  │ 5.26%                                     │
│ Absolute drawdown (wallet balance)     │ 5.274 USDT (5.26%)                        │
│ Drawdown duration                      │ 5 days 16:00:00                           │
│ Profit at drawdown start               │ 0.335 USDT                                │
│ Profit at drawdown end                 │ -4.939 USDT                               │
│ Drawdown start                         │ 2026-06-09 02:00:00                       │
│ Drawdown end                           │ 2026-06-14 18:00:00                       │
│ Sharpe (daily wallet balance)          │ -6.59                                     │
│ Sortino (daily wallet balance)         │ -5.05                                     │
│ Calmar (daily wallet balance)          │ -60.38                                    │
└────────────────────────────────────────┴───────────────────────────────────────────┘

Backtested 2026-06-01 00:00:00 -> 2026-07-01 00:00:00 | Max open trades : 1
                                                           STRATEGY SUMMARY                                                            
┏━━━━━━━━━━━━━━━━┳━━━━━━━━┳━━━━━━━━━━━━━━┳━━━━━━━━━━━━━━━━━┳━━━━━━━━━━━━━━┳━━━━━━━━━━━━━━┳━━━━━━━━━━━━━━━━━━━━━━━━┳━━━━━━━━━━━━━━━━━━━┓
┃       Strategy ┃ Trades ┃ Avg Profit % ┃ Tot Profit USDT ┃ Tot Profit % ┃ Avg Duration ┃  Win  Draw  Loss  Win% ┃          Drawdown ┃
┡━━━━━━━━━━━━━━━━╇━━━━━━━━╇━━━━━━━━━━━━━━╇━━━━━━━━━━━━━━━━━╇━━━━━━━━━━━━━━╇━━━━━━━━━━━━━━╇━━━━━━━━━━━━━━━━━━━━━━━━╇━━━━━━━━━━━━━━━━━━━┩
│ RouteCStrategy │     24 │        -0.21 │          -4.818 │        -4.82 │      1:02:00 │    9     0    15  37.5 │ 5.075 USDT  5.07% │
└────────────────┴────────┴──────────────┴─────────────────┴──────────────┴──────────────┴────────────────────────┴───────────────────┘
[run_experiment] fingerprint=fd60a4fd52812430831073af23bf0bf7ef0e85b348c5dffb40b3c9bf2948baac
[run_experiment] identifier=stage25-rc-fd60a4fd52
[run_experiment] data_slice={'sha256': 'cea1349c564688243ec90df020cfb2a03bae212cf1c2a118864147532a82250a', 'bars': 720, 'first': '2026-06-01 00:00:00+00:00', 'last': '2026-06-30 23:00:00+00:00', 'source_file': 'BTC_USDT-1h.feather'}
[run_experiment] manifest -> /home/cryptorl/projects/crypto_rl/experiments/freqai_rl_stage2_5/runtime/manifest_stage25-rc-fd60a4fd52_cache_iso.json
[run_experiment] config -> /home/cryptorl/projects/crypto_rl/experiments/freqai_rl_stage2_5/runtime/config_stage25-rc-fd60a4fd52_cache_iso.json
[run_experiment] freqtrade backtesting --config /home/cryptorl/projects/crypto_rl/experiments/freqai_rl_stage2_5/runtime/config_stage25-rc-fd60a4fd52_cache_iso.json --userdir /home/cryptorl/projects/crypto_rl/user_data --strategy RouteCStrategy --freqaimodel RouteCModel --timerange 20260601-20260701 --cache none --export signals
[run_experiment] freqtrade 退出码 0
