/home/cryptorl/miniforge3/envs/freqtrade-rl/lib/python3.11/site-packages/pandas/io/feather_format.py:178: FutureWarning: pyarrow.feather.read_table is deprecated as of 24.0.0. Use pyarrow.ipc.open_file() / RecordBatchFileReader instead. Feather V2 is the Arrow IPC file format.
  pa_table = feather.read_table(
2026-08-25 15:27:13,372 - freqtrade - INFO - freqtrade 2026.7
2026-08-25 15:27:13,655 - numexpr.utils - INFO - NumExpr defaulting to 12 threads.
2026-08-25 15:27:25,403 - freqtrade.configuration.load_config - INFO - Using config: /home/cryptorl/projects/crypto_rl/experiments/freqai_rl_stage2_5/runtime/config_stage25-rc-b6259bb8d5_ppo_base.json
...
2026-08-25 15:27:25,405 - freqtrade.loggers - INFO - Enabling colorized output.
2026-08-25 15:27:25,406 - freqtrade.loggers - INFO - Logfile configured
2026-08-25 15:27:25,406 - freqtrade.loggers - INFO - Verbosity set to 0
2026-08-25 15:27:25,406 - freqtrade.configuration.configuration - INFO - Using max_open_trades: 1 ...
2026-08-25 15:27:25,407 - freqtrade.configuration.configuration - INFO - Parameter --timerange detected: 20260601-20260701 ...
2026-08-25 15:27:25,407 - freqtrade.configuration.configuration - INFO - Using user-data directory: /home/cryptorl/projects/crypto_rl/user_data ...
2026-08-25 15:27:25,407 - freqtrade.configuration.configuration - INFO - Using data directory: /home/cryptorl/projects/crypto_rl/user_data/data/binanceus ...
2026-08-25 15:27:25,408 - freqtrade.configuration.configuration - INFO - Parameter --export detected: signals ...
2026-08-25 15:27:25,408 - freqtrade.configuration.configuration - INFO - Parameter --cache=none detected ...
2026-08-25 15:27:25,408 - freqtrade.configuration.configuration - INFO - Filter trades by timerange: 20260601-20260701
2026-08-25 15:27:25,408 - freqtrade.configuration.configuration - INFO - Using freqaimodel class name: RouteCModel
2026-08-25 15:27:25,409 - freqtrade.exchange.check_exchange - INFO - Checking exchange...
2026-08-25 15:27:25,422 - freqtrade.exchange.check_exchange - INFO - Exchange "binanceus" is officially supported by the Freqtrade development team.
2026-08-25 15:27:25,423 - freqtrade.configuration.configuration - INFO - Using pairlist from configuration.
2026-08-25 15:27:25,423 - freqtrade.configuration.config_validation - INFO - Validating configuration ...
2026-08-25 15:27:25,426 - freqtrade.commands.optimize_commands - INFO - Starting freqtrade in Backtesting mode
2026-08-25 15:27:25,427 - freqtrade.exchange.exchange - INFO - Instance is running with dry_run enabled
2026-08-25 15:27:25,427 - freqtrade.exchange.exchange - INFO - Using CCXT 4.5.68
2026-08-25 15:27:25,427 - freqtrade.exchange.exchange - INFO - Applying additional ccxt config: {'aiohttp_trust_env': True}
2026-08-25 15:27:25,435 - freqtrade.exchange.exchange - INFO - Applying additional ccxt config: {'aiohttp_trust_env': True}
2026-08-25 15:27:25,450 - freqtrade.exchange.exchange - INFO - Using Exchange "Binance US"
2026-08-25 15:27:26,867 - freqtrade.resolvers.exchange_resolver - INFO - Using resolved exchange class 'Binanceus' ...
2026-08-25 15:27:26,961 - freqtrade.resolvers.iresolver - INFO - Using resolved strategy RouteCStrategy from '/home/cryptorl/projects/crypto_rl/user_data/strategies/RouteCStrategy.py'...
2026-08-25 15:27:26,961 - freqtrade.strategy.hyper - INFO - Found no parameter file.
2026-08-25 15:27:26,962 - freqtrade.resolvers.strategy_resolver - INFO - Override strategy 'timeframe' with value from the configuration: 1h.
2026-08-25 15:27:26,962 - freqtrade.resolvers.strategy_resolver - INFO - Override strategy 'stake_currency' with value from the configuration: USDT.
2026-08-25 15:27:26,962 - freqtrade.resolvers.strategy_resolver - INFO - Override strategy 'stake_amount' with value from the configuration: unlimited.
2026-08-25 15:27:26,962 - freqtrade.resolvers.strategy_resolver - INFO - Override strategy 'max_open_trades' with value from the configuration: 1.
2026-08-25 15:27:26,963 - freqtrade.resolvers.strategy_resolver - INFO - Strategy using minimal_roi: {'0': 100}
2026-08-25 15:27:26,963 - freqtrade.resolvers.strategy_resolver - INFO - Strategy using timeframe: 1h
2026-08-25 15:27:26,963 - freqtrade.resolvers.strategy_resolver - INFO - Strategy using stoploss: -0.99
2026-08-25 15:27:26,963 - freqtrade.resolvers.strategy_resolver - INFO - Strategy using trailing_stop: False
2026-08-25 15:27:26,963 - freqtrade.resolvers.strategy_resolver - INFO - Strategy using trailing_stop_positive_offset: 0.0
2026-08-25 15:27:26,964 - freqtrade.resolvers.strategy_resolver - INFO - Strategy using trailing_only_offset_is_reached: False
2026-08-25 15:27:26,964 - freqtrade.resolvers.strategy_resolver - INFO - Strategy using use_custom_stoploss: False
2026-08-25 15:27:26,964 - freqtrade.resolvers.strategy_resolver - INFO - Strategy using process_only_new_candles: True
2026-08-25 15:27:26,964 - freqtrade.resolvers.strategy_resolver - INFO - Strategy using order_types: {'entry': 'limit', 'exit': 'limit', 'stoploss': 'limit', 'stoploss_on_exchange': False, 
'stoploss_on_exchange_interval': 60}
2026-08-25 15:27:26,964 - freqtrade.resolvers.strategy_resolver - INFO - Strategy using order_time_in_force: {'entry': 'GTC', 'exit': 'GTC'}
2026-08-25 15:27:26,964 - freqtrade.resolvers.strategy_resolver - INFO - Strategy using stake_currency: USDT
2026-08-25 15:27:26,965 - freqtrade.resolvers.strategy_resolver - INFO - Strategy using stake_amount: unlimited
2026-08-25 15:27:26,965 - freqtrade.resolvers.strategy_resolver - INFO - Strategy using startup_candle_count: 99
2026-08-25 15:27:26,965 - freqtrade.resolvers.strategy_resolver - INFO - Strategy using use_exit_signal: True
2026-08-25 15:27:26,965 - freqtrade.resolvers.strategy_resolver - INFO - Strategy using exit_profit_only: False
2026-08-25 15:27:26,965 - freqtrade.resolvers.strategy_resolver - INFO - Strategy using ignore_roi_if_entry_signal: False
2026-08-25 15:27:26,965 - freqtrade.resolvers.strategy_resolver - INFO - Strategy using exit_profit_offset: 0.0
2026-08-25 15:27:26,966 - freqtrade.resolvers.strategy_resolver - INFO - Strategy using disable_dataframe_checks: False
2026-08-25 15:27:26,966 - freqtrade.resolvers.strategy_resolver - INFO - Strategy using ignore_buying_expired_candle_after: 0
2026-08-25 15:27:26,966 - freqtrade.resolvers.strategy_resolver - INFO - Strategy using position_adjustment_enable: False
2026-08-25 15:27:26,966 - freqtrade.resolvers.strategy_resolver - INFO - Strategy using max_entry_position_adjustment: -1
2026-08-25 15:27:26,966 - freqtrade.resolvers.strategy_resolver - INFO - Strategy using max_open_trades: 1
2026-08-25 15:27:26,967 - freqtrade.configuration.config_validation - INFO - Validating configuration ...
2026-08-25 15:27:26,992 - freqtrade.resolvers.iresolver - INFO - Using resolved pairlist StaticPairList from 
'/home/cryptorl/projects/crypto_rl/vendor/freqtrade/freqtrade/plugins/pairlist/StaticPairList.py'...
2026-08-25 15:27:26,993 - freqtrade.optimize.backtesting - INFO - Using fee 0.1000% from config.
2026-08-25 15:27:26,994 - freqtrade.data.dataprovider - INFO - Increasing startup_candle_count for freqai on 1h to 819
2026-08-25 15:27:27,235 - freqtrade.optimize.backtesting - INFO - Loading data from 2026-04-27 21:00:00 up to 2026-07-01 00:00:00 (64 days).
2026-08-25 15:27:27,252 - freqtrade.optimize.backtesting - INFO - Dataload complete. Calculating indicators
2026-08-25 15:27:27,253 - freqtrade.optimize.backtesting - INFO - Running backtesting for Strategy RouteCStrategy
2026-08-25 15:27:44,230 - freqtrade.resolvers.iresolver - INFO - Using resolved freqaimodel RouteCModel from '/home/cryptorl/projects/crypto_rl/user_data/freqaimodels/RouteCModel.py'...
2026-08-25 15:27:44,245 - freqtrade.freqai.freqai_interface - INFO - Backtesting module configured to save all models.
2026-08-25 15:27:44,246 - freqtrade.freqai.data_drawer - INFO - Could not find existing datadrawer, starting from scratch
2026-08-25 15:27:44,246 - freqtrade.freqai.data_drawer - INFO - Could not find existing historic_predictions, starting from scratch
2026-08-25 15:27:44,246 - freqtrade.freqai.freqai_interface - INFO - Set fresh train queue from whitelist. Queue: ['BTC/USDT']
2026-08-25 15:27:44,268 - freqtrade.freqai.freqai_interface - INFO - Training 5 timeranges
2026-08-25 15:27:44,270 - freqtrade.freqai.freqai_interface - INFO - Training BTC/USDT, 1/1 pairs from 2026-05-02 00:00:00 to 2026-06-01 00:00:00, 1/5 trains
2026-08-25 15:27:44,270 - freqtrade.freqai.data_kitchen - INFO - Could not find backtesting prediction file at 
/home/cryptorl/projects/crypto_rl/user_data/models/stage25-rc-b6259bb8d5/backtesting_predictions/cb_btc_1780272000_prediction.feather
2026-08-25 15:27:44,288 - freqtrade.freqai.freqai_interface - INFO - Could not find model at 
/home/cryptorl/projects/crypto_rl/user_data/models/stage25-rc-b6259bb8d5/sub-train-BTC_1780272000/cb_btc_1780272000
2026-08-25 15:27:44,288 - freqtrade.freqai.RL.BaseReinforcementLearningModel - INFO - --------------------Starting training BTC/USDT --------------------
2026-08-25 15:27:44,293 - freqtrade.freqai.data_kitchen - INFO - BTC/USDT: dropped 0 training points due to NaNs in populated dataset 720.
2026-08-25 15:27:44,304 - freqtrade.freqai.RL.BaseReinforcementLearningModel - INFO - Training model on 4 features and 482 data points
2026-08-25 15:27:52,676 - RouteCModel - INFO - RouteC PPO 训练完成: timesteps=482 device=cpu seed=42
2026-08-25 15:27:52,700 - freqtrade.freqai.RL.BaseReinforcementLearningModel - INFO - --------------------done training BTC/USDT--------------------
2026-08-25 15:27:52,701 - freqtrade.freqai.freqai_interface - INFO - Saving backtest model to disk.
2026-08-25 15:27:52,801 - RouteCModel - INFO - RouteC 顺序推理: 窗口行数=168, 窗口末目标仓位=1
/home/cryptorl/miniforge3/envs/freqtrade-rl/lib/python3.11/site-packages/pandas/io/feather_format.py:77: FutureWarning: pyarrow.feather.write_feather is deprecated as of 24.0.0. Use pyarrow.ipc.new_file() / RecordBatchFileWriter instead. Feather V2 is the Arrow IPC file format.
  feather.write_feather(df, handles.handle, **kwargs)
2026-08-25 15:27:52,808 - freqtrade.freqai.freqai_interface - INFO - Training BTC/USDT, 1/1 pairs from 2026-05-09 00:00:00 to 2026-06-08 00:00:00, 2/5 trains
2026-08-25 15:27:52,809 - freqtrade.freqai.data_kitchen - INFO - Could not find backtesting prediction file at 
/home/cryptorl/projects/crypto_rl/user_data/models/stage25-rc-b6259bb8d5/backtesting_predictions/cb_btc_1780876800_prediction.feather
2026-08-25 15:27:52,813 - freqtrade.freqai.freqai_interface - INFO - Could not find model at 
/home/cryptorl/projects/crypto_rl/user_data/models/stage25-rc-b6259bb8d5/sub-train-BTC_1780876800/cb_btc_1780876800
2026-08-25 15:27:52,814 - freqtrade.freqai.RL.BaseReinforcementLearningModel - INFO - --------------------Starting training BTC/USDT --------------------
2026-08-25 15:27:52,819 - freqtrade.freqai.data_kitchen - INFO - BTC/USDT: dropped 0 training points due to NaNs in populated dataset 720.
2026-08-25 15:27:52,825 - freqtrade.freqai.RL.BaseReinforcementLearningModel - INFO - Training model on 4 features and 482 data points
2026-08-25 15:27:54,303 - RouteCModel - INFO - RouteC PPO 训练完成: timesteps=482 device=cpu seed=42
2026-08-25 15:27:54,304 - freqtrade.freqai.RL.BaseReinforcementLearningModel - INFO - --------------------done training BTC/USDT--------------------
2026-08-25 15:27:54,304 - freqtrade.freqai.freqai_interface - INFO - Saving backtest model to disk.
2026-08-25 15:27:54,351 - RouteCModel - INFO - RouteC 顺序推理: 窗口行数=168, 窗口末目标仓位=1
/home/cryptorl/miniforge3/envs/freqtrade-rl/lib/python3.11/site-packages/pandas/io/feather_format.py:77: FutureWarning: pyarrow.feather.write_feather is deprecated as of 24.0.0. Use pyarrow.ipc.new_file() / RecordBatchFileWriter instead. Feather V2 is the Arrow IPC file format.
  feather.write_feather(df, handles.handle, **kwargs)
2026-08-25 15:27:54,357 - freqtrade.freqai.freqai_interface - INFO - Training BTC/USDT, 1/1 pairs from 2026-05-16 00:00:00 to 2026-06-15 00:00:00, 3/5 trains
2026-08-25 15:27:54,357 - freqtrade.freqai.data_kitchen - INFO - Could not find backtesting prediction file at 
/home/cryptorl/projects/crypto_rl/user_data/models/stage25-rc-b6259bb8d5/backtesting_predictions/cb_btc_1781481600_prediction.feather
2026-08-25 15:27:54,362 - freqtrade.freqai.freqai_interface - INFO - Could not find model at 
/home/cryptorl/projects/crypto_rl/user_data/models/stage25-rc-b6259bb8d5/sub-train-BTC_1781481600/cb_btc_1781481600
2026-08-25 15:27:54,362 - freqtrade.freqai.RL.BaseReinforcementLearningModel - INFO - --------------------Starting training BTC/USDT --------------------
2026-08-25 15:27:54,366 - freqtrade.freqai.data_kitchen - INFO - BTC/USDT: dropped 0 training points due to NaNs in populated dataset 720.
2026-08-25 15:27:54,372 - freqtrade.freqai.RL.BaseReinforcementLearningModel - INFO - Training model on 4 features and 482 data points
2026-08-25 15:27:55,853 - RouteCModel - INFO - RouteC PPO 训练完成: timesteps=482 device=cpu seed=42
2026-08-25 15:27:55,854 - freqtrade.freqai.RL.BaseReinforcementLearningModel - INFO - --------------------done training BTC/USDT--------------------
2026-08-25 15:27:55,854 - freqtrade.freqai.freqai_interface - INFO - Saving backtest model to disk.
2026-08-25 15:27:55,904 - RouteCModel - INFO - RouteC 顺序推理: 窗口行数=168, 窗口末目标仓位=1
/home/cryptorl/miniforge3/envs/freqtrade-rl/lib/python3.11/site-packages/pandas/io/feather_format.py:77: FutureWarning: pyarrow.feather.write_feather is deprecated as of 24.0.0. Use pyarrow.ipc.new_file() / RecordBatchFileWriter instead. Feather V2 is the Arrow IPC file format.
  feather.write_feather(df, handles.handle, **kwargs)
2026-08-25 15:27:55,910 - freqtrade.freqai.freqai_interface - INFO - Training BTC/USDT, 1/1 pairs from 2026-05-23 00:00:00 to 2026-06-22 00:00:00, 4/5 trains
2026-08-25 15:27:55,911 - freqtrade.freqai.data_kitchen - INFO - Could not find backtesting prediction file at 
/home/cryptorl/projects/crypto_rl/user_data/models/stage25-rc-b6259bb8d5/backtesting_predictions/cb_btc_1782086400_prediction.feather
2026-08-25 15:27:55,916 - freqtrade.freqai.freqai_interface - INFO - Could not find model at 
/home/cryptorl/projects/crypto_rl/user_data/models/stage25-rc-b6259bb8d5/sub-train-BTC_1782086400/cb_btc_1782086400
2026-08-25 15:27:55,916 - freqtrade.freqai.RL.BaseReinforcementLearningModel - INFO - --------------------Starting training BTC/USDT --------------------
2026-08-25 15:27:55,920 - freqtrade.freqai.data_kitchen - INFO - BTC/USDT: dropped 0 training points due to NaNs in populated dataset 720.
2026-08-25 15:27:55,926 - freqtrade.freqai.RL.BaseReinforcementLearningModel - INFO - Training model on 4 features and 482 data points
2026-08-25 15:27:57,444 - RouteCModel - INFO - RouteC PPO 训练完成: timesteps=482 device=cpu seed=42
2026-08-25 15:27:57,444 - freqtrade.freqai.RL.BaseReinforcementLearningModel - INFO - --------------------done training BTC/USDT--------------------
2026-08-25 15:27:57,444 - freqtrade.freqai.freqai_interface - INFO - Saving backtest model to disk.
2026-08-25 15:27:57,495 - RouteCModel - INFO - RouteC 顺序推理: 窗口行数=168, 窗口末目标仓位=1
/home/cryptorl/miniforge3/envs/freqtrade-rl/lib/python3.11/site-packages/pandas/io/feather_format.py:77: FutureWarning: pyarrow.feather.write_feather is deprecated as of 24.0.0. Use pyarrow.ipc.new_file() / RecordBatchFileWriter instead. Feather V2 is the Arrow IPC file format.
  feather.write_feather(df, handles.handle, **kwargs)
2026-08-25 15:27:57,502 - freqtrade.freqai.freqai_interface - INFO - Training BTC/USDT, 1/1 pairs from 2026-05-30 00:00:00 to 2026-06-29 00:00:00, 5/5 trains
2026-08-25 15:27:57,503 - freqtrade.freqai.data_kitchen - INFO - Could not find backtesting prediction file at 
/home/cryptorl/projects/crypto_rl/user_data/models/stage25-rc-b6259bb8d5/backtesting_predictions/cb_btc_1782691200_prediction.feather
2026-08-25 15:27:57,508 - freqtrade.freqai.freqai_interface - INFO - Could not find model at 
/home/cryptorl/projects/crypto_rl/user_data/models/stage25-rc-b6259bb8d5/sub-train-BTC_1782691200/cb_btc_1782691200
2026-08-25 15:27:57,508 - freqtrade.freqai.RL.BaseReinforcementLearningModel - INFO - --------------------Starting training BTC/USDT --------------------
2026-08-25 15:27:57,512 - freqtrade.freqai.data_kitchen - INFO - BTC/USDT: dropped 0 training points due to NaNs in populated dataset 720.
2026-08-25 15:27:57,518 - freqtrade.freqai.RL.BaseReinforcementLearningModel - INFO - Training model on 4 features and 482 data points
2026-08-25 15:27:59,093 - RouteCModel - INFO - RouteC PPO 训练完成: timesteps=482 device=cpu seed=42
2026-08-25 15:27:59,093 - freqtrade.freqai.RL.BaseReinforcementLearningModel - INFO - --------------------done training BTC/USDT--------------------
2026-08-25 15:27:59,094 - freqtrade.freqai.freqai_interface - INFO - Saving backtest model to disk.
2026-08-25 15:27:59,116 - RouteCModel - INFO - RouteC 顺序推理: 窗口行数=48, 窗口末目标仓位=0
/home/cryptorl/miniforge3/envs/freqtrade-rl/lib/python3.11/site-packages/pandas/io/feather_format.py:77: FutureWarning: pyarrow.feather.write_feather is deprecated as of 24.0.0. Use pyarrow.ipc.new_file() / RecordBatchFileWriter instead. Feather V2 is the Arrow IPC file format.
  feather.write_feather(df, handles.handle, **kwargs)
2026-08-25 15:27:59,128 - freqtrade.optimize.backtesting - INFO - Backtesting with data from 2026-06-01 00:00:00 up to 2026-07-01 00:00:00 (30 days).
backtest ━━━━━━━━━━━━━━━━━━━━━━━━━━━━━━━━━━━━━━━━━━━━━━━━━━━━━━━━━━━━━━━━━━━━━━━━━━━━━━━━━━━━━━━━━━━━━━━━━━━━━━━━━━━━━━━━━━━━━━━━━━━━━━━━━━━━━━━━━━━━━━━━━━━━━━━━━━━━━━ 4/4     100% • 0:00:32 • 0:00:00
backtest ━━━━━━━━━━━━━━━━━━━━━━━━━━━━━━━━━━━━━━━━━━━━━━━━━━━━━━━━━━━━━━━━━━━━━━━━━━━━━━━━━━━━━━━━━━━━━━━━━━━━━━━━━━━━━━━━━━━━━━━━━━━━━━━━━━━━━━━━━━━━━━━━━━━━━━━━━━━━━━ 720/720 100% • 0:00:32 • 0:00:00
2026-08-25 15:27:59,407 - freqtrade.misc - INFO - dumping json to "/home/cryptorl/projects/crypto_rl/user_data/backtest_results/backtest-result-2026-08-25_15-27-59.meta.json"
/home/cryptorl/miniforge3/envs/freqtrade-rl/lib/python3.11/site-packages/pandas/io/feather_format.py:77: FutureWarning: pyarrow.feather.write_feather is deprecated as of 24.0.0. Use pyarrow.ipc.new_file() / RecordBatchFileWriter instead. Feather V2 is the Arrow IPC file format.
  feather.write_feather(df, handles.handle, **kwargs)
/home/cryptorl/miniforge3/envs/freqtrade-rl/lib/python3.11/site-packages/pandas/io/feather_format.py:77: FutureWarning: pyarrow.feather.write_feather is deprecated as of 24.0.0. Use pyarrow.ipc.new_file() / RecordBatchFileWriter instead. Feather V2 is the Arrow IPC file format.
  feather.write_feather(df, handles.handle, **kwargs)
Result for strategy RouteCStrategy
                                               BACKTESTING REPORT                                                
┏━━━━━━━━━━┳━━━━━━━━┳━━━━━━━━━━━━━━┳━━━━━━━━━━━━━━━━━┳━━━━━━━━━━━━━━┳━━━━━━━━━━━━━━━━━━┳━━━━━━━━━━━━━━━━━━━━━━━━┓
┃     Pair ┃ Trades ┃ Avg Profit % ┃ Tot Profit USDT ┃ Tot Profit % ┃     Avg Duration ┃  Win  Draw  Loss  Win% ┃
┡━━━━━━━━━━╇━━━━━━━━╇━━━━━━━━━━━━━━╇━━━━━━━━━━━━━━━━━╇━━━━━━━━━━━━━━╇━━━━━━━━━━━━━━━━━━╇━━━━━━━━━━━━━━━━━━━━━━━━┩
│ BTC/USDT │      1 │       -19.42 │         -19.394 │       -19.39 │ 28 days, 0:00:00 │    0     0     1     0 │
│    TOTAL │      1 │       -19.42 │         -19.394 │       -19.39 │ 28 days, 0:00:00 │    0     0     1     0 │
└──────────┴────────┴──────────────┴─────────────────┴──────────────┴──────────────────┴────────────────────────┘
                                         LEFT OPEN TRADES REPORT                                          
┏━━━━━━━┳━━━━━━━━┳━━━━━━━━━━━━━━┳━━━━━━━━━━━━━━━━━┳━━━━━━━━━━━━━━┳━━━━━━━━━━━━━━┳━━━━━━━━━━━━━━━━━━━━━━━━┓
┃  Pair ┃ Trades ┃ Avg Profit % ┃ Tot Profit USDT ┃ Tot Profit % ┃ Avg Duration ┃  Win  Draw  Loss  Win% ┃
┡━━━━━━━╇━━━━━━━━╇━━━━━━━━━━━━━━╇━━━━━━━━━━━━━━━━━╇━━━━━━━━━━━━━━╇━━━━━━━━━━━━━━╇━━━━━━━━━━━━━━━━━━━━━━━━┩
│ TOTAL │      0 │          0.0 │           0.000 │          0.0 │         0:00 │    0     0     0     0 │
└───────┴────────┴──────────────┴─────────────────┴──────────────┴──────────────┴────────────────────────┘
                                                    ENTER TAG STATS                                                     
┏━━━━━━━━━━━━━━━━┳━━━━━━━━━┳━━━━━━━━━━━━━━┳━━━━━━━━━━━━━━━━━┳━━━━━━━━━━━━━━┳━━━━━━━━━━━━━━━━━━┳━━━━━━━━━━━━━━━━━━━━━━━━┓
┃      Enter Tag ┃ Entries ┃ Avg Profit % ┃ Tot Profit USDT ┃ Tot Profit % ┃     Avg Duration ┃  Win  Draw  Loss  Win% ┃
┡━━━━━━━━━━━━━━━━╇━━━━━━━━━╇━━━━━━━━━━━━━━╇━━━━━━━━━━━━━━━━━╇━━━━━━━━━━━━━━╇━━━━━━━━━━━━━━━━━━╇━━━━━━━━━━━━━━━━━━━━━━━━┩
│ route_c_target │       1 │       -19.42 │         -19.394 │       -19.39 │ 28 days, 0:00:00 │    0     0     1     0 │
│          TOTAL │       1 │       -19.42 │         -19.394 │       -19.39 │ 28 days, 0:00:00 │    0     0     1     0 │
└────────────────┴─────────┴──────────────┴─────────────────┴──────────────┴──────────────────┴────────────────────────┘
                                                 EXIT REASON STATS                                                 
┏━━━━━━━━━━━━━┳━━━━━━━┳━━━━━━━━━━━━━━┳━━━━━━━━━━━━━━━━━┳━━━━━━━━━━━━━━┳━━━━━━━━━━━━━━━━━━┳━━━━━━━━━━━━━━━━━━━━━━━━┓
┃ Exit Reason ┃ Exits ┃ Avg Profit % ┃ Tot Profit USDT ┃ Tot Profit % ┃     Avg Duration ┃  Win  Draw  Loss  Win% ┃
┡━━━━━━━━━━━━━╇━━━━━━━╇━━━━━━━━━━━━━━╇━━━━━━━━━━━━━━━━━╇━━━━━━━━━━━━━━╇━━━━━━━━━━━━━━━━━━╇━━━━━━━━━━━━━━━━━━━━━━━━┩
│ exit_signal │     1 │       -19.42 │         -19.394 │       -19.39 │ 28 days, 0:00:00 │    0     0     1     0 │
│       TOTAL │     1 │       -19.42 │         -19.394 │       -19.39 │ 28 days, 0:00:00 │    0     0     1     0 │
└─────────────┴───────┴──────────────┴─────────────────┴──────────────┴──────────────────┴────────────────────────┘
                                                           MIXED TAG STATS                                                           
┏━━━━━━━━━━━━━━━━┳━━━━━━━━━━━━━┳━━━━━━━━┳━━━━━━━━━━━━━━┳━━━━━━━━━━━━━━━━━┳━━━━━━━━━━━━━━┳━━━━━━━━━━━━━━━━━━┳━━━━━━━━━━━━━━━━━━━━━━━━┓
┃      Enter Tag ┃ Exit Reason ┃ Trades ┃ Avg Profit % ┃ Tot Profit USDT ┃ Tot Profit % ┃     Avg Duration ┃  Win  Draw  Loss  Win% ┃
┡━━━━━━━━━━━━━━━━╇━━━━━━━━━━━━━╇━━━━━━━━╇━━━━━━━━━━━━━━╇━━━━━━━━━━━━━━━━━╇━━━━━━━━━━━━━━╇━━━━━━━━━━━━━━━━━━╇━━━━━━━━━━━━━━━━━━━━━━━━┩
│ route_c_target │ exit_signal │      1 │       -19.42 │         -19.394 │       -19.39 │ 28 days, 0:00:00 │    0     0     1     0 │
│          TOTAL │             │      1 │       -19.42 │         -19.394 │       -19.39 │ 28 days, 0:00:00 │    0     0     1     0 │
└────────────────┴─────────────┴────────┴──────────────┴─────────────────┴──────────────┴──────────────────┴────────────────────────┘
                                   SUMMARY METRICS                                    
┏━━━━━━━━━━━━━━━━━━━━━━━━━━━━━━━━━━━━━━━━┳━━━━━━━━━━━━━━━━━━━━━━━━━━━━━━━━━━━━━━━━━━━┓
┃ Metric                                 ┃ Value                                     ┃
┡━━━━━━━━━━━━━━━━━━━━━━━━━━━━━━━━━━━━━━━━╇━━━━━━━━━━━━━━━━━━━━━━━━━━━━━━━━━━━━━━━━━━━┩
│ Backtesting from                       │ 2026-06-01 00:00:00                       │
│ Backtesting to                         │ 2026-07-01 00:00:00                       │
│ Trading Mode                           │ Spot                                      │
│ Max open trades                        │ 1                                         │
│                                        │                                           │
│ Total/Daily Avg Trades                 │ 1 / 0.03                                  │
│ Starting balance                       │ 100 USDT                                  │
│ Final balance                          │ 80.606 USDT                               │
│ Absolute profit                        │ -19.394 USDT                              │
│ Total profit %                         │ -19.39%                                   │
│ CAGR %                                 │ -92.74%                                   │
│ Sharpe (closed trades)                 │ -100.00                                   │
│ Sortino (closed trades)                │ -100.00                                   │
│ Calmar (closed trades)                 │ -63.68                                    │
│ SQN                                    │ -100.00                                   │
│ Mean profit p-value                    │ 1                                         │
│ Profit factor                          │ 0.00                                      │
│ Expectancy (Ratio)                     │ -19.39 (-1.00)                            │
│ Avg. daily profit                      │ -0.646 USDT                               │
│ Avg. stake amount                      │ 99.769 USDT                               │
│ Market change                          │ -20.75%                                   │
│ Total trade volume                     │ 180.505 USDT                              │
│                                        │                                           │
│ Best Pair                              │ BTC/USDT -19.39%                          │
│ Worst Pair                             │ BTC/USDT -19.39%                          │
│ Best trade                             │ BTC/USDT -19.42%                          │
│ Worst trade                            │ BTC/USDT -19.42%                          │
│ Best day                               │ -19.394 USDT                              │
│ Worst day                              │ -19.394 USDT                              │
│ Days win/draw/lose                     │ 0 / 0 / 1                                 │
│ Min/Max/Avg. Duration Winners          │ 0d 00:00 / 0d 00:00 / 0d 00:00            │
│ Min/Max/Avg. Duration Losers           │ 28d 00:00 / 28d 00:00 / 28d 00:00         │
│ Max Consecutive Wins / Loss            │ 0 / 1                                     │
│ Rejected Entry signals                 │ 0                                         │
│ Entry/Exit Timeouts                    │ 0 / 0                                     │
│                                        │                                           │
│ Min/Max balance (closed trades)        │ 80.606 USDT / 80.606 USDT                 │
│ Max % of account underwater            │ 19.39%                                    │
│ Absolute drawdown                      │ 19.394 USDT (19.39%)                      │
│ Drawdown duration                      │ 0 days 00:00:00                           │
│ Profit at drawdown start               │ 0 USDT                                    │
│ Profit at drawdown end                 │ -19.394 USDT                              │
│ Drawdown start                         │ 2026-06-29 01:00:00                       │
│ Drawdown end                           │ 2026-06-29 01:00:00                       │
│                                        │                                           │
│ Wallet based Metrics                   │                                           │
│ Min/Max balance (wallet balance)       │ 78.956 USDT / 100 USDT                    │
│ Min/Max balance dates (wallet balance) │ 2026-06-25 14:00:00 / 2026-06-01 01:00:00 │
│ Max % of account underwater (balance)  │ 21.04%                                    │
│ Absolute drawdown (wallet balance)     │ 21.044 USDT (21.04%)                      │
│ Drawdown duration                      │ 24 days 13:00:00                          │
│ Profit at drawdown start               │ 0 USDT                                    │
│ Profit at drawdown end                 │ -21.044 USDT                              │
│ Drawdown start                         │ 2026-06-01 01:00:00                       │
│ Drawdown end                           │ 2026-06-25 14:00:00                       │
│ Sharpe (daily wallet balance)          │ -5.22                                     │
│ Sortino (daily wallet balance)         │ -7.29                                     │
│ Calmar (daily wallet balance)          │ -60.71                                    │
└────────────────────────────────────────┴───────────────────────────────────────────┘

Backtested 2026-06-01 00:00:00 -> 2026-07-01 00:00:00 | Max open trades : 1
                                                              STRATEGY SUMMARY                                                               
┏━━━━━━━━━━━━━━━━┳━━━━━━━━┳━━━━━━━━━━━━━━┳━━━━━━━━━━━━━━━━━┳━━━━━━━━━━━━━━┳━━━━━━━━━━━━━━━━━━┳━━━━━━━━━━━━━━━━━━━━━━━━┳━━━━━━━━━━━━━━━━━━━━━┓
┃       Strategy ┃ Trades ┃ Avg Profit % ┃ Tot Profit USDT ┃ Tot Profit % ┃     Avg Duration ┃  Win  Draw  Loss  Win% ┃            Drawdown ┃
┡━━━━━━━━━━━━━━━━╇━━━━━━━━╇━━━━━━━━━━━━━━╇━━━━━━━━━━━━━━━━━╇━━━━━━━━━━━━━━╇━━━━━━━━━━━━━━━━━━╇━━━━━━━━━━━━━━━━━━━━━━━━╇━━━━━━━━━━━━━━━━━━━━━┩
│ RouteCStrategy │      1 │       -19.42 │         -19.394 │       -19.39 │ 28 days, 0:00:00 │    0     0     1     0 │ 19.394 USDT  19.39% │
└────────────────┴────────┴──────────────┴─────────────────┴──────────────┴──────────────────┴────────────────────────┴─────────────────────┘
[run_experiment] 未找到 signals feather,无法提取动作序列
[run_experiment] fingerprint=b6259bb8d591998e1cb05b1e9a09f716ce3dcbb654af17a9964db7c4759c4459
[run_experiment] identifier=stage25-rc-b6259bb8d5
[run_experiment] data_slice={'sha256': 'cea1349c564688243ec90df020cfb2a03bae212cf1c2a118864147532a82250a', 'bars': 720, 'first': '2026-06-01 00:00:00+00:00', 'last': '2026-06-30 23:00:00+00:00', 'source_file': 'BTC_USDT-1h.feather'}
[run_experiment] manifest -> /home/cryptorl/projects/crypto_rl/experiments/freqai_rl_stage2_5/runtime/manifest_stage25-rc-b6259bb8d5_ppo_base.json
[run_experiment] config -> /home/cryptorl/projects/crypto_rl/experiments/freqai_rl_stage2_5/runtime/config_stage25-rc-b6259bb8d5_ppo_base.json
[run_experiment] freqtrade backtesting --config /home/cryptorl/projects/crypto_rl/experiments/freqai_rl_stage2_5/runtime/config_stage25-rc-b6259bb8d5_ppo_base.json --userdir /home/cryptorl/projects/crypto_rl/user_data --strategy RouteCStrategy --freqaimodel RouteCModel --timerange 20260601-20260701 --cache none --export signals
[run_experiment] freqtrade 退出码 0
