start 2026-10-10T17:09:03Z commit-a=0735f2559aa80889bfed16c88d20e5c72c280a75
{"run_id": "r21_20261011_020347", "record_path": "regression_evidence_v3_record.json", "record_sha256": "d01dde97e2cf85d01acc87cceb6438e8a2034e608d1a057ccde6828520d80626", "aggregate": {"tests": 3004, "failures": 1, "errors": 0, "skipped": 7}, "run_returncodes": [0, 1], "ok": false, "error": "run_returncode_nonzero"}
runner rc=4 end 2026-10-10T18:04:04Z
{
 "run_id": "r21_20261011_020347",
 "record_path": "regression_evidence_v3_record.json",
 "record_sha256": "d01dde97e2cf85d01acc87cceb6438e8a2034e608d1a057ccde6828520d80626",
 "aggregate": {
  "tests": 3004,
  "failures": 1,
  "errors": 0,
  "skipped": 7
 },
 "run_returncodes": [
  0,
  1
 ],
 "ok": false,
 "error": "run_returncode_nonzero"
}
