start 2026-10-10T18:06:04Z commit-a=0735f2559aa80889bfed16c88d20e5c72c280a75
{"run_id": "r21_20261011_025658", "record_path": "regression_evidence_v3_record.json", "record_sha256": "bf6e6285edb15613e90977d15785c8d88279d32992bac19331ba0bb446870e26", "aggregate": {"tests": 3004, "failures": 1, "errors": 0, "skipped": 7}, "run_returncodes": [0, 1], "ok": false, "error": "run_returncode_nonzero"}
runner rc=4 end 2026-10-10T18:57:10Z
{
 "run_id": "r21_20261011_025658",
 "record_path": "regression_evidence_v3_record.json",
 "record_sha256": "bf6e6285edb15613e90977d15785c8d88279d32992bac19331ba0bb446870e26",
 "aggregate": {
  "tests": 3004,
  "failures": 1,
  "errors": 0,
  "skipped": 7
 },
 "run_returncodes": [
  0,
  1
 ],
 "ok": false,
 "error": "run_returncode_nonzero"
}
