start 2026-10-10T18:59:08Z commit-a=0735f2559aa80889bfed16c88d20e5c72c280a75
{"run_id": "r21_20261011_034944", "record_path": "regression_evidence_v3_record.json", "record_sha256": "1022baae5cc5f44050d31f69ce481de581f5e403c982f820fc85ed7445f9a81b", "aggregate": {"tests": 3004, "failures": 0, "errors": 0, "skipped": 7}, "run_returncodes": [0, 0], "ok": true, "verify": {"collection_tests": 3004, "static_tests": 2504, "test_files": 176}}
runner rc=0 end 2026-10-10T19:51:15Z
{
 "run_id": "r21_20261011_034944",
 "record_path": "regression_evidence_v3_record.json",
 "record_sha256": "1022baae5cc5f44050d31f69ce481de581f5e403c982f820fc85ed7445f9a81b",
 "aggregate": {
  "tests": 3004,
  "failures": 0,
  "errors": 0,
  "skipped": 7
 },
 "run_returncodes": [
  0,
  0
 ],
 "ok": true,
 "verify": {
  "collection_tests": 3004,
  "static_tests": 2504,
  "test_files": 176
 }
}
