=== [v1_r2_reference] authority + level_a permit ===
[authority] init qprod-eng-authority-350d0b72f30f -> /mnt/f/trading/tmp_r12/reviewer/e02_run/authority_v1_r2_reference/authority_identity.json
{"permit_path": "/mnt/f/trading/tmp_r12/reviewer/e02_run/authority_v1_r2_reference/qprod_permit_level_a_qprod_a_eng_v1.json", "permit_id": "qppm-auto-4e6da90f40a5e055", "permit_digest": "qppm-9e8808083d718b09e142d93b4137c5bba7d3f1591c6f6f87e3f45f33190b07c5"}
=== [v1_r2_reference] rehearse (17-step ledger; fixtures marked) ===
{"verdict": "PASS", "qualification_plan_digest": "qapl-8658e9026f82afe40800f87fd6cd7a655a34bae12d34c2b3c4f1e99aa11aa23a", "ledger_steps": 17, "artifact_root": "/mnt/f/trading/tmp_r12/reviewer/e02_run/v1_r2_reference/qprod_level_a_qprod_a_eng_v1/artifacts", "state_root": "/mnt/f/trading/tmp_r12/reviewer/e02_run/v1_r2_reference/qprod_level_a_qprod_a_eng_v1/state"}
rc_rehearse=0
=== [v1_r2_reference] export (verify originals -> six-file bundle) ===
{"qualification_dir": "/mnt/f/trading/tmp_r12/reviewer/e02_run/v1_r2_reference/qprod_level_a_qprod_a_eng_v1/delivery_v1_r2_reference", "bindings": {"qualification_plan_digest": "qp262e-b11aa5768ec230a8bb429cc508fea5071c73a269ae69d4721f155b2b14d5c4a2", "parameter_pack_digest": "e262pk-806f85c1573110dd9308b6f13a90f9c64d6e2c218e769394db903a607361cd9b", "preprocessor_bundle_hash": "r4pb-26382fb105fcfcf958f333d044cddac97c14cd3c14a7c3c84a83b94cfd726d55"}, "receipt": "/mnt/f/trading/tmp_r12/reviewer/e02_run/v1_r2_reference/qprod_level_a_qprod_a_eng_v1/delivery_v1_r2_reference/qprod_export_receipt.json"}
rc_export=0
=== [v1_r2_reference] authority consumption auth (isolated issuer) ===
{"authorization_path": "/mnt/f/trading/tmp_r12/reviewer/e02_run/authority_v1_r2_reference/qprod_consumption_auth_delivery_v1_r2_reference.json", "binding_digest": "e262az-50ab66f6f9ea0d44e6bd0296f0f4aac2db4b6896a261f6277aecf6a239ad73a7"}
=== [v1_r2_reference] consumption cold read (new process; formal reject first) ===
formal-scope rejection OK (engineering input cannot get formal permission)
{"cold_read": "ok", "profile": "ppo262_qprod_engineering_v1", "scope": "engineering", "bundle_hash": "r4pb-26382fb105fcfcf958f333d044cddac97c14cd3c14a7c3c84a83b94cfd726d55", "namespace": "ppo_eng_bank_262e", "probe_params": {"c1_opportunity": {"D0": {"distractor_rate": 0.0, "neg_drift_bps": 46.0, "opp_drift_bps": 60.0, "seg_len_range": [24, 24], "state_weights": [0.36, 0.28, 0.36], "vol_bps": 26.0}, "D3": {"distractor_rate": 0.0, "neg_drift_bps": 16.0, "opp_drift_bps": 21.0, "seg_len_range": [24, 24], "state_weights": [0.36, 0.28, 0.36], "vol_bps": 26.0}}, "c3_cost": {"D0": {"alpha_bps": 70.0, "cue_rate": 0.2, "distractor_rate": 0.015, "mixture": [0.6, 0.25, 0.15], "payoff_bars": 1, "vol_bps": 18.0}, "D3": {"alpha_bps": 46.0, "cue_rate": 0.23, "distractor_rate": 0.06, "mixture": [0.14, 0.36, 0.5], "payoff_bars": 1, "vol_bps": 18.0}}}, "reset_step": {"stepped": 4, "forward_ready": true}, "bank_double": "fixture(replace native generate262_bank;zero native generation this round)", "optimizer_updates": 0}
rc_cold_read=0
=== [v2_perturbed] authority + level_a permit ===
[authority] init qprod-eng-authority-d7f9ec8b268f -> /mnt/f/trading/tmp_r12/reviewer/e02_run/authority_v2_perturbed/authority_identity.json
{"permit_path": "/mnt/f/trading/tmp_r12/reviewer/e02_run/authority_v2_perturbed/qprod_permit_level_a_qprod_a_eng_v1.json", "permit_id": "qppm-auto-65b660db83c17e9d", "permit_digest": "qppm-a5a629e28c891b975a173bb2e651135a6bc5f37bfb0cfc3398cec10f9039aedd"}
=== [v2_perturbed] rehearse (17-step ledger; fixtures marked) ===
{"verdict": "PASS", "qualification_plan_digest": "qapl-80d159637f008d37ba00fe63a88252024644e3136e9557a882fbbae92a8d9715", "ledger_steps": 17, "artifact_root": "/mnt/f/trading/tmp_r12/reviewer/e02_run/v2_perturbed/qprod_level_a_qprod_a_eng_v1/artifacts", "state_root": "/mnt/f/trading/tmp_r12/reviewer/e02_run/v2_perturbed/qprod_level_a_qprod_a_eng_v1/state"}
rc_rehearse=0
=== [v2_perturbed] export (verify originals -> six-file bundle) ===
{"qualification_dir": "/mnt/f/trading/tmp_r12/reviewer/e02_run/v2_perturbed/qprod_level_a_qprod_a_eng_v1/delivery_v2_perturbed", "bindings": {"qualification_plan_digest": "qp262e-160e4df21ec1752e0dcf1d284aba8e38b37112113f01291edf4349d0a8041f73", "parameter_pack_digest": "e262pk-5138373977cc1c28fac0b579f686bcfc89135713ebf9c25229ae8ec6e16efffb", "preprocessor_bundle_hash": "r4pb-26382fb105fcfcf958f333d044cddac97c14cd3c14a7c3c84a83b94cfd726d55"}, "receipt": "/mnt/f/trading/tmp_r12/reviewer/e02_run/v2_perturbed/qprod_level_a_qprod_a_eng_v1/delivery_v2_perturbed/qprod_export_receipt.json"}
rc_export=0
=== [v2_perturbed] authority consumption auth (isolated issuer) ===
{"authorization_path": "/mnt/f/trading/tmp_r12/reviewer/e02_run/authority_v2_perturbed/qprod_consumption_auth_delivery_v2_perturbed.json", "binding_digest": "e262az-5bff07d965faa2aa30ea09563bb8c15e444129114528730d9e2246ac8e9d36dd"}
=== [v2_perturbed] consumption cold read (new process; formal reject first) ===
formal-scope rejection OK (engineering input cannot get formal permission)
{"cold_read": "ok", "profile": "ppo262_qprod_engineering_v1", "scope": "engineering", "bundle_hash": "r4pb-26382fb105fcfcf958f333d044cddac97c14cd3c14a7c3c84a83b94cfd726d55", "namespace": "ppo_eng_bank_262e", "probe_params": {"c1_opportunity": {"D0": {"distractor_rate": 0.0, "neg_drift_bps": 46.0, "opp_drift_bps": 60.0, "seg_len_range": [24, 24], "state_weights": [0.36, 0.28, 0.36], "vol_bps": 26.0}, "D3": {"distractor_rate": 0.0, "neg_drift_bps": 16.0, "opp_drift_bps": 21.0, "seg_len_range": [24, 24], "state_weights": [0.36, 0.28, 0.36], "vol_bps": 26.0}}, "c3_cost": {"D0": {"alpha_bps": 70.0, "cue_rate": 0.2, "distractor_rate": 0.015, "mixture": [0.6, 0.25, 0.15], "payoff_bars": 1, "vol_bps": 18.0}, "D3": {"alpha_bps": 46.0, "cue_rate": 0.23, "distractor_rate": 0.06, "mixture": [0.14, 0.36, 0.5], "payoff_bars": 1, "vol_bps": 18.0}}}, "reset_step": {"stepped": 4, "forward_ready": true}, "bank_double": "fixture(replace native generate262_bank;zero native generation this round)", "optimizer_updates": 0}
rc_cold_read=0
ALL E02/E03 PASS (two preset packs)
