== C22 shadow pkg sha ==
62413e1e84ddd8d3f010a076437dbd05e9b7be0d9ec20a7bfa310cae64a28131  /tmp/r11rev_c22_pkg/rl_curriculum/curriculum261_r17_cue_contract.py
== PRE-FIX (C22 bytes) probe ==
mode=c22 module=/tmp/r11rev_c22_pkg/rl_curriculum/curriculum261_r17_cue_contract.py sha256=62413e1e84ddd8d3f010a076437dbd05e9b7be0d9ec20a7bfa310cae64a28131
{"tag": "C1b kad=-0.02 del_kv", "fixture": true, "all_consistent": true, "expected_consistent": true, "ok": true, "ova_consistent": true, "delegated": ["once_vs_attempts.k_mean_validation"], "msg_sample": ""}
{"tag": "C2b kad=0.02 del_kv", "fixture": true, "all_consistent": true, "expected_consistent": true, "ok": true, "ova_consistent": true, "delegated": ["once_vs_attempts.k_mean_validation"], "msg_sample": ""}
{"tag": "C3b kad=0.5 del_kv del_kt", "fixture": true, "all_consistent": true, "expected_consistent": true, "ok": true, "ova_consistent": true, "delegated": ["once_vs_attempts.k_mean_validation", "once_vs_attempts.k_tolerance"], "msg_sample": ""}
{"tag": "C1c kad=-0.02 del_km", "fixture": true, "all_consistent": true, "expected_consistent": true, "ok": true, "ova_consistent": true, "delegated": ["once_vs_attempts.k_mean_model"], "msg_sample": ""}
{"tag": "ctl legal complete", "fixture": true, "all_consistent": true, "expected_consistent": true, "ok": true, "ova_consistent": true, "delegated": [], "msg_sample": ""}
SUMMARY c22: 5/5 ok
rc_c22=0
== POST-FIX (deployed C23 bytes) probe ==
mode=c23 module=/home/cryptorl/projects/crypto_rl/src/rl_curriculum/curriculum261_r17_cue_contract.py sha256=89b4c2422edef8fa3133fef1445a4cf463f4c4c0829dc3a1e3692b181188b563
{"tag": "C1a kad=-0.02 complete", "fixture": true, "all_consistent": false, "expected_consistent": false, "ok": true, "ova_consistent": false, "delegated": [], "msg_sample": "once_vs_attempts.k_abs_diff=-0.02 != |k_mean_model-k_mean_validation|=0.0(K 派生差值矛盾;单侧派生均值缺件回退 direct_generator 原始来源重算) | once_vs_attempts.k_modes_consistent=True 与 来源/派生差值重算矛盾 | once_vs_attempts.k_abs_diff=-0.02 为负(绝对差恒非"}
{"tag": "C1b kad=-0.02 del_kv", "fixture": true, "all_consistent": false, "expected_consistent": false, "ok": true, "ova_consistent": false, "delegated": ["once_vs_attempts.k_mean_validation"], "msg_sample": "once_vs_attempts.k_abs_diff=-0.02 != |k_mean_model-k_mean_validation|=0.0(K 派生差值矛盾;单侧派生均值缺件回退 direct_generator 原始来源重算) | once_vs_attempts.k_modes_consistent=True 与 来源/派生差值重算矛盾 | once_vs_attempts.k_abs_diff=-0.02 为负(绝对差恒非"}
{"tag": "C1c kad=-0.02 del_km", "fixture": true, "all_consistent": false, "expected_consistent": false, "ok": true, "ova_consistent": false, "delegated": ["once_vs_attempts.k_mean_model"], "msg_sample": "once_vs_attempts.k_abs_diff=-0.02 != |k_mean_model-k_mean_validation|=0.0(K 派生差值矛盾;单侧派生均值缺件回退 direct_generator 原始来源重算) | once_vs_attempts.k_modes_consistent=True 与 来源/派生差值重算矛盾 | once_vs_attempts.k_abs_diff=-0.02 为负(绝对差恒非"}
{"tag": "C2a kad=0.02 complete", "fixture": true, "all_consistent": false, "expected_consistent": false, "ok": true, "ova_consistent": false, "delegated": [], "msg_sample": "once_vs_attempts.k_abs_diff=0.02 != |k_mean_model-k_mean_validation|=0.0(K 派生差值矛盾;单侧派生均值缺件回退 direct_generator 原始来源重算) | once_vs_attempts.k_modes_consistent=True 与 来源/派生差值重算矛盾 | 报告 checks 与冻结语义重算不一致: ['once_vs_attempts_co"}
{"tag": "C2b kad=0.02 del_kv", "fixture": true, "all_consistent": false, "expected_consistent": false, "ok": true, "ova_consistent": false, "delegated": ["once_vs_attempts.k_mean_validation"], "msg_sample": "once_vs_attempts.k_abs_diff=0.02 != |k_mean_model-k_mean_validation|=0.0(K 派生差值矛盾;单侧派生均值缺件回退 direct_generator 原始来源重算) | once_vs_attempts.k_modes_consistent=True 与 来源/派生差值重算矛盾 | 报告 checks 与冻结语义重算不一致: ['once_vs_attempts_co"}
{"tag": "C2c kad=0.02 del_km", "fixture": true, "all_consistent": false, "expected_consistent": false, "ok": true, "ova_consistent": false, "delegated": ["once_vs_attempts.k_mean_model"], "msg_sample": "once_vs_attempts.k_abs_diff=0.02 != |k_mean_model-k_mean_validation|=0.0(K 派生差值矛盾;单侧派生均值缺件回退 direct_generator 原始来源重算) | once_vs_attempts.k_modes_consistent=True 与 来源/派生差值重算矛盾 | 报告 checks 与冻结语义重算不一致: ['once_vs_attempts_co"}
{"tag": "C3a kad=0.5 complete", "fixture": true, "all_consistent": false, "expected_consistent": false, "ok": true, "ova_consistent": false, "delegated": [], "msg_sample": "once_vs_attempts.k_abs_diff=0.5 != |k_mean_model-k_mean_validation|=0.0(K 派生差值矛盾;单侧派生均值缺件回退 direct_generator 原始来源重算) | once_vs_attempts.k_modes_consistent=True 与 来源/派生差值重算矛盾 | 报告 checks 与冻结语义重算不一致: ['once_vs_attempts_con"}
{"tag": "C3b kad=0.5 del_kv del_kt", "fixture": true, "all_consistent": false, "expected_consistent": false, "ok": true, "ova_consistent": false, "delegated": ["once_vs_attempts.k_mean_validation", "once_vs_attempts.k_tolerance"], "msg_sample": "once_vs_attempts.k_abs_diff=0.5 != |k_mean_model-k_mean_validation|=0.0(K 派生差值矛盾;单侧派生均值缺件回退 direct_generator 原始来源重算) | once_vs_attempts.k_modes_consistent=True 与 来源/派生差值重算矛盾 | 报告 checks 与冻结语义重算不一致: ['once_vs_attempts_con"}
{"tag": "C3c kad=0.5 del_km del_kt", "fixture": true, "all_consistent": false, "expected_consistent": false, "ok": true, "ova_consistent": false, "delegated": ["once_vs_attempts.k_mean_model", "once_vs_attempts.k_tolerance"], "msg_sample": "once_vs_attempts.k_abs_diff=0.5 != |k_mean_model-k_mean_validation|=0.0(K 派生差值矛盾;单侧派生均值缺件回退 direct_generator 原始来源重算) | once_vs_attempts.k_modes_consistent=True 与 来源/派生差值重算矛盾 | 报告 checks 与冻结语义重算不一致: ['once_vs_attempts_con"}
{"tag": "C4 kad=0 del_kv", "fixture": true, "all_consistent": true, "expected_consistent": true, "ok": true, "ova_consistent": true, "delegated": ["once_vs_attempts.k_mean_validation"], "msg_sample": ""}
{"tag": "C4b kad=0 del_kv del_kt", "fixture": true, "all_consistent": true, "expected_consistent": true, "ok": true, "ova_consistent": true, "delegated": ["once_vs_attempts.k_mean_validation", "once_vs_attempts.k_tolerance"], "msg_sample": ""}
{"tag": "C4c kad=0 del_km del_kt", "fixture": true, "all_consistent": true, "expected_consistent": true, "ok": true, "ova_consistent": true, "delegated": ["once_vs_attempts.k_mean_model", "once_vs_attempts.k_tolerance"], "msg_sample": ""}
{"tag": "M kad=-0.02 both-sides-missing", "fixture": true, "all_consistent": false, "expected_consistent": false, "ok": true, "ova_consistent": false, "delegated": ["once_vs_attempts.k_abs_diff.derivation_missing(k_mean_model,k_mean_validation)", "once_vs_attempts.k_mean_model", "once_vs_attempts.k_mean_validation"], "msg_sample": "once_vs_attempts.k_abs_diff=-0.02 为负(绝对差恒非负,与派生均值/容限是否提供无关) | 报告 checks 与冻结语义重算不一致: ['once_vs_attempts_consistent']"}
{"tag": "N kad=0.02 both-sides-missing", "fixture": true, "all_consistent": true, "expected_consistent": true, "ok": true, "ova_consistent": true, "delegated": ["once_vs_attempts.k_abs_diff.derivation_missing(k_mean_model,k_mean_validation)", "once_vs_attempts.k_mean_model", "once_vs_attempts.k_mean_validation"], "msg_sample": ""}
{"tag": "N-nofix both-sides-missing", "fixture": false, "all_consistent": false, "expected_consistent": false, "ok": true, "ova_consistent": false, "delegated": [], "msg_sample": "once_vs_attempts.k_abs_diff 在场但派生差值重算依据缺件(k_mean_model,k_mean_validation;ova 副本与 direct_generator 原始来源均缺,不得视为一致) | once_vs_attempts 缺必需子依据(k_mean_model,k_mean_validation);正式报告缺件不得视为 True | 报告 checks 与冻结语义重算不一致: ['once_vs"}
{"tag": "O nofix legal complete", "fixture": false, "all_consistent": true, "expected_consistent": true, "ok": true, "ova_consistent": true, "delegated": [], "msg_sample": ""}
{"tag": "P nofix kad=0.5 del_kv", "fixture": false, "all_consistent": false, "expected_consistent": false, "ok": true, "ova_consistent": false, "delegated": [], "msg_sample": "once_vs_attempts.k_abs_diff=0.5 != |k_mean_model-k_mean_validation|=0.0(K 派生差值矛盾;单侧派生均值缺件回退 direct_generator 原始来源重算) | once_vs_attempts.k_modes_consistent=True 与 来源/派生差值重算矛盾 | once_vs_attempts 缺必需子依据(k_mean_validation);正"}
{"tag": "Q wrong self kt=0.9", "fixture": true, "all_consistent": false, "expected_consistent": false, "ok": true, "ova_consistent": false, "delegated": [], "msg_sample": "once_vs_attempts.k_tolerance=0.9 != 冻结公式值 max(3*pooled_se,0.05)=0.05(K 容差漂移;pooled_se 由 k_histogram 重算) | once_vs_attempts.k_modes_consistent=True 与 来源/派生差值重算矛盾 | 报告 checks 与冻结语义重算不一致: ['once_vs_attempts_consistent']"}
{"tag": "R kad=0.04 within-bound mismatch", "fixture": true, "all_consistent": false, "expected_consistent": false, "ok": true, "ova_consistent": false, "delegated": [], "msg_sample": "once_vs_attempts.k_abs_diff=0.04 != |k_mean_model-k_mean_validation|=0.0(K 派生差值矛盾;单侧派生均值缺件回退 direct_generator 原始来源重算) | once_vs_attempts.k_modes_consistent=True 与 来源/派生差值重算矛盾 | 报告 checks 与冻结语义重算不一致: ['once_vs_attempts_co"}
{"tag": "S bad-hist + ova-missing", "fixture": true, "all_consistent": false, "expected_consistent": false, "ok": true, "ova_consistent": false, "delegated": ["once_vs_attempts"], "msg_sample": "direct_generator.model.aggregate.k_histogram 频数总量 105 != n_events=110(精确比较:小数/非数值/负计数总量或计数不符,生产端每 unique event 恰计一次;int() 截断不得吞小数) | direct_generator.model.aggregate.k_histogram 重算均值 1.0476190476190477 != k_mean=1.0(K 均值"}
{"tag": "T k_mean_model=NaN", "fixture": true, "all_consistent": false, "expected_consistent": false, "ok": true, "ova_consistent": false, "delegated": [], "msg_sample": "once_vs_attempts.k_mean_model=nan 非数值/非有限(NaN/Inf 使比较式静默为 False,不得当合法 K 支撑;与另一侧是否提供无关) | once_vs_attempts.k_modes_consistent=True 与 来源/派生差值重算矛盾 | 报告 checks 与冻结语义重算不一致: ['once_vs_attempts_consistent']"}
{"tag": "U multi-key legal", "ok": true, "all_consistent": true, "kt_frozen_used": 0.2031856384435789}
{"tag": "V multi-key kad=0.02 del_kv", "ok": true, "all_consistent": false, "msg": "once_vs_attempts.k_abs_diff=0.02 != |k_mean_model-k_mean_validation|=0.0(K 派生差值矛盾;单侧派生均值缺件回退 direct_generator 原始来源重算) | once_vs_attempts.k_modes_consistent=True 与 来源/派生差值重算矛盾 | 报告 checks 与冻结语义重算不一致: ["}
SUMMARY c23: 23/23 ok
rc_c23=0
== pycache residue check in deploy src ==
1
398
