........................................................................ [ 64%]
....................................FF.                                  [100%]
=================================== FAILURES ===================================
______________ test_real_v2_scaled_canonical_statistics_semantics ______________

samples = ({'synthetic': True, 'formal_pack_created': False, 'selected_c2_candidate': 'historical', 'c2_ladder': {'D0': {'alpha_...'calibration_independent': <rl_curriculum.curriculum261_r17_c2_native_inputs.ExplicitCorpus object at 0x7c05984e5b10>})
tmp_path = PosixPath('/tmp/pytest-of-cryptorl/pytest-0/test_real_v2_scaled_canonical_0')

    def test_real_v2_scaled_canonical_statistics_semantics(samples, tmp_path):
        pack,data=samples
>       with NativeCallAudit() as audit:

tests/route_c_stage2_6_1/test_r17_c2_native_components.py:107: 
_ _ _ _ _ _ _ _ _ _ _ _ _ _ _ _ _ _ _ _ _ _ _ _ _ _ _ _ _ _ _ _ _ _ _ _ _ _ _ _ 
stage2_6_1_runner/r17_c2_native_rehearsal.py:86: in __enter__
    obj = importlib.import_module(name)
          ^^^^^^^^^^^^^^^^^^^^^^^^^^^^^
../../miniforge3/envs/freqtrade-rl/lib/python3.11/importlib/__init__.py:126: in import_module
    return _bootstrap._gcd_import(name[level:], package, level)
           ^^^^^^^^^^^^^^^^^^^^^^^^^^^^^^^^^^^^^^^^^^^^^^^^^^^^
<frozen importlib._bootstrap>:1204: in _gcd_import
    ???
<frozen importlib._bootstrap>:1176: in _find_and_load
    ???
_ _ _ _ _ _ _ _ _ _ _ _ _ _ _ _ _ _ _ _ _ _ _ _ _ _ _ _ _ _ _ _ _ _ _ _ _ _ _ _ 

name = 'r17_v2_c13_profile', import_ = <function _gcd_import at 0x7c05ba6dbd80>

>   ???
E   ModuleNotFoundError: No module named 'r17_v2_c13_profile'

<frozen importlib._bootstrap>:1140: ModuleNotFoundError
_________________ test_native_design_receives_explicit_blocks __________________

    def test_native_design_receives_explicit_blocks():
        pack=n.engineering_pack('historical',.95-.02)
        data=make_corpus(spec_for('main','design_matched','historical',2),pack)
>       with NativeCallAudit() as audit:

tests/route_c_stage2_6_1/test_r17_c2_native_components.py:149: 
_ _ _ _ _ _ _ _ _ _ _ _ _ _ _ _ _ _ _ _ _ _ _ _ _ _ _ _ _ _ _ _ _ _ _ _ _ _ _ _ 
stage2_6_1_runner/r17_c2_native_rehearsal.py:86: in __enter__
    obj = importlib.import_module(name)
          ^^^^^^^^^^^^^^^^^^^^^^^^^^^^^
../../miniforge3/envs/freqtrade-rl/lib/python3.11/importlib/__init__.py:126: in import_module
    return _bootstrap._gcd_import(name[level:], package, level)
           ^^^^^^^^^^^^^^^^^^^^^^^^^^^^^^^^^^^^^^^^^^^^^^^^^^^^
<frozen importlib._bootstrap>:1204: in _gcd_import
    ???
<frozen importlib._bootstrap>:1176: in _find_and_load
    ???
_ _ _ _ _ _ _ _ _ _ _ _ _ _ _ _ _ _ _ _ _ _ _ _ _ _ _ _ _ _ _ _ _ _ _ _ _ _ _ _ 

name = 'r17_v2_c13_profile', import_ = <function _gcd_import at 0x7c05ba6dbd80>

>   ???
E   ModuleNotFoundError: No module named 'r17_v2_c13_profile'

<frozen importlib._bootstrap>:1140: ModuleNotFoundError
=============================== warnings summary ===============================
tests/route_c_stage2_6_1/test_r17_c2_native_components.py::test_raw_reuse_detection_ignores_label_changes
  /home/cryptorl/projects/crypto_rl/tests/route_c_stage2_6_1/test_r17_c2_native_components.py:101: Pandas4Warning: 'd' is deprecated and will be removed in a future version. Please use 'D' instead of 'd'.
    ep.df['date'] += __import__('pandas').Timedelta('1d')

-- Docs: https://docs.pytest.org/en/stable/how-to/capture-warnings.html
=========================== short test summary info ============================
FAILED tests/route_c_stage2_6_1/test_r17_c2_native_components.py::test_real_v2_scaled_canonical_statistics_semantics
FAILED tests/route_c_stage2_6_1/test_r17_c2_native_components.py::test_native_design_receives_explicit_blocks
2 failed, 109 passed, 1 warning in 46.31s
