........................................................................ [ 88%]
.........                                                                [100%]
=============================== warnings summary ===============================
tests/freqai_rl_stage2_5_2a/test_cache_manifest_failure_is_fatal.py: 13 warnings
tests/freqai_rl_stage2_5_2a/test_market_order_freqtrade_parity.py: 16 warnings
tests/freqai_rl_stage2_5_2a/test_real_freqai_start_live_chain.py: 4 warnings
  /home/cryptorl/miniforge3/envs/freqtrade-rl/lib/python3.11/site-packages/pandas/io/feather_format.py:77: FutureWarning: pyarrow.feather.write_feather is deprecated as of 24.0.0. Use pyarrow.ipc.new_file() / RecordBatchFileWriter instead. Feather V2 is the Arrow IPC file format.
    feather.write_feather(df, handles.handle, **kwargs)

tests/freqai_rl_stage2_5_2a/test_cache_manifest_failure_is_fatal.py: 33 warnings
tests/freqai_rl_stage2_5_2a/test_market_order_freqtrade_parity.py: 12 warnings
tests/freqai_rl_stage2_5_2a/test_real_freqai_start_live_chain.py: 3 warnings
  /home/cryptorl/miniforge3/envs/freqtrade-rl/lib/python3.11/site-packages/pandas/io/feather_format.py:178: FutureWarning: pyarrow.feather.read_table is deprecated as of 24.0.0. Use pyarrow.ipc.open_file() / RecordBatchFileReader instead. Feather V2 is the Arrow IPC file format.
    pa_table = feather.read_table(

tests/freqai_rl_stage2_5_2a/test_real_freqai_start_live_chain.py::test_first_heartbeat_full_chain
tests/freqai_rl_stage2_5_2a/test_real_freqai_start_live_chain.py::test_process_recreate_loads_model
tests/freqai_rl_stage2_5_2a/test_real_freqai_start_live_chain.py::test_inconsistent_fail_closed_full_chain
  /home/cryptorl/miniforge3/envs/freqtrade-rl/lib/python3.11/site-packages/stable_baselines3/common/on_policy_algorithm.py:150: UserWarning: You are trying to run PPO on the GPU, but it is primarily intended to run on the CPU when not using a CNN policy (you are using ActorCriticPolicy which should be a MlpPolicy). See https://github.com/DLR-RM/stable-baselines3/issues/1245 for more info. You can pass `device='cpu'` or `export CUDA_VISIBLE_DEVICES=` to force using the CPU.Note: The model will train, but the GPU utilization will be poor and the training might take longer than on CPU.
    warnings.warn(

-- Docs: https://docs.pytest.org/en/stable/how-to/capture-warnings.html
81 passed, 84 warnings in 17.63s
