start 2026-10-10T06:03:20Z commit-a=24ddea34f2a32ae08bf1238e95112391c0d84ab4
{"run_id": "r21_20261010_145321", "record_path": "regression_evidence_v3_record.json", "record_sha256": "f19126d157f9318ff1166e93fecaa4c9436e20fe7bc3f5c305bb6ed881bae0e9", "aggregate": {"tests": 2990, "failures": 0, "errors": 0, "skipped": 7}, "run_returncodes": [0, 0], "ok": true, "verify": {"collection_tests": 2990, "static_tests": 2490, "test_files": 175}}
runner rc=0 end 2026-10-10T06:54:50Z
{
 "run_id": "r21_20261010_145321",
 "record_path": "regression_evidence_v3_record.json",
 "record_sha256": "f19126d157f9318ff1166e93fecaa4c9436e20fe7bc3f5c305bb6ed881bae0e9",
 "aggregate": {
  "tests": 2990,
  "failures": 0,
  "errors": 0,
  "skipped": 7
 },
 "run_returncodes": [
  0,
  0
 ],
 "ok": true,
 "verify": {
  "collection_tests": 2990,
  "static_tests": 2490,
  "test_files": 175
 }
}
