start 2026-10-10T05:07:34Z commit-a=ae50a20cc95ed3229335171487d9a6be4d8c8e48
{"run_id": "r21_20261010_135745", "record_path": "regression_evidence_v3_record.json", "record_sha256": "70eda815492893c50cc4c5f8d1b0069ab357b28dd9c2a7980d98a592c8130d15", "aggregate": {"tests": 2990, "failures": 1, "errors": 0, "skipped": 7}, "run_returncodes": [0, 1], "ok": false, "error": "run_returncode_nonzero"}
runner rc=4 end 2026-10-10T05:57:56Z
{
 "run_id": "r21_20261010_135745",
 "record_path": "regression_evidence_v3_record.json",
 "record_sha256": "70eda815492893c50cc4c5f8d1b0069ab357b28dd9c2a7980d98a592c8130d15",
 "aggregate": {
  "tests": 2990,
  "failures": 1,
  "errors": 0,
  "skipped": 7
 },
 "run_returncodes": [
  0,
  1
 ],
 "ok": false,
 "error": "run_returncode_nonzero"
}
