== [A] PIN -> A' (branch state) ==
 * branch              route-c-stage2-6-1-repair17 -> FETCH_HEAD
HEAD is now at ae50a20c A2 RuntimeClosure R3 fix (reviewer F-1): parameterize plan authorization identity texts by qaf_attempt_family — embedded_preflight_smoke.description/smoke_policy ppo_smoke identity, budget_items audit-bank/preplan-smoke/preflight-smoke consumers, explicit run_scope.attempt_identity registration (chain cmd_audit/cmd_preplan_smoke/cmd_preflight_static/smoke same-source resolution); +RD06 regression test (125 affected subset green in P3)
branch=route-c-stage2-6-1-repair17 head=ae50a20cc95ed3229335171487d9a6be4d8c8e48
porcelain:[]
== [B] plan rebuild at A' ==
QPROD_PLAN_DIGEST: qbpl-acee250a6977738fe104d4c48b585d5b3f5fa80d3b2e0d4f3316d577b879009e
old_draft_matches_new: False
draft_written_equals_rebuilt: True
== [C] preflight @A' ==
PREFLIGHT ok= True problems= []
== [D] freeze engineering @A' ==
FREEZE_OK ae50a20cc95e digest r17fs-cc2b8fcae2b771 missing []
== [E] substance verify @A' (D3 root rc0 / wrong root rc2) ==
rc_d3=2
regression_evidence_commit_unbound

rc_wr=2
regression_evidence_commit_unbound

== [F] three-way @A' ==
PAIRS {'P3D3': '698/698 equal', 'P3PIN': '597/597 equal', 'D3PIN': '660/660 equal'} mismatches: 0
== [G] live prefix probe 3 steps @A' ==
rc1=0
[provenance-verify] pass=True stored=r17gtrec-3112e5deb863a... recomputed=r17gtrec-3112e5deb863a...
rc2=0
[determinism] A5 pass=True all_identical=True r10_consistent=True r10_failure_reproduced=False
[determinism] A6 gate pass=True
rc3=0
[audit] code freeze anchored: ae50a20cc95ed3229335171487d9a6be4d8c8e48 (surface r17fs-cc2b8fca...; dev_files=572 repo_tracked=613)
[audit] equivalence pass=True ns pass=True digests_match=True ancestry ok=True r11_binding pass=True r12_binding pass=True r13_binding pass=True r14_binding pass=True workflow pass=True provenance pass=True dep pass=True entry pass=True determinism_contract=bound
== [H] audit dummy-sha refusal @A' ==
rc_refused=1
  File "/home/cryptorl/projects/crypto_rl_qaf_v3/src/rl_curriculum/curriculum261_r17_dependencies.py", line 520, in write_r17_code_freeze
    raise RuntimeError(
RuntimeError: code_freeze_sha 与 repo HEAD 不一致——冻结必须绑定Commit A 提交(HEAD=ae50a20cc95ed3229335171487d9a6be4d8c8e48,传入=0000000000000000000000000000000000000000)
part5 done
