== [A] PIN harden: detach at Commit A ==
HEAD is now at 85a879a4 A2 RuntimeClosure: registry-count test expectations to 235/24 with QAF v3 unions (repair4/governance/c13 exact-increment; baseline-89 invariant preserved)
pin_head=85a879a46d0a20831644eb9aae52e0537436713f
pin_porcelain:[]
== [B] rename preissue refusal artifact ==
total 16
drwxrwxrwx 1 cryptorl cryptorl 512 Oct 10  2026 .
drwxrwxrwx 1 cryptorl cryptorl 512 Oct  6 06:47 ..
-rwxrwxrwx 1 cryptorl cryptorl 465 Oct 10 12:07 freeze_engineering_P3.json
drwxrwxrwx 1 cryptorl cryptorl 512 Oct  6 05:33 prefix_probe
-rwxrwxrwx 1 cryptorl cryptorl 226 Oct 10 12:08 preflight_P3.json
-rwxrwxrwx 1 cryptorl cryptorl 802 Oct 10 12:08 preissue_gate_P3_preconfig_refused.json
-rwxrwxrwx 1 cryptorl cryptorl 803 Oct 10  2026 preissue_gate_refusal_report.json
-rwxrwxrwx 1 cryptorl cryptorl   0 Oct 10  2026 preissue_gate_refusal_stderr.txt
-rwxrwxrwx 1 cryptorl cryptorl 796 Oct 10 12:06 substance_verify_D3.json
-rwxrwxrwx 1 cryptorl cryptorl  46 Oct 10 12:07 substance_verify_wrongroot.json
== [C] audit-step live probe at final candidate ==
rc_audit=1
[audit] code freeze anchored: 85a879a46d0a20831644eb9aae52e0537436713f (surface r17fs-c4b5818c...; dev_files=572 repo_tracked=613)
  File "/home/cryptorl/projects/crypto_rl_qaf_v3/src/rl_curriculum/curriculum261_r17_cli.py", line 901, in _generation_determinism_gate_binding
    raise RuntimeError(
RuntimeError: generation determinism contract 缺失:/home/cryptorl/tmp_a2rc_w5/audit_out/determinism/generation_determinism_contract.json(工作包 A6:确定性矩阵/mutable state 审计/合同门禁全部通过前,禁止访问任何 R17 正式 design/calibration/qualification namespace)
== [C2] audit-step refusal probe (dummy sha 0000...) ==
rc_refused=1

                 ^^^^^^^^^^^^^^^^^^^^^^
  File "/home/cryptorl/projects/crypto_rl_qaf_v3/src/rl_curriculum/curriculum261_r17_dependencies.py", line 520, in write_r17_code_freeze
    raise RuntimeError(
RuntimeError: code_freeze_sha 与 repo HEAD 不一致——冻结必须绑定Commit A 提交(HEAD=85a879a46d0a20831644eb9aae52e0537436713f,传入=0000000000000000000000000000000000000000)
== [D] old-scene disclosure material ==
-- Oct5/6 engineering rehearsal run dirs (old P r17_rt_runs, dummy-sha refusal probes) --
20261005T042745Z_16137 :: RuntimeError: code_freeze_sha 与 repo HEAD 不一致——冻结必须绑定Commit A 提交(HEAD=eca28ea1edddf5229dfc3dc54bcf3510428c3fca,传入=0000000000000000000000000000000000000000) 
20261005T042847Z_16341 :: RuntimeError: code_freeze_sha 与 repo HEAD 不一致——冻结必须绑定Commit A 提交(HEAD=eca28ea1edddf5229dfc3dc54bcf3510428c3fca,传入=1111111111111111111111111111111111111111) 
20261005T042948Z_16491 :: RuntimeError: code_freeze_sha 与 repo HEAD 不一致——冻结必须绑定Commit A 提交(HEAD=eca28ea1edddf5229dfc3dc54bcf3510428c3fca,传入=0000000000000000000000000000000000000000) 
20261005T042948Z_16492 :: RuntimeError: code_freeze_sha 与 repo HEAD 不一致——冻结必须绑定Commit A 提交(HEAD=eca28ea1edddf5229dfc3dc54bcf3510428c3fca,传入=1111111111111111111111111111111111111111) 
20261005T045401Z_19538 :: RuntimeError: code_freeze_sha 与 repo HEAD 不一致——冻结必须绑定Commit A 提交(HEAD=d705c494b031823570a90deeed891bcbe763d1d9,传入=0000000000000000000000000000000000000000) 
20261005T045501Z_19664 :: RuntimeError: code_freeze_sha 与 repo HEAD 不一致——冻结必须绑定Commit A 提交(HEAD=d705c494b031823570a90deeed891bcbe763d1d9,传入=1111111111111111111111111111111111111111) 
20261005T045600Z_19785 :: RuntimeError: code_freeze_sha 与 repo HEAD 不一致——冻结必须绑定Commit A 提交(HEAD=d705c494b031823570a90deeed891bcbe763d1d9,传入=0000000000000000000000000000000000000000) 
20261005T045600Z_19786 :: RuntimeError: code_freeze_sha 与 repo HEAD 不一致——冻结必须绑定Commit A 提交(HEAD=d705c494b031823570a90deeed891bcbe763d1d9,传入=1111111111111111111111111111111111111111) 
20261005T071448Z_24823 :: RuntimeError: code_freeze_sha 与 repo HEAD 不一致——冻结必须绑定Commit A 提交(HEAD=af5c9d86ee5905b350725c5a6649f1d4f1689037,传入=0000000000000000000000000000000000000000) 
20261005T071605Z_24965 :: RuntimeError: code_freeze_sha 与 repo HEAD 不一致——冻结必须绑定Commit A 提交(HEAD=af5c9d86ee5905b350725c5a6649f1d4f1689037,传入=1111111111111111111111111111111111111111) 
20261005T071720Z_25626 :: RuntimeError: code_freeze_sha 与 repo HEAD 不一致——冻结必须绑定Commit A 提交(HEAD=af5c9d86ee5905b350725c5a6649f1d4f1689037,传入=0000000000000000000000000000000000000000) 
20261005T071720Z_25627 :: RuntimeError: code_freeze_sha 与 repo HEAD 不一致——冻结必须绑定Commit A 提交(HEAD=af5c9d86ee5905b350725c5a6649f1d4f1689037,传入=1111111111111111111111111111111111111111) 
20261005T074632Z_53329 :: RuntimeError: code_freeze_sha 与 repo HEAD 不一致——冻结必须绑定Commit A 提交(HEAD=71da73a6a7da0a8023c8eebf5c52cf1c8c8b380a,传入=0000000000000000000000000000000000000000) 
20261005T074750Z_54594 :: RuntimeError: code_freeze_sha 与 repo HEAD 不一致——冻结必须绑定Commit A 提交(HEAD=71da73a6a7da0a8023c8eebf5c52cf1c8c8b380a,传入=1111111111111111111111111111111111111111) 
20261005T074906Z_54729 :: RuntimeError: code_freeze_sha 与 repo HEAD 不一致——冻结必须绑定Commit A 提交(HEAD=71da73a6a7da0a8023c8eebf5c52cf1c8c8b380a,传入=0000000000000000000000000000000000000000) 
20261005T074906Z_54730 :: RuntimeError: code_freeze_sha 与 repo HEAD 不一致——冻结必须绑定Commit A 提交(HEAD=71da73a6a7da0a8023c8eebf5c52cf1c8c8b380a,传入=1111111111111111111111111111111111111111) 
20261005T144913Z_19266 :: RuntimeError: code_freeze_sha 与 repo HEAD 不一致——冻结必须绑定Commit A 提交(HEAD=61180756b87878db7840c52b3c979fc7b02159c2,传入=0000000000000000000000000000000000000000) 
20261005T145013Z_19393 :: RuntimeError: code_freeze_sha 与 repo HEAD 不一致——冻结必须绑定Commit A 提交(HEAD=61180756b87878db7840c52b3c979fc7b02159c2,传入=1111111111111111111111111111111111111111) 
20261005T145113Z_19514 :: RuntimeError: code_freeze_sha 与 repo HEAD 不一致——冻结必须绑定Commit A 提交(HEAD=61180756b87878db7840c52b3c979fc7b02159c2,传入=0000000000000000000000000000000000000000) 
20261005T145113Z_19515 :: RuntimeError: code_freeze_sha 与 repo HEAD 不一致——冻结必须绑定Commit A 提交(HEAD=61180756b87878db7840c52b3c979fc7b02159c2,传入=1111111111111111111111111111111111111111) 
20261005T153643Z_19291 :: RuntimeError: code_freeze_sha 与 repo HEAD 不一致——冻结必须绑定Commit A 提交(HEAD=61180756b87878db7840c52b3c979fc7b02159c2,传入=0000000000000000000000000000000000000000) 
20261005T153745Z_19417 :: RuntimeError: code_freeze_sha 与 repo HEAD 不一致——冻结必须绑定Commit A 提交(HEAD=61180756b87878db7840c52b3c979fc7b02159c2,传入=1111111111111111111111111111111111111111) 
20261005T153844Z_19538 :: RuntimeError: code_freeze_sha 与 repo HEAD 不一致——冻结必须绑定Commit A 提交(HEAD=61180756b87878db7840c52b3c979fc7b02159c2,传入=0000000000000000000000000000000000000000) 
20261005T153844Z_19539 :: RuntimeError: code_freeze_sha 与 repo HEAD 不一致——冻结必须绑定Commit A 提交(HEAD=61180756b87878db7840c52b3c979fc7b02159c2,传入=1111111111111111111111111111111111111111) 
20261005T163947Z_24187 :: RuntimeError: code_freeze_sha 与 repo HEAD 不一致——冻结必须绑定Commit A 提交(HEAD=2f3e7faad5aca77aed29eec3e4b70d35484f84fb,传入=0000000000000000000000000000000000000000) 
20261005T164047Z_24314 :: RuntimeError: code_freeze_sha 与 repo HEAD 不一致——冻结必须绑定Commit A 提交(HEAD=2f3e7faad5aca77aed29eec3e4b70d35484f84fb,传入=1111111111111111111111111111111111111111) 
20261005T164147Z_24435 :: RuntimeError: code_freeze_sha 与 repo HEAD 不一致——冻结必须绑定Commit A 提交(HEAD=2f3e7faad5aca77aed29eec3e4b70d35484f84fb,传入=0000000000000000000000000000000000000000) 
20261005T164147Z_24436 :: RuntimeError: code_freeze_sha 与 repo HEAD 不一致——冻结必须绑定Commit A 提交(HEAD=2f3e7faad5aca77aed29eec3e4b70d35484f84fb,传入=1111111111111111111111111111111111111111) 
20261005T182450Z_26776 :: RuntimeError: code_freeze_sha 与 repo HEAD 不一致——冻结必须绑定Commit A 提交(HEAD=b3e3bffd56253575298dac36f2681d6bf55507ba,传入=0000000000000000000000000000000000000000) 
done part2
