===== [0] date/PIN identity =====
2026-10-10T04:05:24Z
85a879a46d0a20831644eb9aae52e0537436713f
pin_porcelain:[]
/mnt/f/trading/freqai-rl-audit     85a879a4 [route-c-stage2-6-1-repair17]
/home/cryptorl/release_pin_qaf_v3  45a47547 (detached HEAD)
===== [1] plan rebuild at 85a879a46d0a20831644eb9aae52e0537436713f =====
QPROD_PLAN_DIGEST: qbpl-2c65de6fe59a03b817ee3653d744a8c05ccdaf35dac6bba02cf66a20179330e4
draft==rebuilt: True
===== [2] substance verify D3 + wrongroot =====
rc_d3=0
{"substance": {"format": "cur261-r17-admission-substance-v1", "plan_digest_claimed": "06827b7d1534e136fd2b65347ec0f7ce392c0c3e", "plan_digest_method": "git_tree_digest", "plan_digest_recomputed": "06827b7d1534e136fd2b65347ec0f7ce392c0c3e", "regression_evidence": {"collection_tests": 2989, "counts": 
rc_wr=2
regression_collection_run_cwd_not_deploy_root

===== [3] freeze engineering repro (fresh temp out) =====
FREEZE_OK 85a879a46d0a digest r17fs-c4b5818c0aec55 missing [] head 85a879a46d0a
===== [4] runtime_dependency_preflight at 85a879a46d0a20831644eb9aae52e0537436713f =====
PREFLIGHT ok= True problems= []
===== [5] preissue gate (read-only; both-entry shared precondition) =====
rc_preissue=2
{
 "format": "cur261-qaf-provenance-guard-v1",
 "phase": "preissue_gate",
 "attempt": "qaf_v3",
 "deploy_root": "/home/cryptorl/projects/crypto_rl_formal_a_qaf_v3",
 "repo": "/mnt/f/trading/freqai-rl-audit",
 "project_dir": "/home/cryptorl/projects/crypto_rl_qaf_v3",
 "checks": {
  "env_whitelist": 

===== [6] three-way compare =====
PAIRS {'P3D3': '698/698 equal', 'P3PIN': '597/597 equal', 'D3PIN': '660/660 equal'} mismatches: 0
===== [7] old scene after snapshot =====
== old scene identities AFTER (read-only) 2026-10-10T04:08:26Z ==
-- P2 dev-root freeze singles (failed consumer) --
dc5deab41647d2bd5ce022ca8be08f3c229335162c81549eb07b3b1ca94c1fac  /home/cryptorl/projects/crypto_rl_qaf_v2/user_data/strategies/RouteCStrategy.py
6c43ec584dfa36722b69f4c6a96310fe427263cf06cf1d0a6f5eec2f431fa92e  /home/cryptorl/projects/crypto_rl_qaf_v2/activate-freqtrade.sh
MISSING requirements-lock.txt
MISSING environment.yml
-- D2 singles --
e7a0850eb6c965a6f4dc6389802a0b388f2424eec6b80d7e62077197549f8899  /home/cryptorl/projects/crypto_rl_formal_a_qaf_v2/environment.yml
4e727d3daed162cec3a47ee8d6d8602e44bf8f19a5d99032d51cfe3957c4d99b  /home/cryptorl/projects/crypto_rl_formal_a_qaf_v2/requirements-lock.txt
6c43ec584dfa36722b69f4c6a96310fe427263cf06cf1d0a6f5eec2f431fa92e  /home/cryptorl/projects/crypto_rl_formal_a_qaf_v2/activate-freqtrade.sh
-- old P (accepted originals) --
dc5deab41647d2bd5ce022ca8be08f3c229335162c81549eb07b3b1ca94c1fac  /home/cryptorl/projects/crypto_rl/user_data/strategies/RouteCStrategy.py
4e727d3daed162cec3a47ee8d6d8602e44bf8f19a5d99032d51cfe3957c4d99b  /home/cryptorl/projects/crypto_rl/requirements-lock.txt
e7a0850eb6c965a6f4dc6389802a0b388f2424eec6b80d7e62077197549f8899  /home/cryptorl/projects/crypto_rl/environment.yml
6c43ec584dfa36722b69f4c6a96310fe427263cf06cf1d0a6f5eec2f431fa92e  /home/cryptorl/projects/crypto_rl/activate-freqtrade.sh
-- old P admission-family files --
/home/cryptorl/projects/crypto_rl/r17_admission_issued.jsonl
/home/cryptorl/projects/crypto_rl/.r17_formal_admission.json
956178b282e42ae73be1cdd3ade0772af53cf7eb2682fe8b9d02a20411fdcb6f  /home/cryptorl/projects/crypto_rl/r17_admission_issued.jsonl
b465e5f17a651d0aee7f9a10fbb406448a37e1eae414c541aef7861db668ab6c  /home/cryptorl/projects/crypto_rl/.r17_formal_admission.json
-- files newer than 2026-10-05 11:00Z window (old P / P2 / D2) --
[crypto_rl]
2026-10-06 07:33 /home/cryptorl/projects/crypto_rl/src/rl_curriculum/curriculum261_r17_admission_substance.py
2026-10-06 07:33 /home/cryptorl/projects/crypto_rl/src/rl_curriculum/__init__.py
2026-10-06 07:09 /home/cryptorl/projects/crypto_rl/r17_rt_runs/20261005T230811Z_27166/state/r17_iteration_aborted.json
2026-10-06 07:09 /home/cryptorl/projects/crypto_rl/r17_rt_runs/20261005T230811Z_27166/state/r17_execution_journal.jsonl
2026-10-06 07:09 /home/cryptorl/projects/crypto_rl/r17_rt_runs/20261005T230811Z_27166/logs/launch_evidence.jsonl
2026-10-06 07:09 /home/cryptorl/projects/crypto_rl/r17_rt_runs/20261005T230811Z_27166/artifacts_chain_logs/fail_closure.log
2026-10-06 07:09 /home/cryptorl/projects/crypto_rl/r17_rt_runs/20261005T230811Z_27166/artifacts_chain_logs/determinism-matrix.log
2026-10-06 07:09 /home/cryptorl/projects/crypto_rl/r17_rt_runs/20261005T230811Z_27166/artifacts_chain_logs/audit.log
[crypto_rl_qaf_v2]
[crypto_rl_formal_a_qaf_v2]
===== W5 rerun done =====
