PROBE_MASK_LINE=3077
PROBE_CUTOFF_LINE=3092
R17LOG {"event":"supervisor_start","run_dir":"/home/cryptorl/r17sp_work/runs/a/run","policy":"fc43ed1b5d61f3ab199eff2b1e34bdf8df340257f4803623948393d1ee8288ea","utc":"2026-09-08T05:03:11Z","run_id":"run"}
R17LOG {"event":"business_started","pid":413,"pgid":413,"argv":["bash","-c","sleep 1"],"utc":"2026-09-08T05:03:11Z","run_id":"run"}
R17LOG {"event":"business_exited","rc":0,"utc":"2026-09-08T05:03:12Z","run_id":"run"}
R17LOG {"event":"supervisor_end","run_dir":"/home/cryptorl/r17sp_work/runs/a/run","incidents":0,"business_rc":0,"summary":"/home/cryptorl/r17sp_work/runs/a/run/summary.json","run_record":"/home/cryptorl/r17sp_work/runs/a/run/run_record.json","utc":"2026-09-08T05:03:12Z","run_id":"run"}
PROBE_RR_BEFORE_C=exists=True,finalized=True
PROBE_THREADS_BEFORE_MASK=['MainThread', 'r17-io-writer']
PROBE_THREADS_AT_C=['MainThread', 'r17-io-writer']
PROBE_MAIN_MASK_AT_C=[<Signals.SIGINT: 2>, <Signals.SIGTERM: 15>]
PROBE_SIGNAL_SENT=SIGTERM
PROBE_AFTER_SEND_COUNT=None
PROBE_RUN_RC=0
PROBE_SIG=15
PROBE_SIG_COUNT=1
PROBE_CONSUMED=False
PROBE_COUNT_AT_CUTOFF=0
PROBE_POST_CUTOFF_FILE=True
PROBE_POST_CUTOFF={
 "schema": "r17-post-cutoff-signal-v1",
 "run_id": "run",
 "utc": "2026-09-08T05:03:12Z",
 "sig_count_total": 1,
 "sig_count_at_cutoff": 0,
 "first_sig": 15,
 "note": "停止接受截止点 C 之后到达的信号;结果已固定,本回执不改写任何封口原件"
}
PROBE_SUMMARY_SIG=None
PROBE_SUMMARY_COUNT=0
PROBE_SUMMARY_EST_REASON='finalize'
PROBE_RR_FINALIZED=True
PROBE_RR_EVIDENCE=True
