tests/route_c_stage2_6_1/test_curriculum261_r17_c2_consumer.py::test_full_report_chain_real_primitives
tests/route_c_stage2_6_1/test_curriculum261_r17_c2_consumer.py::test_deterministic_without_mutating_input
tests/route_c_stage2_6_1/test_curriculum261_r17_c2_consumer.py::test_actual_selector_is_single_ordering_authority
tests/route_c_stage2_6_1/test_curriculum261_r17_c2_consumer.py::test_design_numeric_differential_against_existing_r17_segment
tests/route_c_stage2_6_1/test_curriculum261_r17_c2_consumer.py::test_matched_gap_uses_blockwise_se
tests/route_c_stage2_6_1/test_curriculum261_r17_c2_consumer.py::test_no_qualified_combination_stops_before_calibration
tests/route_c_stage2_6_1/test_curriculum261_r17_c2_consumer.py::test_failed_calibration_split_never_pooled_rescued[main]
tests/route_c_stage2_6_1/test_curriculum261_r17_c2_consumer.py::test_failed_calibration_split_never_pooled_rescued[validation]
tests/route_c_stage2_6_1/test_curriculum261_r17_c2_consumer.py::test_bad_matched_point_metrics_do_not_bind
tests/route_c_stage2_6_1/test_curriculum261_r17_c2_consumer.py::test_dedicated_fail_does_disqualify_candidate
tests/route_c_stage2_6_1/test_curriculum261_r17_c2_consumer.py::test_independent_point_diagnostics_do_not_bind
tests/route_c_stage2_6_1/test_curriculum261_r17_c2_consumer.py::test_design_independent_structural_failure_stops_calibration
tests/route_c_stage2_6_1/test_curriculum261_r17_c2_consumer.py::test_global_k_indeterminate_stops_before_design
tests/route_c_stage2_6_1/test_curriculum261_r17_c2_consumer.py::test_malformed_evidence_is_engineering_error[production]
tests/route_c_stage2_6_1/test_curriculum261_r17_c2_consumer.py::test_malformed_evidence_is_engineering_error[extra_candidate]
tests/route_c_stage2_6_1/test_curriculum261_r17_c2_consumer.py::test_malformed_evidence_is_engineering_error[missing_candidate]
tests/route_c_stage2_6_1/test_curriculum261_r17_c2_consumer.py::test_malformed_evidence_is_engineering_error[changed_axis]
tests/route_c_stage2_6_1/test_curriculum261_r17_c2_consumer.py::test_malformed_evidence_is_engineering_error[changed_structure]
tests/route_c_stage2_6_1/test_curriculum261_r17_c2_consumer.py::test_malformed_evidence_is_engineering_error[bad_n_option]
tests/route_c_stage2_6_1/test_curriculum261_r17_c2_consumer.py::test_malformed_evidence_is_engineering_error[digest]
tests/route_c_stage2_6_1/test_curriculum261_r17_c2_consumer.py::test_malformed_evidence_is_engineering_error[empty_blocks]
tests/route_c_stage2_6_1/test_curriculum261_r17_c2_consumer.py::test_malformed_evidence_is_engineering_error[duplicate_block]
tests/route_c_stage2_6_1/test_curriculum261_r17_c2_consumer.py::test_malformed_evidence_is_engineering_error[foreign_rung]
tests/route_c_stage2_6_1/test_curriculum261_r17_c2_consumer.py::test_malformed_evidence_is_engineering_error[missing_flat]
tests/route_c_stage2_6_1/test_curriculum261_r17_c2_consumer.py::test_malformed_evidence_is_engineering_error[wrong_gap]
tests/route_c_stage2_6_1/test_curriculum261_r17_c2_consumer.py::test_malformed_evidence_is_engineering_error[wrong_margin]
tests/route_c_stage2_6_1/test_curriculum261_r17_c2_consumer.py::test_malformed_evidence_is_engineering_error[nan]
tests/route_c_stage2_6_1/test_curriculum261_r17_c2_consumer.py::test_malformed_evidence_is_engineering_error[bool_return]
tests/route_c_stage2_6_1/test_curriculum261_r17_c2_consumer.py::test_malformed_evidence_is_engineering_error[semantic_as_matched]
tests/route_c_stage2_6_1/test_curriculum261_r17_c2_consumer.py::test_malformed_evidence_is_engineering_error[semantic_40]
tests/route_c_stage2_6_1/test_curriculum261_r17_c2_consumer.py::test_malformed_evidence_is_engineering_error[empty_shared_checks]
tests/route_c_stage2_6_1/test_curriculum261_r17_c2_consumer.py::test_malformed_evidence_is_engineering_error[empty_candidate_sides]
tests/route_c_stage2_6_1/test_curriculum261_r17_c2_consumer.py::test_malformed_evidence_is_engineering_error[semantic_summary_lie]
tests/route_c_stage2_6_1/test_curriculum261_r17_c2_consumer.py::test_malformed_evidence_is_engineering_error[wrong_producer]
tests/route_c_stage2_6_1/test_curriculum261_r17_c2_consumer.py::test_malformed_evidence_is_engineering_error[bad_pair_count]
tests/route_c_stage2_6_1/test_curriculum261_r17_c2_consumer.py::test_malformed_evidence_is_engineering_error[duplicate_pair]
tests/route_c_stage2_6_1/test_curriculum261_r17_c2_consumer.py::test_malformed_evidence_is_engineering_error[missing_A]
tests/route_c_stage2_6_1/test_curriculum261_r17_c2_consumer.py::test_malformed_evidence_is_engineering_error[wrong_cal_n]
tests/route_c_stage2_6_1/test_curriculum261_r17_c2_consumer.py::test_malformed_evidence_is_engineering_error[cal_candidate_swap]
tests/route_c_stage2_6_1/test_curriculum261_r17_c2_consumer.py::test_malformed_evidence_is_engineering_error[independent_bad_digest]
tests/route_c_stage2_6_1/test_curriculum261_r17_c2_consumer.py::test_malformed_evidence_is_engineering_error[string_boolean]
tests/route_c_stage2_6_1/test_curriculum261_r17_c2_consumer.py::test_malformed_evidence_is_engineering_error[claimed_episode_provenance]
tests/route_c_stage2_6_1/test_curriculum261_r17_c2_consumer.py::test_dedicated_shared_fail_short_circuits_candidates
tests/route_c_stage2_6_1/test_curriculum261_r17_c2_consumer.py::test_known_selector_tie_order_real_function
tests/route_c_stage2_6_1/test_curriculum261_r17_c2_consumer.py::test_no_calling_production_entrypoints
tests/route_c_stage2_6_1/test_curriculum261_r17_c2_consumer.py::test_invalid_semantic_or_density_numbers_rejected[recall_gt_one]
tests/route_c_stage2_6_1/test_curriculum261_r17_c2_consumer.py::test_invalid_semantic_or_density_numbers_rejected[noncue_negative]
tests/route_c_stage2_6_1/test_curriculum261_r17_c2_consumer.py::test_invalid_semantic_or_density_numbers_rejected[precision_gt_one]
tests/route_c_stage2_6_1/test_curriculum261_r17_c2_consumer.py::test_invalid_semantic_or_density_numbers_rejected[payoff_negative]
tests/route_c_stage2_6_1/test_curriculum261_r17_c2_consumer.py::test_invalid_semantic_or_density_numbers_rejected[fractional_count]
tests/route_c_stage2_6_1/test_curriculum261_r17_c2_consumer.py::test_invalid_semantic_or_density_numbers_rejected[bool_trades]
tests/route_c_stage2_6_1/test_curriculum261_r17_c2_consumer.py::test_invalid_semantic_or_density_numbers_rejected[negative_trades]
tests/route_c_stage2_6_1/test_curriculum261_r17_c2_consumer.py::test_invalid_semantic_or_density_numbers_rejected[rate_gt_one]
tests/route_c_stage2_6_1/test_r17_c2_native_codec.py::test_all_numeric_dtypes_roundtrip[bool]
tests/route_c_stage2_6_1/test_r17_c2_native_codec.py::test_all_numeric_dtypes_roundtrip[float32]
tests/route_c_stage2_6_1/test_r17_c2_native_codec.py::test_all_numeric_dtypes_roundtrip[float64]
tests/route_c_stage2_6_1/test_r17_c2_native_codec.py::test_all_numeric_dtypes_roundtrip[int16]
tests/route_c_stage2_6_1/test_r17_c2_native_codec.py::test_all_numeric_dtypes_roundtrip[int32]
tests/route_c_stage2_6_1/test_r17_c2_native_codec.py::test_all_numeric_dtypes_roundtrip[int64]
tests/route_c_stage2_6_1/test_r17_c2_native_codec.py::test_all_numeric_dtypes_roundtrip[int8]
tests/route_c_stage2_6_1/test_r17_c2_native_codec.py::test_all_numeric_dtypes_roundtrip[uint16]
tests/route_c_stage2_6_1/test_r17_c2_native_codec.py::test_all_numeric_dtypes_roundtrip[uint32]
tests/route_c_stage2_6_1/test_r17_c2_native_codec.py::test_all_numeric_dtypes_roundtrip[uint64]
tests/route_c_stage2_6_1/test_r17_c2_native_codec.py::test_all_numeric_dtypes_roundtrip[uint8]
tests/route_c_stage2_6_1/test_r17_c2_native_codec.py::test_index_and_signed_zero_are_lossless[index0]
tests/route_c_stage2_6_1/test_r17_c2_native_codec.py::test_index_and_signed_zero_are_lossless[index1]
tests/route_c_stage2_6_1/test_r17_c2_native_codec.py::test_index_and_signed_zero_are_lossless[index2]
tests/route_c_stage2_6_1/test_r17_c2_native_codec.py::test_index_and_signed_zero_are_lossless[index3]
tests/route_c_stage2_6_1/test_r17_c2_native_codec.py::test_index_and_signed_zero_are_lossless[index4]
tests/route_c_stage2_6_1/test_r17_c2_native_codec.py::test_nonfinite_array_rejected[nan]
tests/route_c_stage2_6_1/test_r17_c2_native_codec.py::test_nonfinite_array_rejected[inf]
tests/route_c_stage2_6_1/test_r17_c2_native_codec.py::test_nonfinite_array_rejected[-inf]
tests/route_c_stage2_6_1/test_r17_c2_native_codec.py::test_strict_json[{"a":1,"a":2}]
tests/route_c_stage2_6_1/test_r17_c2_native_codec.py::test_strict_json[{"a":NaN}]
tests/route_c_stage2_6_1/test_r17_c2_native_codec.py::test_strict_json[{"a":Infinity}]
tests/route_c_stage2_6_1/test_r17_c2_native_codec.py::test_strict_json[\xff]
tests/route_c_stage2_6_1/test_r17_c2_native_codec.py::test_strict_json[{]
tests/route_c_stage2_6_1/test_r17_c2_native_codec.py::test_invalid_frame_shape_rejected[columns]
tests/route_c_stage2_6_1/test_r17_c2_native_codec.py::test_invalid_frame_shape_rejected[extra]
tests/route_c_stage2_6_1/test_r17_c2_native_codec.py::test_invalid_frame_shape_rejected[dtype]
tests/route_c_stage2_6_1/test_r17_c2_native_codec.py::test_invalid_frame_shape_rejected[hex]
tests/route_c_stage2_6_1/test_r17_c2_native_codec.py::test_invalid_frame_shape_rejected[n]
tests/route_c_stage2_6_1/test_r17_c2_native_codec.py::test_invalid_frame_shape_rejected[index]
tests/route_c_stage2_6_1/test_r17_c2_native_codec.py::test_invalid_frame_shape_rejected[timezone]
tests/route_c_stage2_6_1/test_r17_c2_native_codec.py::test_safe_document_and_external_anchor
tests/route_c_stage2_6_1/test_r17_c2_native_codec.py::test_symlink_input_and_parent_rejected
tests/route_c_stage2_6_1/test_r17_c2_native_codec.py::test_parent_traversal_rejected
tests/route_c_stage2_6_1/test_r17_c2_native_codec.py::test_decompression_bound
tests/route_c_stage2_6_1/test_r17_c2_native_codec.py::test_noncanonical_bool_byte
tests/route_c_stage2_6_1/test_r17_c2_native_codec.py::test_no_object_dtype_or_duplicate_index
tests/route_c_stage2_6_1/test_r17_c2_native_components.py::test_sample_membership_mutations_fail[drop]
tests/route_c_stage2_6_1/test_r17_c2_native_components.py::test_sample_membership_mutations_fail[duplicate]
tests/route_c_stage2_6_1/test_r17_c2_native_components.py::test_sample_membership_mutations_fail[namespace]
tests/route_c_stage2_6_1/test_r17_c2_native_components.py::test_sample_membership_mutations_fail[index]
tests/route_c_stage2_6_1/test_r17_c2_native_components.py::test_sample_membership_mutations_fail[side]
tests/route_c_stage2_6_1/test_r17_c2_native_components.py::test_sample_membership_mutations_fail[spec_seed]
tests/route_c_stage2_6_1/test_r17_c2_native_components.py::test_sample_membership_mutations_fail[ce_hash]
tests/route_c_stage2_6_1/test_r17_c2_native_components.py::test_sample_membership_mutations_fail[date]
tests/route_c_stage2_6_1/test_r17_c2_native_components.py::test_sample_membership_mutations_fail[hidden]
tests/route_c_stage2_6_1/test_r17_c2_native_components.py::test_sample_membership_mutations_fail[extra_family]
tests/route_c_stage2_6_1/test_r17_c2_native_components.py::test_sample_membership_mutations_fail[retry]
tests/route_c_stage2_6_1/test_r17_c2_native_components.py::test_wrong_external_corpus_identity[role]
tests/route_c_stage2_6_1/test_r17_c2_native_components.py::test_wrong_external_corpus_identity[split]
tests/route_c_stage2_6_1/test_r17_c2_native_components.py::test_wrong_external_corpus_identity[candidate]
tests/route_c_stage2_6_1/test_r17_c2_native_components.py::test_wrong_external_corpus_identity[count]
tests/route_c_stage2_6_1/test_r17_c2_native_components.py::test_all_sample_types_roundtrip
tests/route_c_stage2_6_1/test_r17_c2_native_components.py::test_explicit_seeds_require_exact_members_and_fixture_scope
tests/route_c_stage2_6_1/test_r17_c2_native_components.py::test_raw_reuse_detection_ignores_label_changes
tests/route_c_stage2_6_1/test_r17_c2_native_components.py::test_real_v2_scaled_canonical_statistics_semantics
tests/route_c_stage2_6_1/test_r17_c2_native_components.py::test_native_design_receives_explicit_blocks
tests/route_c_stage2_6_1/test_r17_c2_native_components.py::test_parameter_drift_rejected_before_evaluation

111 tests collected in 0.68s
