/mnt/f/trading/freqai-rl-audit/stage2_6_1/src/rl_curriculum/curriculum261_api.py
/mnt/f/trading/freqai-rl-audit/stage2_6_1/src/rl_curriculum/curriculum261_c1.py
/mnt/f/trading/freqai-rl-audit/stage2_6_1/src/rl_curriculum/curriculum261_c2.py
/mnt/f/trading/freqai-rl-audit/stage2_6_1/src/rl_curriculum/curriculum261_c3.py
/mnt/f/trading/freqai-rl-audit/stage2_6_1/src/rl_curriculum/curriculum261_cli.py
/mnt/f/trading/freqai-rl-audit/stage2_6_1/src/rl_curriculum/curriculum261_final.py
/mnt/f/trading/freqai-rl-audit/stage2_6_1/src/rl_curriculum/curriculum261_generation_envelope.py
/mnt/f/trading/freqai-rl-audit/stage2_6_1/src/rl_curriculum/curriculum261_pairs.py
/mnt/f/trading/freqai-rl-audit/stage2_6_1/src/rl_curriculum/curriculum261_plan.py
/mnt/f/trading/freqai-rl-audit/stage2_6_1/src/rl_curriculum/curriculum261_production_obs.py
/mnt/f/trading/freqai-rl-audit/stage2_6_1/src/rl_curriculum/curriculum261_qualification.py
/mnt/f/trading/freqai-rl-audit/stage2_6_1/src/rl_curriculum/curriculum261_r10_calibration.py
/mnt/f/trading/freqai-rl-audit/stage2_6_1/src/rl_curriculum/curriculum261_r10_cli.py
/mnt/f/trading/freqai-rl-audit/stage2_6_1/src/rl_curriculum/curriculum261_r10_cue_contract.py
/mnt/f/trading/freqai-rl-audit/stage2_6_1/src/rl_curriculum/curriculum261_r10_cue_eval.py
/mnt/f/trading/freqai-rl-audit/stage2_6_1/src/rl_curriculum/curriculum261_r10_delegation.py
/mnt/f/trading/freqai-rl-audit/stage2_6_1/src/rl_curriculum/curriculum261_r10_dependencies.py
/mnt/f/trading/freqai-rl-audit/stage2_6_1/src/rl_curriculum/curriculum261_r10_design.py
/mnt/f/trading/freqai-rl-audit/stage2_6_1/src/rl_curriculum/curriculum261_r10_final.py
/mnt/f/trading/freqai-rl-audit/stage2_6_1/src/rl_curriculum/curriculum261_r10_labels.py
/mnt/f/trading/freqai-rl-audit/stage2_6_1/src/rl_curriculum/curriculum261_r10_namespaces.py
/mnt/f/trading/freqai-rl-audit/stage2_6_1/src/rl_curriculum/curriculum261_r10_noise_replay.py
/mnt/f/trading/freqai-rl-audit/stage2_6_1/src/rl_curriculum/curriculum261_r10_orchestrator.py
/mnt/f/trading/freqai-rl-audit/stage2_6_1/src/rl_curriculum/curriculum261_r10_param_pack.py
/mnt/f/trading/freqai-rl-audit/stage2_6_1/src/rl_curriculum/curriculum261_r10_plan.py
/mnt/f/trading/freqai-rl-audit/stage2_6_1/src/rl_curriculum/curriculum261_r10_preflight.py
/mnt/f/trading/freqai-rl-audit/stage2_6_1/src/rl_curriculum/curriculum261_r10_preplan.py
/mnt/f/trading/freqai-rl-audit/stage2_6_1/src/rl_curriculum/curriculum261_r10_reference.py
/mnt/f/trading/freqai-rl-audit/stage2_6_1/src/rl_curriculum/curriculum261_r10_rehearsal.py
/mnt/f/trading/freqai-rl-audit/stage2_6_1/src/rl_curriculum/curriculum261_r10_routing.py
/mnt/f/trading/freqai-rl-audit/stage2_6_1/src/rl_curriculum/curriculum261_r10_smoke.py
/mnt/f/trading/freqai-rl-audit/stage2_6_1/src/rl_curriculum/curriculum261_r11_calibration.py
/mnt/f/trading/freqai-rl-audit/stage2_6_1/src/rl_curriculum/curriculum261_r11_cli.py
/mnt/f/trading/freqai-rl-audit/stage2_6_1/src/rl_curriculum/curriculum261_r11_cue_contract.py
/mnt/f/trading/freqai-rl-audit/stage2_6_1/src/rl_curriculum/curriculum261_r11_cue_eval.py
/mnt/f/trading/freqai-rl-audit/stage2_6_1/src/rl_curriculum/curriculum261_r11_delegation.py
/mnt/f/trading/freqai-rl-audit/stage2_6_1/src/rl_curriculum/curriculum261_r11_dependencies.py
/mnt/f/trading/freqai-rl-audit/stage2_6_1/src/rl_curriculum/curriculum261_r11_design.py
/mnt/f/trading/freqai-rl-audit/stage2_6_1/src/rl_curriculum/curriculum261_r11_determinism.py
/mnt/f/trading/freqai-rl-audit/stage2_6_1/src/rl_curriculum/curriculum261_r11_final.py
/mnt/f/trading/freqai-rl-audit/stage2_6_1/src/rl_curriculum/curriculum261_r11_labels.py
/mnt/f/trading/freqai-rl-audit/stage2_6_1/src/rl_curriculum/curriculum261_r11_namespaces.py
/mnt/f/trading/freqai-rl-audit/stage2_6_1/src/rl_curriculum/curriculum261_r11_noise_replay.py
/mnt/f/trading/freqai-rl-audit/stage2_6_1/src/rl_curriculum/curriculum261_r11_orchestrator.py
/mnt/f/trading/freqai-rl-audit/stage2_6_1/src/rl_curriculum/curriculum261_r11_param_pack.py
/mnt/f/trading/freqai-rl-audit/stage2_6_1/src/rl_curriculum/curriculum261_r11_plan.py
/mnt/f/trading/freqai-rl-audit/stage2_6_1/src/rl_curriculum/curriculum261_r11_preflight.py
/mnt/f/trading/freqai-rl-audit/stage2_6_1/src/rl_curriculum/curriculum261_r11_preplan.py
/mnt/f/trading/freqai-rl-audit/stage2_6_1/src/rl_curriculum/curriculum261_r11_reference.py
/mnt/f/trading/freqai-rl-audit/stage2_6_1/src/rl_curriculum/curriculum261_r11_rehearsal.py
/mnt/f/trading/freqai-rl-audit/stage2_6_1/src/rl_curriculum/curriculum261_r11_routing.py
/mnt/f/trading/freqai-rl-audit/stage2_6_1/src/rl_curriculum/curriculum261_r11_shadow.py
/mnt/f/trading/freqai-rl-audit/stage2_6_1/src/rl_curriculum/curriculum261_r11_smoke.py
/mnt/f/trading/freqai-rl-audit/stage2_6_1/src/rl_curriculum/curriculum261_r12_calibration.py
/mnt/f/trading/freqai-rl-audit/stage2_6_1/src/rl_curriculum/curriculum261_r12_cli.py
/mnt/f/trading/freqai-rl-audit/stage2_6_1/src/rl_curriculum/curriculum261_r12_cue_contract.py
/mnt/f/trading/freqai-rl-audit/stage2_6_1/src/rl_curriculum/curriculum261_r12_cue_eval.py
/mnt/f/trading/freqai-rl-audit/stage2_6_1/src/rl_curriculum/curriculum261_r12_delegation.py
/mnt/f/trading/freqai-rl-audit/stage2_6_1/src/rl_curriculum/curriculum261_r12_dependencies.py
/mnt/f/trading/freqai-rl-audit/stage2_6_1/src/rl_curriculum/curriculum261_r12_design.py
/mnt/f/trading/freqai-rl-audit/stage2_6_1/src/rl_curriculum/curriculum261_r12_determinism.py
/mnt/f/trading/freqai-rl-audit/stage2_6_1/src/rl_curriculum/curriculum261_r12_final.py
/mnt/f/trading/freqai-rl-audit/stage2_6_1/src/rl_curriculum/curriculum261_r12_generation_evidence.py
/mnt/f/trading/freqai-rl-audit/stage2_6_1/src/rl_curriculum/curriculum261_r12_global_k.py
/mnt/f/trading/freqai-rl-audit/stage2_6_1/src/rl_curriculum/curriculum261_r12_historical.py
/mnt/f/trading/freqai-rl-audit/stage2_6_1/src/rl_curriculum/curriculum261_r12_labels.py
/mnt/f/trading/freqai-rl-audit/stage2_6_1/src/rl_curriculum/curriculum261_r12_namespaces.py
/mnt/f/trading/freqai-rl-audit/stage2_6_1/src/rl_curriculum/curriculum261_r12_noise_replay.py
/mnt/f/trading/freqai-rl-audit/stage2_6_1/src/rl_curriculum/curriculum261_r12_orchestrator.py
/mnt/f/trading/freqai-rl-audit/stage2_6_1/src/rl_curriculum/curriculum261_r12_param_pack.py
/mnt/f/trading/freqai-rl-audit/stage2_6_1/src/rl_curriculum/curriculum261_r12_plan.py
/mnt/f/trading/freqai-rl-audit/stage2_6_1/src/rl_curriculum/curriculum261_r12_preflight.py
/mnt/f/trading/freqai-rl-audit/stage2_6_1/src/rl_curriculum/curriculum261_r12_preplan.py
/mnt/f/trading/freqai-rl-audit/stage2_6_1/src/rl_curriculum/curriculum261_r12_reference.py
/mnt/f/trading/freqai-rl-audit/stage2_6_1/src/rl_curriculum/curriculum261_r12_rehearsal.py
/mnt/f/trading/freqai-rl-audit/stage2_6_1/src/rl_curriculum/curriculum261_r12_routing.py
/mnt/f/trading/freqai-rl-audit/stage2_6_1/src/rl_curriculum/curriculum261_r12_shadow.py
/mnt/f/trading/freqai-rl-audit/stage2_6_1/src/rl_curriculum/curriculum261_r12_smoke.py
/mnt/f/trading/freqai-rl-audit/stage2_6_1/src/rl_curriculum/curriculum261_r12_validate_stats.py
/mnt/f/trading/freqai-rl-audit/stage2_6_1/src/rl_curriculum/curriculum261_r13_calibration.py
/mnt/f/trading/freqai-rl-audit/stage2_6_1/src/rl_curriculum/curriculum261_r13_cli.py
/mnt/f/trading/freqai-rl-audit/stage2_6_1/src/rl_curriculum/curriculum261_r13_cue_contract.py
/mnt/f/trading/freqai-rl-audit/stage2_6_1/src/rl_curriculum/curriculum261_r13_cue_eval.py
/mnt/f/trading/freqai-rl-audit/stage2_6_1/src/rl_curriculum/curriculum261_r13_delegation.py
/mnt/f/trading/freqai-rl-audit/stage2_6_1/src/rl_curriculum/curriculum261_r13_dependencies.py
/mnt/f/trading/freqai-rl-audit/stage2_6_1/src/rl_curriculum/curriculum261_r13_design.py
/mnt/f/trading/freqai-rl-audit/stage2_6_1/src/rl_curriculum/curriculum261_r13_determinism.py
/mnt/f/trading/freqai-rl-audit/stage2_6_1/src/rl_curriculum/curriculum261_r13_final.py
/mnt/f/trading/freqai-rl-audit/stage2_6_1/src/rl_curriculum/curriculum261_r13_generation_evidence.py
/mnt/f/trading/freqai-rl-audit/stage2_6_1/src/rl_curriculum/curriculum261_r13_global_k.py
/mnt/f/trading/freqai-rl-audit/stage2_6_1/src/rl_curriculum/curriculum261_r13_historical.py
/mnt/f/trading/freqai-rl-audit/stage2_6_1/src/rl_curriculum/curriculum261_r13_labels.py
/mnt/f/trading/freqai-rl-audit/stage2_6_1/src/rl_curriculum/curriculum261_r13_namespaces.py
/mnt/f/trading/freqai-rl-audit/stage2_6_1/src/rl_curriculum/curriculum261_r13_noise_replay.py
/mnt/f/trading/freqai-rl-audit/stage2_6_1/src/rl_curriculum/curriculum261_r13_orchestrator.py
/mnt/f/trading/freqai-rl-audit/stage2_6_1/src/rl_curriculum/curriculum261_r13_param_pack.py
/mnt/f/trading/freqai-rl-audit/stage2_6_1/src/rl_curriculum/curriculum261_r13_plan.py
/mnt/f/trading/freqai-rl-audit/stage2_6_1/src/rl_curriculum/curriculum261_r13_preflight.py
/mnt/f/trading/freqai-rl-audit/stage2_6_1/src/rl_curriculum/curriculum261_r13_preplan.py
/mnt/f/trading/freqai-rl-audit/stage2_6_1/src/rl_curriculum/curriculum261_r13_reference.py
/mnt/f/trading/freqai-rl-audit/stage2_6_1/src/rl_curriculum/curriculum261_r13_rehearsal.py
/mnt/f/trading/freqai-rl-audit/stage2_6_1/src/rl_curriculum/curriculum261_r13_routing.py
/mnt/f/trading/freqai-rl-audit/stage2_6_1/src/rl_curriculum/curriculum261_r13_shadow.py
/mnt/f/trading/freqai-rl-audit/stage2_6_1/src/rl_curriculum/curriculum261_r13_smoke.py
/mnt/f/trading/freqai-rl-audit/stage2_6_1/src/rl_curriculum/curriculum261_r14_calibration.py
/mnt/f/trading/freqai-rl-audit/stage2_6_1/src/rl_curriculum/curriculum261_r14_cli.py
/mnt/f/trading/freqai-rl-audit/stage2_6_1/src/rl_curriculum/curriculum261_r14_cue_contract.py
/mnt/f/trading/freqai-rl-audit/stage2_6_1/src/rl_curriculum/curriculum261_r14_cue_eval.py
/mnt/f/trading/freqai-rl-audit/stage2_6_1/src/rl_curriculum/curriculum261_r14_delegation.py
/mnt/f/trading/freqai-rl-audit/stage2_6_1/src/rl_curriculum/curriculum261_r14_dependencies.py
/mnt/f/trading/freqai-rl-audit/stage2_6_1/src/rl_curriculum/curriculum261_r14_design.py
/mnt/f/trading/freqai-rl-audit/stage2_6_1/src/rl_curriculum/curriculum261_r14_determinism.py
/mnt/f/trading/freqai-rl-audit/stage2_6_1/src/rl_curriculum/curriculum261_r14_final.py
/mnt/f/trading/freqai-rl-audit/stage2_6_1/src/rl_curriculum/curriculum261_r14_full_cold.py
/mnt/f/trading/freqai-rl-audit/stage2_6_1/src/rl_curriculum/curriculum261_r14_gate_topology.py
/mnt/f/trading/freqai-rl-audit/stage2_6_1/src/rl_curriculum/curriculum261_r14_generation_evidence.py
/mnt/f/trading/freqai-rl-audit/stage2_6_1/src/rl_curriculum/curriculum261_r14_global_k.py
/mnt/f/trading/freqai-rl-audit/stage2_6_1/src/rl_curriculum/curriculum261_r14_historical.py
/mnt/f/trading/freqai-rl-audit/stage2_6_1/src/rl_curriculum/curriculum261_r14_labels.py
/mnt/f/trading/freqai-rl-audit/stage2_6_1/src/rl_curriculum/curriculum261_r14_namespaces.py
/mnt/f/trading/freqai-rl-audit/stage2_6_1/src/rl_curriculum/curriculum261_r14_noise_replay.py
/mnt/f/trading/freqai-rl-audit/stage2_6_1/src/rl_curriculum/curriculum261_r14_orchestrator.py
/mnt/f/trading/freqai-rl-audit/stage2_6_1/src/rl_curriculum/curriculum261_r14_param_pack.py
/mnt/f/trading/freqai-rl-audit/stage2_6_1/src/rl_curriculum/curriculum261_r14_plan.py
/mnt/f/trading/freqai-rl-audit/stage2_6_1/src/rl_curriculum/curriculum261_r14_preflight.py
/mnt/f/trading/freqai-rl-audit/stage2_6_1/src/rl_curriculum/curriculum261_r14_preplan.py
/mnt/f/trading/freqai-rl-audit/stage2_6_1/src/rl_curriculum/curriculum261_r14_provenance.py
/mnt/f/trading/freqai-rl-audit/stage2_6_1/src/rl_curriculum/curriculum261_r14_reference.py
/mnt/f/trading/freqai-rl-audit/stage2_6_1/src/rl_curriculum/curriculum261_r14_rehearsal.py
/mnt/f/trading/freqai-rl-audit/stage2_6_1/src/rl_curriculum/curriculum261_r14_routing.py
/mnt/f/trading/freqai-rl-audit/stage2_6_1/src/rl_curriculum/curriculum261_r14_shadow.py
/mnt/f/trading/freqai-rl-audit/stage2_6_1/src/rl_curriculum/curriculum261_r14_smoke.py
/mnt/f/trading/freqai-rl-audit/stage2_6_1/src/rl_curriculum/curriculum261_r15_calibration.py
/mnt/f/trading/freqai-rl-audit/stage2_6_1/src/rl_curriculum/curriculum261_r15_cli.py
/mnt/f/trading/freqai-rl-audit/stage2_6_1/src/rl_curriculum/curriculum261_r15_cue_contract.py
/mnt/f/trading/freqai-rl-audit/stage2_6_1/src/rl_curriculum/curriculum261_r15_cue_eval.py
/mnt/f/trading/freqai-rl-audit/stage2_6_1/src/rl_curriculum/curriculum261_r15_delegation.py
/mnt/f/trading/freqai-rl-audit/stage2_6_1/src/rl_curriculum/curriculum261_r15_dependencies.py
/mnt/f/trading/freqai-rl-audit/stage2_6_1/src/rl_curriculum/curriculum261_r15_design.py
/mnt/f/trading/freqai-rl-audit/stage2_6_1/src/rl_curriculum/curriculum261_r15_determinism.py
/mnt/f/trading/freqai-rl-audit/stage2_6_1/src/rl_curriculum/curriculum261_r15_fail_closure.py
/mnt/f/trading/freqai-rl-audit/stage2_6_1/src/rl_curriculum/curriculum261_r15_final.py
/mnt/f/trading/freqai-rl-audit/stage2_6_1/src/rl_curriculum/curriculum261_r15_full_cold.py
/mnt/f/trading/freqai-rl-audit/stage2_6_1/src/rl_curriculum/curriculum261_r15_gate_topology.py
/mnt/f/trading/freqai-rl-audit/stage2_6_1/src/rl_curriculum/curriculum261_r15_generation_evidence.py
/mnt/f/trading/freqai-rl-audit/stage2_6_1/src/rl_curriculum/curriculum261_r15_global_k.py
/mnt/f/trading/freqai-rl-audit/stage2_6_1/src/rl_curriculum/curriculum261_r15_historical.py
/mnt/f/trading/freqai-rl-audit/stage2_6_1/src/rl_curriculum/curriculum261_r15_labels.py
/mnt/f/trading/freqai-rl-audit/stage2_6_1/src/rl_curriculum/curriculum261_r15_namespaces.py
/mnt/f/trading/freqai-rl-audit/stage2_6_1/src/rl_curriculum/curriculum261_r15_noise_replay.py
/mnt/f/trading/freqai-rl-audit/stage2_6_1/src/rl_curriculum/curriculum261_r15_orchestrator.py
/mnt/f/trading/freqai-rl-audit/stage2_6_1/src/rl_curriculum/curriculum261_r15_param_pack.py
/mnt/f/trading/freqai-rl-audit/stage2_6_1/src/rl_curriculum/curriculum261_r15_plan.py
/mnt/f/trading/freqai-rl-audit/stage2_6_1/src/rl_curriculum/curriculum261_r15_preflight.py
/mnt/f/trading/freqai-rl-audit/stage2_6_1/src/rl_curriculum/curriculum261_r15_preplan.py
/mnt/f/trading/freqai-rl-audit/stage2_6_1/src/rl_curriculum/curriculum261_r15_provenance.py
/mnt/f/trading/freqai-rl-audit/stage2_6_1/src/rl_curriculum/curriculum261_r15_reference.py
/mnt/f/trading/freqai-rl-audit/stage2_6_1/src/rl_curriculum/curriculum261_r15_rehearsal.py
/mnt/f/trading/freqai-rl-audit/stage2_6_1/src/rl_curriculum/curriculum261_r15_routing.py
/mnt/f/trading/freqai-rl-audit/stage2_6_1/src/rl_curriculum/curriculum261_r15_shadow.py
/mnt/f/trading/freqai-rl-audit/stage2_6_1/src/rl_curriculum/curriculum261_r15_smoke.py
/mnt/f/trading/freqai-rl-audit/stage2_6_1/src/rl_curriculum/curriculum261_r15_workflow.py
/mnt/f/trading/freqai-rl-audit/stage2_6_1/src/rl_curriculum/curriculum261_r16_calibration.py
/mnt/f/trading/freqai-rl-audit/stage2_6_1/src/rl_curriculum/curriculum261_r16_cli.py
/mnt/f/trading/freqai-rl-audit/stage2_6_1/src/rl_curriculum/curriculum261_r16_cue_contract.py
/mnt/f/trading/freqai-rl-audit/stage2_6_1/src/rl_curriculum/curriculum261_r16_cue_eval.py
/mnt/f/trading/freqai-rl-audit/stage2_6_1/src/rl_curriculum/curriculum261_r16_delegation.py
/mnt/f/trading/freqai-rl-audit/stage2_6_1/src/rl_curriculum/curriculum261_r16_dependencies.py
/mnt/f/trading/freqai-rl-audit/stage2_6_1/src/rl_curriculum/curriculum261_r16_design.py
/mnt/f/trading/freqai-rl-audit/stage2_6_1/src/rl_curriculum/curriculum261_r16_determinism.py
/mnt/f/trading/freqai-rl-audit/stage2_6_1/src/rl_curriculum/curriculum261_r16_execgov.py
/mnt/f/trading/freqai-rl-audit/stage2_6_1/src/rl_curriculum/curriculum261_r16_fail_closure.py
/mnt/f/trading/freqai-rl-audit/stage2_6_1/src/rl_curriculum/curriculum261_r16_final.py
/mnt/f/trading/freqai-rl-audit/stage2_6_1/src/rl_curriculum/curriculum261_r16_final_core.py
/mnt/f/trading/freqai-rl-audit/stage2_6_1/src/rl_curriculum/curriculum261_r16_full_cold.py
/mnt/f/trading/freqai-rl-audit/stage2_6_1/src/rl_curriculum/curriculum261_r16_gate_topology.py
/mnt/f/trading/freqai-rl-audit/stage2_6_1/src/rl_curriculum/curriculum261_r16_generation_evidence.py
/mnt/f/trading/freqai-rl-audit/stage2_6_1/src/rl_curriculum/curriculum261_r16_global_k.py
/mnt/f/trading/freqai-rl-audit/stage2_6_1/src/rl_curriculum/curriculum261_r16_historical.py
/mnt/f/trading/freqai-rl-audit/stage2_6_1/src/rl_curriculum/curriculum261_r16_labels.py
/mnt/f/trading/freqai-rl-audit/stage2_6_1/src/rl_curriculum/curriculum261_r16_namespaces.py
/mnt/f/trading/freqai-rl-audit/stage2_6_1/src/rl_curriculum/curriculum261_r16_noise_replay.py
/mnt/f/trading/freqai-rl-audit/stage2_6_1/src/rl_curriculum/curriculum261_r16_orchestrator.py
/mnt/f/trading/freqai-rl-audit/stage2_6_1/src/rl_curriculum/curriculum261_r16_param_pack.py
/mnt/f/trading/freqai-rl-audit/stage2_6_1/src/rl_curriculum/curriculum261_r16_plan.py
/mnt/f/trading/freqai-rl-audit/stage2_6_1/src/rl_curriculum/curriculum261_r16_preflight.py
/mnt/f/trading/freqai-rl-audit/stage2_6_1/src/rl_curriculum/curriculum261_r16_preplan.py
/mnt/f/trading/freqai-rl-audit/stage2_6_1/src/rl_curriculum/curriculum261_r16_provenance.py
/mnt/f/trading/freqai-rl-audit/stage2_6_1/src/rl_curriculum/curriculum261_r16_reference.py
/mnt/f/trading/freqai-rl-audit/stage2_6_1/src/rl_curriculum/curriculum261_r16_rehearsal.py
/mnt/f/trading/freqai-rl-audit/stage2_6_1/src/rl_curriculum/curriculum261_r16_routing.py
/mnt/f/trading/freqai-rl-audit/stage2_6_1/src/rl_curriculum/curriculum261_r16_shadow.py
/mnt/f/trading/freqai-rl-audit/stage2_6_1/src/rl_curriculum/curriculum261_r16_smoke.py
/mnt/f/trading/freqai-rl-audit/stage2_6_1/src/rl_curriculum/curriculum261_r16_workflow.py
/mnt/f/trading/freqai-rl-audit/stage2_6_1/src/rl_curriculum/curriculum261_r17_admission.py
/mnt/f/trading/freqai-rl-audit/stage2_6_1/src/rl_curriculum/curriculum261_r17_c2_consumer.py
/mnt/f/trading/freqai-rl-audit/stage2_6_1/src/rl_curriculum/curriculum261_r17_c2_launch_prep.py
/mnt/f/trading/freqai-rl-audit/stage2_6_1/src/rl_curriculum/curriculum261_r17_c2_native.py
/mnt/f/trading/freqai-rl-audit/stage2_6_1/src/rl_curriculum/curriculum261_r17_c2_native_codec.py
/mnt/f/trading/freqai-rl-audit/stage2_6_1/src/rl_curriculum/curriculum261_r17_c2_native_inputs.py
/mnt/f/trading/freqai-rl-audit/stage2_6_1/src/rl_curriculum/curriculum261_r17_calibration.py
/mnt/f/trading/freqai-rl-audit/stage2_6_1/src/rl_curriculum/curriculum261_r17_cli.py
/mnt/f/trading/freqai-rl-audit/stage2_6_1/src/rl_curriculum/curriculum261_r17_cue_contract.py
/mnt/f/trading/freqai-rl-audit/stage2_6_1/src/rl_curriculum/curriculum261_r17_cue_eval.py
/mnt/f/trading/freqai-rl-audit/stage2_6_1/src/rl_curriculum/curriculum261_r17_delegation.py
/mnt/f/trading/freqai-rl-audit/stage2_6_1/src/rl_curriculum/curriculum261_r17_dependencies.py
/mnt/f/trading/freqai-rl-audit/stage2_6_1/src/rl_curriculum/curriculum261_r17_design.py
/mnt/f/trading/freqai-rl-audit/stage2_6_1/src/rl_curriculum/curriculum261_r17_determinism.py
/mnt/f/trading/freqai-rl-audit/stage2_6_1/src/rl_curriculum/curriculum261_r17_execgov.py
/mnt/f/trading/freqai-rl-audit/stage2_6_1/src/rl_curriculum/curriculum261_r17_fail_closure.py
/mnt/f/trading/freqai-rl-audit/stage2_6_1/src/rl_curriculum/curriculum261_r17_final.py
/mnt/f/trading/freqai-rl-audit/stage2_6_1/src/rl_curriculum/curriculum261_r17_final_core.py
/mnt/f/trading/freqai-rl-audit/stage2_6_1/src/rl_curriculum/curriculum261_r17_full_cold.py
/mnt/f/trading/freqai-rl-audit/stage2_6_1/src/rl_curriculum/curriculum261_r17_gate_topology.py
/mnt/f/trading/freqai-rl-audit/stage2_6_1/src/rl_curriculum/curriculum261_r17_generation_evidence.py
/mnt/f/trading/freqai-rl-audit/stage2_6_1/src/rl_curriculum/curriculum261_r17_global_k.py
/mnt/f/trading/freqai-rl-audit/stage2_6_1/src/rl_curriculum/curriculum261_r17_historical.py
/mnt/f/trading/freqai-rl-audit/stage2_6_1/src/rl_curriculum/curriculum261_r17_labels.py
/mnt/f/trading/freqai-rl-audit/stage2_6_1/src/rl_curriculum/curriculum261_r17_noise_replay.py
/mnt/f/trading/freqai-rl-audit/stage2_6_1/src/rl_curriculum/curriculum261_r17_orchestrator.py
/mnt/f/trading/freqai-rl-audit/stage2_6_1/src/rl_curriculum/curriculum261_r17_param_pack.py
/mnt/f/trading/freqai-rl-audit/stage2_6_1/src/rl_curriculum/curriculum261_r17_plan.py
/mnt/f/trading/freqai-rl-audit/stage2_6_1/src/rl_curriculum/curriculum261_r17_preflight.py
/mnt/f/trading/freqai-rl-audit/stage2_6_1/src/rl_curriculum/curriculum261_r17_preplan.py
/mnt/f/trading/freqai-rl-audit/stage2_6_1/src/rl_curriculum/curriculum261_r17_provenance.py
/mnt/f/trading/freqai-rl-audit/stage2_6_1/src/rl_curriculum/curriculum261_r17_reference.py
/mnt/f/trading/freqai-rl-audit/stage2_6_1/src/rl_curriculum/curriculum261_r17_registry.py
/mnt/f/trading/freqai-rl-audit/stage2_6_1/src/rl_curriculum/curriculum261_r17_rehearsal.py
/mnt/f/trading/freqai-rl-audit/stage2_6_1/src/rl_curriculum/curriculum261_r17_routing.py
/mnt/f/trading/freqai-rl-audit/stage2_6_1/src/rl_curriculum/curriculum261_r17_shadow.py
/mnt/f/trading/freqai-rl-audit/stage2_6_1/src/rl_curriculum/curriculum261_r17_smoke.py
/mnt/f/trading/freqai-rl-audit/stage2_6_1/src/rl_curriculum/curriculum261_r17_workflow.py
/mnt/f/trading/freqai-rl-audit/stage2_6_1/src/rl_curriculum/curriculum261_r3_calibration.py
/mnt/f/trading/freqai-rl-audit/stage2_6_1/src/rl_curriculum/curriculum261_r3_cli.py
/mnt/f/trading/freqai-rl-audit/stage2_6_1/src/rl_curriculum/curriculum261_r3_final.py
/mnt/f/trading/freqai-rl-audit/stage2_6_1/src/rl_curriculum/curriculum261_r3_namespaces.py
/mnt/f/trading/freqai-rl-audit/stage2_6_1/src/rl_curriculum/curriculum261_r3_obs.py
/mnt/f/trading/freqai-rl-audit/stage2_6_1/src/rl_curriculum/curriculum261_r3_plan.py
/mnt/f/trading/freqai-rl-audit/stage2_6_1/src/rl_curriculum/curriculum261_r3_preprocessing.py
/mnt/f/trading/freqai-rl-audit/stage2_6_1/src/rl_curriculum/curriculum261_r3_smoke.py
/mnt/f/trading/freqai-rl-audit/stage2_6_1/src/rl_curriculum/curriculum261_r4_calibration.py
/mnt/f/trading/freqai-rl-audit/stage2_6_1/src/rl_curriculum/curriculum261_r4_cli.py
/mnt/f/trading/freqai-rl-audit/stage2_6_1/src/rl_curriculum/curriculum261_r4_final.py
/mnt/f/trading/freqai-rl-audit/stage2_6_1/src/rl_curriculum/curriculum261_r4_namespaces.py
/mnt/f/trading/freqai-rl-audit/stage2_6_1/src/rl_curriculum/curriculum261_r4_obs.py
/mnt/f/trading/freqai-rl-audit/stage2_6_1/src/rl_curriculum/curriculum261_r4_pairs.py
/mnt/f/trading/freqai-rl-audit/stage2_6_1/src/rl_curriculum/curriculum261_r4_param_pack.py
/mnt/f/trading/freqai-rl-audit/stage2_6_1/src/rl_curriculum/curriculum261_r4_plan.py
/mnt/f/trading/freqai-rl-audit/stage2_6_1/src/rl_curriculum/curriculum261_r4_power.py
/mnt/f/trading/freqai-rl-audit/stage2_6_1/src/rl_curriculum/curriculum261_r4_preprocessing.py
/mnt/f/trading/freqai-rl-audit/stage2_6_1/src/rl_curriculum/curriculum261_r4_smoke.py
/mnt/f/trading/freqai-rl-audit/stage2_6_1/src/rl_curriculum/curriculum261_r5_calibration.py
/mnt/f/trading/freqai-rl-audit/stage2_6_1/src/rl_curriculum/curriculum261_r5_cli.py
/mnt/f/trading/freqai-rl-audit/stage2_6_1/src/rl_curriculum/curriculum261_r5_design.py
/mnt/f/trading/freqai-rl-audit/stage2_6_1/src/rl_curriculum/curriculum261_r5_final.py
/mnt/f/trading/freqai-rl-audit/stage2_6_1/src/rl_curriculum/curriculum261_r5_namespaces.py
/mnt/f/trading/freqai-rl-audit/stage2_6_1/src/rl_curriculum/curriculum261_r5_pairs.py
/mnt/f/trading/freqai-rl-audit/stage2_6_1/src/rl_curriculum/curriculum261_r5_param_pack.py
/mnt/f/trading/freqai-rl-audit/stage2_6_1/src/rl_curriculum/curriculum261_r5_plan.py
/mnt/f/trading/freqai-rl-audit/stage2_6_1/src/rl_curriculum/curriculum261_r5_preflight.py
/mnt/f/trading/freqai-rl-audit/stage2_6_1/src/rl_curriculum/curriculum261_r5_smoke.py
/mnt/f/trading/freqai-rl-audit/stage2_6_1/src/rl_curriculum/curriculum261_r6_calibration.py
/mnt/f/trading/freqai-rl-audit/stage2_6_1/src/rl_curriculum/curriculum261_r6_cli.py
/mnt/f/trading/freqai-rl-audit/stage2_6_1/src/rl_curriculum/curriculum261_r6_design.py
/mnt/f/trading/freqai-rl-audit/stage2_6_1/src/rl_curriculum/curriculum261_r6_final.py
/mnt/f/trading/freqai-rl-audit/stage2_6_1/src/rl_curriculum/curriculum261_r6_namespaces.py
/mnt/f/trading/freqai-rl-audit/stage2_6_1/src/rl_curriculum/curriculum261_r6_pairs.py
/mnt/f/trading/freqai-rl-audit/stage2_6_1/src/rl_curriculum/curriculum261_r6_param_pack.py
/mnt/f/trading/freqai-rl-audit/stage2_6_1/src/rl_curriculum/curriculum261_r6_plan.py
/mnt/f/trading/freqai-rl-audit/stage2_6_1/src/rl_curriculum/curriculum261_r6_preflight.py
/mnt/f/trading/freqai-rl-audit/stage2_6_1/src/rl_curriculum/curriculum261_r6_smoke.py
/mnt/f/trading/freqai-rl-audit/stage2_6_1/src/rl_curriculum/curriculum261_r6_tape.py
/mnt/f/trading/freqai-rl-audit/stage2_6_1/src/rl_curriculum/curriculum261_r7_calibration.py
/mnt/f/trading/freqai-rl-audit/stage2_6_1/src/rl_curriculum/curriculum261_r7_cli.py
/mnt/f/trading/freqai-rl-audit/stage2_6_1/src/rl_curriculum/curriculum261_r7_cue_contract.py
/mnt/f/trading/freqai-rl-audit/stage2_6_1/src/rl_curriculum/curriculum261_r7_cue_eval.py
/mnt/f/trading/freqai-rl-audit/stage2_6_1/src/rl_curriculum/curriculum261_r7_design.py
/mnt/f/trading/freqai-rl-audit/stage2_6_1/src/rl_curriculum/curriculum261_r7_final.py
/mnt/f/trading/freqai-rl-audit/stage2_6_1/src/rl_curriculum/curriculum261_r7_namespaces.py
/mnt/f/trading/freqai-rl-audit/stage2_6_1/src/rl_curriculum/curriculum261_r7_param_pack.py
/mnt/f/trading/freqai-rl-audit/stage2_6_1/src/rl_curriculum/curriculum261_r7_plan.py
/mnt/f/trading/freqai-rl-audit/stage2_6_1/src/rl_curriculum/curriculum261_r7_preflight.py
/mnt/f/trading/freqai-rl-audit/stage2_6_1/src/rl_curriculum/curriculum261_r7_smoke.py
/mnt/f/trading/freqai-rl-audit/stage2_6_1/src/rl_curriculum/curriculum261_r8_calibration.py
/mnt/f/trading/freqai-rl-audit/stage2_6_1/src/rl_curriculum/curriculum261_r8_cli.py
/mnt/f/trading/freqai-rl-audit/stage2_6_1/src/rl_curriculum/curriculum261_r8_cue_contract.py
/mnt/f/trading/freqai-rl-audit/stage2_6_1/src/rl_curriculum/curriculum261_r8_cue_eval.py
/mnt/f/trading/freqai-rl-audit/stage2_6_1/src/rl_curriculum/curriculum261_r8_design.py
/mnt/f/trading/freqai-rl-audit/stage2_6_1/src/rl_curriculum/curriculum261_r8_final.py
/mnt/f/trading/freqai-rl-audit/stage2_6_1/src/rl_curriculum/curriculum261_r8_namespaces.py
/mnt/f/trading/freqai-rl-audit/stage2_6_1/src/rl_curriculum/curriculum261_r8_noise_replay.py
/mnt/f/trading/freqai-rl-audit/stage2_6_1/src/rl_curriculum/curriculum261_r8_param_pack.py
/mnt/f/trading/freqai-rl-audit/stage2_6_1/src/rl_curriculum/curriculum261_r8_plan.py
/mnt/f/trading/freqai-rl-audit/stage2_6_1/src/rl_curriculum/curriculum261_r8_preflight.py
/mnt/f/trading/freqai-rl-audit/stage2_6_1/src/rl_curriculum/curriculum261_r8_smoke.py
/mnt/f/trading/freqai-rl-audit/stage2_6_1/src/rl_curriculum/curriculum261_r9_calibration.py
/mnt/f/trading/freqai-rl-audit/stage2_6_1/src/rl_curriculum/curriculum261_r9_cli.py
/mnt/f/trading/freqai-rl-audit/stage2_6_1/src/rl_curriculum/curriculum261_r9_cue_contract.py
/mnt/f/trading/freqai-rl-audit/stage2_6_1/src/rl_curriculum/curriculum261_r9_cue_eval.py
/mnt/f/trading/freqai-rl-audit/stage2_6_1/src/rl_curriculum/curriculum261_r9_dependencies.py
/mnt/f/trading/freqai-rl-audit/stage2_6_1/src/rl_curriculum/curriculum261_r9_design.py
/mnt/f/trading/freqai-rl-audit/stage2_6_1/src/rl_curriculum/curriculum261_r9_final.py
/mnt/f/trading/freqai-rl-audit/stage2_6_1/src/rl_curriculum/curriculum261_r9_namespaces.py
/mnt/f/trading/freqai-rl-audit/stage2_6_1/src/rl_curriculum/curriculum261_r9_noise_replay.py
/mnt/f/trading/freqai-rl-audit/stage2_6_1/src/rl_curriculum/curriculum261_r9_param_pack.py
/mnt/f/trading/freqai-rl-audit/stage2_6_1/src/rl_curriculum/curriculum261_r9_plan.py
/mnt/f/trading/freqai-rl-audit/stage2_6_1/src/rl_curriculum/curriculum261_r9_preflight.py
/mnt/f/trading/freqai-rl-audit/stage2_6_1/src/rl_curriculum/curriculum261_r9_preplan.py
/mnt/f/trading/freqai-rl-audit/stage2_6_1/src/rl_curriculum/curriculum261_r9_smoke.py
/mnt/f/trading/freqai-rl-audit/stage2_6_1/src/rl_curriculum/curriculum261_smoke.py
/mnt/f/trading/freqai-rl-audit/stage2_6_1/src/rl_curriculum/ppo262_input_lock.py
/mnt/f/trading/freqai-rl-audit/stage2_6_1/tests/route_c_stage2_6_1/conftest.py
/mnt/f/trading/freqai-rl-audit/stage2_6_1/tests/route_c_stage2_6_1/r17_c2_consumer_fixtures.py
/mnt/f/trading/freqai-rl-audit/stage2_6_1/tests/route_c_stage2_6_1/r17_c2_native_fixtures.py
/mnt/f/trading/freqai-rl-audit/stage2_6_1/tests/route_c_stage2_6_1/r17_r16_journal_test_support.py
/mnt/f/trading/freqai-rl-audit/stage2_6_1/tests/route_c_stage2_6_1/test_curriculum261_attempts_plan.py
/mnt/f/trading/freqai-rl-audit/stage2_6_1/tests/route_c_stage2_6_1/test_curriculum261_causality.py
/mnt/f/trading/freqai-rl-audit/stage2_6_1/tests/route_c_stage2_6_1/test_curriculum261_families.py
/mnt/f/trading/freqai-rl-audit/stage2_6_1/tests/route_c_stage2_6_1/test_curriculum261_production_obs.py
/mnt/f/trading/freqai-rl-audit/stage2_6_1/tests/route_c_stage2_6_1/test_curriculum261_r10_cue_contract.py
/mnt/f/trading/freqai-rl-audit/stage2_6_1/tests/route_c_stage2_6_1/test_curriculum261_r10_cue_eval.py
/mnt/f/trading/freqai-rl-audit/stage2_6_1/tests/route_c_stage2_6_1/test_curriculum261_r10_delegation.py
/mnt/f/trading/freqai-rl-audit/stage2_6_1/tests/route_c_stage2_6_1/test_curriculum261_r10_design.py
/mnt/f/trading/freqai-rl-audit/stage2_6_1/tests/route_c_stage2_6_1/test_curriculum261_r10_governance.py
/mnt/f/trading/freqai-rl-audit/stage2_6_1/tests/route_c_stage2_6_1/test_curriculum261_r10_integration.py
/mnt/f/trading/freqai-rl-audit/stage2_6_1/tests/route_c_stage2_6_1/test_curriculum261_r10_labels.py
/mnt/f/trading/freqai-rl-audit/stage2_6_1/tests/route_c_stage2_6_1/test_curriculum261_r10_namespaces.py
/mnt/f/trading/freqai-rl-audit/stage2_6_1/tests/route_c_stage2_6_1/test_curriculum261_r10_noise_replay.py
/mnt/f/trading/freqai-rl-audit/stage2_6_1/tests/route_c_stage2_6_1/test_curriculum261_r10_param_pack.py
/mnt/f/trading/freqai-rl-audit/stage2_6_1/tests/route_c_stage2_6_1/test_curriculum261_r10_preflight.py
/mnt/f/trading/freqai-rl-audit/stage2_6_1/tests/route_c_stage2_6_1/test_curriculum261_r10_reference.py
/mnt/f/trading/freqai-rl-audit/stage2_6_1/tests/route_c_stage2_6_1/test_curriculum261_r10_rehearsal.py
/mnt/f/trading/freqai-rl-audit/stage2_6_1/tests/route_c_stage2_6_1/test_curriculum261_r10_routing.py
/mnt/f/trading/freqai-rl-audit/stage2_6_1/tests/route_c_stage2_6_1/test_curriculum261_r11_determinism.py
/mnt/f/trading/freqai-rl-audit/stage2_6_1/tests/route_c_stage2_6_1/test_curriculum261_r11_envelope.py
/mnt/f/trading/freqai-rl-audit/stage2_6_1/tests/route_c_stage2_6_1/test_curriculum261_r11_governance.py
/mnt/f/trading/freqai-rl-audit/stage2_6_1/tests/route_c_stage2_6_1/test_curriculum261_r11_integration.py
/mnt/f/trading/freqai-rl-audit/stage2_6_1/tests/route_c_stage2_6_1/test_curriculum261_r11_labels.py
/mnt/f/trading/freqai-rl-audit/stage2_6_1/tests/route_c_stage2_6_1/test_curriculum261_r11_namespaces.py
/mnt/f/trading/freqai-rl-audit/stage2_6_1/tests/route_c_stage2_6_1/test_curriculum261_r11_shadow.py
/mnt/f/trading/freqai-rl-audit/stage2_6_1/tests/route_c_stage2_6_1/test_curriculum261_r12_determinism.py
/mnt/f/trading/freqai-rl-audit/stage2_6_1/tests/route_c_stage2_6_1/test_curriculum261_r12_envelope.py
/mnt/f/trading/freqai-rl-audit/stage2_6_1/tests/route_c_stage2_6_1/test_curriculum261_r12_global_k.py
/mnt/f/trading/freqai-rl-audit/stage2_6_1/tests/route_c_stage2_6_1/test_curriculum261_r12_governance.py
/mnt/f/trading/freqai-rl-audit/stage2_6_1/tests/route_c_stage2_6_1/test_curriculum261_r12_governance_r12.py
/mnt/f/trading/freqai-rl-audit/stage2_6_1/tests/route_c_stage2_6_1/test_curriculum261_r12_integration.py
/mnt/f/trading/freqai-rl-audit/stage2_6_1/tests/route_c_stage2_6_1/test_curriculum261_r12_labels.py
/mnt/f/trading/freqai-rl-audit/stage2_6_1/tests/route_c_stage2_6_1/test_curriculum261_r12_namespaces.py
/mnt/f/trading/freqai-rl-audit/stage2_6_1/tests/route_c_stage2_6_1/test_curriculum261_r12_shadow.py
/mnt/f/trading/freqai-rl-audit/stage2_6_1/tests/route_c_stage2_6_1/test_curriculum261_r13_governance.py
/mnt/f/trading/freqai-rl-audit/stage2_6_1/tests/route_c_stage2_6_1/test_curriculum261_r13_roundtrip.py
/mnt/f/trading/freqai-rl-audit/stage2_6_1/tests/route_c_stage2_6_1/test_curriculum261_r14_allowlist.py
/mnt/f/trading/freqai-rl-audit/stage2_6_1/tests/route_c_stage2_6_1/test_curriculum261_r14_freeze.py
/mnt/f/trading/freqai-rl-audit/stage2_6_1/tests/route_c_stage2_6_1/test_curriculum261_r14_full_cold_reader.py
/mnt/f/trading/freqai-rl-audit/stage2_6_1/tests/route_c_stage2_6_1/test_curriculum261_r14_gate_topology.py
/mnt/f/trading/freqai-rl-audit/stage2_6_1/tests/route_c_stage2_6_1/test_curriculum261_r14_governance.py
/mnt/f/trading/freqai-rl-audit/stage2_6_1/tests/route_c_stage2_6_1/test_curriculum261_r14_identity.py
/mnt/f/trading/freqai-rl-audit/stage2_6_1/tests/route_c_stage2_6_1/test_curriculum261_r14_no_post_exposure.py
/mnt/f/trading/freqai-rl-audit/stage2_6_1/tests/route_c_stage2_6_1/test_curriculum261_r14_roundtrip.py
/mnt/f/trading/freqai-rl-audit/stage2_6_1/tests/route_c_stage2_6_1/test_curriculum261_r15_allowlist.py
/mnt/f/trading/freqai-rl-audit/stage2_6_1/tests/route_c_stage2_6_1/test_curriculum261_r15_fail_closure_phases.py
/mnt/f/trading/freqai-rl-audit/stage2_6_1/tests/route_c_stage2_6_1/test_curriculum261_r15_freeze.py
/mnt/f/trading/freqai-rl-audit/stage2_6_1/tests/route_c_stage2_6_1/test_curriculum261_r15_full_cold_reader.py
/mnt/f/trading/freqai-rl-audit/stage2_6_1/tests/route_c_stage2_6_1/test_curriculum261_r15_gate_topology.py
/mnt/f/trading/freqai-rl-audit/stage2_6_1/tests/route_c_stage2_6_1/test_curriculum261_r15_governance.py
/mnt/f/trading/freqai-rl-audit/stage2_6_1/tests/route_c_stage2_6_1/test_curriculum261_r15_identity.py
/mnt/f/trading/freqai-rl-audit/stage2_6_1/tests/route_c_stage2_6_1/test_curriculum261_r15_lineage.py
/mnt/f/trading/freqai-rl-audit/stage2_6_1/tests/route_c_stage2_6_1/test_curriculum261_r15_no_post_exposure.py
/mnt/f/trading/freqai-rl-audit/stage2_6_1/tests/route_c_stage2_6_1/test_curriculum261_r15_roundtrip.py
/mnt/f/trading/freqai-rl-audit/stage2_6_1/tests/route_c_stage2_6_1/test_curriculum261_r15_workflow.py
/mnt/f/trading/freqai-rl-audit/stage2_6_1/tests/route_c_stage2_6_1/test_curriculum261_r16_execgov.py
/mnt/f/trading/freqai-rl-audit/stage2_6_1/tests/route_c_stage2_6_1/test_curriculum261_r16_final_lifecycle.py
/mnt/f/trading/freqai-rl-audit/stage2_6_1/tests/route_c_stage2_6_1/test_curriculum261_r16_governance.py
/mnt/f/trading/freqai-rl-audit/stage2_6_1/tests/route_c_stage2_6_1/test_curriculum261_r16_governance_unit.py
/mnt/f/trading/freqai-rl-audit/stage2_6_1/tests/route_c_stage2_6_1/test_curriculum261_r16_journal_serialization.py
/mnt/f/trading/freqai-rl-audit/stage2_6_1/tests/route_c_stage2_6_1/test_curriculum261_r17_c2_consumer.py
/mnt/f/trading/freqai-rl-audit/stage2_6_1/tests/route_c_stage2_6_1/test_curriculum261_r17_c2_launch_prep.py
/mnt/f/trading/freqai-rl-audit/stage2_6_1/tests/route_c_stage2_6_1/test_curriculum261_r17_c3_calibration_bridge.py
/mnt/f/trading/freqai-rl-audit/stage2_6_1/tests/route_c_stage2_6_1/test_curriculum261_r17_c3_evidence_unit.py
/mnt/f/trading/freqai-rl-audit/stage2_6_1/tests/route_c_stage2_6_1/test_curriculum261_r17_c3_reserve_batch.py
/mnt/f/trading/freqai-rl-audit/stage2_6_1/tests/route_c_stage2_6_1/test_curriculum261_r17_c3_slice_unit.py
/mnt/f/trading/freqai-rl-audit/stage2_6_1/tests/route_c_stage2_6_1/test_curriculum261_r17_cold_copy_unit.py
/mnt/f/trading/freqai-rl-audit/stage2_6_1/tests/route_c_stage2_6_1/test_curriculum261_r17_control_path_unit.py
/mnt/f/trading/freqai-rl-audit/stage2_6_1/tests/route_c_stage2_6_1/test_curriculum261_r17_execgov.py
/mnt/f/trading/freqai-rl-audit/stage2_6_1/tests/route_c_stage2_6_1/test_curriculum261_r17_fail_closed_integrity_unit.py
/mnt/f/trading/freqai-rl-audit/stage2_6_1/tests/route_c_stage2_6_1/test_curriculum261_r17_governance_unit.py
/mnt/f/trading/freqai-rl-audit/stage2_6_1/tests/route_c_stage2_6_1/test_curriculum261_r17_native_sampler_unit.py
/mnt/f/trading/freqai-rl-audit/stage2_6_1/tests/route_c_stage2_6_1/test_curriculum261_r17_read_signal_unit.py
/mnt/f/trading/freqai-rl-audit/stage2_6_1/tests/route_c_stage2_6_1/test_curriculum261_r17_receipt_entry_cleanup_unit.py
/mnt/f/trading/freqai-rl-audit/stage2_6_1/tests/route_c_stage2_6_1/test_curriculum261_r17_required_bytes_unit.py
/mnt/f/trading/freqai-rl-audit/stage2_6_1/tests/route_c_stage2_6_1/test_curriculum261_r17_result_seal_unit.py
/mnt/f/trading/freqai-rl-audit/stage2_6_1/tests/route_c_stage2_6_1/test_curriculum261_r17_shutdown_fault_budget_cutoff_unit.py
/mnt/f/trading/freqai-rl-audit/stage2_6_1/tests/route_c_stage2_6_1/test_curriculum261_r17_stop_publication_unit.py
/mnt/f/trading/freqai-rl-audit/stage2_6_1/tests/route_c_stage2_6_1/test_curriculum261_r17_supervision_unit.py
/mnt/f/trading/freqai-rl-audit/stage2_6_1/tests/route_c_stage2_6_1/test_curriculum261_r17_unified_shutdown_unit.py
/mnt/f/trading/freqai-rl-audit/stage2_6_1/tests/route_c_stage2_6_1/test_curriculum261_r17_v2_c13_admission_guard.py
/mnt/f/trading/freqai-rl-audit/stage2_6_1/tests/route_c_stage2_6_1/test_curriculum261_r17_v2_c13_claim_protocol.py
/mnt/f/trading/freqai-rl-audit/stage2_6_1/tests/route_c_stage2_6_1/test_curriculum261_r17_v2_c13_pipeline.py
/mnt/f/trading/freqai-rl-audit/stage2_6_1/tests/route_c_stage2_6_1/test_curriculum261_r17_v2_c13_reader_binding.py
/mnt/f/trading/freqai-rl-audit/stage2_6_1/tests/route_c_stage2_6_1/test_curriculum261_r17_v2_c13_regression_evidence.py
/mnt/f/trading/freqai-rl-audit/stage2_6_1/tests/route_c_stage2_6_1/test_curriculum261_r17_v2_c13_source_provenance.py
/mnt/f/trading/freqai-rl-audit/stage2_6_1/tests/route_c_stage2_6_1/test_curriculum261_r17_v2_c13_synthetic_chain.py
/mnt/f/trading/freqai-rl-audit/stage2_6_1/tests/route_c_stage2_6_1/test_curriculum261_r2_protocol.py
/mnt/f/trading/freqai-rl-audit/stage2_6_1/tests/route_c_stage2_6_1/test_curriculum261_r3_preprocessing.py
/mnt/f/trading/freqai-rl-audit/stage2_6_1/tests/route_c_stage2_6_1/test_curriculum261_r3_protocol.py
/mnt/f/trading/freqai-rl-audit/stage2_6_1/tests/route_c_stage2_6_1/test_curriculum261_r3_reference.py
/mnt/f/trading/freqai-rl-audit/stage2_6_1/tests/route_c_stage2_6_1/test_curriculum261_r9_cue_contract.py
/mnt/f/trading/freqai-rl-audit/stage2_6_1/tests/route_c_stage2_6_1/test_curriculum261_r9_cue_eval.py
/mnt/f/trading/freqai-rl-audit/stage2_6_1/tests/route_c_stage2_6_1/test_curriculum261_r9_design.py
/mnt/f/trading/freqai-rl-audit/stage2_6_1/tests/route_c_stage2_6_1/test_curriculum261_r9_integration.py
/mnt/f/trading/freqai-rl-audit/stage2_6_1/tests/route_c_stage2_6_1/test_curriculum261_r9_namespaces.py
/mnt/f/trading/freqai-rl-audit/stage2_6_1/tests/route_c_stage2_6_1/test_curriculum261_r9_noise_replay.py
/mnt/f/trading/freqai-rl-audit/stage2_6_1/tests/route_c_stage2_6_1/test_curriculum261_r9_param_pack.py
/mnt/f/trading/freqai-rl-audit/stage2_6_1/tests/route_c_stage2_6_1/test_curriculum261_r9_preflight.py
/mnt/f/trading/freqai-rl-audit/stage2_6_1/tests/route_c_stage2_6_1/test_curriculum261_reproducibility.py
/mnt/f/trading/freqai-rl-audit/stage2_6_1/tests/route_c_stage2_6_1/test_r17_c2_native_codec.py
/mnt/f/trading/freqai-rl-audit/stage2_6_1/tests/route_c_stage2_6_1/test_r17_c2_native_components.py
/mnt/f/trading/freqai-rl-audit/stage2_6_1/tests/test_curriculum261_r4_namespaces.py
/mnt/f/trading/freqai-rl-audit/stage2_6_1/tests/test_curriculum261_r4_pairs.py
/mnt/f/trading/freqai-rl-audit/stage2_6_1/tests/test_curriculum261_r4_param_pack.py
/mnt/f/trading/freqai-rl-audit/stage2_6_1/tests/test_curriculum261_r4_power_gate.py
/mnt/f/trading/freqai-rl-audit/stage2_6_1/tests/test_curriculum261_r4_preprocessing.py
/mnt/f/trading/freqai-rl-audit/stage2_6_1/tests/test_curriculum261_r5_design.py
/mnt/f/trading/freqai-rl-audit/stage2_6_1/tests/test_curriculum261_r5_gate.py
/mnt/f/trading/freqai-rl-audit/stage2_6_1/tests/test_curriculum261_r5_namespaces.py
/mnt/f/trading/freqai-rl-audit/stage2_6_1/tests/test_curriculum261_r5_param_pack.py
/mnt/f/trading/freqai-rl-audit/stage2_6_1/tests/test_curriculum261_r5_preflight.py
/mnt/f/trading/freqai-rl-audit/stage2_6_1/tests/test_curriculum261_r5_preprocessing.py
/mnt/f/trading/freqai-rl-audit/stage2_6_1/tests/test_curriculum261_r5_statistics.py
/mnt/f/trading/freqai-rl-audit/stage2_6_1/tests/test_curriculum261_r6_namespaces.py
/mnt/f/trading/freqai-rl-audit/stage2_6_1/tests/test_curriculum261_r6_param_pack.py
/mnt/f/trading/freqai-rl-audit/stage2_6_1/tests/test_curriculum261_r6_preflight.py
/mnt/f/trading/freqai-rl-audit/stage2_6_1/tests/test_curriculum261_r6_selection.py
/mnt/f/trading/freqai-rl-audit/stage2_6_1/tests/test_curriculum261_r6_statistics.py
/mnt/f/trading/freqai-rl-audit/stage2_6_1/tests/test_curriculum261_r6_tape.py
/mnt/f/trading/freqai-rl-audit/stage2_6_1/tests/test_curriculum261_r7_cue_contract.py
/mnt/f/trading/freqai-rl-audit/stage2_6_1/tests/test_curriculum261_r7_cue_eval.py
/mnt/f/trading/freqai-rl-audit/stage2_6_1/tests/test_curriculum261_r7_namespaces.py
/mnt/f/trading/freqai-rl-audit/stage2_6_1/tests/test_curriculum261_r7_param_pack.py
/mnt/f/trading/freqai-rl-audit/stage2_6_1/tests/test_curriculum261_r7_preflight.py
/mnt/f/trading/freqai-rl-audit/stage2_6_1/tests/test_curriculum261_r7_selection.py
/mnt/f/trading/freqai-rl-audit/stage2_6_1/tests/test_curriculum261_r8_cue_contract.py
/mnt/f/trading/freqai-rl-audit/stage2_6_1/tests/test_curriculum261_r8_cue_eval.py
/mnt/f/trading/freqai-rl-audit/stage2_6_1/tests/test_curriculum261_r8_design.py
/mnt/f/trading/freqai-rl-audit/stage2_6_1/tests/test_curriculum261_r8_namespaces.py
/mnt/f/trading/freqai-rl-audit/stage2_6_1/tests/test_curriculum261_r8_noise_replay.py
/mnt/f/trading/freqai-rl-audit/stage2_6_1/tests/test_curriculum261_r8_param_pack.py
/mnt/f/trading/freqai-rl-audit/stage2_6_1/tests/test_curriculum261_r8_preflight.py
/mnt/f/trading/freqai-rl-audit/stage2_6_1/runner/assemble_r12_a.sh
/mnt/f/trading/freqai-rl-audit/stage2_6_1/runner/assemble_r12_b.sh
/mnt/f/trading/freqai-rl-audit/stage2_6_1/runner/assemble_r13_a.sh
/mnt/f/trading/freqai-rl-audit/stage2_6_1/runner/assemble_r13_b.sh
/mnt/f/trading/freqai-rl-audit/stage2_6_1/runner/assemble_r14_a.sh
/mnt/f/trading/freqai-rl-audit/stage2_6_1/runner/assemble_r14_b.sh
/mnt/f/trading/freqai-rl-audit/stage2_6_1/runner/assemble_r15_a.sh
/mnt/f/trading/freqai-rl-audit/stage2_6_1/runner/assemble_r15_b.sh
/mnt/f/trading/freqai-rl-audit/stage2_6_1/runner/assemble_r16_a.sh
/mnt/f/trading/freqai-rl-audit/stage2_6_1/runner/assemble_r16_b.sh
/mnt/f/trading/freqai-rl-audit/stage2_6_1/runner/assemble_r17_b.sh
/mnt/f/trading/freqai-rl-audit/stage2_6_1/runner/r12_fail_closure.py
/mnt/f/trading/freqai-rl-audit/stage2_6_1/runner/r12_sync.sh
/mnt/f/trading/freqai-rl-audit/stage2_6_1/runner/r12_write_abort.py
/mnt/f/trading/freqai-rl-audit/stage2_6_1/runner/r13_determinism.sh
/mnt/f/trading/freqai-rl-audit/stage2_6_1/runner/r13_diag_c13.py
/mnt/f/trading/freqai-rl-audit/stage2_6_1/runner/r13_diag_c13_official.py
/mnt/f/trading/freqai-rl-audit/stage2_6_1/runner/r13_diag_c3_ladder.py
/mnt/f/trading/freqai-rl-audit/stage2_6_1/runner/r13_diag_final_semantics.py
/mnt/f/trading/freqai-rl-audit/stage2_6_1/runner/r13_diag_margins.py
/mnt/f/trading/freqai-rl-audit/stage2_6_1/runner/r13_diag_matched.py
/mnt/f/trading/freqai-rl-audit/stage2_6_1/runner/r13_diag_r12_compare.py
/mnt/f/trading/freqai-rl-audit/stage2_6_1/runner/r13_fail_closure.py
/mnt/f/trading/freqai-rl-audit/stage2_6_1/runner/r13_formal_chain.sh
/mnt/f/trading/freqai-rl-audit/stage2_6_1/runner/r13_gather_report.py
/mnt/f/trading/freqai-rl-audit/stage2_6_1/runner/r13_launch_rt.sh
/mnt/f/trading/freqai-rl-audit/stage2_6_1/runner/r13_read_logs.py
/mnt/f/trading/freqai-rl-audit/stage2_6_1/runner/r13_rt_rehearsal.sh
/mnt/f/trading/freqai-rl-audit/stage2_6_1/runner/r13_sync.sh
/mnt/f/trading/freqai-rl-audit/stage2_6_1/runner/r13_test_full.sh
/mnt/f/trading/freqai-rl-audit/stage2_6_1/runner/r13_test_r13only.sh
/mnt/f/trading/freqai-rl-audit/stage2_6_1/runner/r14_determinism.sh
/mnt/f/trading/freqai-rl-audit/stage2_6_1/runner/r14_formal_chain.sh
/mnt/f/trading/freqai-rl-audit/stage2_6_1/runner/r14_rt_rehearsal.sh
/mnt/f/trading/freqai-rl-audit/stage2_6_1/runner/r14_run_step.py
/mnt/f/trading/freqai-rl-audit/stage2_6_1/runner/r14_sync.sh
/mnt/f/trading/freqai-rl-audit/stage2_6_1/runner/r14_test_evidence.sh
/mnt/f/trading/freqai-rl-audit/stage2_6_1/runner/r14_test_full.sh
/mnt/f/trading/freqai-rl-audit/stage2_6_1/runner/r14_test_r14only.sh
/mnt/f/trading/freqai-rl-audit/stage2_6_1/runner/r15_determinism.sh
/mnt/f/trading/freqai-rl-audit/stage2_6_1/runner/r15_formal_chain.sh
/mnt/f/trading/freqai-rl-audit/stage2_6_1/runner/r15_rt_rehearsal.sh
/mnt/f/trading/freqai-rl-audit/stage2_6_1/runner/r15_run_step.py
/mnt/f/trading/freqai-rl-audit/stage2_6_1/runner/r15_sync.sh
/mnt/f/trading/freqai-rl-audit/stage2_6_1/runner/r15_test_evidence.sh
/mnt/f/trading/freqai-rl-audit/stage2_6_1/runner/r15_test_full.sh
/mnt/f/trading/freqai-rl-audit/stage2_6_1/runner/r15_test_r15only.sh
/mnt/f/trading/freqai-rl-audit/stage2_6_1/runner/r16_formal_chain.sh
/mnt/f/trading/freqai-rl-audit/stage2_6_1/runner/r16_run_step.py
/mnt/f/trading/freqai-rl-audit/stage2_6_1/runner/r16_sync.sh
/mnt/f/trading/freqai-rl-audit/stage2_6_1/runner/r16_test_full.sh
/mnt/f/trading/freqai-rl-audit/stage2_6_1/runner/r17_c2_consumer_rehearsal.py
/mnt/f/trading/freqai-rl-audit/stage2_6_1/runner/r17_c2_native_rehearsal.py
/mnt/f/trading/freqai-rl-audit/stage2_6_1/runner/r17_c3_calibration_authority.py
/mnt/f/trading/freqai-rl-audit/stage2_6_1/runner/r17_c3_calibration_bridge.py
/mnt/f/trading/freqai-rl-audit/stage2_6_1/runner/r17_c3_calibration_delivery.py
/mnt/f/trading/freqai-rl-audit/stage2_6_1/runner/r17_c3_calibration_source_lock.py
/mnt/f/trading/freqai-rl-audit/stage2_6_1/runner/r17_c3_engineering_slice.py
/mnt/f/trading/freqai-rl-audit/stage2_6_1/runner/r17_c3_p52_diagnosis.py
/mnt/f/trading/freqai-rl-audit/stage2_6_1/runner/r17_c3_reserve_adapter.py
/mnt/f/trading/freqai-rl-audit/stage2_6_1/runner/r17_c3_reserve_batch.py
/mnt/f/trading/freqai-rl-audit/stage2_6_1/runner/r17_c3_reserve_delivery.py
/mnt/f/trading/freqai-rl-audit/stage2_6_1/runner/r17_c3_reserve_source_lock.py
/mnt/f/trading/freqai-rl-audit/stage2_6_1/runner/r17_control_fixture_worker.py
/mnt/f/trading/freqai-rl-audit/stage2_6_1/runner/r17_entry_common.sh
/mnt/f/trading/freqai-rl-audit/stage2_6_1/runner/r17_formal_chain.sh
/mnt/f/trading/freqai-rl-audit/stage2_6_1/runner/r17_guest_sampler.py
/mnt/f/trading/freqai-rl-audit/stage2_6_1/runner/r17_monitored_entry.sh
/mnt/f/trading/freqai-rl-audit/stage2_6_1/runner/r17_native_sampler.py
/mnt/f/trading/freqai-rl-audit/stage2_6_1/runner/r17_required_bytes.py
/mnt/f/trading/freqai-rl-audit/stage2_6_1/runner/r17_rt_rehearsal.sh
/mnt/f/trading/freqai-rl-audit/stage2_6_1/runner/r17_supervision.py
/mnt/f/trading/freqai-rl-audit/stage2_6_1/runner/r17_sync.sh
/mnt/f/trading/freqai-rl-audit/stage2_6_1/runner/r17_v2_c13_admission_guard.py
/mnt/f/trading/freqai-rl-audit/stage2_6_1/runner/r17_v2_c13_batch.py
/mnt/f/trading/freqai-rl-audit/stage2_6_1/runner/r17_v2_c13_governance_relock.py
/mnt/f/trading/freqai-rl-audit/stage2_6_1/runner/r17_v2_c13_governance_source_lock.py
/mnt/f/trading/freqai-rl-audit/stage2_6_1/runner/r17_v2_c13_pipeline.py
/mnt/f/trading/freqai-rl-audit/stage2_6_1/runner/r17_v2_c13_profile.py
/mnt/f/trading/freqai-rl-audit/stage2_6_1/runner/r17_v2_c13_regression_evidence.py
/mnt/f/trading/freqai-rl-audit/stage2_6_1/runner/r17_v2_c13_source_lock.py
/mnt/f/trading/freqai-rl-audit/stage2_6_1/runner/r17_verified_aggregate.py
/mnt/f/trading/freqai-rl-audit/stage2_6_1/runner/r17_verify_delivery.py
/mnt/f/trading/freqai-rl-audit/stage2_6_1/runner/r17_win_process.cs
/mnt/f/trading/freqai-rl-audit/stage2_6_1/runner/r17_win_sampler.ps1
/mnt/f/trading/freqai-rl-audit/stage2_6_1/runner/r17_win_sampler_control.ps1
/mnt/f/trading/freqai-rl-audit/stage2_6_1/runner/r17_win_sampler_lifecycle.ps1
/mnt/f/trading/freqai-rl-audit/stage2_6_1/runner/regression_runner.py
/mnt/f/trading/freqai-rl-audit/stage2_6_1/runner/run_regression_2_6_1.sh
/mnt/f/trading/freqai-rl-audit/stage2_6_1/runner/verify_delivery_r17.py
