........................................................................ [  3%]
........................................................................ [  7%]
........................................................................ [ 10%]
........................................................................ [ 14%]
......................s................................................s [ 17%]
........................................................................ [ 21%]
.....................s.................................................. [ 24%]
........................................................................ [ 28%]
......................................................................s. [ 31%]
........................................................................ [ 35%]
........................................................................ [ 38%]
.......................................................s.s.s............ [ 42%]
........................................................................ [ 45%]
........................................................................ [ 49%]
........................................................................ [ 53%]
........................................................................ [ 56%]
................R17ALERT {"event":"t06","n":1,"utc":"2026-09-11T20:24:09Z","run_id":"run"}
.R17ALERT {"action":"open","severity":"CRITICAL","incident":{"incident_id":"run-win_free_phys-0","kind":"win_free_phys","detail":"t06 注入","severity":"CRITICAL","first_seen_mono":0.6,"last_seen_mono":0.6,"samples":1,"peak":{},"recovered":false,"stopped_requested":true,"delivered_count":1},"metrics":{},"run_dir":"/tmp/pytest-of-cryptorl/pytest-5/test_t06_stdout_full_pipe_does0/run","note":"停止请求由本地策略执行,不等待模型回复","utc":"2026-09-11T20:24:09Z","run_id":"run"}
....................................................... [ 60%]
........................................................................ [ 63%]
........................................................................ [ 67%]
........................................................................ [ 70%]
........................................................................ [ 74%]
...R17ALERT {"action":"open","severity":"CRITICAL","incident":{"incident_id":"run-storage_ceiling-0","kind":"storage_ceiling","detail":"存储触顶(测试)","severity":"CRITICAL","first_seen_mono":0.0,"last_seen_mono":0.0,"samples":1,"peak":{},"recovered":false,"stopped_requested":true,"delivered_count":1},"metrics":{},"run_dir":"/tmp/pytest-of-cryptorl/pytest-5/test_c09_escalation_survives_c0/run","note":"停止请求由本地策略执行,不等待模型回复","utc":"2026-09-11T20:34:49Z","run_id":"run"}
..................................................................... [ 77%]
........................................................................ [ 81%]
........................................................................ [ 84%]
........................................................................ [ 88%]
........................................................................ [ 91%]
........................................................................ [ 95%]
........................................................................ [ 98%]
.....................                                                    [100%]
=============================== warnings summary ===============================
tests/route_c_stage2_6_1/test_curriculum261_r10_rehearsal.py:18
  /home/cryptorl/projects/crypto_rl/tests/route_c_stage2_6_1/test_curriculum261_r10_rehearsal.py:18: PytestUnknownMarkWarning: Unknown pytest.mark.slow - is this a typo?  You can register custom marks to avoid this warning - for details, see https://docs.pytest.org/en/stable/how-to/mark.html
    @pytest.mark.slow

tests/route_c_stage2_6_1/test_curriculum261_r10_rehearsal.py:87
  /home/cryptorl/projects/crypto_rl/tests/route_c_stage2_6_1/test_curriculum261_r10_rehearsal.py:87: PytestUnknownMarkWarning: Unknown pytest.mark.slow - is this a typo?  You can register custom marks to avoid this warning - for details, see https://docs.pytest.org/en/stable/how-to/mark.html
    @pytest.mark.slow

tests/route_c_stage2_6_1/test_curriculum261_attempts_plan.py::TestDifficultyMetric::test_metric_math_on_report
tests/route_c_stage2_6_1/test_curriculum261_r7_selection.py::test_shared_gate_not_repeated_per_candidate
  /home/cryptorl/miniforge3/envs/freqtrade-rl/lib/python3.11/site-packages/numpy/_core/fromnumeric.py:3824: RuntimeWarning: Mean of empty slice
    return _methods._mean(a, axis=axis, dtype=dtype,

tests/route_c_stage2_6_1/test_curriculum261_attempts_plan.py::TestDifficultyMetric::test_metric_math_on_report
tests/route_c_stage2_6_1/test_curriculum261_r7_selection.py::test_shared_gate_not_repeated_per_candidate
  /home/cryptorl/miniforge3/envs/freqtrade-rl/lib/python3.11/site-packages/numpy/_core/_methods.py:142: RuntimeWarning: invalid value encountered in scalar divide
    ret = ret.dtype.type(ret / rcount)

tests/route_c_stage2_6_1/test_curriculum261_r7_selection.py::test_shared_gate_not_repeated_per_candidate
  /home/cryptorl/miniforge3/envs/freqtrade-rl/lib/python3.11/site-packages/numpy/_core/_methods.py:219: RuntimeWarning: Degrees of freedom <= 0 for slice
    ret = _var(a, axis=axis, dtype=dtype, out=out, ddof=ddof,

tests/route_c_stage2_6_1/test_curriculum261_r7_selection.py::test_shared_gate_not_repeated_per_candidate
  /home/cryptorl/miniforge3/envs/freqtrade-rl/lib/python3.11/site-packages/numpy/_core/_methods.py:178: RuntimeWarning: invalid value encountered in divide
    arrmean = um.true_divide(arrmean, div, out=arrmean,

tests/route_c_stage2_6_1/test_curriculum261_r7_selection.py::test_shared_gate_not_repeated_per_candidate
  /home/cryptorl/miniforge3/envs/freqtrade-rl/lib/python3.11/site-packages/numpy/_core/_methods.py:211: RuntimeWarning: invalid value encountered in scalar divide
    ret = ret.dtype.type(ret / rcount)

-- Docs: https://docs.pytest.org/en/stable/how-to/capture-warnings.html
2030 passed, 7 skipped, 9 warnings in 2305.36s (0:38:25)
