argv: python e03b_verify_supervision_content.py
interpreter: Python 3.13.7 (34168(which python))
cwd: F:\trading\freqai-rl-audit\stage2_6_1\artifacts\repair17\development\r25_proposal_evidence_20260929T0155
executed_utc: 2026-09-29T03:0x:00+08:00 (local)
--- rc: 0 ---
PASS [20260928T160626_7004_367] A_required_all_verified :: n=9 bad=[]
PASS [20260928T160626_7004_367] C_guest_seq_clean :: recomputed dup=0 reg=0 replay=0; summary=0/0
PASS [20260928T160626_7004_367] C_win_seq_clean :: recomputed dup=0 reg=0 replay=0; summary=0/0
PASS [20260928T160626_7004_367] C_invalid_samples_zero :: guest_invalid=0(tasks=None 首样本 1 例=业务树建立前记录语义) win_invalid=0
PASS [20260928T160626_7004_367] C_coverage_gaps_zero :: 0
PASS [20260928T160626_7004_367] D_memavail_min :: recomputed=38.02656936645508 declared=38.02656936645508 (KiB min=39873748)
PASS [20260928T160626_7004_367] D_task_rss_max :: recomputed=0.041011810302734375 declared=0.041011810302734375 (KiB max=43004)
PASS [20260928T160626_7004_367] D_task_cpu_max_delta :: recomputed=1.93 declared=1.93
PASS [20260928T160626_7004_367] D_win_phys_min :: recomputed=41.047 declared=41.047
PASS [20260928T160626_7004_367] D_win_commit_max :: recomputed=37.07688239253775 declared=37.08
PASS [20260928T160626_7004_367] E_tasks_observed :: distinct_pids=11 total_task_rows=68
PASS [20260928T160626_7004_367] E_pid_identity_stable :: unstable={} reused=[]
PASS [20260928T160626_7004_367] E_positive_cpu_increments :: count=12
PASS [20260928T160626_7004_367] F_registry_pids_in_telemetry :: missing={} observed_n=11
PASS [20260928T160934_4301_1088] A_required_all_verified :: n=9 bad=[]
PASS [20260928T160934_4301_1088] C_guest_seq_clean :: recomputed dup=0 reg=0 replay=0; summary=0/0
PASS [20260928T160934_4301_1088] C_win_seq_clean :: recomputed dup=0 reg=0 replay=0; summary=0/0
PASS [20260928T160934_4301_1088] C_invalid_samples_zero :: guest_invalid=0(tasks=None 首样本 1 例=业务树建立前记录语义) win_invalid=0
PASS [20260928T160934_4301_1088] C_coverage_gaps_zero :: 0
PASS [20260928T160934_4301_1088] D_memavail_min :: recomputed=35.38202667236328 declared=35.38202667236328 (KiB min=37100744)
PASS [20260928T160934_4301_1088] D_task_rss_max :: recomputed=4.347846984863281 declared=4.347846984863281 (KiB max=4559048)
PASS [20260928T160934_4301_1088] D_task_cpu_max_delta :: recomputed=9.35 declared=9.35
PASS [20260928T160934_4301_1088] D_win_phys_min :: recomputed=35.675 declared=35.675
PASS [20260928T160934_4301_1088] D_win_commit_max :: recomputed=44.97187229541302 declared=44.97
PASS [20260928T160934_4301_1088] E_tasks_observed :: distinct_pids=243 total_task_rows=1961
PASS [20260928T160934_4301_1088] E_pid_identity_stable :: unstable={} reused=[]
PASS [20260928T160934_4301_1088] E_positive_cpu_increments :: count=473
PASS [20260926T212149_1124_424] A_required_all_verified :: n=9 bad=[]
PASS [20260926T212149_1124_424] C_guest_seq_clean :: recomputed dup=0 reg=0 replay=0; summary=0/0
PASS [20260926T212149_1124_424] C_win_seq_clean :: recomputed dup=0 reg=0 replay=0; summary=0/0
PASS [20260926T212149_1124_424] C_invalid_samples_zero :: guest_invalid=0(tasks=None 首样本 1 例=业务树建立前记录语义) win_invalid=0
PASS [20260926T212149_1124_424] C_coverage_gaps_zero :: 0
PASS [20260926T212149_1124_424] D_memavail_min :: recomputed=38.02291488647461 declared=38.02291488647461 (KiB min=39869916)
PASS [20260926T212149_1124_424] D_task_rss_max :: recomputed=0.0404205322265625 declared=0.0404205322265625 (KiB max=42384)
PASS [20260926T212149_1124_424] D_task_cpu_max_delta :: recomputed=1.64 declared=1.64
PASS [20260926T212149_1124_424] D_win_phys_min :: recomputed=37.914 declared=37.914
PASS [20260926T212149_1124_424] D_win_commit_max :: recomputed=42.95124531204924 declared=42.95
PASS [20260926T212149_1124_424] E_tasks_observed :: distinct_pids=11 total_task_rows=68
PASS [20260926T212149_1124_424] E_pid_identity_stable :: unstable={} reused=[]
PASS [20260926T212149_1124_424] E_positive_cpu_increments :: count=12
PASS [20260926T212354_1984_392] A_required_all_verified :: n=9 bad=[]
PASS [20260926T212354_1984_392] C_guest_seq_clean :: recomputed dup=0 reg=0 replay=0; summary=0/0
PASS [20260926T212354_1984_392] C_win_seq_clean :: recomputed dup=0 reg=0 replay=0; summary=0/0
PASS [20260926T212354_1984_392] C_invalid_samples_zero :: guest_invalid=0(tasks=None 首样本 1 例=业务树建立前记录语义) win_invalid=0
PASS [20260926T212354_1984_392] C_coverage_gaps_zero :: 0
PASS [20260926T212354_1984_392] D_memavail_min :: recomputed=35.16939163208008 declared=35.16939163208008 (KiB min=36877780)
PASS [20260926T212354_1984_392] D_task_rss_max :: recomputed=4.695701599121094 declared=4.695701599121094 (KiB max=4923800)
PASS [20260926T212354_1984_392] D_task_cpu_max_delta :: recomputed=9.07 declared=9.07
PASS [20260926T212354_1984_392] D_win_phys_min :: recomputed=33.406 declared=33.406
PASS [20260926T212354_1984_392] D_win_commit_max :: recomputed=48.57318011347245 declared=48.57
PASS [20260926T212354_1984_392] E_tasks_observed :: distinct_pids=227 total_task_rows=2002
PASS [20260926T212354_1984_392] E_pid_identity_stable :: unstable={} reused=[]
PASS [20260926T212354_1984_392] E_positive_cpu_increments :: count=473
PASS [20260926T220905_5450_537] A_required_all_verified :: n=9 bad=[]
PASS [20260926T220905_5450_537] C_guest_seq_clean :: recomputed dup=0 reg=0 replay=0; summary=0/0
PASS [20260926T220905_5450_537] C_win_seq_clean :: recomputed dup=0 reg=0 replay=0; summary=0/0
PASS [20260926T220905_5450_537] C_invalid_samples_zero :: guest_invalid=0(tasks=None 首样本 1 例=业务树建立前记录语义) win_invalid=0
PASS [20260926T220905_5450_537] C_coverage_gaps_zero :: 0
PASS [20260926T220905_5450_537] D_memavail_min :: recomputed=35.22080612182617 declared=35.22080612182617 (KiB min=36931692)
PASS [20260926T220905_5450_537] D_task_rss_max :: recomputed=4.233100891113281 declared=4.233100891113281 (KiB max=4438728)
PASS [20260926T220905_5450_537] D_task_cpu_max_delta :: recomputed=9.83 declared=9.83
PASS [20260926T220905_5450_537] D_win_phys_min :: recomputed=33.115 declared=33.115
PASS [20260926T220905_5450_537] D_win_commit_max :: recomputed=49.160977017020876 declared=49.16
PASS [20260926T220905_5450_537] E_tasks_observed :: distinct_pids=240 total_task_rows=2020
PASS [20260926T220905_5450_537] E_pid_identity_stable :: unstable={} reused=[]
PASS [20260926T220905_5450_537] E_positive_cpu_increments :: count=486

OVERALL: ALL PASS -> E03B_SUPERVISION_CONTENT_VERIFICATION.json
rc=0
