......................................                                   [100%]
=============================== warnings summary ===============================
tests/freqai_rl_stage2_5/test_env_vs_freqtrade.py::test_parity_all_cases
tests/freqai_rl_stage2_5/test_env_vs_freqtrade.py::test_parity_all_cases
tests/freqai_rl_stage2_5/test_env_vs_freqtrade.py::test_parity_all_cases
  /home/cryptorl/miniforge3/envs/freqtrade-rl/lib/python3.11/site-packages/pandas/io/feather_format.py:77: FutureWarning: pyarrow.feather.write_feather is deprecated as of 24.0.0. Use pyarrow.ipc.new_file() / RecordBatchFileWriter instead. Feather V2 is the Arrow IPC file format.
    feather.write_feather(df, handles.handle, **kwargs)

-- Docs: https://docs.pytest.org/en/stable/how-to/capture-warnings.html
============================= slowest 50 durations =============================
17.55s setup    tests/freqai_rl_stage2_5/test_dryrun_init.py::test_no_trades_position_zero
7.32s call     tests/freqai_rl_stage2_5/test_env_vs_freqtrade.py::test_parity_all_cases
0.06s call     tests/freqai_rl_stage2_5/test_slippage.py::test_slippage_monotonicity
0.06s call     tests/freqai_rl_stage2_5/test_synthetic_sequences.py::test_all_sequences_and_scripts
0.03s setup    tests/freqai_rl_stage2_5/test_fingerprint.py::test_code_file_hash_tracks_content
0.01s setup    tests/freqai_rl_stage2_5/test_dryrun_init.py::test_other_pair_does_not_count
0.01s setup    tests/freqai_rl_stage2_5/test_dryrun_init.py::test_open_long_trade_position_one
0.01s setup    tests/freqai_rl_stage2_5/test_dryrun_init.py::test_closed_trade_does_not_count
0.01s setup    tests/freqai_rl_stage2_5/test_dryrun_init.py::test_short_position_raises
0.01s call     tests/freqai_rl_stage2_5/test_dryrun_init.py::test_open_long_trade_position_one
0.01s call     tests/freqai_rl_stage2_5/test_dryrun_init.py::test_other_pair_does_not_count

(39 durations < 0.005s hidden.  Use -vv to show these durations.)
38 passed, 3 warnings in 30.06s
........................................................................ [ 97%]
..                                                                       [100%]
=============================== warnings summary ===============================
tests/freqai_rl_stage2_5_1/test_full_fingerprint.py: 6 warnings
tests/freqai_rl_stage2_5_1/test_partial_cache_guard.py: 30 warnings
tests/freqai_rl_stage2_5_1/test_route_c_slippage_live_strategy.py: 8 warnings
  /home/cryptorl/miniforge3/envs/freqtrade-rl/lib/python3.11/site-packages/pandas/io/feather_format.py:77: FutureWarning: pyarrow.feather.write_feather is deprecated as of 24.0.0. Use pyarrow.ipc.new_file() / RecordBatchFileWriter instead. Feather V2 is the Arrow IPC file format.
    feather.write_feather(df, handles.handle, **kwargs)

tests/freqai_rl_stage2_5_1/test_full_fingerprint.py: 9 warnings
tests/freqai_rl_stage2_5_1/test_partial_cache_guard.py: 29 warnings
tests/freqai_rl_stage2_5_1/test_route_c_slippage_live_strategy.py: 6 warnings
  /home/cryptorl/miniforge3/envs/freqtrade-rl/lib/python3.11/site-packages/pandas/io/feather_format.py:178: FutureWarning: pyarrow.feather.read_table is deprecated as of 24.0.0. Use pyarrow.ipc.open_file() / RecordBatchFileReader instead. Feather V2 is the Arrow IPC file format.
    pa_table = feather.read_table(

-- Docs: https://docs.pytest.org/en/stable/how-to/capture-warnings.html
============================= slowest 50 durations =============================
10.73s call     tests/freqai_rl_stage2_5_1/test_ppo_budget.py::test_run_ppo_fit_budget_enforced
5.17s call     tests/freqai_rl_stage2_5_1/test_conv_width_guard.py::test_route_c_model_init_guard_conv_width_1
0.94s call     tests/freqai_rl_stage2_5_1/test_route_c_slippage_live_strategy.py::test_route_c_slippage_parity_end_to_end
0.28s call     tests/freqai_rl_stage2_5_1/test_full_fingerprint.py::test_run_experiment_manifest_fields
0.15s call     tests/freqai_rl_stage2_5_1/test_ppo_budget.py::test_run_ppo_fit_tensorboard_log
0.11s call     tests/freqai_rl_stage2_5_1/test_ppo_budget.py::test_ppo_evidence_artifact
0.08s call     tests/freqai_rl_stage2_5_1/test_full_fingerprint.py::test_code_tree_hash_covers_first_party_code
0.06s call     tests/freqai_rl_stage2_5_1/test_conv_width_guard.py::test_render_config_guard_conv_width_1
0.05s call     tests/freqai_rl_stage2_5_1/test_live_trade_state_resync.py::test_entry_unfilled_no_duplicate_and_flat_enters
0.05s call     tests/freqai_rl_stage2_5_1/test_live_trade_state_resync.py::test_resync_trace_evidence
0.03s setup    tests/freqai_rl_stage2_5_1/test_live_full_history_inference.py::test_full_history_backfill_keeps_real_position
0.03s call     tests/freqai_rl_stage2_5_1/test_full_fingerprint.py::test_data_scope_hash_ignores_rows_after_eval_end
0.02s call     tests/freqai_rl_stage2_5_1/test_full_fingerprint.py::test_data_scope_hash_changes_on_training_row_edit
0.02s call     tests/freqai_rl_stage2_5_1/test_partial_cache_guard.py::test_classify_inconsistent_extra_file
0.02s call     tests/freqai_rl_stage2_5_1/test_partial_cache_guard.py::test_classify_complete
0.02s call     tests/freqai_rl_stage2_5_1/test_full_fingerprint.py::test_data_scope_hash_covers_training_and_prewarm
0.02s call     tests/freqai_rl_stage2_5_1/test_conv_width_guard.py::test_guard_evidence
0.01s call     tests/freqai_rl_stage2_5_1/test_partial_cache_guard.py::test_classify_inconsistent_row_count
0.01s call     tests/freqai_rl_stage2_5_1/test_partial_cache_guard.py::test_enforce_none_and_complete_pass
0.01s call     tests/freqai_rl_stage2_5_1/test_live_full_history_inference.py::test_do_predict_invalid_latest_row
0.01s setup    tests/freqai_rl_stage2_5_1/test_live_full_history_inference.py::test_do_predict_invalid_latest_row
0.01s call     tests/freqai_rl_stage2_5_1/test_live_full_history_inference.py::test_model_reload_resyncs_from_trade
0.01s call     tests/freqai_rl_stage2_5_1/test_live_trade_state_resync.py::test_entry_filled_no_duplicate
0.01s call     tests/freqai_rl_stage2_5_1/test_live_trade_state_resync.py::test_exit_unfilled_no_duplicate
0.01s setup    tests/freqai_rl_stage2_5_1/test_live_trade_state_resync.py::test_exit_unfilled_no_duplicate
0.01s call     tests/freqai_rl_stage2_5_1/test_live_full_history_inference.py::test_live_full_history_trace_evidence
0.01s call     tests/freqai_rl_stage2_5_1/test_live_full_history_inference.py::test_history_backfill_does_not_mutate_model_state
0.01s setup    tests/freqai_rl_stage2_5_1/test_live_trade_state_resync.py::test_exit_completed_no_duplicate
0.01s setup    tests/freqai_rl_stage2_5_1/test_live_full_history_inference.py::test_model_reload_resyncs_from_trade
0.01s setup    tests/freqai_rl_stage2_5_1/test_live_full_history_inference.py::test_history_backfill_does_not_mutate_model_state
0.01s setup    tests/freqai_rl_stage2_5_1/test_live_full_history_inference.py::test_flat_initial_position
0.01s call     tests/freqai_rl_stage2_5_1/test_live_full_history_inference.py::test_full_history_backfill_keeps_real_position
0.01s setup    tests/freqai_rl_stage2_5_1/test_live_full_history_inference.py::test_next_heartbeat_reads_trade_table
0.01s call     tests/freqai_rl_stage2_5_1/test_live_full_history_inference.py::test_next_heartbeat_reads_trade_table
0.01s setup    tests/freqai_rl_stage2_5_1/test_live_trade_state_resync.py::test_entry_filled_no_duplicate
0.01s call     tests/freqai_rl_stage2_5_1/test_live_trade_state_resync.py::test_exit_completed_no_duplicate
0.01s setup    tests/freqai_rl_stage2_5_1/test_live_full_history_inference.py::test_live_full_history_trace_evidence
0.01s setup    tests/freqai_rl_stage2_5_1/test_live_trade_state_resync.py::test_entry_unfilled_no_duplicate_and_flat_enters
0.01s setup    tests/freqai_rl_stage2_5_1/test_live_trade_state_resync.py::test_resync_trace_evidence
0.01s setup    tests/freqai_rl_stage2_5_1/test_live_trade_state_resync.py::test_trade_table_is_source_of_truth
0.01s call     tests/freqai_rl_stage2_5_1/test_full_fingerprint.py::test_code_tree_hash_changes_on_file_edit[experiments/freqai_rl_stage2_5_1/run_experiment.py]
0.01s setup    tests/freqai_rl_stage2_5_1/test_live_trade_state_resync.py::test_strategy_slippage_from_config
0.01s call     tests/freqai_rl_stage2_5_1/test_full_fingerprint.py::test_code_tree_hash_changes_on_file_edit[experiments/freqai_rl_stage2_5_1/configs/config_stage251.template.json]
0.01s call     tests/freqai_rl_stage2_5_1/test_full_fingerprint.py::test_code_tree_hash_stable_regardless_of_mtime
0.01s call     tests/freqai_rl_stage2_5_1/test_full_fingerprint.py::test_code_tree_hash_changes_on_file_edit[src/rl_platform/env.py]
0.01s call     tests/freqai_rl_stage2_5_1/test_partial_cache_guard.py::test_repair_quarantines_whole_dir
0.01s call     tests/freqai_rl_stage2_5_1/test_full_fingerprint.py::test_code_tree_hash_changes_on_file_edit[user_data/strategies/RouteCStrategy.py]
0.01s call     tests/freqai_rl_stage2_5_1/test_full_fingerprint.py::test_code_tree_hash_changes_on_file_edit[user_data/freqaimodels/RouteCModel.py]
0.01s call     tests/freqai_rl_stage2_5_1/test_partial_cache_guard.py::test_classify_partial_windows_1_and_3
0.01s call     tests/freqai_rl_stage2_5_1/test_partial_cache_guard.py::test_partial_cache_guard_evidence
74 passed, 88 warnings in 45.23s
........................................................................ [ 92%]
......                                                                   [100%]
=============================== warnings summary ===============================
tests/freqai_rl_stage2_5_2/test_cache_content_integrity.py: 37 warnings
tests/freqai_rl_stage2_5_2/test_full_fill_parity.py: 12 warnings
  /home/cryptorl/miniforge3/envs/freqtrade-rl/lib/python3.11/site-packages/pandas/io/feather_format.py:77: FutureWarning: pyarrow.feather.write_feather is deprecated as of 24.0.0. Use pyarrow.ipc.new_file() / RecordBatchFileWriter instead. Feather V2 is the Arrow IPC file format.
    feather.write_feather(df, handles.handle, **kwargs)

tests/freqai_rl_stage2_5_2/test_cache_content_integrity.py: 95 warnings
tests/freqai_rl_stage2_5_2/test_full_fill_parity.py: 9 warnings
  /home/cryptorl/miniforge3/envs/freqtrade-rl/lib/python3.11/site-packages/pandas/io/feather_format.py:178: FutureWarning: pyarrow.feather.read_table is deprecated as of 24.0.0. Use pyarrow.ipc.open_file() / RecordBatchFileReader instead. Feather V2 is the Arrow IPC file format.
    pa_table = feather.read_table(

-- Docs: https://docs.pytest.org/en/stable/how-to/capture-warnings.html
============================= slowest 50 durations =============================
15.16s call     tests/freqai_rl_stage2_5_2/test_lifecycle_evidence.py::test_lifecycle_trace_evidence
4.16s call     tests/freqai_rl_stage2_5_2/test_full_fill_parity.py::test_market_order_zero_slip_parity_rounds
4.13s call     tests/freqai_rl_stage2_5_2/test_live_freqtradebot_full_chain.py::test_scenario_12_restart_recovery
3.76s setup    tests/freqai_rl_stage2_5_2/test_live_freqtradebot_full_chain.py::test_scenario_3_entry_partial_fill
3.59s setup    tests/freqai_rl_stage2_5_2/test_live_freqtradebot_full_chain.py::test_scenario_2_entry_open_zero_fill
3.55s setup    tests/freqai_rl_stage2_5_2/test_live_freqtradebot_full_chain.py::test_scenario_5_target_flips_to_exit
3.47s setup    tests/freqai_rl_stage2_5_2/test_live_freqtradebot_full_chain.py::test_scenario_4_entry_fully_filled
3.41s setup    tests/freqai_rl_stage2_5_2/test_live_freqtradebot_full_chain.py::test_scenario_1_first_full_history_start_flat_target_long
3.15s setup    tests/freqai_rl_stage2_5_2/test_live_freqtradebot_full_chain.py::test_scenario_11_reversal_cancel_pending_exit
2.89s setup    tests/freqai_rl_stage2_5_2/test_live_freqtradebot_full_chain.py::test_scenario_6_exit_open_zero_fill
2.69s setup    tests/freqai_rl_stage2_5_2/test_live_freqtradebot_full_chain.py::test_full_chain_evidence
1.77s setup    tests/freqai_rl_stage2_5_2/test_live_freqtradebot_full_chain.py::test_scenario_10b_reversal_cancel_pending_entry_partial_fill
1.74s setup    tests/freqai_rl_stage2_5_2/test_pending_target_reversal.py::test_no_cancel_without_target_reversal
1.60s setup    tests/freqai_rl_stage2_5_2/test_pending_target_reversal.py::test_after_zero_fill_entry_cancel_next_heartbeat_flat
1.60s setup    tests/freqai_rl_stage2_5_2/test_pending_target_reversal.py::test_after_exit_cancel_next_heartbeat_re_exits
1.54s setup    tests/freqai_rl_stage2_5_2/test_live_freqtradebot_full_chain.py::test_scenario_9_entry_expired_recovers_flat_then_reenter
1.53s setup    tests/freqai_rl_stage2_5_2/test_live_freqtradebot_full_chain.py::test_scenario_9b_entry_rejected_at_creation
1.44s setup    tests/freqai_rl_stage2_5_2/test_live_freqtradebot_full_chain.py::test_scenario_8_exit_fully_filled
1.43s setup    tests/freqai_rl_stage2_5_2/test_live_freqtradebot_full_chain.py::test_scenario_10_reversal_cancel_pending_entry_zero_fill
1.39s setup    tests/freqai_rl_stage2_5_2/test_pending_target_reversal.py::test_after_partial_entry_cancel_next_heartbeat_exits
1.39s setup    tests/freqai_rl_stage2_5_2/test_live_freqtradebot_full_chain.py::test_do_predict_invalid_no_order_changes
1.38s setup    tests/freqai_rl_stage2_5_2/test_live_freqtradebot_full_chain.py::test_scenario_7_exit_partial_fill
0.93s setup    tests/freqai_rl_stage2_5_2/test_execution_state_resolver.py::test_no_trades_is_flat
0.54s call     tests/freqai_rl_stage2_5_2/test_pending_target_reversal.py::test_after_exit_cancel_next_heartbeat_re_exits
0.36s call     tests/freqai_rl_stage2_5_2/test_live_freqtradebot_full_chain.py::test_full_chain_evidence
0.35s call     tests/freqai_rl_stage2_5_2/test_live_freqtradebot_full_chain.py::test_scenario_5_target_flips_to_exit
0.34s call     tests/freqai_rl_stage2_5_2/test_live_freqtradebot_full_chain.py::test_scenario_10b_reversal_cancel_pending_entry_partial_fill
0.33s call     tests/freqai_rl_stage2_5_2/test_live_freqtradebot_full_chain.py::test_scenario_4_entry_fully_filled
0.33s call     tests/freqai_rl_stage2_5_2/test_live_freqtradebot_full_chain.py::test_scenario_7_exit_partial_fill
0.31s call     tests/freqai_rl_stage2_5_2/test_live_freqtradebot_full_chain.py::test_scenario_3_entry_partial_fill
0.29s call     tests/freqai_rl_stage2_5_2/test_live_freqtradebot_full_chain.py::test_scenario_11_reversal_cancel_pending_exit
0.27s call     tests/freqai_rl_stage2_5_2/test_live_freqtradebot_full_chain.py::test_scenario_6_exit_open_zero_fill
0.27s call     tests/freqai_rl_stage2_5_2/test_pending_target_reversal.py::test_after_partial_entry_cancel_next_heartbeat_exits
0.25s call     tests/freqai_rl_stage2_5_2/test_live_freqtradebot_full_chain.py::test_scenario_8_exit_fully_filled
0.23s call     tests/freqai_rl_stage2_5_2/test_live_freqtradebot_full_chain.py::test_scenario_2_entry_open_zero_fill
0.19s call     tests/freqai_rl_stage2_5_2/test_live_freqtradebot_full_chain.py::test_scenario_9_entry_expired_recovers_flat_then_reenter
0.18s call     tests/freqai_rl_stage2_5_2/test_pending_target_reversal.py::test_no_cancel_without_target_reversal
0.17s call     tests/freqai_rl_stage2_5_2/test_pending_target_reversal.py::test_after_zero_fill_entry_cancel_next_heartbeat_flat
0.15s setup    tests/freqai_rl_stage2_5_2/test_cache_content_integrity.py::test_pristine_cache_is_complete
0.14s call     tests/freqai_rl_stage2_5_2/test_live_freqtradebot_full_chain.py::test_scenario_1_first_full_history_start_flat_target_long
0.14s call     tests/freqai_rl_stage2_5_2/test_live_freqtradebot_full_chain.py::test_scenario_10_reversal_cancel_pending_entry_zero_fill
0.10s call     tests/freqai_rl_stage2_5_2/test_live_freqtradebot_full_chain.py::test_do_predict_invalid_no_order_changes
0.09s call     tests/freqai_rl_stage2_5_2/test_cache_content_integrity.py::test_cache_integrity_evidence
0.03s call     tests/freqai_rl_stage2_5_2/test_live_latest_row_only.py::test_live_latest_row_trace_evidence
0.03s call     tests/freqai_rl_stage2_5_2/test_execution_state_resolver.py::test_execution_state_matrix_evidence
0.02s setup    tests/freqai_rl_stage2_5_2/test_execution_state_resolver.py::test_entry_fully_filled_is_long
0.02s call     tests/freqai_rl_stage2_5_2/test_cache_content_integrity.py::test_enforce_fail_closed_then_repair
0.02s call     tests/freqai_rl_stage2_5_2/test_execution_state_resolver.py::test_restart_recovery_from_database
0.01s call     tests/freqai_rl_stage2_5_2/test_live_freqtradebot_full_chain.py::test_scenario_9b_entry_rejected_at_creation
0.01s setup    tests/freqai_rl_stage2_5_2/test_cache_content_integrity.py::test_modified_target_column_detected
78 passed, 153 warnings in 74.43s (0:01:14)
........................................................................ [ 88%]
.........                                                                [100%]
=============================== warnings summary ===============================
tests/freqai_rl_stage2_5_2a/test_cache_manifest_failure_is_fatal.py: 13 warnings
tests/freqai_rl_stage2_5_2a/test_market_order_freqtrade_parity.py: 16 warnings
tests/freqai_rl_stage2_5_2a/test_real_freqai_start_live_chain.py: 4 warnings
  /home/cryptorl/miniforge3/envs/freqtrade-rl/lib/python3.11/site-packages/pandas/io/feather_format.py:77: FutureWarning: pyarrow.feather.write_feather is deprecated as of 24.0.0. Use pyarrow.ipc.new_file() / RecordBatchFileWriter instead. Feather V2 is the Arrow IPC file format.
    feather.write_feather(df, handles.handle, **kwargs)

tests/freqai_rl_stage2_5_2a/test_cache_manifest_failure_is_fatal.py: 33 warnings
tests/freqai_rl_stage2_5_2a/test_market_order_freqtrade_parity.py: 12 warnings
tests/freqai_rl_stage2_5_2a/test_real_freqai_start_live_chain.py: 3 warnings
  /home/cryptorl/miniforge3/envs/freqtrade-rl/lib/python3.11/site-packages/pandas/io/feather_format.py:178: FutureWarning: pyarrow.feather.read_table is deprecated as of 24.0.0. Use pyarrow.ipc.open_file() / RecordBatchFileReader instead. Feather V2 is the Arrow IPC file format.
    pa_table = feather.read_table(

tests/freqai_rl_stage2_5_2a/test_real_freqai_start_live_chain.py::test_first_heartbeat_full_chain
tests/freqai_rl_stage2_5_2a/test_real_freqai_start_live_chain.py::test_process_recreate_loads_model
tests/freqai_rl_stage2_5_2a/test_real_freqai_start_live_chain.py::test_inconsistent_fail_closed_full_chain
  /home/cryptorl/miniforge3/envs/freqtrade-rl/lib/python3.11/site-packages/stable_baselines3/common/on_policy_algorithm.py:150: UserWarning: You are trying to run PPO on the GPU, but it is primarily intended to run on the CPU when not using a CNN policy (you are using ActorCriticPolicy which should be a MlpPolicy). See https://github.com/DLR-RM/stable-baselines3/issues/1245 for more info. You can pass `device='cpu'` or `export CUDA_VISIBLE_DEVICES=` to force using the CPU.Note: The model will train, but the GPU utilization will be poor and the training might take longer than on CPU.
    warnings.warn(

-- Docs: https://docs.pytest.org/en/stable/how-to/capture-warnings.html
============================= slowest 50 durations =============================
5.97s setup    tests/freqai_rl_stage2_5_2a/test_real_freqai_start_live_chain.py::test_first_heartbeat_full_chain
4.46s call     tests/freqai_rl_stage2_5_2a/test_real_freqai_start_live_chain.py::test_process_recreate_loads_model
3.81s call     tests/freqai_rl_stage2_5_2a/test_real_freqai_start_live_chain.py::test_inconsistent_fail_closed_full_chain
2.32s call     tests/freqai_rl_stage2_5_2a/test_real_freqai_start_live_chain.py::test_first_heartbeat_full_chain
1.88s call     tests/freqai_rl_stage2_5_2a/test_amount_epsilon_consistency.py::test_epsilon_single_source_everywhere[0.001]
1.85s call     tests/freqai_rl_stage2_5_2a/test_market_order_freqtrade_parity.py::test_market_order_zero_slippage_parity
0.73s call     tests/freqai_rl_stage2_5_2a/test_real_freqai_start_live_chain.py::test_lifecycle_to_fill_and_recovery
0.70s teardown tests/freqai_rl_stage2_5_2a/test_real_freqai_start_live_chain.py::test_no_api_keys_and_fake_only_exchange
0.05s call     tests/freqai_rl_stage2_5_2a/test_terminal_reward_telescoping.py::test_telescoping_random_prices_and_actions
0.05s call     tests/freqai_rl_stage2_5_2a/test_future_high_low_invariance.py::test_invariance_evidence_file
0.04s call     tests/freqai_rl_stage2_5_2a/test_terminal_liquidation_cost.py::test_no_free_ride_at_random_horizon
0.03s call     tests/freqai_rl_stage2_5_2a/test_cache_manifest_failure_is_fatal.py::test_normal_success_path
0.02s call     tests/freqai_rl_stage2_5_2a/test_cache_manifest_failure_is_fatal.py::test_manifest_modified_after_write_detected
0.02s call     tests/freqai_rl_stage2_5_2a/test_amount_epsilon_consistency.py::test_epsilon_single_source_everywhere[1e-08]
0.02s call     tests/freqai_rl_stage2_5_2a/test_amount_epsilon_consistency.py::test_epsilon_single_source_everywhere[1e-12]
0.02s call     tests/freqai_rl_stage2_5_2a/test_amount_epsilon_consistency.py::test_boundary_exposure_state_changes_with_epsilon
0.02s call     tests/freqai_rl_stage2_5_2a/test_amount_epsilon_consistency.py::test_default_epsilon_unchanged
0.02s call     tests/freqai_rl_stage2_5_2a/test_market_execution_causality.py::test_scripted_targets_zero_slippage_depends_only_on_open
0.02s setup    tests/freqai_rl_stage2_5_2a/test_cache_manifest_failure_is_fatal.py::test_build_manifest_exception_is_fatal
0.01s call     tests/freqai_rl_stage2_5_2a/test_cache_manifest_failure_is_fatal.py::test_manifest_write_failure_is_fatal
0.01s call     tests/freqai_rl_stage2_5_2a/test_partial_fill_base_fee.py::test_consistent_with_upstream_recalc_for_closed_orders
0.01s call     tests/freqai_rl_stage2_5_2a/test_cache_manifest_failure_is_fatal.py::test_self_check_inconsistent_is_fatal
0.01s call     tests/freqai_rl_stage2_5_2a/test_terminal_liquidation_cost.py::test_terminal_equity_monotone_in_slippage
0.01s setup    tests/freqai_rl_stage2_5_2a/test_cache_manifest_failure_is_fatal.py::test_normal_success_path
0.01s setup    tests/freqai_rl_stage2_5_2a/test_cache_manifest_failure_is_fatal.py::test_self_check_inconsistent_is_fatal
0.01s call     tests/freqai_rl_stage2_5_2a/test_market_execution_causality.py::test_rounding_never_improves_price
0.01s call     tests/freqai_rl_stage2_5_2a/test_future_high_low_invariance.py::test_high_low_invariance[0.0-0.01-shuffled]
0.01s call     tests/freqai_rl_stage2_5_2a/test_future_high_low_invariance.py::test_legacy_mode_is_high_low_sensitive
0.01s setup    tests/freqai_rl_stage2_5_2a/test_cache_manifest_failure_is_fatal.py::test_manifest_write_failure_is_fatal
0.01s setup    tests/freqai_rl_stage2_5_2a/test_cache_manifest_failure_is_fatal.py::test_manifest_modified_after_write_detected
0.01s setup    tests/freqai_rl_stage2_5_2a/test_cache_manifest_failure_is_fatal.py::test_quarantined_cache_not_reused_next_run
0.01s call     tests/freqai_rl_stage2_5_2a/test_future_high_low_invariance.py::test_high_low_invariance[5.0-0.01-shuffled]
0.01s call     tests/freqai_rl_stage2_5_2a/test_simulated_slippage_monotonicity.py::test_monotonicity_evidence
0.01s call     tests/freqai_rl_stage2_5_2a/test_future_high_low_invariance.py::test_high_low_invariance[5.0-0.0-shuffled]
0.01s call     tests/freqai_rl_stage2_5_2a/test_simulated_slippage_monotonicity.py::test_slippage_formula_and_monotone_cost

(15 durations < 0.005s hidden.  Use -vv to show these durations.)
81 passed, 84 warnings in 24.41s
........................................................................ [ 39%]
........................................................................ [ 79%]
......................................                                   [100%]
=============================== warnings summary ===============================
tests/route_c_stage2_6_0/test_missing_prediction_dir_is_fatal.py::test_missing_predictions_dir_is_fatal
tests/route_c_stage2_6_0/test_missing_prediction_dir_is_fatal.py::test_missing_predictions_dir_is_fatal
tests/route_c_stage2_6_0/test_missing_prediction_dir_is_fatal.py::test_freqtrade_nonzero_still_reports_own_code
tests/route_c_stage2_6_0/test_missing_prediction_dir_is_fatal.py::test_freqtrade_nonzero_still_reports_own_code
tests/route_c_stage2_6_0/test_missing_prediction_dir_is_fatal.py::test_manifest_records_exit_code_and_missing_dir
tests/route_c_stage2_6_0/test_missing_prediction_dir_is_fatal.py::test_manifest_records_exit_code_and_missing_dir
  /home/cryptorl/miniforge3/envs/freqtrade-rl/lib/python3.11/site-packages/pandas/io/feather_format.py:178: FutureWarning: pyarrow.feather.read_table is deprecated as of 24.0.0. Use pyarrow.ipc.open_file() / RecordBatchFileReader instead. Feather V2 is the Arrow IPC file format.
    pa_table = feather.read_table(

-- Docs: https://docs.pytest.org/en/stable/how-to/capture-warnings.html
============================= slowest 50 durations =============================
51.54s call     tests/route_c_stage2_6_0/test_hidden_exam_redaction.py::test_attempt_recorded_idempotent
40.26s call     tests/route_c_stage2_6_0/test_hidden_exam_redaction.py::test_detailed_only_after_retirement
40.01s call     tests/route_c_stage2_6_0/test_exam_retirement.py::test_detailed_disclosure_retires_pack
37.99s call     tests/route_c_stage2_6_0/test_hidden_exam_redaction.py::test_sealed_status_from_frozen_verdict
37.48s call     tests/route_c_stage2_6_0/test_exam_retirement.py::test_aggregate_only_does_not_retire
37.28s call     tests/route_c_stage2_6_0/test_exam_retirement.py::test_retired_pack_rejected_on_reuse
36.91s call     tests/route_c_stage2_6_0/test_hidden_exam_redaction.py::test_sealed_output_minimal
10.96s setup    tests/route_c_stage2_6_0/test_hidden_exam_redaction.py::test_detailed_only_after_retirement
10.49s setup    tests/route_c_stage2_6_0/test_exam_retirement.py::test_detailed_disclosure_retires_pack
10.03s setup    tests/route_c_stage2_6_0/test_exam_retirement.py::test_aggregate_only_does_not_retire
9.98s setup    tests/route_c_stage2_6_0/test_hidden_exam_redaction.py::test_attempt_recorded_idempotent
9.80s setup    tests/route_c_stage2_6_0/test_hidden_exam_redaction.py::test_unknown_policy_rejected
9.53s setup    tests/route_c_stage2_6_0/test_hidden_exam_redaction.py::test_sealed_status_from_frozen_verdict
9.11s setup    tests/route_c_stage2_6_0/test_exam_retirement.py::test_retired_pack_rejected_on_reuse
9.10s setup    tests/route_c_stage2_6_0/test_hidden_exam_redaction.py::test_dev_mode_requires_public_pack
9.08s setup    tests/route_c_stage2_6_0/test_hidden_exam_redaction.py::test_sealed_output_minimal
3.03s setup    tests/route_c_stage2_6_0/test_checkpoint_compatibility_guard.py::test_guard_accepts_matching_checkpoint
1.43s call     tests/route_c_stage2_6_0/test_baseline_ordering.py::test_oracle_beats_rule_and_trivial
0.72s call     tests/route_c_stage2_6_0/test_cheater_detection.py::test_null_overtrader_is_fail_not_cheating
0.57s call     tests/route_c_stage2_6_0/test_cheater_detection.py::test_periodic_cheater_detected
0.52s call     tests/route_c_stage2_6_0/test_cheater_detection.py::test_absolute_price_cheater_detected
0.52s call     tests/route_c_stage2_6_0/test_cheater_detection.py::test_step_counter_cheater_detected
0.51s call     tests/route_c_stage2_6_0/test_baseline_ordering.py::test_rule_beats_greedy_and_high_turnover
0.45s call     tests/route_c_stage2_6_0/test_null_control.py::test_oracle_loses_advantage_in_all_null_families
0.42s call     tests/route_c_stage2_6_0/test_null_control.py::test_high_turnover_baseline_loses_in_null
0.39s call     tests/route_c_stage2_6_0/test_baseline_ordering.py::test_always_flat_not_top
0.39s call     tests/route_c_stage2_6_0/test_null_control.py::test_rule_no_stable_excess_across_null_families
0.38s call     tests/route_c_stage2_6_0/test_null_control.py::test_always_flat_strong_baseline_in_null
0.30s call     tests/route_c_stage2_6_0/test_evaluator_determinism.py::test_repeat_evaluation_identical
0.29s call     tests/route_c_stage2_6_0/test_cheater_detection.py::test_future_leak_probe_detected
0.21s call     tests/route_c_stage2_6_0/test_common_prefix_invariance.py::test_future_leak_probe_detected
0.20s call     tests/route_c_stage2_6_0/test_baseline_ordering.py::test_null_family_flat_is_strong
0.20s call     tests/route_c_stage2_6_0/test_generalization_grade.py::test_real_rule_policy_grade
0.18s call     tests/route_c_stage2_6_0/test_baseline_ordering.py::test_always_long_not_passing_everywhere
0.17s call     tests/route_c_stage2_6_0/test_evaluator_determinism.py::test_input_order_independent
0.17s call     tests/route_c_stage2_6_0/test_generator_family_holdout.py::test_family_holdout_positive
0.14s call     tests/route_c_stage2_6_0/test_signal_ablation.py::test_trend_mirror_direction_capture
0.13s call     tests/route_c_stage2_6_0/test_signal_ablation.py::test_signal_ablation_drops_advantage
0.13s call     tests/route_c_stage2_6_0/test_null_control.py::test_overtrader_fees_loss_high_turnover_in_null
0.13s call     tests/route_c_stage2_6_0/test_generator_determinism.py::test_same_seed_same_episode_all_generators
0.13s call     tests/route_c_stage2_6_0/test_generator_family_holdout.py::test_parameter_extrapolation_positive
0.12s call     tests/route_c_stage2_6_0/test_signal_ablation.py::test_oracle_mirror_capture
0.12s call     tests/route_c_stage2_6_0/test_episode_length_invariance.py::test_regime_shuffle_keeps_market_responsive
0.11s call     tests/route_c_stage2_6_0/test_generalization_grade.py::test_transfer_conclusions
0.10s call     tests/route_c_stage2_6_0/test_missing_prediction_dir_is_fatal.py::test_missing_predictions_dir_is_fatal
0.10s call     tests/route_c_stage2_6_0/test_signal_ablation.py::test_nuisance_shuffle_no_improvement
0.10s call     tests/route_c_stage2_6_0/test_signal_ablation.py::test_nuisance_injection_no_improvement
0.08s call     tests/route_c_stage2_6_0/test_signal_ablation.py::test_trend_mirror_flags_uninformed_policy
0.08s call     tests/route_c_stage2_6_0/test_episode_length_invariance.py::test_time_shift_invariant_for_market_policies
0.07s call     tests/route_c_stage2_6_0/test_signal_ablation.py::test_cost_monotonicity_holds
182 passed, 6 warnings in 385.03s (0:06:25)
........................................................................ [ 42%]
........................................................................ [ 85%]
.........................                                                [100%]
============================= slowest 50 durations =============================
90.15s call     tests/route_c_stage2_6_0a/test_sealed_pack_commitment.py::test_fee_tamper_rejected
42.83s call     tests/route_c_stage2_6_0a/test_pack_hash_mismatch_is_invalid.py::test_retired_pack_invalid
11.68s setup    tests/route_c_stage2_6_0a/test_pack_hash_mismatch_is_invalid.py::test_retired_pack_invalid
11.13s call     tests/route_c_stage2_6_0a/test_sealed_pack_commitment.py::test_unbound_family_rejected
10.82s setup    tests/route_c_stage2_6_0a/test_spec_version_mismatch_is_invalid.py::test_spec_versions_tamper_rejected_at_cli_level
10.73s setup    tests/route_c_stage2_6_0a/test_checkpoint_charter_binding.py::test_no_charter_checkpoint_rejected
10.70s call     tests/route_c_stage2_6_0a/test_checkpoint_charter_binding.py::test_wrong_charter_checkpoint_rejected
10.53s setup    tests/route_c_stage2_6_0a/test_pack_hash_mismatch_is_invalid.py::test_integrity_failure_records_no_partial_scores
10.43s call     tests/route_c_stage2_6_0a/test_formal_checkpoint_required.py::test_v1_sidecar_from_2_6_0_rejected
10.34s setup    tests/route_c_stage2_6_0a/test_pack_hash_mismatch_is_invalid.py::test_pack_modification_after_commitment_is_invalid
10.27s setup    tests/route_c_stage2_6_0a/test_verdict_hash_binding.py::test_verdict_hash_binding
10.22s setup    tests/route_c_stage2_6_0a/test_generator_code_hash_binding.py::test_family_not_resolved_by_string_alone
10.20s setup    tests/route_c_stage2_6_0a/test_generator_code_hash_binding.py::test_generator_code_tamper_rejected_unit
10.01s call     tests/route_c_stage2_6_0a/test_checkpoint_observation_binding.py::test_scaling_pipeline_mismatch_rejected
9.93s call     tests/route_c_stage2_6_0a/test_sealed_pack_commitment.py::test_valid_commitment_verifies
9.90s setup    tests/route_c_stage2_6_0a/test_checkpoint_charter_binding.py::test_wrong_charter_checkpoint_rejected
9.87s setup    tests/route_c_stage2_6_0a/test_generator_code_hash_binding.py::test_generator_code_tamper_rejected_cli
9.84s setup    tests/route_c_stage2_6_0a/test_verdict_hash_binding.py::test_missing_required_counterfactual_list_rejected
9.79s setup    tests/route_c_stage2_6_0a/test_verdict_hash_binding.py::test_verdict_hash_tamper_rejected_cli
9.76s call     tests/route_c_stage2_6_0a/test_checkpoint_charter_binding.py::test_no_charter_checkpoint_rejected
9.62s setup    tests/route_c_stage2_6_0a/test_verdict_hash_binding.py::test_changed_threshold_rejected_unit
9.59s setup    tests/route_c_stage2_6_0a/test_checkpoint_observation_binding.py::test_window_size_mismatch_rejected
9.56s setup    tests/route_c_stage2_6_0a/test_formal_checkpoint_required.py::test_legacy_checkpoint_rejected
9.50s setup    tests/route_c_stage2_6_0a/test_checkpoint_observation_binding.py::test_observation_hash_mismatch_rejected
9.50s setup    tests/route_c_stage2_6_0a/test_spec_version_mismatch_is_invalid.py::test_missing_spec_version_rejected
9.49s setup    tests/route_c_stage2_6_0a/test_spec_version_mismatch_is_invalid.py::test_spec_versions_tamper_rejected_at_unit_level
9.49s setup    tests/route_c_stage2_6_0a/test_eval_config_override_rejected.py::test_sealed_manifest_required
9.44s setup    tests/route_c_stage2_6_0a/test_eval_config_override_rejected.py::test_fee_override_rejected
9.44s setup    tests/route_c_stage2_6_0a/test_formal_checkpoint_required.py::test_charter_only_sidecar_rejected
9.43s setup    tests/route_c_stage2_6_0a/test_eval_config_override_rejected.py::test_slippage_and_window_overrides_rejected
9.39s call     tests/route_c_stage2_6_0a/test_formal_checkpoint_required.py::test_charter_only_sidecar_rejected
9.37s call     tests/route_c_stage2_6_0a/test_formal_checkpoint_required.py::test_legacy_checkpoint_rejected
9.33s setup    tests/route_c_stage2_6_0a/test_checkpoint_observation_binding.py::test_scaling_pipeline_mismatch_rejected
9.25s setup    tests/route_c_stage2_6_0a/test_evaluator_code_hash_binding.py::test_evaluator_hash_tamper_rejected_unit
9.24s call     tests/route_c_stage2_6_0a/test_checkpoint_observation_binding.py::test_observation_hash_mismatch_rejected
9.23s setup    tests/route_c_stage2_6_0a/test_evaluator_code_hash_binding.py::test_evaluator_hash_tamper_rejected_cli
9.22s setup    tests/route_c_stage2_6_0a/test_checkpoint_charter_binding.py::test_committed_checkpoint_sha_pinned
9.13s call     tests/route_c_stage2_6_0a/test_checkpoint_observation_binding.py::test_window_size_mismatch_rejected
9.10s setup    tests/route_c_stage2_6_0a/test_evaluator_code_hash_binding.py::test_evaluator_hash_binding
9.06s setup    tests/route_c_stage2_6_0a/test_formal_checkpoint_required.py::test_v1_sidecar_from_2_6_0_rejected
3.49s call     tests/route_c_stage2_6_0a/test_candidate_subprocess_redaction.py::test_sandboxed_candidate_acts_on_observation_only
3.21s call     tests/route_c_stage2_6_0a/test_candidate_subprocess_redaction.py::test_sandboxed_candidate_error_is_redacted
2.92s setup    tests/route_c_stage2_6_0a/test_candidate_subprocess_redaction.py::test_sandboxed_candidate_acts_on_observation_only
1.72s call     tests/route_c_stage2_6_0a/test_sb3_fixed_shape_counterfactuals.py::test_sb3_runs_all_g4_exams
1.47s call     tests/route_c_stage2_6_0a/test_sealed_pack_commitment.py::test_generator_implementation_tamper_rejected
1.45s call     tests/route_c_stage2_6_0a/test_sealed_pack_commitment.py::test_evaluator_code_tamper_rejected
1.31s call     tests/route_c_stage2_6_0a/test_sealed_pack_commitment.py::test_pack_seed_tamper_rejected
1.31s call     tests/route_c_stage2_6_0a/test_sealed_pack_commitment.py::test_commitment_hash_stable_and_json_roundtrip
1.30s call     tests/route_c_stage2_6_0a/test_sealed_pack_commitment.py::test_generator_version_tamper_rejected
1.29s call     tests/route_c_stage2_6_0a/test_sealed_pack_commitment.py::test_charter_tamper_rejected
169 passed in 548.23s (0:09:08)
........................................................................ [ 45%]
........................................................................ [ 90%]
...............                                                          [100%]
=============================== warnings summary ===============================
tests/route_c_stage2_6_0b/test_duration_hours_materializes_rows.py::test_date_axis_spacing_matches_timeframe[15m-48.0-192]
tests/route_c_stage2_6_0b/test_duration_hours_materializes_rows.py::test_date_axis_spacing_matches_timeframe[5m-48.0-576]
tests/route_c_stage2_6_0b/test_duration_hours_materializes_rows.py::test_date_axis_spacing_matches_timeframe[1h-48.0-48]
  /home/cryptorl/projects/crypto_rl/tests/route_c_stage2_6_0b/test_duration_hours_materializes_rows.py:39: UserWarning: The 'unit' keyword is only used when the Timedelta input is an integer or float, not object. To specify the storage unit of the output use `td.as_unit(unit)`
    assert pd.Timedelta(deltas[0]) == pd.Timedelta(minutes=minutes, unit="m")

-- Docs: https://docs.pytest.org/en/stable/how-to/capture-warnings.html
============================= slowest 50 durations =============================
91.38s call     tests/route_c_stage2_6_0b/test_mock_sealed_exam_v3.py::test_tampered_eval_config_is_exam_invalid
44.64s call     tests/route_c_stage2_6_0b/test_mock_sealed_exam_v3.py::test_mock_sealed_exam_v3_full_pipeline
23.38s call     tests/route_c_stage2_6_0b/test_counterfactual_actual_replication_count.py::test_run_counterfactual_suite_returns_actual_replication_counts
13.67s call     tests/route_c_stage2_6_0b/test_mock_sealed_exam_v3.py::test_idempotent_retry_returns_same_attempt
13.25s call     tests/route_c_stage2_6_0b/test_mock_sealed_exam_v3.py::test_missing_attestation_is_exam_invalid
13.21s call     tests/route_c_stage2_6_0b/test_mock_sealed_exam_v3.py::test_tampered_checkpoint_is_exam_invalid
12.36s setup    tests/route_c_stage2_6_0b/test_counterfactual_actual_replication_count.py::test_run_counterfactual_suite_returns_actual_replication_counts
9.71s call     tests/route_c_stage2_6_0b/test_sandbox_profile_binding.py::test_v1_commitment_rejected_with_explicit_version_error
4.48s call     tests/route_c_stage2_6_0b/test_mock_sealed_exam_v3.py::test_tampered_pack_is_exam_invalid
4.01s call     tests/route_c_stage2_6_0b/test_invalid_null_rejected.py::test_predictable_pseudo_null_rejected
3.95s call     tests/route_c_stage2_6_0b/test_formal_cli_has_no_inprocess_bypass.py::test_dev_mode_marks_formal_conclusion_false
3.34s call     tests/route_c_stage2_6_0b/test_sandbox_output_protocol_limit.py::test_sandboxed_candidate_happy_path
2.12s call     tests/route_c_stage2_6_0b/test_invalid_null_rejected.py::test_drifting_pseudo_null_rejected
0.58s call     tests/route_c_stage2_6_0b/test_formal_cli_has_no_inprocess_bypass.py::test_no_subprocess_flag_is_rejected_by_argparse
0.57s call     tests/route_c_stage2_6_0b/test_formal_cli_has_no_inprocess_bypass.py::test_sealed_mode_without_manifest_exits_2
0.50s call     tests/route_c_stage2_6_0b/test_sandbox_output_protocol_limit.py::test_response_timeout_fails_closed
0.39s call     tests/route_c_stage2_6_0b/test_sandbox_resource_limits.py::test_memory_limit_enforced
0.28s call     tests/route_c_stage2_6_0b/test_invalid_null_rejected.py::test_implementation_change_invalidates_qualification
0.19s call     tests/route_c_stage2_6_0b/test_sandbox_network_denial.py::test_netns_has_no_external_routes
0.14s call     tests/route_c_stage2_6_0b/test_sandbox_profile_binding.py::test_commitment_rejects_profile_mismatch
0.12s call     tests/route_c_stage2_6_0b/test_sandbox_resource_limits.py::test_file_size_limit_enforced
0.12s call     tests/route_c_stage2_6_0b/test_generator_actual_implementation_hash.py::test_verify_rejects_tampered_implementation
0.12s call     tests/route_c_stage2_6_0b/test_sandbox_profile_binding.py::test_commitment_requires_profile
0.09s call     tests/route_c_stage2_6_0b/test_sandbox_hidden_pack_denial.py::test_hidden_pack_content_unreadable
0.09s call     tests/route_c_stage2_6_0b/test_sandbox_resource_limits.py::test_rlimits_applied_inside_sandbox
0.09s call     tests/route_c_stage2_6_0b/test_sandbox_resource_limits.py::test_custom_profile_rlimits
0.09s call     tests/route_c_stage2_6_0b/test_sandbox_hidden_pack_denial.py::test_mountinfo_does_not_leak_eval_paths
0.09s call     tests/route_c_stage2_6_0b/test_sandbox_resource_limits.py::test_nproc_limit_blocks_subprocess_explosion
0.09s call     tests/route_c_stage2_6_0b/test_sandbox_readonly_checkpoint.py::test_checkpoint_append_truncate_remove_chmod_denied
0.09s call     tests/route_c_stage2_6_0b/test_sandbox_network_denial.py::test_external_connect_denied
0.09s call     tests/route_c_stage2_6_0b/test_sandbox_network_denial.py::test_loopback_connect_denied
0.09s call     tests/route_c_stage2_6_0b/test_sandbox_parent_proc_denial.py::test_proc_shows_only_sandbox_processes
0.09s call     tests/route_c_stage2_6_0b/test_sandbox_filesystem_denial.py::test_project_root_not_listable
0.09s call     tests/route_c_stage2_6_0b/test_sandbox_filesystem_denial.py::test_eval_workspace_sentinel_unreadable
0.09s call     tests/route_c_stage2_6_0b/test_sandbox_filesystem_denial.py::test_scratch_writable_but_not_others
0.09s call     tests/route_c_stage2_6_0b/test_sandbox_network_denial.py::test_dns_resolution_fails
0.09s call     tests/route_c_stage2_6_0b/test_sandbox_hidden_pack_denial.py::test_attempt_registry_and_eval_logs_denied
0.09s call     tests/route_c_stage2_6_0b/test_sandbox_parent_proc_denial.py::test_inherited_fds_beyond_stdio_closed
0.09s call     tests/route_c_stage2_6_0b/test_sandbox_readonly_checkpoint.py::test_checkpoint_write_via_mountinfo_denied
0.09s call     tests/route_c_stage2_6_0b/test_sandbox_readonly_checkpoint.py::test_checkpoint_sha_unchanged_after_sandbox_run
0.09s call     tests/route_c_stage2_6_0b/test_sandbox_parent_proc_denial.py::test_parent_cmdline_and_environ_unreachable
0.08s call     tests/route_c_stage2_6_0b/test_sandbox_filesystem_denial.py::test_real_tmp_other_files_denied
0.08s call     tests/route_c_stage2_6_0b/test_sandbox_parent_proc_denial.py::test_worker_env_is_scrubbed
0.08s call     tests/route_c_stage2_6_0b/test_nuisance_bidirectional_equivalence.py::test_rule_trend_ignoring_nuisance_passes_both_modes
0.08s call     tests/route_c_stage2_6_0b/test_counterfactual_actual_replication_count.py::test_replication_counts_come_from_actual_records
0.07s call     tests/route_c_stage2_6_0b/test_counterfactual_actual_replication_count.py::test_pack_total_not_used_as_replication
0.06s call     tests/route_c_stage2_6_0b/test_invalid_null_rejected.py::test_unpassed_null_cannot_enter_exam
0.06s call     tests/route_c_stage2_6_0b/test_nuisance_improvement_fails.py::test_systematic_improvement_fails
0.06s call     tests/route_c_stage2_6_0b/test_generator_actual_implementation_hash.py::test_registry_bindings_are_per_family_and_distinct
0.05s setup    tests/route_c_stage2_6_0b/test_nuisance_improvement_fails.py::test_systematic_improvement_fails
159 passed, 3 warnings in 246.65s (0:04:06)
........................................................................ [ 86%]
...........                                                              [100%]
============================= slowest 50 durations =============================
54.20s call     tests/route_c_stage2_6_0c/test_mock_sealed_exam_v4.py::test_mock_sealed_exam_v4_full_pipeline
47.61s call     tests/route_c_stage2_6_0c/test_mock_sealed_exam_v4.py::test_v4_flow_without_issuer_copy
44.49s call     tests/route_c_stage2_6_0c/test_mock_sealed_exam_v4.py::test_attempts_registry_records_outcome
43.58s call     tests/route_c_stage2_6_0c/test_mock_sealed_exam_v4.py::test_detailed_disclosure_retires_and_records
42.56s call     tests/route_c_stage2_6_0c/test_issuer_trust_root_closure.py::test_context_without_issuer_copy_uses_commitment_root
21.08s call     tests/route_c_stage2_6_0c/test_anticheat_replication_closure.py::test_full_pack_four_reasons_meet_frozen_seed_threshold
11.21s call     tests/route_c_stage2_6_0c/test_issuer_trust_root_closure.py::test_context_issuer_override_attack_end_to_end
10.30s call     tests/route_c_stage2_6_0c/test_mock_sealed_exam_v4.py::test_v4_flow_attestation_signed_by_wrong_key
10.05s call     tests/route_c_stage2_6_0c/test_issuer_trust_root_closure.py::test_commitment_runner_hash_modified_rejected
9.82s setup    tests/route_c_stage2_6_0c/test_anticheat_replication_closure.py::test_required_seed_count_comes_from_frozen_spec
3.85s call     tests/route_c_stage2_6_0c/test_anticheat_replication_closure.py::test_pack_seed_insufficient_is_exam_invalid
2.84s setup    tests/route_c_stage2_6_0c/test_anticheat_replication_closure.py::test_full_pack_four_reasons_meet_frozen_seed_threshold
1.77s call     tests/route_c_stage2_6_0c/test_anticheat_replication_closure.py::test_three_seed_cheater_reaches_suspected_cheating[absolute_price-<lambda>]
1.57s call     tests/route_c_stage2_6_0c/test_mock_sealed_exam_v4.py::test_runtime_tamper_between_commitment_and_run
1.37s call     tests/route_c_stage2_6_0c/test_anticheat_replication_closure.py::test_three_seed_cheater_reaches_suspected_cheating[periodic_pattern-<lambda>]
1.31s call     tests/route_c_stage2_6_0c/test_anticheat_replication_closure.py::test_three_seed_cheater_reaches_suspected_cheating[episode_position-<lambda>]
1.26s call     tests/route_c_stage2_6_0c/test_anticheat_replication_closure.py::test_periodic_aligned_scenario_uses_regime_order_exam
0.76s call     tests/route_c_stage2_6_0c/test_anticheat_replication_closure.py::test_no_tautological_assertions_in_tests
0.26s call     tests/route_c_stage2_6_0c/test_null_qualification_binding.py::test_report_payload_tampered_rejected
0.24s call     tests/route_c_stage2_6_0c/test_null_qualification_binding.py::test_false_required_check_rejected
0.13s call     tests/route_c_stage2_6_0c/test_candidate_runtime_binding.py::test_runtime_tamper_fails_sealed_verification
0.12s call     tests/route_c_stage2_6_0c/test_null_qualification_binding.py::test_null_generator_change_invalidates_old_report
0.08s call     tests/route_c_stage2_6_0c/test_anticheat_replication_closure.py::test_multiple_cuts_same_seed_counted_once
0.08s call     tests/route_c_stage2_6_0c/test_anticheat_replication_closure.py::test_two_failing_seeds_never_suspected_cheating
0.07s call     tests/route_c_stage2_6_0c/test_anticheat_replication_closure.py::test_per_seed_worst_variant_aggregation_is_auditable
0.07s call     tests/route_c_stage2_6_0c/test_anticheat_replication_closure.py::test_price_scale_variants_aggregate_within_seed
0.07s call     tests/route_c_stage2_6_0c/test_null_qualification_binding.py::test_generator_implementation_mismatch_rejected
0.07s call     tests/route_c_stage2_6_0c/test_null_qualification_binding.py::test_unrecognized_report_fields_rejected
0.07s call     tests/route_c_stage2_6_0c/test_null_qualification_binding.py::test_missing_required_check_rejected
0.07s call     tests/route_c_stage2_6_0c/test_null_qualification_binding.py::test_valid_bindings_verify
0.06s call     tests/route_c_stage2_6_0c/test_null_qualification_binding.py::test_missing_report_field_rejected
0.06s call     tests/route_c_stage2_6_0c/test_null_qualification_binding.py::test_schema_mismatch_rejected
0.06s call     tests/route_c_stage2_6_0c/test_null_qualification_binding.py::test_timeframe_mismatch_rejected
0.06s call     tests/route_c_stage2_6_0c/test_null_qualification_binding.py::test_seed_count_insufficient_rejected
0.06s call     tests/route_c_stage2_6_0c/test_null_qualification_binding.py::test_bool_only_binding_rejected
0.06s call     tests/route_c_stage2_6_0c/test_null_qualification_binding.py::test_report_pass_false_rejected
0.06s call     tests/route_c_stage2_6_0c/test_null_qualification_binding.py::test_wrong_family_version_rejected
0.06s call     tests/route_c_stage2_6_0c/test_null_qualification_binding.py::test_qualification_code_change_invalidates_report
0.06s call     tests/route_c_stage2_6_0c/test_null_qualification_binding.py::test_seed_distinct_inconsistency_rejected
0.06s call     tests/route_c_stage2_6_0c/test_null_qualification_binding.py::test_report_hash_tampered_rejected
0.06s call     tests/route_c_stage2_6_0c/test_null_qualification_binding.py::test_fee_mismatch_rejected
0.06s call     tests/route_c_stage2_6_0c/test_null_qualification_binding.py::test_wrong_family_rejected
0.06s call     tests/route_c_stage2_6_0c/test_null_qualification_binding.py::test_missing_family_binding_rejected
0.05s call     tests/route_c_stage2_6_0c/test_null_qualification_binding.py::test_binding_with_pass_but_no_report_rejected
0.02s call     tests/route_c_stage2_6_0c/test_protocol_upgrade.py::test_v2_commitment_rejected_with_explicit_error
0.02s call     tests/route_c_stage2_6_0c/test_issuer_trust_root_closure.py::test_commitment_smoke_policy_modified_invalidates
0.01s call     tests/route_c_stage2_6_0c/test_candidate_runtime_binding.py::test_commitment_without_runtime_hash_rejected
0.01s call     tests/route_c_stage2_6_0c/test_null_qualification_binding.py::test_bindings_embed_full_report_payload

(2 durations < 0.005s hidden.  Use -vv to show these durations.)
83 passed in 312.28s (0:05:12)
.........................................................                [100%]
============================= slowest 50 durations =============================
90.20s call     tests/route_c_stage2_6_0d/test_null_qualification_v3_protocol.py::test_power_analysis_binding_and_targets
89.55s call     tests/route_c_stage2_6_0d/test_null_qualification_v3_protocol.py::test_d8_margin_change_invalidates_commitment
39.76s call     tests/route_c_stage2_6_0d/test_cluster_bootstrap_unit.py::test_report_deterministic_across_runs
20.07s call     tests/route_c_stage2_6_0d/test_economic_equivalence_band.py::test_zero_drift_with_trend_predictability_is_invalid
19.95s call     tests/route_c_stage2_6_0d/test_economic_equivalence_band.py::test_small_fixed_drift_pseudo_null_not_qualified
9.68s setup    tests/route_c_stage2_6_0d/test_null_qualification_v3_protocol.py::test_v3_commitment_rejected_by_v4_executor
7.85s call     tests/route_c_stage2_6_0d/test_pack_validity_and_antithetic.py::test_pack_builder_deterministic_with_attempt_log
5.31s call     tests/route_c_stage2_6_0d/test_economic_equivalence_band.py::test_rule_advantage_pseudo_null_is_invalid
4.59s call     tests/route_c_stage2_6_0d/test_three_state_verdict.py::test_drifting_pseudo_null_is_invalid_null
2.53s call     tests/route_c_stage2_6_0d/test_pack_validity_and_antithetic.py::test_missing_flip_breaks_structure_check
1.14s call     tests/route_c_stage2_6_0d/test_economic_equivalence_band.py::test_hft_positive_return_pseudo_null_is_invalid
0.75s call     tests/route_c_stage2_6_0d/test_pack_validity_and_antithetic.py::test_accidental_drift_large_pack_is_invalid
0.71s call     tests/route_c_stage2_6_0d/test_cluster_bootstrap_unit.py::test_antithetic_pack_six_episodes_three_clusters
0.66s setup    tests/route_c_stage2_6_0d/test_cluster_bootstrap_unit.py::test_288_bars_bootstrap_n_is_three
0.48s call     tests/route_c_stage2_6_0d/test_three_state_verdict.py::test_structural_pseudo_null_is_invalid_null
0.43s call     tests/route_c_stage2_6_0d/test_cluster_bootstrap_unit.py::test_nine_episodes_one_seed_is_one_cluster
0.36s call     tests/route_c_stage2_6_0d/test_cluster_bootstrap_unit.py::test_cluster_unit_tamper_rejected_by_verify
0.19s call     tests/route_c_stage2_6_0d/test_pack_validity_and_antithetic.py::test_accidental_drift_pack_is_invalid
0.13s call     tests/route_c_stage2_6_0d/test_null_qualification_v3_protocol.py::test_d8_spec_hash_mismatch_in_report_rejected
0.05s call     tests/route_c_stage2_6_0d/test_null_qualification_v3_protocol.py::test_bool_only_binding_still_rejected
0.05s call     tests/route_c_stage2_6_0d/test_three_state_verdict.py::test_insufficient_evidence_cannot_enter_exam
0.04s call     tests/route_c_stage2_6_0d/test_null_qualification_v3_protocol.py::test_commitment_missing_new_fields_rejected
0.04s setup    tests/route_c_stage2_6_0d/test_cluster_bootstrap_unit.py::test_bootstrap_n_equals_distinct_clusters
0.04s call     tests/route_c_stage2_6_0d/test_pack_validity_and_antithetic.py::test_antithetic_mirror_bitwise[probe_null_volstate]
0.03s call     tests/route_c_stage2_6_0d/test_pack_validity_and_antithetic.py::test_antithetic_mirror_bitwise[probe_null_sign]
0.03s call     tests/route_c_stage2_6_0d/test_pack_validity_and_antithetic.py::test_antithetic_mirror_bitwise[probe_null_stochvol]
0.03s call     tests/route_c_stage2_6_0d/test_pack_validity_and_antithetic.py::test_modified_path_breaks_pack_integrity
0.02s call     tests/route_c_stage2_6_0d/test_null_qualification_v3_protocol.py::test_v3_commitment_rejected_by_v4_executor
0.02s call     tests/route_c_stage2_6_0d/test_pack_validity_and_antithetic.py::test_pair_flag_not_in_observation
0.01s call     tests/route_c_stage2_6_0d/test_economic_equivalence_band.py::test_spec_binds_everything_and_hash_stable
0.01s call     tests/route_c_stage2_6_0d/test_null_qualification_v3_protocol.py::test_commitment_binds_full_null_chain
0.01s call     tests/route_c_stage2_6_0d/test_null_qualification_v3_protocol.py::test_cli_version_is_v7

(18 durations < 0.005s hidden.  Use -vv to show these durations.)
57 passed in 295.29s (0:04:55)
........................................................................ [ 64%]
........................................                                 [100%]
============================= slowest 50 durations =============================
90.72s call     tests/route_c_stage2_6_0e/test_power_centering_and_targets.py::test_any_family_block_unmet_makes_targets_false
87.96s call     tests/route_c_stage2_6_0e/test_power_centering_and_targets.py::test_deterministic_rerun_same_hash
50.94s call     tests/route_c_stage2_6_0e/test_mock_sealed_exam_v6.py::test_mock_sealed_exam_v6_full_pipeline
41.11s call     tests/route_c_stage2_6_0e/test_mock_sealed_exam_v6.py::test_v6_flow_without_issuer_copy
40.22s call     tests/route_c_stage2_6_0e/test_mock_sealed_exam_v6.py::test_v6_attempts_registry_records
39.72s call     tests/route_c_stage2_6_0e/test_mock_sealed_exam_v6.py::test_v6_detailed_disclosure_retires
12.50s setup    tests/route_c_stage2_6_0e/test_mock_sealed_exam_v6.py::test_mock_sealed_exam_v6_full_pipeline
9.73s call     tests/route_c_stage2_6_0e/test_mock_sealed_exam_v6.py::test_v6_attestation_wrong_key
8.76s setup    tests/route_c_stage2_6_0e/test_actual_antithetic_pair_integrity.py::test_actual_pack_every_pair_verified
6.15s call     tests/route_c_stage2_6_0e/test_pack_oracle_rule_equivalence.py::test_center_only_passes_but_upper_bound_fails
5.79s call     tests/route_c_stage2_6_0e/test_pack_oracle_rule_equivalence.py::test_rule_ci_upper_exceeds_margin_rejected
5.14s call     tests/route_c_stage2_6_0e/test_pack_oracle_rule_equivalence.py::test_oracle_ci_upper_exceeds_margin_rejected
5.13s call     tests/route_c_stage2_6_0e/test_actual_antithetic_pair_integrity.py::test_duplicate_spec_rejected
5.12s call     tests/route_c_stage2_6_0e/test_actual_antithetic_pair_integrity.py::test_extra_flip_rejected
5.01s call     tests/route_c_stage2_6_0e/test_actual_antithetic_pair_integrity.py::test_timeframe_mismatch_rejected
4.99s call     tests/route_c_stage2_6_0e/test_actual_antithetic_pair_integrity.py::test_duration_mismatch_rejected
4.98s call     tests/route_c_stage2_6_0e/test_actual_antithetic_pair_integrity.py::test_missing_flip_rejected
4.91s call     tests/route_c_stage2_6_0e/test_actual_antithetic_pair_integrity.py::test_extra_original_rejected
4.84s call     tests/route_c_stage2_6_0e/test_actual_antithetic_pair_integrity.py::test_volume_mismatch_rejected
4.79s call     tests/route_c_stage2_6_0e/test_actual_antithetic_pair_integrity.py::test_nuisance_changed_by_flip_rejected
4.79s call     tests/route_c_stage2_6_0e/test_actual_antithetic_pair_integrity.py::test_pair_params_mismatch_rejected
4.76s call     tests/route_c_stage2_6_0e/test_actual_antithetic_pair_integrity.py::test_path_not_bitwise_mirror_rejected
4.64s call     tests/route_c_stage2_6_0e/test_actual_antithetic_pair_integrity.py::test_hidden_state_mismatch_rejected
1.64s call     tests/route_c_stage2_6_0e/test_pack_oracle_rule_equivalence.py::test_insufficient_clusters_invalid
1.18s call     tests/route_c_stage2_6_0e/test_mock_sealed_exam_v6.py::test_v6_pack_tamper_between_commitment_and_run
1.09s call     tests/route_c_stage2_6_0e/test_mock_sealed_exam_v6.py::test_v6_power_tamper_between_commitment_and_run
0.87s call     tests/route_c_stage2_6_0e/test_protocol_v5_upgrade.py::test_v1_power_report_and_v1_pack_report_rejected
0.65s call     tests/route_c_stage2_6_0e/test_pack_builder_manifest.py::test_manifest_deterministic_and_hash_stable
0.45s call     tests/route_c_stage2_6_0e/test_pack_builder_manifest.py::test_commitment_binds_manifest_hash
0.44s call     tests/route_c_stage2_6_0e/test_pack_builder_manifest.py::test_symlink_in_builder_package_rejected
0.44s call     tests/route_c_stage2_6_0e/test_pack_builder_manifest.py::test_manifest_binds_full_package_tree_not_function_list
0.43s call     tests/route_c_stage2_6_0e/test_pack_builder_manifest.py::test_modifying_builder_package_file_changes_npb
0.43s call     tests/route_c_stage2_6_0e/test_pack_builder_manifest.py::test_resource_file_changes_npb
0.39s call     tests/route_c_stage2_6_0e/test_protocol_v5_upgrade.py::test_validator_only_binding_rejected
0.37s call     tests/route_c_stage2_6_0e/test_power_report_reverification.py::test_attack_6_to_10_report_fields_tampered[confidence_method-clopper-pearson-hoaxed]
0.35s call     tests/route_c_stage2_6_0e/test_protocol_v5_upgrade.py::test_old_null_qualification_v3_report_rejected
0.30s call     tests/route_c_stage2_6_0e/test_power_centering_and_targets.py::test_vectorized_bootstrap_bitwise_matches_reference
0.21s call     tests/route_c_stage2_6_0e/test_power_report_reverification.py::test_full_sealed_verification_rejects_power_tamper
0.21s call     tests/route_c_stage2_6_0e/test_power_report_reverification.py::test_attack_1_public_summary_tampered
0.20s call     tests/route_c_stage2_6_0e/test_pack_builder_manifest.py::test_adding_or_removing_package_file_changes_npb
0.19s call     tests/route_c_stage2_6_0e/test_pack_builder_manifest.py::test_manifest_binds_params_and_family_list
0.18s call     tests/route_c_stage2_6_0e/test_power_report_reverification.py::test_cache_content_hash_verified
0.17s call     tests/route_c_stage2_6_0e/test_pack_builder_manifest.py::test_modifying_intermediate_helper_changes_npb
0.16s call     tests/route_c_stage2_6_0e/test_power_centering_and_targets.py::test_tolerance_and_scenario_manifest_change_report_hash
0.12s call     tests/route_c_stage2_6_0e/test_actual_antithetic_pair_integrity.py::test_generator_side_nuisance_symmetry
0.11s call     tests/route_c_stage2_6_0e/test_power_report_reverification.py::test_attack_6_to_10_report_fields_tampered[tolerance_by_block-value1]
0.10s call     tests/route_c_stage2_6_0e/test_power_report_reverification.py::test_valid_commitment_passes_reverification
0.10s call     tests/route_c_stage2_6_0e/test_power_report_reverification.py::test_attack_6_to_10_report_fields_tampered[min_qualification_clusters-32]
0.10s call     tests/route_c_stage2_6_0e/test_power_report_reverification.py::test_attack_6_to_10_report_fields_tampered[mc_seed-99999999]
0.10s call     tests/route_c_stage2_6_0e/test_power_report_reverification.py::test_attack_14_legacy_v1_power_report_rejected
112 passed in 465.26s (0:07:45)
................................................................         [100%]
============================= slowest 50 durations =============================
158.61s call     tests/route_c_stage2_6_0f/test_private_builder_formal_integration.py::test_private_a_with_provider_a_passes
120.17s call     tests/route_c_stage2_6_0f/test_private_builder_formal_integration.py::test_run_sealed_exam_full_pipeline_with_private_provider
65.43s call     tests/route_c_stage2_6_0f/test_private_builder_formal_integration.py::test_private_a_committed_but_provider_b_rejected
65.13s call     tests/route_c_stage2_6_0f/test_private_builder_formal_integration.py::test_private_a_modified_old_commitment_rejected
64.43s call     tests/route_c_stage2_6_0f/test_private_builder_formal_integration.py::test_run_sealed_exam_private_provider_mismatch
48.84s call     tests/route_c_stage2_6_0f/test_mock_sealed_exam_v7.py::test_mock_sealed_exam_v7_full_pipeline
40.85s call     tests/route_c_stage2_6_0f/test_mock_sealed_exam_v7.py::test_v7_detailed_disclosure_retires
8.97s setup    tests/route_c_stage2_6_0f/test_builder_dependency_closure.py::test_pack_validity_report_uses_provider_hash
4.87s call     tests/route_c_stage2_6_0f/test_mixed_null_duration_rejection.py::test_s8_pack_vs_pack_validity_report_duration_mismatch_rejected
2.74s call     tests/route_c_stage2_6_0f/test_mixed_null_duration_rejection.py::test_s12_rejection_before_checkpoint_load
1.46s setup    tests/route_c_stage2_6_0f/test_mock_sealed_exam_v7.py::test_mock_sealed_exam_v7_full_pipeline
1.18s call     tests/route_c_stage2_6_0f/test_mock_sealed_exam_v7.py::test_v7_integrity_gates_before_checkpoint_load
1.17s call     tests/route_c_stage2_6_0f/test_mock_sealed_exam_v7.py::test_v7_duration_tamper_rejected_before_checkpoint
0.96s call     tests/route_c_stage2_6_0f/test_builder_dependency_closure.py::test_tamper_matrix_changes_npb
0.95s setup    tests/route_c_stage2_6_0f/test_private_builder_formal_integration.py::test_run_sealed_exam_private_provider_mismatch
0.92s call     tests/route_c_stage2_6_0f/test_builder_dependency_closure.py::test_builder_manifest_semantic_fields_change_npb
0.68s setup    tests/route_c_stage2_6_0f/test_private_builder_formal_integration.py::test_private_a_committed_but_provider_b_rejected
0.47s call     tests/route_c_stage2_6_0f/test_protocol_v6_upgrade.py::test_v2_pack_validity_report_rejected_by_builder
0.39s setup    tests/route_c_stage2_6_0f/test_private_builder_formal_integration.py::test_private_a_with_provider_a_passes
0.26s setup    tests/route_c_stage2_6_0f/test_builder_dependency_closure.py::test_mock_tree_covers_intermediate_helpers
0.25s call     tests/route_c_stage2_6_0f/test_builder_dependency_closure.py::test_modifying_mock_builder_intermediate_helper_invalidates_commitment
0.23s call     tests/route_c_stage2_6_0f/test_mixed_null_duration_rejection.py::test_s6_pack_vs_family_report_duration_mismatch_rejected
0.23s call     tests/route_c_stage2_6_0f/test_builder_dependency_closure.py::test_tree_binds_every_file_in_builder_root
0.21s setup    tests/route_c_stage2_6_0f/test_private_builder_formal_integration.py::test_run_sealed_exam_full_pipeline_with_private_provider
0.20s setup    tests/route_c_stage2_6_0f/test_private_builder_formal_integration.py::test_private_a_modified_old_commitment_rejected
0.19s call     tests/route_c_stage2_6_0f/test_builder_dependency_closure.py::test_pack_validity_report_uses_provider_hash
0.17s call     tests/route_c_stage2_6_0f/test_builder_identity_provider.py::test_mock_provider_explicit_and_passes
0.14s call     tests/route_c_stage2_6_0f/test_global_null_duration_contract.py::test_verify_cross_binding
0.13s call     tests/route_c_stage2_6_0f/test_mixed_null_duration_rejection.py::test_s7_pack_vs_power_spec_duration_mismatch_rejected
0.06s call     tests/route_c_stage2_6_0f/test_private_builder_formal_integration.py::test_missing_provider_rejected
0.03s call     tests/route_c_stage2_6_0f/test_protocol_v6_upgrade.py::test_cli_requires_builder_provider
0.03s call     tests/route_c_stage2_6_0f/test_protocol_v6_upgrade.py::test_cli_private_provider_requires_root
0.02s call     tests/route_c_stage2_6_0f/test_protocol_v6_upgrade.py::test_v5_commitment_rejected
0.02s call     tests/route_c_stage2_6_0f/test_protocol_v6_upgrade.py::test_commitment_tampered_duration_payload_rejected
0.02s call     tests/route_c_stage2_6_0f/test_protocol_v6_upgrade.py::test_commitment_missing_duration_contract_rejected
0.01s call     tests/route_c_stage2_6_0f/test_builder_identity_provider.py::test_validate_null_pack_requires_identity_and_contract
0.01s teardown tests/route_c_stage2_6_0f/test_protocol_v6_upgrade.py::test_frozen_vendor_commit_unchanged
0.01s call     tests/route_c_stage2_6_0f/test_builder_identity_provider.py::test_pack_payload_has_no_provider_field
0.01s call     tests/route_c_stage2_6_0f/test_global_null_duration_contract.py::test_no_first_or_last_episode_semantics_remains

(11 durations < 0.005s hidden.  Use -vv to show these durations.)
64 passed in 591.02s (0:09:51)
........................................................................ [ 48%]
........................................................................ [ 96%]
.....                                                                    [100%]
============================= slowest 50 durations =============================
78.97s setup    tests/route_c_stage2_6_0g/test_full_private_pipeline.py::test_private_builder_uses_nondefault_params
55.90s call     tests/route_c_stage2_6_0g/test_full_private_pipeline.py::test_full_pipeline_exam_replay_and_normal_fail
52.18s call     tests/route_c_stage2_6_0g/test_formal_provenance_integration.py::test_idempotent_retry_carries_audit
43.29s call     tests/route_c_stage2_6_0g/test_formal_provenance_integration.py::test_mock_cli_v9_full_chain
40.60s call     tests/route_c_stage2_6_0g/test_runtime_dependency_lock.py::test_function_level_import_audited
34.31s call     tests/route_c_stage2_6_0g/test_builder_evidence.py::test_precommit_double_run_hashes
32.30s call     tests/route_c_stage2_6_0g/test_builder_provenance.py::test_private_wrong_pack_builder_rejected
20.78s call     tests/route_c_stage2_6_0g/test_runtime_dependency_lock.py::test_conditional_import_inside_builder
20.69s call     tests/route_c_stage2_6_0g/test_builder_provenance.py::test_private_none_entrypoint_rejected_in_runner
20.53s call     tests/route_c_stage2_6_0g/test_builder_runner_isolation.py::test_inspect_stack_attack_builder_cannot_get_pack
19.80s call     tests/route_c_stage2_6_0g/test_builder_runner_isolation.py::test_env_argv_scan_attack_builder_rejected
19.45s call     tests/route_c_stage2_6_0g/test_runtime_dependency_lock.py::test_dynamic_import_unregistered_dependency_rejected
19.45s call     tests/route_c_stage2_6_0g/test_builder_evidence.py::test_evidence_verify_against_commitment
19.25s call     tests/route_c_stage2_6_0g/test_builder_evidence.py::test_evidence_file_roundtrip_private
19.00s call     tests/route_c_stage2_6_0g/test_builder_provenance.py::test_private_provenance_via_isolated_runner
18.22s call     tests/route_c_stage2_6_0g/test_builder_runner_isolation.py::test_deterministic_double_run
17.74s call     tests/route_c_stage2_6_0g/test_dependency_closure.py::test_isolated_runner_lock_for_selfcontained_builder
10.30s setup    tests/route_c_stage2_6_0g/test_builder_evidence.py::test_precommit_double_run_hashes
9.15s call     tests/route_c_stage2_6_0g/test_builder_runner_isolation.py::test_checkpoint_sentinel_never_opened
1.01s call     tests/route_c_stage2_6_0g/test_mock_no_implicit_fallback.py::test_build_mock_commitment_requires_provider
0.67s call     tests/route_c_stage2_6_0g/test_builder_provenance.py::test_verify_mock_provenance_with_evidence
0.66s call     tests/route_c_stage2_6_0g/test_builder_provenance.py::test_evidence_wrong_request_rejected
0.61s call     tests/route_c_stage2_6_0g/test_builder_provenance.py::test_tampered_evidence_rejected
0.58s call     tests/route_c_stage2_6_0g/test_builder_evidence.py::test_deterministic_false_rejected
0.56s call     tests/route_c_stage2_6_0g/test_builder_provenance.py::test_verify_without_evidence_rejected
0.55s call     tests/route_c_stage2_6_0g/test_builder_evidence.py::test_runs_mismatch_rejected
0.46s call     tests/route_c_stage2_6_0g/test_full_private_pipeline.py::test_full_pipeline_tampered_evidence_rejected
0.46s call     tests/route_c_stage2_6_0g/test_unified_provider_config.py::test_provider_config_hash_stable
0.37s call     tests/route_c_stage2_6_0g/test_unified_provider_config.py::test_cli_uses_same_config_path
0.33s setup    tests/route_c_stage2_6_0g/test_builder_provenance.py::test_private_provenance_via_isolated_runner
0.32s call     tests/route_c_stage2_6_0g/test_builder_runner_isolation.py::test_new_helper_after_identity_rejected
0.32s setup    tests/route_c_stage2_6_0g/test_builder_provenance.py::test_private_none_entrypoint_rejected_in_runner
0.32s setup    tests/route_c_stage2_6_0g/test_builder_provenance.py::test_private_wrong_pack_builder_rejected
0.31s call     tests/route_c_stage2_6_0g/test_builder_runner_isolation.py::test_identity_hash_then_modify_source_rejected
0.27s call     tests/route_c_stage2_6_0g/test_builder_runner_isolation.py::test_source_a_execution_b_rejected
0.27s setup    tests/route_c_stage2_6_0g/test_builder_runner_protocol.py::test_mock_request_passes_whitelist
0.27s setup    tests/route_c_stage2_6_0g/test_builder_evidence.py::test_evidence_verify_against_commitment
0.27s call     tests/route_c_stage2_6_0g/test_entrypoint_validation.py::test_private_provider_construct_no_import
0.27s call     tests/route_c_stage2_6_0g/test_builder_runner_isolation.py::test_staging_file_removed_rejected
0.26s call     tests/route_c_stage2_6_0g/test_builder_runner_isolation.py::test_runner_argv_env_request_no_candidate_material
0.26s call     tests/route_c_stage2_6_0g/test_builder_runner_isolation.py::test_staging_replaced_after_copy_rejected
0.25s call     tests/route_c_stage2_6_0g/test_formal_provenance_integration.py::test_provenance_failure_before_verify_checks
0.25s call     tests/route_c_stage2_6_0g/test_dependency_closure.py::test_static_closure_covers_third_party
0.24s call     tests/route_c_stage2_6_0g/test_formal_provenance_integration.py::test_provenance_failure_never_touches_candidate
0.24s setup    tests/route_c_stage2_6_0g/test_dependency_closure.py::test_isolated_runner_lock_for_selfcontained_builder
0.22s call     tests/route_c_stage2_6_0g/test_full_private_pipeline.py::test_full_pipeline_missing_evidence_rejected
0.06s call     tests/route_c_stage2_6_0g/test_protocol_v8_upgrade.py::test_v8_roundtrip_preserves_evidence
0.05s call     tests/route_c_stage2_6_0g/test_builder_runner_protocol.py::test_result_contract_fields_enforced
0.04s call     tests/route_c_stage2_6_0g/test_builder_runner_protocol.py::test_assembly_mode_result_without_attempts_ok
0.04s call     tests/route_c_stage2_6_0g/test_builder_runner_protocol.py::test_request_hash_stable
149 passed in 564.01s (0:09:24)
........................................................................ [ 52%]
..................................................................       [100%]
============================= slowest 50 durations =============================
77.19s setup    tests/route_c_stage2_6_0h/test_full_private_pipeline_v10.py::test_private_builder_uses_nondefault_params
56.58s call     tests/route_c_stage2_6_0h/test_full_private_pipeline_v10.py::test_full_pipeline_exam_replay_and_normal_fail
43.85s call     tests/route_c_stage2_6_0h/test_runtime_distribution_content_lock.py::test_runner_lock_records_closure_and_bundle
43.78s call     tests/route_c_stage2_6_0h/test_builder_no_descendant_process.py::test_poc_descendant_import_bypasses_v1_lock
38.98s call     tests/route_c_stage2_6_0h/test_builder_private_dev_and_external_state.py::test_dev_shm_not_shared_across_runs
32.86s setup    tests/route_c_stage2_6_0h/test_effective_sandbox_attestation.py::test_report_from_real_run
23.78s call     tests/route_c_stage2_6_0h/test_runtime_distribution_content_lock.py::test_poc_descendant_import_absent_from_lock
23.24s call     tests/route_c_stage2_6_0h/test_builder_no_descendant_process.py::test_descendant_run_cannot_formal_evidence
22.59s call     tests/route_c_stage2_6_0h/test_builder_no_descendant_process.py::test_clone_thread_probe_denied_on_real_run
22.33s call     tests/route_c_stage2_6_0h/test_builder_private_dev_and_external_state.py::test_seccomp_disabled_profile_reports_degradation
20.17s call     tests/route_c_stage2_6_0h/test_builder_private_dev_and_external_state.py::test_host_dev_shm_beacon_unreadable
19.85s call     tests/route_c_stage2_6_0h/test_first_pass_attempt_policy.py::test_runner_rejects_late_selection
19.66s call     tests/route_c_stage2_6_0h/test_builder_private_dev_and_external_state.py::test_listdir_sys_enoent
19.54s call     tests/route_c_stage2_6_0h/test_builder_no_descendant_process.py::test_os_posix_spawn_rejected
19.51s call     tests/route_c_stage2_6_0h/test_builder_private_dev_and_external_state.py::test_stat_etc_returns_enoent
19.49s call     tests/route_c_stage2_6_0h/test_builder_private_dev_and_external_state.py::test_machine_id_read_fails
19.41s call     tests/route_c_stage2_6_0h/test_builder_no_descendant_process.py::test_subprocess_child_import_rejected
19.39s call     tests/route_c_stage2_6_0h/test_builder_no_descendant_process.py::test_fork_then_exec_rejected
19.39s call     tests/route_c_stage2_6_0h/test_builder_no_descendant_process.py::test_ctypes_cdll_unbound_rejected
19.38s call     tests/route_c_stage2_6_0h/test_builder_no_descendant_process.py::test_bin_sh_execution_rejected
19.17s call     tests/route_c_stage2_6_0h/test_builder_no_descendant_process.py::test_external_executable_rejected
19.17s call     tests/route_c_stage2_6_0h/test_builder_private_dev_and_external_state.py::test_directory_order_cannot_influence_pack
19.01s call     tests/route_c_stage2_6_0h/test_builder_no_descendant_process.py::test_thread_creation_denied
18.83s call     tests/route_c_stage2_6_0h/test_builder_private_dev_and_external_state.py::test_host_tmp_unreachable
18.69s call     tests/route_c_stage2_6_0h/test_runtime_distribution_content_lock.py::test_e1_env_file_committed_and_staging_tamper_detected
18.62s call     tests/route_c_stage2_6_0h/test_runtime_distribution_content_lock.py::test_env_so_tamper_changes_bundle_digest
15.20s call     tests/route_c_stage2_6_0h/test_runtime_distribution_content_lock.py::test_env_py_tamper_changes_bundle_digest
14.81s setup    tests/route_c_stage2_6_0h/test_runtime_distribution_content_lock.py::test_bundle_digest_self_consistent
9.80s setup    tests/route_c_stage2_6_0h/test_builder_evidence_v2.py::test_mock_evidence_carries_new_fields
8.70s call     tests/route_c_stage2_6_0h/test_checkpoint_preaccess_v2.py::test_runner_sandbox_host_paths_unnameable
8.67s call     tests/route_c_stage2_6_0h/test_builder_private_dev_and_external_state.py::test_private_dev_nodes_present
3.34s call     tests/route_c_stage2_6_0h/test_runtime_distribution_content_lock.py::test_untampered_bundle_verifies
2.63s setup    tests/route_c_stage2_6_0h/test_full_private_pipeline_v10.py::test_full_pipeline_exam_replay_and_normal_fail
0.53s call     tests/route_c_stage2_6_0h/test_full_private_pipeline_v10.py::test_tampered_evidence_rejected
0.34s setup    tests/route_c_stage2_6_0h/test_checkpoint_preaccess_v2.py::test_runner_sandbox_host_paths_unnameable
0.30s setup    tests/route_c_stage2_6_0h/test_builder_private_dev_and_external_state.py::test_private_dev_nodes_present
0.27s call     tests/route_c_stage2_6_0h/test_builder_evidence_v2.py::test_descendant_run_rejected_in_evidence_build
0.27s call     tests/route_c_stage2_6_0h/test_builder_evidence_v2.py::test_tamper_access_summary_detail_rejected
0.25s call     tests/route_c_stage2_6_0h/test_builder_evidence_v2.py::test_private_evidence_requires_real_deterministic_input
0.25s setup    tests/route_c_stage2_6_0h/test_builder_no_descendant_process.py::test_clone_thread_probe_denied_on_real_run
0.25s call     tests/route_c_stage2_6_0h/test_builder_evidence_v2.py::test_tamper_process_tree_rejected
0.24s call     tests/route_c_stage2_6_0h/test_builder_evidence_v2.py::test_verify_accepts_mock_evidence
0.22s call     tests/route_c_stage2_6_0h/test_builder_evidence_v2.py::test_tamper_core_access_hash_rejected
0.22s call     tests/route_c_stage2_6_0h/test_builder_evidence_v2.py::test_private_evidence_requires_real_bundle
0.19s call     tests/route_c_stage2_6_0h/test_runtime_distribution_content_lock.py::test_bundle_digest_self_consistent
0.04s call     tests/route_c_stage2_6_0h/test_checkpoint_preaccess_v2.py::test_guard_flags_non_builder_runner_subprocess
0.04s call     tests/route_c_stage2_6_0h/test_protocol_v9_upgrade.py::test_v10_roundtrip_preserves_new_fields
0.03s call     tests/route_c_stage2_6_0h/test_protocol_v9_upgrade.py::test_missing_deterministic_input_binding_rejected[deterministic_input_hash-deterministic_input_hash|\u786e\u5b9a\u6027\u8f93\u5165]
0.03s call     tests/route_c_stage2_6_0h/test_protocol_v9_upgrade.py::test_missing_deterministic_input_binding_rejected[runtime_bundle_hash-runtime_bundle_hash|bundle]
0.03s call     tests/route_c_stage2_6_0h/test_protocol_v9_upgrade.py::test_child_process_evidence_rejected
138 passed in 762.03s (0:12:42)
........................................................................ [ 92%]
......                                                                   [100%]
============================= slowest 50 durations =============================
76.51s setup    tests/route_c_stage2_6_0i/test_full_private_pipeline_v10.py::test_private_builder_uses_nondefault_params
57.14s call     tests/route_c_stage2_6_0i/test_full_private_pipeline_v10.py::test_formal_exam_third_replay
50.25s call     tests/route_c_stage2_6_0i/test_clock_entropy_closure.py::test_deterministic_entropy_sources
49.03s call     tests/route_c_stage2_6_0i/test_import_file_closure.py::test_real_numpy_import_closure
43.16s call     tests/route_c_stage2_6_0i/test_host_visibility.py::test_host_paths_unnameable
43.12s call     tests/route_c_stage2_6_0i/test_host_visibility.py::test_proc_absent_and_identity_fixed
42.84s call     tests/route_c_stage2_6_0i/test_host_visibility.py::test_scratch_fresh_and_writable
37.61s call     tests/route_c_stage2_6_0i/test_clock_entropy_closure.py::test_numpy_unseeded_rng_is_deterministic_committed
33.09s call     tests/route_c_stage2_6_0i/test_clock_entropy_closure.py::test_double_run_clock_consistency
32.31s call     tests/route_c_stage2_6_0i/test_host_visibility.py::test_environment_identity_stable
31.60s call     tests/route_c_stage2_6_0i/test_bundle_toctou.py::test_staging_tamper_between_runs_rejected
29.23s call     tests/route_c_stage2_6_0i/test_bundle_toctou.py::test_hardlink_alias_inplace_write_detected
24.73s call     tests/route_c_stage2_6_0i/test_host_visibility.py::test_dev_nodes_and_entropy_regular_files
22.81s call     tests/route_c_stage2_6_0i/test_bundle_toctou.py::test_thread_state_tamper_rejected
22.79s call     tests/route_c_stage2_6_0i/test_thread_quiescence.py::test_thread_error_swallowed_still_quiescent
22.56s call     tests/route_c_stage2_6_0i/test_bundle_toctou.py::test_bundle_digest_tamper_in_evidence_rejected
22.47s call     tests/route_c_stage2_6_0i/test_clock_entropy_closure.py::test_vdso_stub_evidence
21.94s call     tests/route_c_stage2_6_0i/test_bundle_toctou.py::test_seccomp_policy_tamper_rejected
21.53s call     tests/route_c_stage2_6_0i/test_clock_entropy_closure.py::test_frozen_clock_visible_to_builder
20.80s call     tests/route_c_stage2_6_0i/test_thread_quiescence.py::test_background_import_thread_impossible
20.64s call     tests/route_c_stage2_6_0i/test_clock_entropy_closure.py::test_raw_clock_syscall_rejected
20.06s call     tests/route_c_stage2_6_0i/test_import_file_closure.py::test_custom_import_hook_rejected
20.05s call     tests/route_c_stage2_6_0i/test_thread_quiescence.py::test_thread_creation_denied
19.76s call     tests/route_c_stage2_6_0i/test_import_file_closure.py::test_scratch_dynamic_load_rejected
18.96s call     tests/route_c_stage2_6_0i/test_clock_entropy_closure.py::test_getrandom_raw_rejected
18.84s call     tests/route_c_stage2_6_0i/test_clock_entropy_closure.py::test_rdtsc_kills_worker
2.61s setup    tests/route_c_stage2_6_0i/test_full_private_pipeline_v10.py::test_formal_exam_third_replay
0.49s call     tests/route_c_stage2_6_0i/test_full_private_pipeline_v10.py::test_tamper_thread_state
0.47s call     tests/route_c_stage2_6_0i/test_full_private_pipeline_v10.py::test_tamper_import_closure
0.25s call     tests/route_c_stage2_6_0i/test_full_private_pipeline_v10.py::test_tamper_clock_policy
0.25s call     tests/route_c_stage2_6_0i/test_full_private_pipeline_v10.py::test_tamper_entropy_policy
0.24s call     tests/route_c_stage2_6_0i/test_full_private_pipeline_v10.py::test_tamper_runtime_bundle_hash
0.24s call     tests/route_c_stage2_6_0i/test_full_private_pipeline_v10.py::test_tamper_seccomp_arch_policy
0.21s call     tests/route_c_stage2_6_0i/test_seccomp_arch_x32.py::test_x32_fork_actually_forks_without_filter
0.19s call     tests/route_c_stage2_6_0i/test_bundle_content_closure.py::test_same_content_same_digest
0.19s call     tests/route_c_stage2_6_0i/test_seccomp_arch_x32.py::test_kernel_native_behavior_distinguished[x32_clock_gettime-1073742052-args1]
0.18s call     tests/route_c_stage2_6_0i/test_seccomp_arch_x32.py::test_kernel_native_behavior_distinguished[x32_write-1073741825-args0]
0.17s call     tests/route_c_stage2_6_0i/test_bundle_content_closure.py::test_namespace_package_by_path_ownership
0.16s call     tests/route_c_stage2_6_0i/test_bundle_content_closure.py::test_env_content_change_changes_digest
0.12s call     tests/route_c_stage2_6_0i/test_import_file_closure.py::test_ambiguous_owner_rejected
0.12s call     tests/route_c_stage2_6_0i/test_import_file_closure.py::test_namespace_search_locations_validated
0.12s call     tests/route_c_stage2_6_0i/test_import_file_closure.py::test_bundled_zip_allowed_external_rejected
0.12s call     tests/route_c_stage2_6_0i/test_bundle_content_closure.py::test_content_tamper_after_assembly_rejected
0.10s call     tests/route_c_stage2_6_0i/test_seccomp_arch_x32.py::test_x32_syscalls_rejected_by_filter[x32_fork-1073741881-args0]
0.10s call     tests/route_c_stage2_6_0i/test_seccomp_arch_x32.py::test_x86_64_process_creation_denied[x86_64_exec-os.execv]
0.09s call     tests/route_c_stage2_6_0i/test_seccomp_arch_x32.py::test_x32_syscalls_rejected_by_filter[x32_clock_gettime-1073742052-args4]
0.09s call     tests/route_c_stage2_6_0i/test_bundle_content_closure.py::test_relative_symlink_bound_and_tamper_detected
0.09s call     tests/route_c_stage2_6_0i/test_seccomp_arch_x32.py::test_x32_syscalls_rejected_by_filter[x32_clone-1073741880-args2]
0.09s call     tests/route_c_stage2_6_0i/test_seccomp_arch_x32.py::test_x86_64_process_creation_denied[x86_64_clone_thread-raw clone]
0.09s call     tests/route_c_stage2_6_0i/test_seccomp_arch_x32.py::test_x32_syscalls_rejected_by_filter[x32_write-1073741825-args3]
78 passed in 832.51s (0:13:52)
........................................................................ [ 76%]
......................                                                   [100%]
============================= slowest 50 durations =============================
199.24s call     tests/route_c_stage2_6_0j/test_top_level_purity.py::test_real_chain_rejects_toplevel_side_effects
81.21s setup    tests/route_c_stage2_6_0j/test_full_private_pipeline_v11.py::test_private_builder_uses_nondefault_params
60.98s call     tests/route_c_stage2_6_0j/test_full_private_pipeline_v11.py::test_formal_exam_third_replay
59.72s call     tests/route_c_stage2_6_0j/test_dynamic_import_attack.py::test_eval_exec_compile_rejected
42.79s call     tests/route_c_stage2_6_0j/test_protocol_fd_attack.py::test_write_stdout_stderr_harmless
26.15s call     tests/route_c_stage2_6_0j/test_tsc_reenable_and_wx.py::test_memfd_exec_attack_fails
25.44s call     tests/route_c_stage2_6_0j/test_tsc_reenable_and_wx.py::test_mprotect_w_to_x_attack_fails
25.43s call     tests/route_c_stage2_6_0j/test_protocol_fd_attack.py::test_result_fd_closed_fds_reported
25.39s call     tests/route_c_stage2_6_0j/test_tsc_reenable_and_wx.py::test_preexisting_exec_page_call_attack_fails
23.92s call     tests/route_c_stage2_6_0j/test_top_level_purity.py::test_toplevel_literal_constants_accepted
23.21s call     tests/route_c_stage2_6_0j/test_tsc_reenable_and_wx.py::test_pkey_mprotect_attack_fails
23.11s call     tests/route_c_stage2_6_0j/test_hardware_instruction.py::test_rdrand_attack_blocked
20.82s call     tests/route_c_stage2_6_0j/test_protocol_fd_attack.py::test_future_ack_unreadable
20.55s call     tests/route_c_stage2_6_0j/test_tsc_reenable_and_wx.py::test_tsc_reenable_via_prctl_wrapper
20.55s call     tests/route_c_stage2_6_0j/test_hardware_instruction.py::test_rdtscp_attack_blocked
20.39s call     tests/route_c_stage2_6_0j/test_dynamic_import_attack.py::test_zipimport_rejected
20.37s call     tests/route_c_stage2_6_0j/test_hardware_instruction.py::test_cpuid_attack_blocked
20.36s call     tests/route_c_stage2_6_0j/test_native_ffi_attack.py::test_extensionfileloader_rejected
20.35s call     tests/route_c_stage2_6_0j/test_protocol_fd_attack.py::test_read_stdin_rejected
20.35s call     tests/route_c_stage2_6_0j/test_hardware_instruction.py::test_rdseed_attack_blocked
20.31s call     tests/route_c_stage2_6_0j/test_hardware_instruction.py::test_rdpid_attack_blocked
20.24s call     tests/route_c_stage2_6_0j/test_native_ffi_attack.py::test_ctypes_cdll_none_syscall_rejected
20.21s call     tests/route_c_stage2_6_0j/test_protocol_fd_attack.py::test_proc_self_fd_absent
20.14s call     tests/route_c_stage2_6_0j/test_fs_metadata_attack.py::test_open_scratch_write_then_read_attack
20.08s call     tests/route_c_stage2_6_0j/test_dynamic_import_attack.py::test_sys_modules_tamper_rejected
20.06s call     tests/route_c_stage2_6_0j/test_tsc_reenable_and_wx.py::test_tsc_reenable_then_rdtsc_attack
19.96s call     tests/route_c_stage2_6_0j/test_native_ffi_attack.py::test_bundle_native_helper_undeclared_rejected
19.92s call     tests/route_c_stage2_6_0j/test_native_ffi_attack.py::test_cffi_rejected_if_present
19.91s call     tests/route_c_stage2_6_0j/test_native_ffi_attack.py::test_mmap_module_rejected
19.89s call     tests/route_c_stage2_6_0j/test_dynamic_import_attack.py::test_sourcefileloader_rejected
19.85s call     tests/route_c_stage2_6_0j/test_native_ffi_attack.py::test_scratch_native_file_rejected
19.83s call     tests/route_c_stage2_6_0j/test_fs_metadata_attack.py::test_raw_statx_attack
19.81s call     tests/route_c_stage2_6_0j/test_native_ffi_attack.py::test_ctypes_cdll_file_rejected
19.80s call     tests/route_c_stage2_6_0j/test_final_seccomp_default_deny.py::test_sysinfo_direct_attack
19.69s call     tests/route_c_stage2_6_0j/test_native_ffi_attack.py::test_preloaded_function_pointer_cannot_escalate
19.69s call     tests/route_c_stage2_6_0j/test_fs_metadata_attack.py::test_statfs_statvfs_attack
19.69s call     tests/route_c_stage2_6_0j/test_tsc_reenable_and_wx.py::test_mmap_rwx_attack_fails
19.58s call     tests/route_c_stage2_6_0j/test_fs_metadata_attack.py::test_module_top_level_metadata_rejected
19.58s call     tests/route_c_stage2_6_0j/test_dynamic_import_attack.py::test_importlib_reload_rejected
19.45s call     tests/route_c_stage2_6_0j/test_fs_metadata_attack.py::test_directory_order_attack
19.42s call     tests/route_c_stage2_6_0j/test_protocol_fd_attack.py::test_write_result_fd_injection_fails
19.42s call     tests/route_c_stage2_6_0j/test_dynamic_import_attack.py::test_meta_path_hook_rejected
19.37s call     tests/route_c_stage2_6_0j/test_fs_metadata_attack.py::test_scratch_read_attack
19.31s call     tests/route_c_stage2_6_0j/test_final_seccomp_default_deny.py::test_kernel_state_cannot_reach_pack
19.28s call     tests/route_c_stage2_6_0j/test_fs_metadata_attack.py::test_os_stat_metadata_attack
19.24s call     tests/route_c_stage2_6_0j/test_dynamic_import_attack.py::test_marshal_code_object_rejected
19.20s call     tests/route_c_stage2_6_0j/test_dynamic_import_attack.py::test_dunder_import_rejected
19.19s call     tests/route_c_stage2_6_0j/test_dynamic_import_attack.py::test_import_inside_build_pack_rejected
19.09s call     tests/route_c_stage2_6_0j/test_fs_metadata_attack.py::test_xattr_attack
19.08s call     tests/route_c_stage2_6_0j/test_dynamic_import_attack.py::test_pickle_callable_rejected
94 passed in 1436.40s (0:23:56)
