[2.6.0c] 生成三族严格 Null 资格审查报告(每族 3 seed)...
[2.6.0c]   probe_null_sign: pass=True (0.3s)
[2.6.0c]   probe_null_volstate: pass=True (0.2s)
[2.6.0c]   probe_null_stochvol: pass=True (0.2s)
[2.6.0c] 生成 mock issuer(Ed25519)与受信 runner 配置...
[2.6.0c] 受控 PPO smoke 训练(256 步,允许挂科;非课程训练)...
[2.6.0c] 构建 mock hidden pack + v3 承诺(含 runtime tree hash)...
[2.6.0c] artifact -> candidate_runtime_tree_manifest.json
[2.6.0c] 正式密封考试 #1(系统级沙箱 + 反事实套件)...
[2.6.0c]   #1: status=FAIL exit=0 (27.7s)
[2.6.0c] 幂等重试 #2(同 checkpoint+pack)...
[2.6.0c]   #2: status=FAIL exit=0 (3.9s)
[2.6.0c] 详细披露 #3(--detailed;披露后包退休)...
[2.6.0c]   #3: status=FAIL exit=0
[2.6.0c] artifact -> mock_sealed_exam_v4_summary.json
[2.6.0c] artifact -> anticheat_replication_coverage.json
[2.6.0c] artifact -> anticheat_seed_cluster_bootstrap.json
[2.6.0c] artifact -> issuer_context_override_attack.json
[2.6.0c] artifact -> trusted_issuer_consistency.json
[2.6.0c] artifact -> candidate_runtime_tamper_matrix.json
[2.6.0c] artifact -> staged_runtime_integrity.json
[2.6.0c] 作弊集成[absolute_price]: base=0.2968 seeds=3 verdict=SUSPECTED_CHEATING
[2.6.0c] artifact -> absolute_price_cheat_integration.json
[2.6.0c] 作弊集成[episode_position]: base=0.0875 seeds=3 verdict=SUSPECTED_CHEATING
[2.6.0c] artifact -> episode_position_cheat_integration.json
[2.6.0c] 作弊集成[periodic_pattern]: base=0.1433 seeds=3 verdict=SUSPECTED_CHEATING
[2.6.0c] artifact -> periodic_pattern_cheat_integration.json
[2.6.0c] artifact -> null_qualification_tamper_matrix.json
[2.6.0c] artifact -> null_qualification_report_bindings.json
[2.6.0c] artifact -> sealed_exam_tamper_matrix_v3.json
[2.6.0c] 完成,总耗时 83s;artifacts -> /home/cryptorl/projects/crypto_rl/artifacts/route_c_stage2_6_0c
