PROBE_MASK_LINE=3469
PROBE_CUTOFF_LINE=3498
PROBE_RR_BEFORE_C=exists=False,finalized=None
PROBE_THREADS_BEFORE_MASK=['MainThread']
PROBE_THREADS_AT_C=['MainThread']
PROBE_MAIN_MASK_AT_C=[<Signals.SIGINT: 2>, <Signals.SIGTERM: 15>]
PROBE_SIGNAL_SENT=SIGTERM
PROBE_AFTER_SEND_COUNT=None
PROBE_RUN_RC=0
PROBE_SIG=15
PROBE_SIG_COUNT=1
PROBE_CONSUMED=False
PROBE_COUNT_AT_CUTOFF=0
PROBE_POST_CUTOFF_FILE=True
PROBE_POST_CUTOFF={
PROBE_SUMMARY_SIG=15
PROBE_SUMMARY_COUNT=1
PROBE_SUMMARY_EST_REASON='finalize'
PROBE_RR_FINALIZED=True
PROBE_RR_EVIDENCE=True
