===== 00_precheck 开始 2026-08-25T03:23:15Z =====
Tue Aug 25 03:23:15 UTC 2026
cryptorl
HOME=/home/cryptorl
/home/cryptorl/projects/crypto_rl
Python 3.11.16
/home/cryptorl/miniforge3/envs/freqtrade-rl/bin/python
Operating System:	Linux-6.18.33.2-microsoft-standard-WSL2-x86_64-with-glibc2.39
Python Version:		Python 3.11.16
CCXT Version:		4.5.68

Freqtrade Version:	freqtrade 2026.7
--- pip check ---
No broken requirements found.
--- nvidia-smi (前12行) ---
Tue Aug 25 11:23:35 2026       
+-----------------------------------------------------------------------------------------+
| NVIDIA-SMI 580.82.02              Driver Version: 581.15         CUDA Version: 13.0     |
+-----------------------------------------+------------------------+----------------------+
| GPU  Name                 Persistence-M | Bus-Id          Disp.A | Volatile Uncorr. ECC |
| Fan  Temp   Perf          Pwr:Usage/Cap |           Memory-Usage | GPU-Util  Compute M. |
|                                         |                        |               MIG M. |
|=========================================+========================+======================|
|   0  NVIDIA GeForce RTX 3060 ...    On  |   00000000:01:00.0  On |                  N/A |
| N/A   55C    P5             21W /   98W |    1421MiB /   6144MiB |     39%      Default |
|                                         |                        |                  N/A |
+-----------------------------------------+------------------------+----------------------+
--- git 固定版本验证 ---
[describe --tags --exact-match]
2026.7
[rev-parse HEAD]
52bc96f4480b1a0da6a9b455bd00b17fbb6786a5
[status --short]
[remote -v]
origin	https://github.com/freqtrade/freqtrade.git (fetch)
origin	https://github.com/freqtrade/freqtrade.git (push)
--- 创建任务目录 ---
total 16
drwxr-xr-x 4 cryptorl cryptorl 4096 Aug 25 11:23 .
drwxr-xr-x 3 cryptorl cryptorl 4096 Aug 25 11:23 ..
drwxr-xr-x 2 cryptorl cryptorl 4096 Aug 25 11:23 configs
drwxr-xr-x 2 cryptorl cryptorl 4096 Aug 25 11:23 scripts
===== 00_precheck 完成 =====
