===== 01_explore 开始 2026-08-25T03:24:34Z =====
=== freqai 目录结构 ===
freqtrade/freqai/RL/Base3ActionRLEnv.py
freqtrade/freqai/RL/Base4ActionRLEnv.py
freqtrade/freqai/RL/Base5ActionRLEnv.py
freqtrade/freqai/RL/BaseEnvironment.py
freqtrade/freqai/RL/BaseReinforcementLearningModel.py
freqtrade/freqai/RL/__init__.py
freqtrade/freqai/__init__.py
freqtrade/freqai/base_models/BaseClassifierModel.py
freqtrade/freqai/base_models/BasePyTorchClassifier.py
freqtrade/freqai/base_models/BasePyTorchModel.py
freqtrade/freqai/base_models/BasePyTorchRegressor.py
freqtrade/freqai/base_models/BaseRegressionModel.py
freqtrade/freqai/base_models/FreqaiMultiOutputClassifier.py
freqtrade/freqai/base_models/FreqaiMultiOutputRegressor.py
freqtrade/freqai/data_drawer.py
freqtrade/freqai/data_kitchen.py
freqtrade/freqai/freqai_interface.py
freqtrade/freqai/prediction_models/LightGBMClassifier.py
freqtrade/freqai/prediction_models/LightGBMClassifierMultiTarget.py
freqtrade/freqai/prediction_models/LightGBMRegressor.py
freqtrade/freqai/prediction_models/LightGBMRegressorMultiTarget.py
freqtrade/freqai/prediction_models/PyTorchMLPClassifier.py
freqtrade/freqai/prediction_models/PyTorchMLPRegressor.py
freqtrade/freqai/prediction_models/PyTorchTransformerRegressor.py
freqtrade/freqai/prediction_models/ReinforcementLearner.py
freqtrade/freqai/prediction_models/ReinforcementLearner_multiproc.py
freqtrade/freqai/prediction_models/SKLearnRandomForestClassifier.py
freqtrade/freqai/prediction_models/XGBoostClassifier.py
freqtrade/freqai/prediction_models/XGBoostRFClassifier.py
freqtrade/freqai/prediction_models/XGBoostRFRegressor.py
freqtrade/freqai/prediction_models/XGBoostRegressor.py
freqtrade/freqai/prediction_models/XGBoostRegressorMultiTarget.py
freqtrade/freqai/prediction_models/__init__.py
freqtrade/freqai/tensorboard/TensorboardCallback.py
freqtrade/freqai/tensorboard/__init__.py
freqtrade/freqai/tensorboard/base_tensorboard.py
freqtrade/freqai/tensorboard/lightgbm_callback.py
freqtrade/freqai/tensorboard/tensorboard.py
freqtrade/freqai/torch/PyTorchDataConvertor.py
freqtrade/freqai/torch/PyTorchMLPModel.py
freqtrade/freqai/torch/PyTorchModelTrainer.py
freqtrade/freqai/torch/PyTorchTrainerInterface.py
freqtrade/freqai/torch/PyTorchTransformerModel.py
freqtrade/freqai/torch/__init__.py
freqtrade/freqai/torch/datasets.py
freqtrade/freqai/utils.py

=== config_examples 目录 ===
total 28
drwxr-xr-x  2 cryptorl cryptorl 4096 Aug 25 05:48 .
drwxr-xr-x 16 cryptorl cryptorl 4096 Aug 25 06:25 ..
-rw-r--r--  1 cryptorl cryptorl 2148 Aug 25 05:48 config_binance.example.json
-rw-r--r--  1 cryptorl cryptorl 2421 Aug 25 05:48 config_freqai.example.json
-rw-r--r--  1 cryptorl cryptorl 6072 Aug 25 05:48 config_full.example.json
-rw-r--r--  1 cryptorl cryptorl 2253 Aug 25 05:48 config_kraken.example.json

=== docs 中 freqai 相关 ===
freqai-configuration.md
freqai-developers.md
freqai-feature-engineering.md
freqai-parameter-table.md
freqai-reinforcement-learning.md
freqai-running.md
freqai.md

=== 搜索 RL 关键类 ===
freqtrade/freqai/RL/Base5ActionRLEnv.py:20:class Base5ActionRLEnv(BaseEnvironment):
freqtrade/freqai/RL/Base4ActionRLEnv.py:19:class Base4ActionRLEnv(BaseEnvironment):
freqtrade/freqai/RL/BaseEnvironment.py:40:class BaseEnvironment(gym.Env):
freqtrade/freqai/RL/Base3ActionRLEnv.py:18:class Base3ActionRLEnv(BaseEnvironment):
freqtrade/freqai/prediction_models/ReinforcementLearner.py:17:class ReinforcementLearner(BaseReinforcementLearningModel):
freqtrade/freqai/prediction_models/ReinforcementLearner_multiproc.py:18:class ReinforcementLearner_multiproc(ReinforcementLearner):
tests/freqai/test_models/ReinforcementLearner_test_4ac.py:12:class ReinforcementLearner_test_4ac(ReinforcementLearner):
tests/freqai/test_models/ReinforcementLearner_test_3ac.py:12:class ReinforcementLearner_test_3ac(ReinforcementLearner):

=== 搜索 calculate_reward / add_state_info ===
freqtrade/config_schema/config_schema.py
freqtrade/config_schema/__pycache__/config_schema.cpython-311.pyc
freqtrade/freqai/RL/BaseReinforcementLearningModel.py
freqtrade/freqai/RL/__pycache__/Base5ActionRLEnv.cpython-311.pyc
freqtrade/freqai/RL/__pycache__/BaseEnvironment.cpython-311.pyc
freqtrade/freqai/RL/__pycache__/BaseReinforcementLearningModel.cpython-311.pyc
freqtrade/freqai/RL/Base5ActionRLEnv.py
freqtrade/freqai/RL/Base4ActionRLEnv.py
freqtrade/freqai/RL/BaseEnvironment.py
freqtrade/freqai/RL/Base3ActionRLEnv.py
freqtrade/freqai/prediction_models/ReinforcementLearner.py
freqtrade/freqai/prediction_models/__pycache__/ReinforcementLearner.cpython-311.pyc
tests/freqai/test_models/ReinforcementLearner_test_4ac.py
tests/freqai/test_models/ReinforcementLearner_test_3ac.py
docs/freqai-reinforcement-learning.md
docs/freqai-parameter-table.md

=== 搜索 &-action ===
