===== 02b_diag 开始 2026-08-25T03:45:15Z =====
--- mode=direct ---
https://api.binance.com/api/v3/ping -> 000 20.000600s
https://api.binance.com/api/v3/time -> 000 20.013214s
https://www.okx.com/api/v5/public/time -> 000 20.001379s
https://api.kraken.com/0/public/Time -> 000 20.000263s
https://api.bybit.com/v5/market/time -> 000 20.000327s
https://api.gateio.ws/api/v4/public/time -> 000 20.000610s
https://api.coinbase.com/v2/time -> 000 20.001923s
--- mode=http ---
https://api.binance.com/api/v3/ping -> 451 1.157909s
https://api.binance.com/api/v3/time -> 451 1.003837s
https://www.okx.com/api/v5/public/time -> 200 1.213468s
https://api.kraken.com/0/public/Time -> 200 1.252107s
https://api.bybit.com/v5/market/time -> 403 1.040616s
https://api.gateio.ws/api/v4/public/time -> 404 2.564693s
https://api.coinbase.com/v2/time -> 200 1.090312s
--- mode=socks ---
https://api.binance.com/api/v3/ping -> 451 1.129883s
https://api.binance.com/api/v3/time -> 451 1.424851s
https://www.okx.com/api/v5/public/time -> 200 1.125393s
https://api.kraken.com/0/public/Time -> 200 1.298661s
https://api.bybit.com/v5/market/time -> 403 1.213382s
https://api.gateio.ws/api/v4/public/time -> 404 2.686620s
https://api.coinbase.com/v2/time -> 200 1.129763s
===== 02b_diag 完成 =====
