===== 02c_okx 开始 2026-08-25T03:49:36Z =====
代理已启用: http://127.0.0.1:7897 (关闭: source proxy-off.sh)
--- binance 451 证据(保留在日志中,作为更换交易所的原因) ---
binance api ping via proxy: HTTP 451
--- ccxt okx 实测(显式代理,超时60s,直接 fetch_ohlcv) ---
ccxt okx fetch_ohlcv OK, bars: 5
first: [1787612400000, 78744.7, 79000.0, 78621.8, 78992.1, 123.40241343]
last: [1787626800000, 80653.8, 80955.2, 80380.7, 80446.2, 296.14526777]
--- freqtrade download-data(okx) ---
2026-08-25 11:49:59,354 - freqtrade - INFO - freqtrade 2026.7
2026-08-25 11:50:02,884 - numexpr.utils - INFO - NumExpr defaulting to 12 threads.
2026-08-25 11:50:08,427 - freqtrade.loggers - INFO - Enabling colorized output.
2026-08-25 11:50:08,427 - freqtrade.loggers - INFO - Logfile configured
2026-08-25 11:50:08,428 - freqtrade.loggers - INFO - Verbosity set to 0
2026-08-25 11:50:08,428 - freqtrade.configuration.configuration - INFO - Parameter --timerange detected: 20260401-20260701 ...
2026-08-25 11:50:08,428 - freqtrade.configuration.configuration - INFO - Using exchange okx
2026-08-25 11:50:08,429 - freqtrade.configuration.configuration - INFO - Using user-data directory: /home/cryptorl/projects/crypto_rl/user_data ...
2026-08-25 11:50:08,447 - freqtrade.configuration.directory_operations - INFO - Created data directory: None
2026-08-25 11:50:08,448 - freqtrade.configuration.configuration - INFO - Using data directory: /home/cryptorl/projects/crypto_rl/user_data/data/okx ...
2026-08-25 11:50:08,448 - freqtrade.configuration.configuration - INFO - Using pairs ['BTC/USDT']
2026-08-25 11:50:08,448 - freqtrade.configuration.configuration - INFO - timeframes --timeframes: ['1h']
2026-08-25 11:50:08,449 - freqtrade.configuration.configuration - INFO - Using "feather" to store OHLCV data.
2026-08-25 11:50:08,449 - freqtrade.configuration.configuration - INFO - Filter trades by timerange: 20260401-20260701
2026-08-25 11:50:08,461 - freqtrade.exchange.check_exchange - INFO - Checking exchange...
2026-08-25 11:50:08,466 - freqtrade.exchange.check_exchange - INFO - Exchange "okx" is officially supported by the Freqtrade development team.
2026-08-25 11:50:08,467 - freqtrade.configuration.config_validation - INFO - Validating configuration ...
2026-08-25 11:50:11,968 - freqtrade.exchange.exchange - INFO - Instance is running with dry_run enabled
2026-08-25 11:50:11,968 - freqtrade.exchange.exchange - INFO - Using CCXT 4.5.68
2026-08-25 11:50:11,979 - freqtrade.exchange.exchange - INFO - Using Exchange "OKX"
2026-08-25 11:50:11,979 - freqtrade.resolvers.exchange_resolver - INFO - Using resolved exchange class 'Okx' ...
2026-08-25 11:50:11,980 - freqtrade.exchange.exchange - INFO - Markets were not loaded. Loading them now..
