===== 02e_download 开始 2026-08-25T03:56:01Z =====
代理已启用: http://127.0.0.1:7897 (关闭: source proxy-off.sh)
已生成下载配置: /home/cryptorl/projects/crypto_rl/experiments/freqai_rl_platform_audit/configs/config_download_binanceus.json
2026-08-25 11:56:16,631 - freqtrade - INFO - freqtrade 2026.7
2026-08-25 11:56:22,448 - numexpr.utils - INFO - NumExpr defaulting to 12 threads.
2026-08-25 11:56:30,499 - freqtrade.configuration.load_config - INFO - Using config: /home/cryptorl/projects/crypto_rl/experiments/freqai_rl_platform_audit/configs/config_download_binanceus.json ...
2026-08-25 11:56:30,500 - freqtrade.loggers - INFO - Enabling colorized output.
2026-08-25 11:56:30,501 - freqtrade.loggers - INFO - Logfile configured
2026-08-25 11:56:30,501 - freqtrade.loggers - INFO - Verbosity set to 0
2026-08-25 11:56:30,502 - freqtrade.configuration.configuration - INFO - Parameter --timerange detected: 20260401-20260701 ...
2026-08-25 11:56:30,509 - freqtrade.configuration.configuration - INFO - Using user-data directory: /home/cryptorl/projects/crypto_rl/user_data ...
2026-08-25 11:56:30,521 - freqtrade.configuration.configuration - INFO - Using data directory: /home/cryptorl/projects/crypto_rl/user_data/data/binanceus ...
2026-08-25 11:56:30,522 - freqtrade.configuration.configuration - INFO - Using pairs ['BTC/USDT']
2026-08-25 11:56:30,522 - freqtrade.configuration.configuration - INFO - timeframes --timeframes: ['1h']
2026-08-25 11:56:30,522 - freqtrade.configuration.configuration - INFO - Using "feather" to store OHLCV data.
2026-08-25 11:56:30,522 - freqtrade.configuration.configuration - INFO - Filter trades by timerange: 20260401-20260701
2026-08-25 11:56:30,531 - freqtrade.exchange.check_exchange - INFO - Checking exchange...
2026-08-25 11:56:30,543 - freqtrade.exchange.check_exchange - INFO - Exchange "binanceus" is officially supported by the Freqtrade development team.
2026-08-25 11:56:30,543 - freqtrade.configuration.config_validation - INFO - Validating configuration ...
2026-08-25 11:56:34,036 - freqtrade.exchange.exchange - INFO - Instance is running with dry_run enabled
2026-08-25 11:56:34,036 - freqtrade.exchange.exchange - INFO - Using CCXT 4.5.68
2026-08-25 11:56:34,037 - freqtrade.exchange.exchange - INFO - Applying additional ccxt config: {'aiohttp_trust_env': True}
2026-08-25 11:56:34,043 - freqtrade.exchange.exchange - INFO - Applying additional ccxt config: {'aiohttp_trust_env': True}
2026-08-25 11:56:34,057 - freqtrade.exchange.exchange - INFO - Using Exchange "Binance US"
2026-08-25 11:56:34,058 - freqtrade.resolvers.exchange_resolver - INFO - Using resolved exchange class 'Binanceus' ...
2026-08-25 11:56:34,059 - freqtrade.exchange.exchange - INFO - Markets were not loaded. Loading them now..
2026-08-25 11:56:36,096 - freqtrade.data.history.history_utils - INFO - About to download pairs: ['BTC/USDT'], intervals: ['1h'] to /home/cryptorl/projects/crypto_rl/user_data/data/binanceus
2026-08-25 11:56:36,348 - freqtrade.data.history.history_utils - INFO - Download history data for "BTC/USDT", 1h, spot and store in /home/cryptorl/projects/crypto_rl/user_data/data/binanceus. From 
2026-04-01T00:00:00 to 2026-07-01T00:00:00
2026-08-25 11:56:39,894 - freqtrade.data.history.history_utils - INFO - Downloaded data for BTC/USDT, 1h, spot with length 2999.
/home/cryptorl/miniforge3/envs/freqtrade-rl/lib/python3.11/site-packages/pandas/io/feather_format.py:77: FutureWarning: pyarrow.feather.write_feather is deprecated as of 24.0.0. Use pyarrow.ipc.new_file() / RecordBatchFileWriter instead. Feather V2 is the Arrow IPC file format.
  feather.write_feather(df, handles.handle, **kwargs)
Timeframe            ━━━━━━━━━━━━━━━━━━━━━━━━━━━━━━━━━━━━━━━━━━━━━━━━━━━━━━━━━━━━━━━━━━━━━━━━━━━━━━━━━━━━━━━━━━━━━━━━━━━━━━━━━━━━━━━━━━━━━━━━━━━━━━━━━━━━━━━━━━━━━━━━━━━━━━ 1/1 100% • 0:00:03 • 0:00:00
Downloading BTC/USDT ━━━━━━━━━━━━━━━━━━━━━━━━━━━━━━━━━━━━━━━━━━━━━━━━━━━━━━━━━━━━━━━━━━━━━━━━━━━━━━━━━━━━━━━━━━━━━━━━━━━━━━━━━━━━━━━━━━━━━━━━━━━━━━━━━━━━━━━━━━━━━━━━━━━━━━ 1/1 100% • 0:00:03 • 0:00:00
total 104
drwxr-xr-x 2 cryptorl cryptorl  4096 Aug 25 11:56 .
drwxr-xr-x 4 cryptorl cryptorl  4096 Aug 25 11:52 ..
-rw-r--r-- 1 cryptorl cryptorl 96234 Aug 25 11:56 BTC_USDT-1h.feather
===== 02e_download 完成 =====
