===== 04_deploy 开始 2026-08-25T04:05:26Z =====
生成: /home/cryptorl/projects/crypto_rl/experiments/freqai_rl_platform_audit/configs/config_freqai-rl-platform-audit-2026-7-official5ac.json
生成: /home/cryptorl/projects/crypto_rl/experiments/freqai_rl_platform_audit/configs/config_freqai-rl-platform-audit-2026-7.json
--- 校验配置可解析 ---
freqai-rl-platform-audit-2026-7-official5ac OK, fee = 0.001 , rl model = PPO
freqai-rl-platform-audit-2026-7 OK, fee = 0.001 , rl model = PPO
--- freqtrade list-strategies ---
2026-08-25 12:05:56,143 - freqtrade.configuration.config_validation - INFO - Validating configuration ...
┏━━━━━━━━━━━━━━━━━━━━━━━━━┳━━━━━━━━━━━━━━━━━━━━━━━━━━━━┳━━━━━━━━┳━━━━━━━━━━━━━━┳━━━━━━━━━━━━┳━━━━━━━━━━━━━┳━━━━━━━━━━━━━━━━━━━┳━━━━━━━━━━━━━━━┓
┃           Strategy name ┃                   Location ┃ Status ┃ Hyperoptable ┃ Buy-params ┃ Sell-params ┃ Protection-params ┃ Custom-params ┃
┡━━━━━━━━━━━━━━━━━━━━━━━━━╇━━━━━━━━━━━━━━━━━━━━━━━━━━━━╇━━━━━━━━╇━━━━━━━━━━━━━━╇━━━━━━━━━━━━╇━━━━━━━━━━━━━╇━━━━━━━━━━━━━━━━━━━╇━━━━━━━━━━━━━━━┩
│ AuditLongOnlyRLStrategy │ AuditLongOnlyRLStrategy.py │     OK │           No │          0 │           0 │                 0 │               │
│   OfficialRLStrategy5ac │   OfficialRLStrategy5ac.py │     OK │           No │          0 │           0 │                 0 │               │
│          SampleStrategy │         sample_strategy.py │     OK │          Yes │          1 │           2 │                 0 │       exit: 1 │
└─────────────────────────┴────────────────────────────┴────────┴──────────────┴────────────┴─────────────┴───────────────────┴───────────────┘
--- freqtrade list-freqaimodels ---
│           PyTorchMLPClassifier │           <builtin>/PyTorchMLPClassifier.py │     OK │
│            PyTorchMLPRegressor │            <builtin>/PyTorchMLPRegressor.py │     OK │
│    PyTorchTransformerRegressor │    <builtin>/PyTorchTransformerRegressor.py │     OK │
│           ReinforcementLearner │           <builtin>/ReinforcementLearner.py │     OK │
│ ReinforcementLearner_multiproc │ <builtin>/ReinforcementLearner_multiproc.py │     OK │
│  SKLearnRandomForestClassifier │  <builtin>/SKLearnRandomForestClassifier.py │     OK │
│              XGBoostClassifier │              <builtin>/XGBoostClassifier.py │     OK │
│            XGBoostRFClassifier │            <builtin>/XGBoostRFClassifier.py │     OK │
│             XGBoostRFRegressor │             <builtin>/XGBoostRFRegressor.py │     OK │
│               XGBoostRegressor │               <builtin>/XGBoostRegressor.py │     OK │
│    XGBoostRegressorMultiTarget │    <builtin>/XGBoostRegressorMultiTarget.py │     OK │
└────────────────────────────────┴─────────────────────────────────────────────┴────────┘
--- 上游额外策略路径可用性(--strategy-path) ---
│                    freqai_rl_test_strat │                    freqai_rl_test_strat.py │          OK │           No │          0 │           0 │                 0 │                        │
│                  freqai_test_classifier │                  freqai_test_classifier.py │          OK │          Yes │          0 │           2 │                 0 │                        │
│ freqai_test_multimodel_classifier_strat │ freqai_test_multimodel_classifier_strat.py │          OK │          Yes │          0 │           2 │                 0 │                        │
│            freqai_test_multimodel_strat │            freqai_test_multimodel_strat.py │          OK │          Yes │          0 │           2 │                 0 │                        │
│                       freqai_test_strat │                       freqai_test_strat.py │          OK │          Yes │          0 │           2 │                 0 │                        │
===== 04_deploy 完成 =====
===== 04_deploy 开始 2026-08-25T04:09:12Z =====
生成: /home/cryptorl/projects/crypto_rl/experiments/freqai_rl_platform_audit/configs/config_freqai-rl-platform-audit-2026-7-official5ac.json
生成: /home/cryptorl/projects/crypto_rl/experiments/freqai_rl_platform_audit/configs/config_freqai-rl-platform-audit-2026-7.json
--- 校验配置可解析 ---
freqai-rl-platform-audit-2026-7-official5ac OK, fee = 0.001 , rl model = PPO
freqai-rl-platform-audit-2026-7 OK, fee = 0.001 , rl model = PPO
--- freqtrade list-strategies ---
2026-08-25 12:09:47,859 - freqtrade.configuration.config_validation - INFO - Validating configuration ...
┏━━━━━━━━━━━━━━━━━━━━━━━━━┳━━━━━━━━━━━━━━━━━━━━━━━━━━━━┳━━━━━━━━┳━━━━━━━━━━━━━━┳━━━━━━━━━━━━┳━━━━━━━━━━━━━┳━━━━━━━━━━━━━━━━━━━┳━━━━━━━━━━━━━━━┓
┃           Strategy name ┃                   Location ┃ Status ┃ Hyperoptable ┃ Buy-params ┃ Sell-params ┃ Protection-params ┃ Custom-params ┃
┡━━━━━━━━━━━━━━━━━━━━━━━━━╇━━━━━━━━━━━━━━━━━━━━━━━━━━━━╇━━━━━━━━╇━━━━━━━━━━━━━━╇━━━━━━━━━━━━╇━━━━━━━━━━━━━╇━━━━━━━━━━━━━━━━━━━╇━━━━━━━━━━━━━━━┩
│ AuditLongOnlyRLStrategy │ AuditLongOnlyRLStrategy.py │     OK │           No │          0 │           0 │                 0 │               │
│   OfficialRLStrategy5ac │   OfficialRLStrategy5ac.py │     OK │           No │          0 │           0 │                 0 │               │
│          SampleStrategy │         sample_strategy.py │     OK │          Yes │          1 │           2 │                 0 │       exit: 1 │
└─────────────────────────┴────────────────────────────┴────────┴──────────────┴────────────┴─────────────┴───────────────────┴───────────────┘
--- freqtrade list-freqaimodels ---
│           PyTorchMLPClassifier │           <builtin>/PyTorchMLPClassifier.py │     OK │
│            PyTorchMLPRegressor │            <builtin>/PyTorchMLPRegressor.py │     OK │
│    PyTorchTransformerRegressor │    <builtin>/PyTorchTransformerRegressor.py │     OK │
│           ReinforcementLearner │           <builtin>/ReinforcementLearner.py │     OK │
│ ReinforcementLearner_multiproc │ <builtin>/ReinforcementLearner_multiproc.py │     OK │
│  SKLearnRandomForestClassifier │  <builtin>/SKLearnRandomForestClassifier.py │     OK │
│              XGBoostClassifier │              <builtin>/XGBoostClassifier.py │     OK │
│            XGBoostRFClassifier │            <builtin>/XGBoostRFClassifier.py │     OK │
│             XGBoostRFRegressor │             <builtin>/XGBoostRFRegressor.py │     OK │
│               XGBoostRegressor │               <builtin>/XGBoostRegressor.py │     OK │
│    XGBoostRegressorMultiTarget │    <builtin>/XGBoostRegressorMultiTarget.py │     OK │
└────────────────────────────────┴─────────────────────────────────────────────┴────────┘
--- 上游额外策略路径可用性(--strategy-path) ---
│                    freqai_rl_test_strat │                    freqai_rl_test_strat.py │          OK │           No │          0 │           0 │                 0 │                        │
│                  freqai_test_classifier │                  freqai_test_classifier.py │          OK │          Yes │          0 │           2 │                 0 │                        │
│ freqai_test_multimodel_classifier_strat │ freqai_test_multimodel_classifier_strat.py │          OK │          Yes │          0 │           2 │                 0 │                        │
│            freqai_test_multimodel_strat │            freqai_test_multimodel_strat.py │          OK │          Yes │          0 │           2 │                 0 │                        │
│                       freqai_test_strat │                       freqai_test_strat.py │          OK │          Yes │          0 │           2 │                 0 │                        │
===== 04_deploy 完成 =====
