/home/cryptorl/miniforge3/envs/freqtrade-rl/lib/python3.11/site-packages/pandas/io/feather_format.py:178: FutureWarning: pyarrow.feather.read_table is deprecated as of 24.0.0. Use pyarrow.ipc.open_file() / RecordBatchFileReader instead. Feather V2 is the Arrow IPC file format.
  pa_table = feather.read_table(
/home/cryptorl/miniforge3/envs/freqtrade-rl/lib/python3.11/site-packages/pandas/io/feather_format.py:178: FutureWarning: pyarrow.feather.read_table is deprecated as of 24.0.0. Use pyarrow.ipc.open_file() / RecordBatchFileReader instead. Feather V2 is the Arrow IPC file format.
  pa_table = feather.read_table(
/home/cryptorl/miniforge3/envs/freqtrade-rl/lib/python3.11/site-packages/pandas/io/feather_format.py:178: FutureWarning: pyarrow.feather.read_table is deprecated as of 24.0.0. Use pyarrow.ipc.open_file() / RecordBatchFileReader instead. Feather V2 is the Arrow IPC file format.
  pa_table = feather.read_table(
/home/cryptorl/miniforge3/envs/freqtrade-rl/lib/python3.11/site-packages/pandas/io/feather_format.py:178: FutureWarning: pyarrow.feather.read_table is deprecated as of 24.0.0. Use pyarrow.ipc.open_file() / RecordBatchFileReader instead. Feather V2 is the Arrow IPC file format.
  pa_table = feather.read_table(
/home/cryptorl/miniforge3/envs/freqtrade-rl/lib/python3.11/site-packages/pandas/io/feather_format.py:178: FutureWarning: pyarrow.feather.read_table is deprecated as of 24.0.0. Use pyarrow.ipc.open_file() / RecordBatchFileReader instead. Feather V2 is the Arrow IPC file format.
  pa_table = feather.read_table(
| tensorboard/BTC/PPO_1/events.out.tfevents.1787631339.Forst.551.0 | 4135 | 2026-08-25T04:15:54+00:00 | `aa0743aba3044203` |
| tensorboard/BTC/PPO_2/events.out.tfevents.1787631358.Forst.551.1 | 4135 | 2026-08-25T04:16:14+00:00 | `da5d4c05f8ca73c0` |
| tensorboard/BTC/PPO_3/events.out.tfevents.1787631377.Forst.551.2 | 4135 | 2026-08-25T04:16:32+00:00 | `72b08b6c655e1f73` |
| tensorboard/BTC/PPO_4/events.out.tfevents.1787631395.Forst.551.3 | 4135 | 2026-08-25T04:16:51+00:00 | `fcecfaa3ba2863b3` |
| tensorboard/BTC/PPO_5/events.out.tfevents.1787631413.Forst.551.4 | 4135 | 2026-08-25T04:17:08+00:00 | `11b07d081c7d0154` |

SB3 模型 zip 数量: 10;全部非零字节: True

## 预测缓存与动作分布

- cb_btc_1780272000_prediction.feather: rows=168, 动作分布={0.0: 7, 1.0: 160, 2.0: 1}, do_predict=1 占比=1.000
- cb_btc_1780876800_prediction.feather: rows=168, 动作分布={1.0: 168}, do_predict=1 占比=1.000
- cb_btc_1781481600_prediction.feather: rows=168, 动作分布={0.0: 12, 1.0: 155, 2.0: 1}, do_predict=1 占比=1.000
- cb_btc_1782086400_prediction.feather: rows=168, 动作分布={0.0: 17, 1.0: 147, 2.0: 4}, do_predict=1 占比=1.000
- cb_btc_1782691200_prediction.feather: rows=48, 动作分布={0.0: 6, 1.0: 42}, do_predict=1 占比=1.000
基线文件数: 47
===== 06b_collect 完成 =====
