===== 11c_lookahead_foreground 开始 2026-08-25T05:18:27Z =====
代理已启用: http://127.0.0.1:7897 (关闭: source proxy-off.sh)
2026-08-25 13:19:19,438 - freqtrade.resolvers.iresolver - INFO - Using resolved freqaimodel AuditBase3RLModel from '/home/cryptorl/projects/crypto_rl/user_data/freqaimodels/AuditBase3RLModel.py'...
2026-08-25 13:19:19,439 - freqtrade.freqai.freqai_interface - INFO - Backtesting module configured to save all models.
2026-08-25 13:19:19,439 - freqtrade.freqai.data_drawer - INFO - Could not find existing datadrawer, starting from scratch
2026-08-25 13:19:19,440 - freqtrade.freqai.data_drawer - INFO - Could not find existing historic_predictions, starting from scratch
2026-08-25 13:19:19,440 - freqtrade.freqai.freqai_interface - INFO - Set fresh train queue from whitelist. Queue: ['BTC/USDT']
2026-08-25 13:19:19,779 - freqtrade.optimize.backtesting - INFO - Loading data from 2026-04-30 08:00:00 up to 2026-06-03 00:00:00 (33 days).
2026-08-25 13:19:19,793 - freqtrade.freqai.freqai_interface - INFO - Training 1 timeranges
2026-08-25 13:19:19,795 - freqtrade.freqai.freqai_interface - INFO - Training BTC/USDT, 1/1 pairs from 2026-05-02 00:00:00 to 2026-06-01 00:00:00, 1/1 trains
2026-08-25 13:19:19,796 - freqtrade.freqai.data_kitchen - INFO - Could not find backtesting prediction file at 
/home/cryptorl/projects/crypto_rl/user_data/models/freqai-rl-platform-audit-2026-7/backtesting_predictions/cb_btc_1780272000_prediction.feather
2026-08-25 13:19:19,815 - freqtrade.freqai.freqai_interface - INFO - Could not find model at 
/home/cryptorl/projects/crypto_rl/user_data/models/freqai-rl-platform-audit-2026-7/sub-train-BTC_1780272000/cb_btc_1780272000
2026-08-25 13:19:19,816 - freqtrade.freqai.RL.BaseReinforcementLearningModel - INFO - --------------------Starting training BTC/USDT --------------------
2026-08-25 13:19:19,819 - freqtrade.freqai.data_kitchen - INFO - BTC/USDT: dropped 0 training points due to NaNs in populated dataset 720.
2026-08-25 13:19:19,829 - freqtrade.freqai.RL.BaseReinforcementLearningModel - INFO - Training model on 12 features and 482 data points
/home/cryptorl/miniforge3/envs/freqtrade-rl/lib/python3.11/site-packages/stable_baselines3/common/on_policy_algorithm.py:150: UserWarning: You are trying to run PPO on the GPU, but it is primarily intended to run on the CPU when not using a CNN policy (you are using ActorCriticPolicy which should be a MlpPolicy). See https://github.com/DLR-RM/stable-baselines3/issues/1245 for more info. You can pass `device='cpu'` or `export CUDA_VISIBLE_DEVICES=` to force using the CPU.Note: The model will train, but the GPU utilization will be poor and the training might take longer than on CPU.
  warnings.warn(
Eval num_timesteps=482, episode_reward=-438.68 +/- 0.00
Episode length: 236.00 +/- 0.00
New best mean reward!
Eval num_timesteps=964, episode_reward=-438.68 +/- 0.00
Episode length: 236.00 +/- 0.00
Eval num_timesteps=1446, episode_reward=-438.68 +/- 0.00
Episode length: 236.00 +/- 0.00
Eval num_timesteps=1928, episode_reward=-438.68 +/- 0.00
Episode length: 236.00 +/- 0.00
 100% ━━━━━━━━━━━━━━━━━━━━━━━━━━━━━━ 2,048/482  [ 0:00:05 < 0:00:00 , 115 it/s ]
2026-08-25 13:19:45,921 - freqtrade.freqai.prediction_models.ReinforcementLearner - INFO - Callback found a best model.
/home/cryptorl/miniforge3/envs/freqtrade-rl/lib/python3.11/site-packages/stable_baselines3/common/on_policy_algorithm.py:150: UserWarning: You are trying to run PPO on the GPU, but it is primarily intended to run on the CPU when not using a CNN policy (you are using ActorCriticPolicy which should be a MlpPolicy). See https://github.com/DLR-RM/stable-baselines3/issues/1245 for more info. You can pass `device='cpu'` or `export CUDA_VISIBLE_DEVICES=` to force using the CPU.Note: The model will train, but the GPU utilization will be poor and the training might take longer than on CPU.
  warnings.warn(
2026-08-25 13:19:45,957 - freqtrade.freqai.RL.BaseReinforcementLearningModel - INFO - --------------------done training BTC/USDT--------------------
2026-08-25 13:19:45,957 - freqtrade.freqai.freqai_interface - INFO - Saving backtest model to disk.
/home/cryptorl/miniforge3/envs/freqtrade-rl/lib/python3.11/site-packages/pandas/io/feather_format.py:77: FutureWarning: pyarrow.feather.write_feather is deprecated as of 24.0.0. Use pyarrow.ipc.new_file() / RecordBatchFileWriter instead. Feather V2 is the Arrow IPC file format.
  feather.write_feather(df, handles.handle, **kwargs)
2026-08-25 13:19:46,135 - freqtrade.loggers.set_log_levels - INFO - Reducing verbosity for bias tester.
2026-08-25 13:19:46,136 - freqtrade.optimize.analysis.lookahead - INFO - found 3 trades which is less than minimum_trade_amount 10. Cancelling this backtest lookahead bias test.
2026-08-25 13:19:46,136 - freqtrade.optimize.analysis.lookahead_helpers - INFO - Checking look ahead bias via backtests of AuditLongOnlyRLStrategy.py took 47 seconds.

                                                                                 Lookahead Analysis                                                                                  
┏━━━━━━━━━━━━━━━━━━━━━━━━━━━━┳━━━━━━━━━━━━━━━━━━━━━━━━━┳━━━━━━━━━━━━━━━━━━━━━━━━━━━━━━━━━━━━━━━━━━━┳━━━━━━━━━━━━━━━┳━━━━━━━━━━━━━━━━━━━━━━┳━━━━━━━━━━━━━━━━━━━━━┳━━━━━━━━━━━━━━━━━━━┓
┃                   filename ┃                strategy ┃                                  has_bias ┃ total_signals ┃ biased_entry_signals ┃ biased_exit_signals ┃ biased_indicators ┃
┡━━━━━━━━━━━━━━━━━━━━━━━━━━━━╇━━━━━━━━━━━━━━━━━━━━━━━━━╇━━━━━━━━━━━━━━━━━━━━━━━━━━━━━━━━━━━━━━━━━━━╇━━━━━━━━━━━━━━━╇━━━━━━━━━━━━━━━━━━━━━━╇━━━━━━━━━━━━━━━━━━━━━╇━━━━━━━━━━━━━━━━━━━┩
│ AuditLongOnlyRLStrategy.py │ AuditLongOnlyRLStrategy │ too few trades caught (0/10).Test failed. │               │                      │                     │                   │
└────────────────────────────┴─────────────────────────┴───────────────────────────────────────────┴───────────────┴──────────────────────┴─────────────────────┴───────────────────┘
2026-08-25 13:19:46,166 - freqtrade.optimize.analysis.lookahead_helpers - INFO - saving /home/cryptorl/projects/crypto_rl/artifacts/freqai_rl_platform_audit/lookahead_analysis_result.json
lookahead-analysis 退出码/超时码: 0
-rw-r--r-- 1 cryptorl cryptorl 100 Aug 25 13:19 /home/cryptorl/projects/crypto_rl/artifacts/freqai_rl_platform_audit/lookahead_analysis_result.json
===== 11c_lookahead_foreground 完成 2026-08-25T05:19:55Z =====
