===== 13_final_check 开始 2026-08-25T05:25:08Z =====
--- 1. 上游仓库状态 ---
[exit=0 ; 输出为空=干净]
52bc96f4480b1a0da6a9b455bd00b17fbb6786a5
2026.7
--- 2. 后台进程检查 ---
无 freqtrade/tensorboard 进程
--- 3. 凭据检查(本任务创建的文件中搜索疑似密钥) ---
未发现凭据写入
--- 4. 固定依赖未被升级(pip check + 运行时包清单对比) ---
No broken requirements found.
freqtrade==2026.7
gymnasium==1.3.0
tensorboard==2.21.0
torch==2.13.0
--- 5. 产物完整性 ---
data_quality_summary.json
data_quality_summary.md
env_vs_backtester_comparison.md
exchange_connectivity.txt
lookahead_analysis_result.json
model_manifest.md
reload_baseline_after_run1.json
reload_snapshot_run2.json
reload_snapshot_run3.json
source_map.md
stage1_audit3ac_run1_action_stats.json
stage1_audit3ac_run1_summary.md
stage1_first_run_action_stats.json
stage1_first_run_summary.md
stage1_second_run_summary.md
synthetic_constant_fee0.001_trace.csv
synthetic_constant_fee0.0_trace.csv
synthetic_constant_trace.csv
synthetic_falling_fee0.001_trace.csv
synthetic_falling_fee0.0_trace.csv
synthetic_falling_trace.csv
synthetic_rising_fee0.001_trace.csv
synthetic_rising_fee0.0_trace.csv
synthetic_rising_trace.csv
synthetic_summary.md
synthetic_zigzag_fee0.001_trace.csv
synthetic_zigzag_fee0.0_trace.csv
synthetic_zigzag_trace.csv
tensorboard_tags.txt
upstream_test_summary.md
freqai_rl_phase1_2_audit.md
--- 6. 数据与 user_data ---
BTC_USDT-1h.feather
freqai-rl-platform-audit-2026-7
freqai-rl-platform-audit-2026-7-official5ac
===== 13_final_check 完成 =====
