[FAIL] 基础导入
Traceback (most recent call last):
  File "/home/cryptorl/projects/crypto_rl/scripts/smoke_test.py", line 13, in check
    detail = fn() or ""
             ^^^^
  File "/home/cryptorl/projects/crypto_rl/scripts/smoke_test.py", line 24, in t_imports
    import duckdb
ModuleNotFoundError: No module named 'duckdb'

[PASS] CUDA 矩阵运算 gpu=NVIDIA GeForce RTX 3060 Laptop GPU cuda_runtime=13.0 matmul_ok=True allocated_MiB=40.1
[FAIL] Parquet 写读
Traceback (most recent call last):
  File "/home/cryptorl/projects/crypto_rl/scripts/smoke_test.py", line 13, in check
    detail = fn() or ""
             ^^^^
  File "/home/cryptorl/projects/crypto_rl/scripts/smoke_test.py", line 56, in t_parquet
    import polars as pl
ModuleNotFoundError: No module named 'polars'

[PASS] Gymnasium Pendulum-v1 reset_ok=True steps=10 reward=-12.283 terminated=False truncated=False
[PASS] SB3 SAC GPU 训练 model.device=cuda cuda_available=True gpu=NVIDIA GeForce RTX 3060 Laptop GPU saved=/home/cryptorl/projects/crypto_rl/artifacts/smoke/sac_pendulum.zip

===== smoke test 汇总 =====
FAIL  基础导入
PASS  CUDA 矩阵运算
FAIL  Parquet 写读
PASS  Gymnasium Pendulum-v1
PASS  SB3 SAC GPU 训练
共 5 项,失败 2 项
INTERNALERROR> Traceback (most recent call last):
INTERNALERROR>   File "/home/cryptorl/miniforge3/envs/freqtrade-rl/lib/python3.11/site-packages/_pytest/main.py", line 330, in wrap_session
INTERNALERROR>     session.exitstatus = doit(config, session) or 0
INTERNALERROR>                          ^^^^^^^^^^^^^^^^^^^^^
INTERNALERROR>   File "/home/cryptorl/miniforge3/envs/freqtrade-rl/lib/python3.11/site-packages/_pytest/main.py", line 383, in _main
INTERNALERROR>     config.hook.pytest_collection(session=session)
INTERNALERROR>   File "/home/cryptorl/miniforge3/envs/freqtrade-rl/lib/python3.11/site-packages/pluggy/_hooks.py", line 512, in __call__
INTERNALERROR>     return self._hookexec(self.name, self._hookimpls.copy(), kwargs, firstresult)
INTERNALERROR>            ^^^^^^^^^^^^^^^^^^^^^^^^^^^^^^^^^^^^^^^^^^^^^^^^^^^^^^^^^^^^^^^^^^^^^^
INTERNALERROR>   File "/home/cryptorl/miniforge3/envs/freqtrade-rl/lib/python3.11/site-packages/pluggy/_manager.py", line 120, in _hookexec
INTERNALERROR>     return self._inner_hookexec(hook_name, methods, kwargs, firstresult)
INTERNALERROR>            ^^^^^^^^^^^^^^^^^^^^^^^^^^^^^^^^^^^^^^^^^^^^^^^^^^^^^^^^^^^^^
INTERNALERROR>   File "/home/cryptorl/miniforge3/envs/freqtrade-rl/lib/python3.11/site-packages/pluggy/_callers.py", line 167, in _multicall
INTERNALERROR>     raise exception
INTERNALERROR>   File "/home/cryptorl/miniforge3/envs/freqtrade-rl/lib/python3.11/site-packages/pluggy/_callers.py", line 139, in _multicall
INTERNALERROR>     teardown.throw(exception)
INTERNALERROR>   File "/home/cryptorl/miniforge3/envs/freqtrade-rl/lib/python3.11/site-packages/_pytest/logging.py", line 803, in pytest_collection
INTERNALERROR>     return (yield)
INTERNALERROR>             ^^^^^
INTERNALERROR>   File "/home/cryptorl/miniforge3/envs/freqtrade-rl/lib/python3.11/site-packages/pluggy/_callers.py", line 139, in _multicall
INTERNALERROR>     teardown.throw(exception)
INTERNALERROR>   File "/home/cryptorl/miniforge3/envs/freqtrade-rl/lib/python3.11/site-packages/_pytest/warnings.py", line 99, in pytest_collection
INTERNALERROR>     return (yield)
INTERNALERROR>             ^^^^^
INTERNALERROR>   File "/home/cryptorl/miniforge3/envs/freqtrade-rl/lib/python3.11/site-packages/pluggy/_callers.py", line 139, in _multicall
INTERNALERROR>     teardown.throw(exception)
INTERNALERROR>   File "/home/cryptorl/miniforge3/envs/freqtrade-rl/lib/python3.11/site-packages/_pytest/config/__init__.py", line 1445, in pytest_collection
INTERNALERROR>     return (yield)
INTERNALERROR>             ^^^^^
INTERNALERROR>   File "/home/cryptorl/miniforge3/envs/freqtrade-rl/lib/python3.11/site-packages/pluggy/_callers.py", line 121, in _multicall
INTERNALERROR>     res = hook_impl.function(*args)
INTERNALERROR>           ^^^^^^^^^^^^^^^^^^^^^^^^^
INTERNALERROR>   File "/home/cryptorl/miniforge3/envs/freqtrade-rl/lib/python3.11/site-packages/_pytest/main.py", line 394, in pytest_collection
INTERNALERROR>     session.perform_collect()
INTERNALERROR>   File "/home/cryptorl/miniforge3/envs/freqtrade-rl/lib/python3.11/site-packages/_pytest/main.py", line 869, in perform_collect
INTERNALERROR>     self.items.extend(self.genitems(node))
INTERNALERROR>   File "/home/cryptorl/miniforge3/envs/freqtrade-rl/lib/python3.11/site-packages/_pytest/main.py", line 1035, in genitems
INTERNALERROR>     yield from self.genitems(subnode)
INTERNALERROR>   File "/home/cryptorl/miniforge3/envs/freqtrade-rl/lib/python3.11/site-packages/_pytest/main.py", line 1035, in genitems
INTERNALERROR>     yield from self.genitems(subnode)
INTERNALERROR>   File "/home/cryptorl/miniforge3/envs/freqtrade-rl/lib/python3.11/site-packages/_pytest/main.py", line 1032, in genitems
INTERNALERROR>     rep, duplicate = self._collect_one_node(node, handle_dupes)
INTERNALERROR>                      ^^^^^^^^^^^^^^^^^^^^^^^^^^^^^^^^^^^^^^^^^^
INTERNALERROR>   File "/home/cryptorl/miniforge3/envs/freqtrade-rl/lib/python3.11/site-packages/_pytest/main.py", line 895, in _collect_one_node
INTERNALERROR>     rep = collect_one_node(node)
INTERNALERROR>           ^^^^^^^^^^^^^^^^^^^^^^
INTERNALERROR>   File "/home/cryptorl/miniforge3/envs/freqtrade-rl/lib/python3.11/site-packages/_pytest/runner.py", line 589, in collect_one_node
INTERNALERROR>     rep: CollectReport = ihook.pytest_make_collect_report(collector=collector)
INTERNALERROR>                          ^^^^^^^^^^^^^^^^^^^^^^^^^^^^^^^^^^^^^^^^^^^^^^^^^^^^^
INTERNALERROR>   File "/home/cryptorl/miniforge3/envs/freqtrade-rl/lib/python3.11/site-packages/pluggy/_hooks.py", line 512, in __call__
INTERNALERROR>     return self._hookexec(self.name, self._hookimpls.copy(), kwargs, firstresult)
INTERNALERROR>            ^^^^^^^^^^^^^^^^^^^^^^^^^^^^^^^^^^^^^^^^^^^^^^^^^^^^^^^^^^^^^^^^^^^^^^
INTERNALERROR>   File "/home/cryptorl/miniforge3/envs/freqtrade-rl/lib/python3.11/site-packages/pluggy/_manager.py", line 120, in _hookexec
INTERNALERROR>     return self._inner_hookexec(hook_name, methods, kwargs, firstresult)
INTERNALERROR>            ^^^^^^^^^^^^^^^^^^^^^^^^^^^^^^^^^^^^^^^^^^^^^^^^^^^^^^^^^^^^^
INTERNALERROR>   File "/home/cryptorl/miniforge3/envs/freqtrade-rl/lib/python3.11/site-packages/pluggy/_callers.py", line 167, in _multicall
INTERNALERROR>     raise exception
INTERNALERROR>   File "/home/cryptorl/miniforge3/envs/freqtrade-rl/lib/python3.11/site-packages/pluggy/_callers.py", line 139, in _multicall
INTERNALERROR>     teardown.throw(exception)
INTERNALERROR>   File "/home/cryptorl/miniforge3/envs/freqtrade-rl/lib/python3.11/site-packages/_pytest/fixtures.py", line 1798, in pytest_make_collect_report
INTERNALERROR>     result = yield
INTERNALERROR>              ^^^^^
INTERNALERROR>   File "/home/cryptorl/miniforge3/envs/freqtrade-rl/lib/python3.11/site-packages/pluggy/_callers.py", line 139, in _multicall
INTERNALERROR>     teardown.throw(exception)
INTERNALERROR>   File "/home/cryptorl/miniforge3/envs/freqtrade-rl/lib/python3.11/site-packages/_pytest/capture.py", line 880, in pytest_make_collect_report
INTERNALERROR>     rep = yield
INTERNALERROR>           ^^^^^
INTERNALERROR>   File "/home/cryptorl/miniforge3/envs/freqtrade-rl/lib/python3.11/site-packages/pluggy/_callers.py", line 121, in _multicall
INTERNALERROR>     res = hook_impl.function(*args)
INTERNALERROR>           ^^^^^^^^^^^^^^^^^^^^^^^^^
INTERNALERROR>   File "/home/cryptorl/miniforge3/envs/freqtrade-rl/lib/python3.11/site-packages/_pytest/runner.py", line 408, in pytest_make_collect_report
INTERNALERROR>     call = CallInfo.from_call(
INTERNALERROR>            ^^^^^^^^^^^^^^^^^^^
INTERNALERROR>   File "/home/cryptorl/miniforge3/envs/freqtrade-rl/lib/python3.11/site-packages/_pytest/runner.py", line 361, in from_call
INTERNALERROR>     result: TResult | None = func()
INTERNALERROR>                              ^^^^^^
INTERNALERROR>   File "/home/cryptorl/miniforge3/envs/freqtrade-rl/lib/python3.11/site-packages/_pytest/runner.py", line 406, in collect
INTERNALERROR>     return list(collector.collect())
INTERNALERROR>                 ^^^^^^^^^^^^^^^^^^^
INTERNALERROR>   File "/home/cryptorl/miniforge3/envs/freqtrade-rl/lib/python3.11/site-packages/_pytest/python.py", line 564, in collect
INTERNALERROR>     self._register_setup_module_fixture()
INTERNALERROR>   File "/home/cryptorl/miniforge3/envs/freqtrade-rl/lib/python3.11/site-packages/_pytest/python.py", line 577, in _register_setup_module_fixture
INTERNALERROR>     self.obj, ("setUpModule", "setup_module")
INTERNALERROR>     ^^^^^^^^
INTERNALERROR>   File "/home/cryptorl/miniforge3/envs/freqtrade-rl/lib/python3.11/site-packages/_pytest/python.py", line 290, in obj
INTERNALERROR>     self._obj = obj = self._getobj()
INTERNALERROR>                       ^^^^^^^^^^^^^^
INTERNALERROR>   File "/home/cryptorl/miniforge3/envs/freqtrade-rl/lib/python3.11/site-packages/_pytest/python.py", line 561, in _getobj
INTERNALERROR>     return importtestmodule(self.path, self.config)
INTERNALERROR>            ^^^^^^^^^^^^^^^^^^^^^^^^^^^^^^^^^^^^^^^^
INTERNALERROR>   File "/home/cryptorl/miniforge3/envs/freqtrade-rl/lib/python3.11/site-packages/_pytest/python.py", line 508, in importtestmodule
INTERNALERROR>     mod = import_path(
INTERNALERROR>           ^^^^^^^^^^^^
INTERNALERROR>   File "/home/cryptorl/miniforge3/envs/freqtrade-rl/lib/python3.11/site-packages/_pytest/pathlib.py", line 596, in import_path
INTERNALERROR>     importlib.import_module(module_name)
INTERNALERROR>   File "/home/cryptorl/miniforge3/envs/freqtrade-rl/lib/python3.11/importlib/__init__.py", line 126, in import_module
INTERNALERROR>     return _bootstrap._gcd_import(name[level:], package, level)
INTERNALERROR>            ^^^^^^^^^^^^^^^^^^^^^^^^^^^^^^^^^^^^^^^^^^^^^^^^^^^^
INTERNALERROR>   File "<frozen importlib._bootstrap>", line 1204, in _gcd_import
INTERNALERROR>   File "<frozen importlib._bootstrap>", line 1176, in _find_and_load
INTERNALERROR>   File "<frozen importlib._bootstrap>", line 1147, in _find_and_load_unlocked
INTERNALERROR>   File "<frozen importlib._bootstrap>", line 690, in _load_unlocked
INTERNALERROR>   File "/home/cryptorl/miniforge3/envs/freqtrade-rl/lib/python3.11/site-packages/_pytest/assertion/rewrite.py", line 188, in exec_module
INTERNALERROR>     exec(co, module.__dict__)
INTERNALERROR>   File "/home/cryptorl/projects/crypto_rl/scripts/smoke_test.py", line 121, in <module>
INTERNALERROR>     sys.exit(1 if failed else 0)
INTERNALERROR> SystemExit: 1

7 errors in 53.09s
