E4 start utc=2026-10-05T10:25:20Z cwd=/mnt/f/trading entry=/home/cryptorl/projects/crypto_rl_qaf_v2/stage2_6_1_runner/qaf_v2_operator_entry.py (appendix E4 form, env self-installed)
{"permit_path": "/home/cryptorl/projects/crypto_rl_formal_a_qaf_v2/authority/qprod_permit_level_a_qprod_a_formal_v2.json", "permit_id": "qppm-formal-09528745505f936b", "permit_digest": "qppm-f04cb489cf0d0ae0d420e3d0cbd5b64d25cc8c3e10683b7f730c29e50c6cf5f8", "bound_approval_digest": "qfap-fb6a072afaef04f693c54107e58de894d405b1d0fbe1cefd384c3228f99aa20e"}
{"admission_id": "qaf-v2-a96bedea-a2", "authorization": "user_in_chat 2026-10-05 批准原文 sha256=724d9fff7e948b4637903f20101e4ec8b657e3e2718f85f837b8239c54315556 (approval qfap-06b072824a45e0eb…)", "commit_a_sha": "a96bedea24b3a84a19d30f505a121d8c3d68bba3", "deployed_state_root": "/home/cryptorl/projects/crypto_rl_formal_a_qaf_v2/artifacts/route_c_stage2_6_1_repair17/state", "format": "cur261-r17-formal-admission-v2", "issued_utc": "2026-10-05T10:29:44Z", "iteration": "qprod_a_formal_v2", "plan_digest": "863ab24c72b19296d58790b4bbd5b2fa8e163f58", "substance": {"format": "cur261-r17-admission-substance-v1", "plan_digest_claimed": "863ab24c72b19296d58790b4bbd5b2fa8e163f58", "plan_digest_method": "git_tree_digest", "plan_digest_recomputed": "863ab24c72b19296d58790b4bbd5b2fa8e163f58", "regression_evidence": {"collection_tests": 2972, "counts": {"errors": 0, "failures": 0, "skipped": 7, "tests": 2972}, "path": "/mnt/f/trading/freqai-rl-audit/stage2_6_1/artifacts/repair17/development/a2_preissue_guard_v1/evidence/regress261_d2/regression_evidence_v3_record.json", "protocol": "full", "scope": "formal", "sha256": "ac3ff15083c0dee5a5daca7fd8f64c02bc172112359d0bae4bf73ff1baabf73d", "test_files": 174}, "verified_utc": "2026-10-05T10:29:44Z"}, "substance_digest": "r17sub-f5ba3e623584e10f938485cba09954aadc78ed2f5ac2a2576c0f7dfd446ce6bb"}
at": "cur261-qprod-formal-launch-handoff-v1",
    "level": "level_a",
    "iteration_id": "qprod_a_formal_v2",
    "business_entry": [
      "/home/cryptorl/miniforge3/envs/freqtrade-rl/bin/python",
      "-m",
      "rl_curriculum.curriculum261_r17_cli",
      "chain-run"
    ],
    "argv": [
      "/home/cryptorl/miniforge3/envs/freqtrade-rl/bin/python",
      "-m",
      "rl_curriculum.curriculum261_r17_cli",
      "chain-run",
      "--out-dir",
      "/home/cryptorl/projects/crypto_rl_formal_a_qaf_v2/artifacts/formal_a_qaf_v2",
      "--freeze-sha",
      "a96bedea24b3a84a19d30f505a121d8c3d68bba3",
      "--formal-namespace-attempt",
      "qaf_v2"
    ],
    "cwd": "/home/cryptorl/projects/crypto_rl_qaf_v2",
    "env_identity": {
      "PYTHONPATH": "/home/cryptorl/projects/crypto_rl_qaf_v2/src",
      "CURRICULUM261_R17_DEPLOYED_STATE_ROOT": "/home/cryptorl/projects/crypto_rl_formal_a_qaf_v2/artifacts/route_c_stage2_6_1_repair17/state",
      "stripped": [
        "CURRICULUM261_R17_STATE_ROOT",
        "CURRICULUM261_QPROD_ART_ROOT",
        "CURRICULUM261_QPROD_STATE_ROOT"
      ]
    },
    "research_plan_digest": "qbpl-4c654375cec2c20070816c75d0980b3ff50087e67364d50ad0cb6a4a6d4a77f5",
    "authorized_stop_after": "verify-formal-logs"
  },
  "chain_result": {
    "ok": false,
    "failed_step": "audit",
    "failure_reason": "formal chain step audit rc=1(R17:停止后续正式计算;已冻结代码封口;不修代码继续)",
    "profile": "formal",
    "workflow_graph_digest": "r17wg-391895407d71ee751e8eda4a1cd4f4296a651752f4e8fbe54425887899511118",
    "records": [
      {
        "step": "provenance-verify",
        "workflow_graph_digest": "r17wg-391895407d71ee751e8eda4a1cd4f4296a651752f4e8fbe54425887899511118",
        "profile": "formal",
        "cli_command": "provenance-verify",
        "argv": [
          "/home/cryptorl/miniforge3/envs/freqtrade-rl/bin/python",
          "-m",
          "rl_curriculum.curriculum261_r17_cli",
          "provenance-verify",
          "--out-dir",
          "/home/cryptorl/projects/crypto_rl_formal_a_qaf_v2/artifacts/formal_a_qaf_v2"
        ],
        "cwd": "/home/cryptorl/projects/crypto_rl_qaf_v2",
        "env_identity": {
          "python": "3.11.16",
          "platform": "Linux-6.18.33.2-microsoft-standard-WSL2-x86_64-with-glibc2.39",
          "conda_default_env": "",
          "pythonpath": "/home/cryptorl/projects/crypto_rl_qaf_v2/src"
        },
        "start_utc": "2026-10-05T10:31:08.038554+00:00",
        "end_utc": "2026-10-05T10:31:10.108841+00:00",
        "duration_s": 2.102,
        "rc": 0,
        "signal": null,
        "effective_result": "completed",
        "effective_failure": null,
        "stdout_path": "/home/cryptorl/projects/crypto_rl_formal_a_qaf_v2/artifacts/formal_a_qaf_v2_chain_logs/provenance-verify.log",
        "stderr_path": "/home/cryptorl/projects/crypto_rl_formal_a_qaf_v2/artifacts/formal_a_qaf_v2_chain_logs/provenance-verify.err",
        "stdout_sha256": "d5dab955de2c49ad9e67a81e2b1b1d8a1d8bd325240a97ce7be6565a88708155",
        "stderr_sha256": "e3b0c44298fc1c149afbf4c8996fb92427ae41e4649b934ca495991b7852b855",
        "stdout_bytes": 100,
        "stderr_bytes": 0,
        "input_artifacts": {
          "gate_topology_reconciliation.json": "9af551752d6b2989f4e9c09855fb421b05f90a1a7e972713e2753a01cd1102ff"
        },
        "output_artifacts": {
          "gate_topology_provenance_verify.json": "78d6b1d3c4f57521d2f8dc39ab26f8975c64bf2f54a08c9b2c36f1540a10b1a5"
        },
        "delegation": null
      },
      {
        "step": "determinism-matrix",
        "workflow_graph_digest": "r17wg-391895407d71ee751e8eda4a1cd4f4296a651752f4e8fbe54425887899511118",
        "profile": "formal",
        "cli_command": "determinism-matrix",
        "argv": [
          "/home/cryptorl/miniforge3/envs/freqtrade-rl/bin/python",
          "-m",
          "rl_curriculum.curriculum261_r17_cli",
          "determinism-matrix",
          "--out-dir",
          "/home/cryptorl/projects/crypto_rl_formal_a_qaf_v2/artifacts/formal_a_qaf_v2",
          "--formal-namespace-attempt",
          "qaf_v2"
        ],
        "cwd": "/home/cryptorl/projects/crypto_rl_qaf_v2",
        "env_identity": {
          "python": "3.11.16",
          "platform": "Linux-6.18.33.2-microsoft-standard-WSL2-x86_64-with-glibc2.39",
          "conda_default_env": "",
          "pythonpath": "/home/cryptorl/projects/crypto_rl_qaf_v2/src"
        },
        "start_utc": "2026-10-05T10:31:10.141181+00:00",
        "end_utc": "2026-10-05T10:32:11.740547+00:00",
        "duration_s": 62.807,
        "rc": 0,
        "signal": null,
        "effective_result": "completed",
        "effective_failure": null,
        "stdout_path": "/home/cryptorl/projects/crypto_rl_formal_a_qaf_v2/artifacts/formal_a_qaf_v2_chain_logs/determinism-matrix.log",
        "stderr_path": "/home/cryptorl/projects/crypto_rl_formal_a_qaf_v2/artifacts/formal_a_qaf_v2_chain_logs/determinism-matrix.err",
        "stdout_sha256": "7930b7b5b8bc78db4c7b0c6714ad639a24c65d956865103426c785b690ee0410",
        "stderr_sha256": "e3b0c44298fc1c149afbf4c8996fb92427ae41e4649b934ca495991b7852b855",
        "stdout_bytes": 275,
        "stderr_bytes": 0,
        "input_artifacts": {},
        "output_artifacts": {
          "determinism/generation_determinism_contract.json": "6f232d3b8fad720046d1d8d523a0e4d943ce1e94c2192c124ec9dc02479b864f"
        },
        "delegation": null
      },
      {
        "step": "audit",
        "workflow_graph_digest": "r17wg-391895407d71ee751e8eda4a1cd4f4296a651752f4e8fbe54425887899511118",
        "profile": "formal",
        "cli_command": "audit",
        "argv": [
          "/home/cryptorl/miniforge3/envs/freqtrade-rl/bin/python",
          "-m",
          "rl_curriculum.curriculum261_r17_cli",
          "audit",
          "--out-dir",
          "/home/cryptorl/projects/crypto_rl_formal_a_qaf_v2/artifacts/formal_a_qaf_v2",
          "--code-freeze-sha",
          "a96bedea24b3a84a19d30f505a121d8c3d68bba3",
          "--formal-namespace-attempt",
          "qaf_v2"
        ],
        "cwd": "/home/cryptorl/projects/crypto_rl_qaf_v2",
        "env_identity": {
          "python": "3.11.16",
          "platform": "Linux-6.18.33.2-microsoft-standard-WSL2-x86_64-with-glibc2.39",
          "conda_default_env": "",
          "pythonpath": "/home/cryptorl/projects/crypto_rl_qaf_v2/src"
        },
        "start_utc": "2026-10-05T10:32:11.859641+00:00",
        "end_utc": "2026-10-05T10:32:12.356147+00:00",
        "duration_s": 0.5,
        "rc": 1,
        "signal": null,
        "effective_result": "failed",
        "effective_failure": null,
        "stdout_path": "/home/cryptorl/projects/crypto_rl_formal_a_qaf_v2/artifacts/formal_a_qaf_v2_chain_logs/audit.log",
        "stderr_path": "/home/cryptorl/projects/crypto_rl_formal_a_qaf_v2/artifacts/formal_a_qaf_v2_chain_logs/audit.err",
        "stdout_sha256": "e3b0c44298fc1c149afbf4c8996fb92427ae41e4649b934ca495991b7852b855",
        "stderr_sha256": "8f454620218e6cec738a116e6551011aa7d95681bf8d711d216fec3242b6065c",
        "stdout_bytes": 0,
        "stderr_bytes": 947,
        "input_artifacts": {
          "gate_topology_reconciliation.json": "9af551752d6b2989f4e9c09855fb421b05f90a1a7e972713e2753a01cd1102ff",
          "determinism/generation_determinism_contract.json": "6f232d3b8fad720046d1d8d523a0e4d943ce1e94c2192c124ec9dc02479b864f"
        },
        "output_artifacts": {
          "r17_code_freeze.json": null,
          "baseline_ancestry.json": null,
          "historical_evidence_binding.json": null,
          "r12_abort_binding.json": null,
          "r12_iteration_failure_binding.json": null,
          "r14_failure_binding.json": null,
          "r15_failure_binding.json": null,
          "gate_topology_reconciliation_verify.json": null
        },
        "delegation": null
      }
    ],
    "qualification_terminal_status": null
  },
  "chain_rc": 1,
  "stdout_tail": "",
  "refusal": null
}

E4 finished utc=2026-10-05T10:32:13Z rc=1
