........................................................................ [ 11%]
........................................................................ [ 22%]
........................................................................ [ 34%]
........................................................................ [ 45%]
........................................................................ [ 57%]
........................................................................ [ 68%]
........................................................................ [ 80%]
........................................................................ [ 91%]
.....................................................                    [100%]
=============================== warnings summary ===============================
tests/route_c_stage2_6_1/test_curriculum261_r10_rehearsal.py:18
  /home/cryptorl/projects/crypto_rl/tests/route_c_stage2_6_1/test_curriculum261_r10_rehearsal.py:18: PytestUnknownMarkWarning: Unknown pytest.mark.slow - is this a typo?  You can register custom marks to avoid this warning - for details, see https://docs.pytest.org/en/stable/how-to/mark.html
    @pytest.mark.slow

tests/route_c_stage2_6_1/test_curriculum261_r10_rehearsal.py:61
  /home/cryptorl/projects/crypto_rl/tests/route_c_stage2_6_1/test_curriculum261_r10_rehearsal.py:61: PytestUnknownMarkWarning: Unknown pytest.mark.slow - is this a typo?  You can register custom marks to avoid this warning - for details, see https://docs.pytest.org/en/stable/how-to/mark.html
    @pytest.mark.slow

tests/route_c_stage2_6_1/test_curriculum261_attempts_plan.py::TestDifficultyMetric::test_metric_math_on_report
tests/route_c_stage2_6_1/test_curriculum261_r7_selection.py::test_shared_gate_not_repeated_per_candidate
  /home/cryptorl/miniforge3/envs/freqtrade-rl/lib/python3.11/site-packages/numpy/_core/fromnumeric.py:3824: RuntimeWarning: Mean of empty slice
    return _methods._mean(a, axis=axis, dtype=dtype,

tests/route_c_stage2_6_1/test_curriculum261_attempts_plan.py::TestDifficultyMetric::test_metric_math_on_report
tests/route_c_stage2_6_1/test_curriculum261_r7_selection.py::test_shared_gate_not_repeated_per_candidate
  /home/cryptorl/miniforge3/envs/freqtrade-rl/lib/python3.11/site-packages/numpy/_core/_methods.py:142: RuntimeWarning: invalid value encountered in scalar divide
    ret = ret.dtype.type(ret / rcount)

tests/route_c_stage2_6_1/test_curriculum261_r10_preflight.py::test_prelock_static_preflight
tests/route_c_stage2_6_1/test_curriculum261_r10_preflight.py::test_prelock_static_preflight
tests/route_c_stage2_6_1/test_curriculum261_r4_preprocessing.py::test_sb3_sees_outer_space
tests/route_c_stage2_6_1/test_curriculum261_r5_preflight.py::test_static_preflight_uses_no_final_namespace
tests/route_c_stage2_6_1/test_curriculum261_r6_preflight.py::test_static_preflight_touches_only_smoke_ns
tests/route_c_stage2_6_1/test_curriculum261_r8_preflight.py::test_prelock_static_preflight
tests/route_c_stage2_6_1/test_curriculum261_r9_preflight.py::test_prelock_static_preflight
  /home/cryptorl/miniforge3/envs/freqtrade-rl/lib/python3.11/site-packages/stable_baselines3/common/on_policy_algorithm.py:150: UserWarning: You are trying to run PPO on the GPU, but it is primarily intended to run on the CPU when not using a CNN policy (you are using ActorCriticPolicy which should be a MlpPolicy). See https://github.com/DLR-RM/stable-baselines3/issues/1245 for more info. You can pass `device='cpu'` or `export CUDA_VISIBLE_DEVICES=` to force using the CPU.Note: The model will train, but the GPU utilization will be poor and the training might take longer than on CPU.
    warnings.warn(

tests/route_c_stage2_6_1/test_curriculum261_r10_rehearsal.py::test_full_pipeline_rehearsal_end_to_end_no_monkeypatch
tests/route_c_stage2_6_1/test_curriculum261_r7_selection.py::test_shared_gate_not_repeated_per_candidate
  /home/cryptorl/miniforge3/envs/freqtrade-rl/lib/python3.11/site-packages/numpy/_core/_methods.py:219: RuntimeWarning: Degrees of freedom <= 0 for slice
    ret = _var(a, axis=axis, dtype=dtype, out=out, ddof=ddof,

tests/route_c_stage2_6_1/test_curriculum261_r10_rehearsal.py::test_full_pipeline_rehearsal_end_to_end_no_monkeypatch
tests/route_c_stage2_6_1/test_curriculum261_r7_selection.py::test_shared_gate_not_repeated_per_candidate
  /home/cryptorl/miniforge3/envs/freqtrade-rl/lib/python3.11/site-packages/numpy/_core/_methods.py:211: RuntimeWarning: invalid value encountered in scalar divide
    ret = ret.dtype.type(ret / rcount)

tests/route_c_stage2_6_1/test_curriculum261_r10_rehearsal.py::test_full_pipeline_rehearsal_end_to_end_no_monkeypatch
  /home/cryptorl/projects/crypto_rl/src/rl_curriculum/curriculum261_r6_pairs.py:430: RuntimeWarning: Degrees of freedom <= 0 for slice
    var_hi = perm_hi.var(ddof=1) / n

tests/route_c_stage2_6_1/test_curriculum261_r10_rehearsal.py::test_full_pipeline_rehearsal_end_to_end_no_monkeypatch
  /home/cryptorl/projects/crypto_rl/src/rl_curriculum/curriculum261_r6_pairs.py:431: RuntimeWarning: Degrees of freedom <= 0 for slice
    var_lo = perm_lo.var(ddof=1) / n

tests/route_c_stage2_6_1/test_curriculum261_r10_rehearsal.py::test_full_pipeline_rehearsal_end_to_end_no_monkeypatch
  /home/cryptorl/miniforge3/envs/freqtrade-rl/lib/python3.11/site-packages/numpy/lib/_function_base_impl.py:3015: RuntimeWarning: Degrees of freedom <= 0 for slice
    c = cov(x, y, rowvar, dtype=dtype)

tests/route_c_stage2_6_1/test_curriculum261_r10_rehearsal.py::test_full_pipeline_rehearsal_end_to_end_no_monkeypatch
  /home/cryptorl/miniforge3/envs/freqtrade-rl/lib/python3.11/site-packages/numpy/lib/_function_base_impl.py:2888: RuntimeWarning: divide by zero encountered in divide
    c *= np.true_divide(1, fact)

tests/route_c_stage2_6_1/test_curriculum261_r10_rehearsal.py::test_full_pipeline_rehearsal_end_to_end_no_monkeypatch
  /home/cryptorl/miniforge3/envs/freqtrade-rl/lib/python3.11/site-packages/numpy/lib/_function_base_impl.py:2888: RuntimeWarning: invalid value encountered in multiply
    c *= np.true_divide(1, fact)

tests/route_c_stage2_6_1/test_curriculum261_r7_selection.py::test_shared_gate_not_repeated_per_candidate
  /home/cryptorl/miniforge3/envs/freqtrade-rl/lib/python3.11/site-packages/numpy/_core/_methods.py:178: RuntimeWarning: invalid value encountered in divide
    arrmean = um.true_divide(arrmean, div, out=arrmean,

-- Docs: https://docs.pytest.org/en/stable/how-to/capture-warnings.html
629 passed, 23 warnings in 345.76s (0:05:45)
