{
  "business_statistics": "NOT_RUN",
  "engineering_complete": true,
  "fixture_gate_outcome": "PASS",
  "formal_qualification": "NOT_ISSUED",
  "input_sha256": "14e4efd32190e5c19c96ccbe962a208caffe272442b20993fc88d1ca8e4cedb6",
  "output": "/tmp/r17_c2_consumer_lPZS6s/bundle",
  "zero_call_counts": {
    "r17_v2_c13_profile.consume_production_claim": 0,
    "r17_v2_c13_profile.persist_final_plan": 0,
    "r17_v2_c13_profile.write_preclaim_receipt": 0,
    "rl_curriculum.curriculum261_api.generate_pair_with_attempts": 0,
    "rl_curriculum.curriculum261_pairs.generate_pair": 0,
    "rl_curriculum.curriculum261_r17_calibration.fit_preprocessor_v2_from_bank_r17": 0,
    "rl_curriculum.curriculum261_r17_calibration.generate_fit_bank_r17": 0,
    "rl_curriculum.curriculum261_r17_calibration.run_c2_independent_corpus_r17": 0,
    "rl_curriculum.curriculum261_r17_calibration.run_c2_matched_corpus_r17": 0,
    "rl_curriculum.curriculum261_r17_calibration.run_c2_semantic_corpus_r17": 0,
    "rl_curriculum.curriculum261_r17_cue_contract.run_cue_contract_audit": 0,
    "rl_curriculum.curriculum261_r17_design.run_design_stage_r17": 0,
    "rl_curriculum.curriculum261_r17_registry.mark_design_data_started": 0,
    "rl_curriculum.curriculum261_r6_tape.generate_matched_block_once": 0,
    "rl_curriculum.curriculum261_r6_tape.generate_matched_block_with_attempts": 0,
    "rl_curriculum.evaluator.run_policy_episode": 0
  }
}
