=== freqai_rl_stage2_5 ===

-- Docs: https://docs.pytest.org/en/stable/how-to/capture-warnings.html
38 passed, 3 warnings in 6.67s
elapsed: 8s
=== freqai_rl_stage2_5_1 ===

-- Docs: https://docs.pytest.org/en/stable/how-to/capture-warnings.html
74 passed, 88 warnings in 10.22s
elapsed: 12s
=== freqai_rl_stage2_5_2 ===

-- Docs: https://docs.pytest.org/en/stable/how-to/capture-warnings.html
78 passed, 153 warnings in 48.22s
elapsed: 51s
=== freqai_rl_stage2_5_2a ===

-- Docs: https://docs.pytest.org/en/stable/how-to/capture-warnings.html
81 passed, 84 warnings in 19.87s
elapsed: 24s
=== route_c_stage2_6_0 ===

-- Docs: https://docs.pytest.org/en/stable/how-to/capture-warnings.html
182 passed, 6 warnings in 376.28s (0:06:16)
elapsed: 384s
=== route_c_stage2_6_0a ===
........................................................................ [ 85%]
.........................                                                [100%]
169 passed in 491.97s (0:08:11)
elapsed: 497s
=== route_c_stage2_6_0b ===

-- Docs: https://docs.pytest.org/en/stable/how-to/capture-warnings.html
159 passed, 3 warnings in 247.77s (0:04:07)
elapsed: 251s
=== route_c_stage2_6_0c ===
=========================== short test summary info ============================
FAILED tests/route_c_stage2_6_0c/test_mock_sealed_exam_v4.py::test_mock_sealed_exam_v4_full_pipeline
1 failed, 82 passed in 282.15s (0:04:42)
elapsed: 288s
=== route_c_stage2_6_0d ===
.........................................................                [100%]
57 passed in 293.11s (0:04:53)
elapsed: 294s
=== route_c_stage2_6_0e ===
........................................................................ [ 64%]
........................................                                 [100%]
112 passed in 442.45s (0:07:22)
elapsed: 448s
=== route_c_stage2_6_0f ===
................................................................         [100%]
64 passed in 174.86s (0:02:54)
elapsed: 179s
=== route_c_stage2_6_0c (re-verify after v7 constant fix) ===
83 passed in 260.07s (0:04:20)
