start 2026-10-10T21:19:05Z commit-a=c0fb685823eb4733bda9f5920601311228d55fde
{"run_id": "r21_20261011_061035", "record_path": "regression_evidence_v3_record.json", "record_sha256": "007baaf328b2bfe948784c016f51b934dfea5a211fbba2eab5cef3798ef04fc4", "aggregate": {"tests": 3017, "failures": 0, "errors": 0, "skipped": 7}, "run_returncodes": [0, 0], "ok": true, "verify": {"collection_tests": 3017, "static_tests": 2517, "test_files": 177}}
runner rc=0 end 2026-10-10T22:12:10Z
{
 "run_id": "r21_20261011_061035",
 "record_path": "regression_evidence_v3_record.json",
 "record_sha256": "007baaf328b2bfe948784c016f51b934dfea5a211fbba2eab5cef3798ef04fc4",
 "aggregate": {
  "tests": 3017,
  "failures": 0,
  "errors": 0,
  "skipped": 7
 },
 "run_returncodes": [
  0,
  0
 ],
 "ok": true,
 "verify": {
  "collection_tests": 3017,
  "static_tests": 2517,
  "test_files": 177
 }
}
