=== tests/freqai_rl_platform_audit ===

no tests ran in 0.01s
=== tests/freqai_rl_stage2_5 ===
......................................                                   [100%]
=============================== warnings summary ===============================
tests/freqai_rl_stage2_5/test_env_vs_freqtrade.py::test_parity_all_cases
tests/freqai_rl_stage2_5/test_env_vs_freqtrade.py::test_parity_all_cases
tests/freqai_rl_stage2_5/test_env_vs_freqtrade.py::test_parity_all_cases
  /home/cryptorl/miniforge3/envs/freqtrade-rl/lib/python3.11/site-packages/pandas/io/feather_format.py:77: FutureWarning: pyarrow.feather.write_feather is deprecated as of 24.0.0. Use pyarrow.ipc.new_file() / RecordBatchFileWriter instead. Feather V2 is the Arrow IPC file format.
    feather.write_feather(df, handles.handle, **kwargs)

-- Docs: https://docs.pytest.org/en/stable/how-to/capture-warnings.html
38 passed, 3 warnings in 5.74s
=== tests/freqai_rl_stage2_5_1 ===
........................................................................ [ 97%]
..                                                                       [100%]
=============================== warnings summary ===============================
tests/freqai_rl_stage2_5_1/test_full_fingerprint.py: 6 warnings
tests/freqai_rl_stage2_5_1/test_partial_cache_guard.py: 30 warnings
tests/freqai_rl_stage2_5_1/test_route_c_slippage_live_strategy.py: 8 warnings
  /home/cryptorl/miniforge3/envs/freqtrade-rl/lib/python3.11/site-packages/pandas/io/feather_format.py:77: FutureWarning: pyarrow.feather.write_feather is deprecated as of 24.0.0. Use pyarrow.ipc.new_file() / RecordBatchFileWriter instead. Feather V2 is the Arrow IPC file format.
    feather.write_feather(df, handles.handle, **kwargs)

tests/freqai_rl_stage2_5_1/test_full_fingerprint.py: 9 warnings
tests/freqai_rl_stage2_5_1/test_partial_cache_guard.py: 29 warnings
tests/freqai_rl_stage2_5_1/test_route_c_slippage_live_strategy.py: 6 warnings
  /home/cryptorl/miniforge3/envs/freqtrade-rl/lib/python3.11/site-packages/pandas/io/feather_format.py:178: FutureWarning: pyarrow.feather.read_table is deprecated as of 24.0.0. Use pyarrow.ipc.open_file() / RecordBatchFileReader instead. Feather V2 is the Arrow IPC file format.
    pa_table = feather.read_table(

-- Docs: https://docs.pytest.org/en/stable/how-to/capture-warnings.html
74 passed, 88 warnings in 9.42s
=== tests/freqai_rl_stage2_5_2 ===
........................................................................ [ 92%]
......                                                                   [100%]
=============================== warnings summary ===============================
tests/freqai_rl_stage2_5_2/test_cache_content_integrity.py: 37 warnings
tests/freqai_rl_stage2_5_2/test_full_fill_parity.py: 12 warnings
  /home/cryptorl/miniforge3/envs/freqtrade-rl/lib/python3.11/site-packages/pandas/io/feather_format.py:77: FutureWarning: pyarrow.feather.write_feather is deprecated as of 24.0.0. Use pyarrow.ipc.new_file() / RecordBatchFileWriter instead. Feather V2 is the Arrow IPC file format.
    feather.write_feather(df, handles.handle, **kwargs)

tests/freqai_rl_stage2_5_2/test_cache_content_integrity.py: 95 warnings
tests/freqai_rl_stage2_5_2/test_full_fill_parity.py: 9 warnings
  /home/cryptorl/miniforge3/envs/freqtrade-rl/lib/python3.11/site-packages/pandas/io/feather_format.py:178: FutureWarning: pyarrow.feather.read_table is deprecated as of 24.0.0. Use pyarrow.ipc.open_file() / RecordBatchFileReader instead. Feather V2 is the Arrow IPC file format.
    pa_table = feather.read_table(

-- Docs: https://docs.pytest.org/en/stable/how-to/capture-warnings.html
78 passed, 153 warnings in 47.28s
=== tests/freqai_rl_stage2_5_2a ===
........................................................................ [ 88%]
.........                                                                [100%]
=============================== warnings summary ===============================
tests/freqai_rl_stage2_5_2a/test_cache_manifest_failure_is_fatal.py: 13 warnings
tests/freqai_rl_stage2_5_2a/test_market_order_freqtrade_parity.py: 16 warnings
tests/freqai_rl_stage2_5_2a/test_real_freqai_start_live_chain.py: 4 warnings
  /home/cryptorl/miniforge3/envs/freqtrade-rl/lib/python3.11/site-packages/pandas/io/feather_format.py:77: FutureWarning: pyarrow.feather.write_feather is deprecated as of 24.0.0. Use pyarrow.ipc.new_file() / RecordBatchFileWriter instead. Feather V2 is the Arrow IPC file format.
    feather.write_feather(df, handles.handle, **kwargs)

tests/freqai_rl_stage2_5_2a/test_cache_manifest_failure_is_fatal.py: 33 warnings
tests/freqai_rl_stage2_5_2a/test_market_order_freqtrade_parity.py: 12 warnings
tests/freqai_rl_stage2_5_2a/test_real_freqai_start_live_chain.py: 3 warnings
  /home/cryptorl/miniforge3/envs/freqtrade-rl/lib/python3.11/site-packages/pandas/io/feather_format.py:178: FutureWarning: pyarrow.feather.read_table is deprecated as of 24.0.0. Use pyarrow.ipc.open_file() / RecordBatchFileReader instead. Feather V2 is the Arrow IPC file format.
    pa_table = feather.read_table(

tests/freqai_rl_stage2_5_2a/test_real_freqai_start_live_chain.py::test_first_heartbeat_full_chain
tests/freqai_rl_stage2_5_2a/test_real_freqai_start_live_chain.py::test_process_recreate_loads_model
tests/freqai_rl_stage2_5_2a/test_real_freqai_start_live_chain.py::test_inconsistent_fail_closed_full_chain
  /home/cryptorl/miniforge3/envs/freqtrade-rl/lib/python3.11/site-packages/stable_baselines3/common/on_policy_algorithm.py:150: UserWarning: You are trying to run PPO on the GPU, but it is primarily intended to run on the CPU when not using a CNN policy (you are using ActorCriticPolicy which should be a MlpPolicy). See https://github.com/DLR-RM/stable-baselines3/issues/1245 for more info. You can pass `device='cpu'` or `export CUDA_VISIBLE_DEVICES=` to force using the CPU.Note: The model will train, but the GPU utilization will be poor and the training might take longer than on CPU.
    warnings.warn(

-- Docs: https://docs.pytest.org/en/stable/how-to/capture-warnings.html
81 passed, 84 warnings in 18.89s
=== tests/route_c_stage2_6_0 ===
........................................................................ [ 39%]
........................................................................ [ 79%]
......................................                                   [100%]
=============================== warnings summary ===============================
tests/route_c_stage2_6_0/test_missing_prediction_dir_is_fatal.py::test_missing_predictions_dir_is_fatal
tests/route_c_stage2_6_0/test_missing_prediction_dir_is_fatal.py::test_missing_predictions_dir_is_fatal
tests/route_c_stage2_6_0/test_missing_prediction_dir_is_fatal.py::test_freqtrade_nonzero_still_reports_own_code
tests/route_c_stage2_6_0/test_missing_prediction_dir_is_fatal.py::test_freqtrade_nonzero_still_reports_own_code
tests/route_c_stage2_6_0/test_missing_prediction_dir_is_fatal.py::test_manifest_records_exit_code_and_missing_dir
tests/route_c_stage2_6_0/test_missing_prediction_dir_is_fatal.py::test_manifest_records_exit_code_and_missing_dir
  /home/cryptorl/miniforge3/envs/freqtrade-rl/lib/python3.11/site-packages/pandas/io/feather_format.py:178: FutureWarning: pyarrow.feather.read_table is deprecated as of 24.0.0. Use pyarrow.ipc.open_file() / RecordBatchFileReader instead. Feather V2 is the Arrow IPC file format.
    pa_table = feather.read_table(

-- Docs: https://docs.pytest.org/en/stable/how-to/capture-warnings.html
182 passed, 6 warnings in 343.32s (0:05:43)
=== tests/route_c_stage2_6_0a ===
........................................................................ [ 42%]
........................................................................ [ 85%]
.........................                                                [100%]
169 passed in 515.85s (0:08:35)
=== tests/route_c_stage2_6_0b ===
........................................................................ [ 45%]
........................................................................ [ 90%]
...............                                                          [100%]
=============================== warnings summary ===============================
tests/route_c_stage2_6_0b/test_duration_hours_materializes_rows.py::test_date_axis_spacing_matches_timeframe[15m-48.0-192]
tests/route_c_stage2_6_0b/test_duration_hours_materializes_rows.py::test_date_axis_spacing_matches_timeframe[5m-48.0-576]
tests/route_c_stage2_6_0b/test_duration_hours_materializes_rows.py::test_date_axis_spacing_matches_timeframe[1h-48.0-48]
  /home/cryptorl/projects/crypto_rl/tests/route_c_stage2_6_0b/test_duration_hours_materializes_rows.py:39: UserWarning: The 'unit' keyword is only used when the Timedelta input is an integer or float, not object. To specify the storage unit of the output use `td.as_unit(unit)`
    assert pd.Timedelta(deltas[0]) == pd.Timedelta(minutes=minutes, unit="m")

-- Docs: https://docs.pytest.org/en/stable/how-to/capture-warnings.html
159 passed, 3 warnings in 248.73s (0:04:08)
=== tests/route_c_stage2_6_0c ===
........................................................................ [ 86%]
...........                                                              [100%]
83 passed in 347.53s (0:05:47)
=== tests/route_c_stage2_6_0d ===
.........................................................                [100%]
57 passed in 286.55s (0:04:46)
=== tests/route_c_stage2_6_0e ===
........................................................................ [ 64%]
........................................                                 [100%]
112 passed in 439.91s (0:07:19)
=== tests/route_c_stage2_6_0f ===
................................................................         [100%]
64 passed in 283.41s (0:04:43)
=== tests/route_c_stage2_6_0g ===
........................................................................ [ 48%]
........................................................................ [ 96%]
.....                                                                    [100%]
149 passed in 239.57s (0:03:59)
=== tests/route_c_stage2_6_0h ===
........................................................................ [ 76%]
......................                                                   [100%]
94 passed in 135.42s (0:02:15)
