input_good PASS_EXPECTATION
wrong_plan_digest PASS_EXPECTATION
source_iteration_mismatch PASS_EXPECTATION
exposure_iteration_mismatch PASS_EXPECTATION
missing_producer PASS_EXPECTATION
fit_training_namespace_overlap PASS_EXPECTATION
formal_reject PASS_EXPECTATION
changed_envelope PASS_EXPECTATION
fit_source_namespace_mismatch COUNTEREXAMPLE
fit_source_episode_mismatch COUNTEREXAMPLE
bank_good PASS_EXPECTATION
bank_copy_mutation PASS_EXPECTATION
bank_cache_mutation PASS_EXPECTATION
six_shared_consumer_boundaries PASS_EXPECTATION
archive_helper_good PASS_EXPECTATION
archive_helper_wrong_sha PASS_EXPECTATION
archive_helper_empty_map_rejected COUNTEREXAMPLE
archive_helper_empty_and_invalid_commit_rejected COUNTEREXAMPLE
cold_good PASS_EXPECTATION
cold_wrong_pack PASS_EXPECTATION
cold_wrong_source PASS_EXPECTATION
cold_wrong_bank_seed PASS_EXPECTATION
cold_missing_auth PASS_EXPECTATION
cold_empty_code_identity COUNTEREXAMPLE
cold_empty_code_identity_invalid_commit COUNTEREXAMPLE
quota_failures_counted PASS_EXPECTATION
TOTAL 26 MET 20
