start 2026-09-04T06:01:47Z
[real-artifact-rehearsal] provenance-lock: provenance-lock --out-dir /home/cryptorl/projects/crypto_rl/artifacts/route_c_stage2_6_1_repair14/real_artifact_rehearsal
[real-artifact-rehearsal] determinism-matrix: determinism-matrix
[real-artifact-rehearsal] audit: audit --out-dir /home/cryptorl/projects/crypto_rl/artifacts/route_c_stage2_6_1_repair14/real_artifact_rehearsal --fit-pairs 2 --code-freeze-sha 586f6bd764f91d85fd4abaf2d616239f5a30fbaa
[real-artifact-rehearsal] cue-audit: cue-audit --out-dir /home/cryptorl/projects/crypto_rl/artifacts/route_c_stage2_6_1_repair14/real_artifact_rehearsal --rehearsal
[real-artifact-rehearsal] preplan-smoke: preplan-smoke --out-dir /home/cryptorl/projects/crypto_rl/artifacts/route_c_stage2_6_1_repair14/real_artifact_rehearsal
[real-artifact-rehearsal] plan-roundtrip: plan-roundtrip --out-dir /home/cryptorl/projects/crypto_rl/artifacts/route_c_stage2_6_1_repair14/real_artifact_rehearsal
[real-artifact-rehearsal] design-plan-lock: design-plan-lock --out-dir /home/cryptorl/projects/crypto_rl/artifacts/route_c_stage2_6_1_repair14/real_artifact_rehearsal --rehearsal
[real-artifact-rehearsal] design: design --out-dir /home/cryptorl/projects/crypto_rl/artifacts/route_c_stage2_6_1_repair14/real_artifact_rehearsal
[real-artifact-rehearsal] calibrate: calibrate --out-dir /home/cryptorl/projects/crypto_rl/artifacts/route_c_stage2_6_1_repair14/real_artifact_rehearsal --rehearsal
[real-artifact-rehearsal] preflight-static: preflight-static --out-dir /home/cryptorl/projects/crypto_rl/artifacts/route_c_stage2_6_1_repair14/real_artifact_rehearsal
[real-artifact-rehearsal] lock-plan: lock-plan --out-dir /home/cryptorl/projects/crypto_rl/artifacts/route_c_stage2_6_1_repair14/real_artifact_rehearsal
[real-artifact-rehearsal] preflight-sealed: preflight-sealed --out-dir /home/cryptorl/projects/crypto_rl/artifacts/route_c_stage2_6_1_repair14/real_artifact_rehearsal
[real-artifact-rehearsal] qualify: qualify --out-dir /home/cryptorl/projects/crypto_rl/artifacts/route_c_stage2_6_1_repair14/real_artifact_rehearsal --rehearsal
[real-artifact-rehearsal] smoke: smoke --out-dir /home/cryptorl/projects/crypto_rl/artifacts/route_c_stage2_6_1_repair14/real_artifact_rehearsal
[real-artifact-rehearsal] full-cold-reader-check: full-cold-reader-check --artifacts-dir /home/cryptorl/projects/crypto_rl/artifacts/route_c_stage2_6_1_repair14/real_artifact_rehearsal --rehearsal
[real-artifact-rehearsal] report-read: report-read --artifacts-dir /home/cryptorl/projects/crypto_rl/artifacts/route_c_stage2_6_1_repair14/real_artifact_rehearsal --out-file /home/cryptorl/projects/crypto_rl/artifacts/route_c_stage2_6_1_repair14/real_artifact_rehearsal/rt_report_values.json
[real-artifact-rehearsal] fail-closure-rehearsal: fail-closure --out-dir /home/cryptorl/projects/crypto_rl/artifacts/route_c_stage2_6_1_repair14/real_artifact_rehearsal --reason rt-rehearsal-failure-path-boundary-probe(rehearsal-only;验证 §十四 失败路径 writer 真实落盘) --verdict FAIL --rehearsal
[real-artifact-rehearsal] pass=True chain_rcs_ok=True boundary=True purity=True coverage=True
rehearsal_rc=0
end 2026-09-04T06:30:46Z
